sliding_progress: batch 551/4949 tokens:1128384 running_loss:2.7421 running_bpb:1.0763 elapsed:76.1s
sliding_progress: batch 601/4949 tokens:1230784 running_loss:2.7573 running_bpb:1.0839 elapsed:80.5s
sliding_progress: batch 651/4949 tokens:1333184 running_loss:2.7497 running_bpb:1.0814 elapsed:85.0s
sliding_progress: batch 701/4949 tokens:1435584 running_loss:2.7469 running_bpb:1.0799 elapsed:89.4s
sliding_progress: batch 751/4949 tokens:1537984 running_loss:2.7451 running_bpb:1.0802 elapsed:93.9s
sliding_progress: batch 801/4949 tokens:1640384 running_loss:2.7384 running_bpb:1.0791 elapsed:98.3s
sliding_progress: batch 851/4949 tokens:1742784 running_loss:2.7286 running_bpb:1.0767 elapsed:102.8s
sliding_progress: batch 901/4949 tokens:1845184 running_loss:2.7239 running_bpb:1.0759 elapsed:107.2s
sliding_progress: batch 951/4949 tokens:1947584 running_loss:2.7255 running_bpb:1.0757 elapsed:111.6s
sliding_progress: batch 1001/4949 tokens:2049984 running_loss:2.7239 running_bpb:1.0746 elapsed:116.1s
sliding_progress: batch 1051/4949 tokens:2152384 running_loss:2.7287 running_bpb:1.0769 elapsed:120.5s
sliding_progress: batch 1101/4949 tokens:2254784 running_loss:2.7280 running_bpb:1.0766 elapsed:125.0s
sliding_progress: batch 1151/4949 tokens:2357184 running_loss:2.7281 running_bpb:1.0772 elapsed:129.4s
sliding_progress: batch 1201/4949 tokens:2459584 running_loss:2.7175 running_bpb:1.0726 elapsed:133.8s
sliding_progress: batch 1251/4949 tokens:2561984 running_loss:2.7171 running_bpb:1.0726 elapsed:138.3s
sliding_progress: batch 1301/4949 tokens:2664384 running_loss:2.7206 running_bpb:1.0734 elapsed:142.7s
sliding_progress: batch 1351/4949 tokens:2766784 running_loss:2.7202 running_bpb:1.0729 elapsed:147.1s
sliding_progress: batch 1401/4949 tokens:2869184 running_loss:2.7215 running_bpb:1.0721 elapsed:151.6s
sliding_progress: batch 1451/4949 tokens:2971584 running_loss:2.7185 running_bpb:1.0714 elapsed:156.0s
sliding_progress: batch 1501/4949 tokens:3073984 running_loss:2.7194 running_bpb:1.0711 elapsed:160.4s
sliding_progress: batch 1551/4949 tokens:3176384 running_loss:2.7202 running_bpb:1.0713 elapsed:164.9s
sliding_progress: batch 1601/4949 tokens:3278784 running_loss:2.7208 running_bpb:1.0716 elapsed:169.3s
sliding_progress: batch 1651/4949 tokens:3381184 running_loss:2.7206 running_bpb:1.0717 elapsed:173.7s
sliding_progress: batch 1701/4949 tokens:3483584 running_loss:2.7199 running_bpb:1.0723 elapsed:178.2s
sliding_progress: batch 1751/4949 tokens:3585984 running_loss:2.7255 running_bpb:1.0742 elapsed:182.6s
sliding_progress: batch 1801/4949 tokens:3688384 running_loss:2.7265 running_bpb:1.0744 elapsed:187.0s
sliding_progress: batch 1851/4949 tokens:3790784 running_loss:2.7280 running_bpb:1.0752 elapsed:191.5s
sliding_progress: batch 1901/4949 tokens:3893184 running_loss:2.7262 running_bpb:1.0744 elapsed:195.9s
sliding_progress: batch 1951/4949 tokens:3995584 running_loss:2.7262 running_bpb:1.0748 elapsed:200.3s
sliding_progress: batch 2001/4949 tokens:4097984 running_loss:2.7299 running_bpb:1.0773 elapsed:204.8s
sliding_progress: batch 2051/4949 tokens:4200384 running_loss:2.7298 running_bpb:1.0770 elapsed:209.2s
sliding_progress: batch 2101/4949 tokens:4302784 running_loss:2.7289 running_bpb:1.0768 elapsed:213.6s
sliding_progress: batch 2151/4949 tokens:4405184 running_loss:2.7277 running_bpb:1.0758 elapsed:218.1s
sliding_progress: batch 2201/4949 tokens:4507584 running_loss:2.7267 running_bpb:1.0753 elapsed:222.5s
sliding_progress: batch 2251/4949 tokens:4609984 running_loss:2.7277 running_bpb:1.0760 elapsed:226.9s
sliding_progress: batch 2301/4949 tokens:4712384 running_loss:2.7289 running_bpb:1.0759 elapsed:231.4s
sliding_progress: batch 2351/4949 tokens:4814784 running_loss:2.7280 running_bpb:1.0763 elapsed:235.8s
sliding_progress: batch 2401/4949 tokens:4917184 running_loss:2.7271 running_bpb:1.0759 elapsed:240.2s
sliding_progress: batch 2451/4949 tokens:5019584 running_loss:2.7274 running_bpb:1.0763 elapsed:244.7s
sliding_progress: batch 2501/4949 tokens:5121984 running_loss:2.7271 running_bpb:1.0765 elapsed:249.1s
sliding_progress: batch 2551/4949 tokens:5224384 running_loss:2.7265 running_bpb:1.0761 elapsed:253.5s
sliding_progress: batch 2601/4949 tokens:5326784 running_loss:2.7251 running_bpb:1.0759 elapsed:258.0s
sliding_progress: batch 2651/4949 tokens:5429184 running_loss:2.7263 running_bpb:1.0762 elapsed:262.4s
sliding_progress: batch 2701/4949 tokens:5531584 running_loss:2.7266 running_bpb:1.0764 elapsed:266.8s
sliding_progress: batch 2751/4949 tokens:5633984 running_loss:2.7249 running_bpb:1.0753 elapsed:271.3s
sliding_progress: batch 2801/4949 tokens:5736384 running_loss:2.7229 running_bpb:1.0742 elapsed:275.7s
sliding_progress: batch 2851/4949 tokens:5838784 running_loss:2.7236 running_bpb:1.0745 elapsed:280.1s
sliding_progress: batch 2901/4949 tokens:5941184 running_loss:2.7249 running_bpb:1.0754 elapsed:284.6s
sliding_progress: batch 2951/4949 tokens:6043584 running_loss:2.7270 running_bpb:1.0760 elapsed:289.0s
sliding_progress: batch 3001/4949 tokens:6145984 running_loss:2.7285 running_bpb:1.0761 elapsed:293.4s
sliding_progress: batch 3051/4949 tokens:6248384 running_loss:2.7294 running_bpb:1.0759 elapsed:297.9s
sliding_progress: batch 3101/4949 tokens:6350784 running_loss:2.7299 running_bpb:1.0756 elapsed:302.3s
sliding_progress: batch 3151/4949 tokens:6453184 running_loss:2.7329 running_bpb:1.0763 elapsed:306.7s
sliding_progress: batch 3201/4949 tokens:6555584 running_loss:2.7330 running_bpb:1.0762 elapsed:311.2s
sliding_progress: batch 3251/4949 tokens:6657984 running_loss:2.7344 running_bpb:1.0766 elapsed:315.6s
sliding_progress: batch 3301/4949 tokens:6760384 running_loss:2.7360 running_bpb:1.0770 elapsed:320.0s
sliding_progress: batch 3351/4949 tokens:6862784 running_loss:2.7372 running_bpb:1.0774 elapsed:324.5s
sliding_progress: batch 3401/4949 tokens:6965184 running_loss:2.7373 running_bpb:1.0774 elapsed:328.9s
sliding_progress: batch 3451/4949 tokens:7067584 running_loss:2.7377 running_bpb:1.0770 elapsed:333.3s
sliding_progress: batch 3501/4949 tokens:7169984 running_loss:2.7374 running_bpb:1.0767 elapsed:337.8s
sliding_progress: batch 3551/4949 tokens:7272384 running_loss:2.7385 running_bpb:1.0766 elapsed:342.2s
sliding_progress: batch 3601/4949 tokens:7374784 running_loss:2.7397 running_bpb:1.0767 elapsed:346.6s
sliding_progress: batch 3651/4949 tokens:7477184 running_loss:2.7411 running_bpb:1.0769 elapsed:351.1s
sliding_progress: batch 3701/4949 tokens:7579584 running_loss:2.7429 running_bpb:1.0774 elapsed:355.5s
sliding_progress: batch 3751/4949 tokens:7681984 running_loss:2.7446 running_bpb:1.0779 elapsed:359.9s
sliding_progress: batch 3801/4949 tokens:7784384 running_loss:2.7402 running_bpb:1.0778 elapsed:364.4s
sliding_progress: batch 3851/4949 tokens:7886784 running_loss:2.7405 running_bpb:1.0776 elapsed:368.8s
sliding_progress: batch 3901/4949 tokens:7989184 running_loss:2.7424 running_bpb:1.0779 elapsed:373.2s
sliding_progress: batch 3951/4949 tokens:8091584 running_loss:2.7442 running_bpb:1.0782 elapsed:377.7s
sliding_progress: batch 4001/4949 tokens:8193984 running_loss:2.7439 running_bpb:1.0778 elapsed:382.1s
sliding_progress: batch 4051/4949 tokens:8296384 running_loss:2.7454 running_bpb:1.0778 elapsed:386.5s
sliding_progress: batch 4101/4949 tokens:8398784 running_loss:2.7474 running_bpb:1.0784 elapsed:391.0s
sliding_progress: batch 4151/4949 tokens:8501184 running_loss:2.7488 running_bpb:1.0784 elapsed:395.4s
sliding_progress: batch 4201/4949 tokens:8603584 running_loss:2.7486 running_bpb:1.0783 elapsed:399.8s
sliding_progress: batch 4251/4949 tokens:8705984 running_loss:2.7482 running_bpb:1.0779 elapsed:404.3s
sliding_progress: batch 4301/4949 tokens:8808384 running_loss:2.7481 running_bpb:1.0773 elapsed:408.7s
sliding_progress: batch 4351/4949 tokens:8910784 running_loss:2.7492 running_bpb:1.0773 elapsed:413.1s
sliding_progress: batch 4401/4949 tokens:9013184 running_loss:2.7494 running_bpb:1.0773 elapsed:417.6s
sliding_progress: batch 4451/4949 tokens:9115584 running_loss:2.7509 running_bpb:1.0777 elapsed:422.0s
sliding_progress: batch 4501/4949 tokens:9217984 running_loss:2.7519 running_bpb:1.0779 elapsed:426.4s
sliding_progress: batch 4551/4949 tokens:9320384 running_loss:2.7527 running_bpb:1.0777 elapsed:430.8s
sliding_progress: batch 4601/4949 tokens:9422784 running_loss:2.7529 running_bpb:1.0776 elapsed:435.3s
sliding_progress: batch 4651/4949 tokens:9525184 running_loss:2.7537 running_bpb:1.0772 elapsed:439.7s
sliding_progress: batch 4701/4949 tokens:9627584 running_loss:2.7551 running_bpb:1.0776 elapsed:444.1s
sliding_progress: batch 4751/4949 tokens:9729984 running_loss:2.7559 running_bpb:1.0774 elapsed:448.6s
sliding_progress: batch 4801/4949 tokens:9832384 running_loss:2.7564 running_bpb:1.0771 elapsed:453.0s
sliding_progress: batch 4851/4949 tokens:9934784 running_loss:2.7583 running_bpb:1.0776 elapsed:457.4s
sliding_progress: batch 4901/4949 tokens:10037184 running_loss:2.7595 running_bpb:1.0776 elapsed:461.9s
sliding_progress: batch 4949/4949 tokens:10135488 running_loss:2.7592 running_bpb:1.0770 elapsed:466.1s
quantized_sliding_window val_loss:2.76998211 val_bpb:1.07234640 eval_time:493919ms
e1a433d6d93644e090a8bcad4f3a7ab4000001:483454:483454 [2] NCCL INFO comm 0x1906ecb0 rank 2 nranks 4 cudaDev 2 busId 300000 - Destroy COMPLETE
e1a433d6d93644e090a8bcad4f3a7ab4000001:483453:483453 [1] NCCL INFO comm 0x28579b60 rank 1 nranks 4 cudaDev 1 busId 200000 - Destroy COMPLETE
e1a433d6d93644e090a8bcad4f3a7ab4000001:483452:483452 [0] NCCL INFO comm 0x250eec50 rank 0 nranks 4 cudaDev 0 busId 100000 - Destroy COMPLETE
e1a433d6d93644e090a8bcad4f3a7ab4000001:483455:483455 [3] NCCL INFO comm 0x314de740 rank 3 nranks 4 cudaDev 3 busId 400000 - Destroy COMPLETE
e1a433d6d93644e090a8bcad4f3a7ab4000001:483454:483454 [2] NCCL INFO ENV/Plugin: Closing env plugin ncclEnvDefault
e1a433d6d93644e090a8bcad4f3a7ab4000001:483455:483455 [3] NCCL INFO ENV/Plugin: Closing env plugin ncclEnvDefault
e1a433d6d93644e090a8bcad4f3a7ab4000001:483453:483453 [1] NCCL INFO ENV/Plugin: Closing env plugin ncclEnvDefault
e1a433d6d93644e090a8bcad4f3a7ab4000001:483452:483452 [0] NCCL INFO ENV/Plugin: Closing env plugin ncclEnvDefault
=== Finished exp79_trigram at Thu Apr 16 08:32:59 UTC 2026 ===


================================================================
=== Starting exp80_varlen at Thu Apr 16 08:32:59 UTC 2026 ===
================================================================
CMD: DATA_DIR=./data2/ MAX_WALLCLOCK_SECONDS=3600 GATED_ATTENTION=1 COMPRESS_ANS=1 MATRIX_CLIP_SIGMAS=15 MLP_MULT=4.35 HESSIAN_CLIP_LAMBDA=0 GPTQ_CALIBRATION_BATCHES=128 VARLEN_ATTENTION=1 RUN_ID=exp80_varlen torchrun --standalone --nproc_per_node=4 train_gpt_improved_04_15.py
W0416 08:33:00.578000 496711 torch/distributed/run.py:851] 
W0416 08:33:00.578000 496711 torch/distributed/run.py:851] *****************************************
W0416 08:33:00.578000 496711 torch/distributed/run.py:851] Setting OMP_NUM_THREADS environment variable for each process to be 1 in default, to avoid your system being overloaded, please further tune the variable for optimal performance in your application as needed. 
W0416 08:33:00.578000 496711 torch/distributed/run.py:851] *****************************************
e1a433d6d93644e090a8bcad4f3a7ab4000001:496785:496785 [0] NCCL INFO ENV/Plugin: Could not find: libnccl-env.so
e1a433d6d93644e090a8bcad4f3a7ab4000001:496785:496785 [0] NCCL INFO Stack size limit (unlimited) is unsafe; will use 8192KB for newly launched threads
e1a433d6d93644e090a8bcad4f3a7ab4000001:496785:496785 [0] NCCL INFO NCCL_SOCKET_IFNAME set by environment to eth0
e1a433d6d93644e090a8bcad4f3a7ab4000001:496785:496785 [0] NCCL INFO Bootstrap: Using eth0:10.0.0.5<0>
e1a433d6d93644e090a8bcad4f3a7ab4000001:496785:496785 [0] NCCL INFO cudaDriverVersion 13020
e1a433d6d93644e090a8bcad4f3a7ab4000001:496787:496787 [2] NCCL INFO ENV/Plugin: Could not find: libnccl-env.so
e1a433d6d93644e090a8bcad4f3a7ab4000001:496785:496785 [0] NCCL INFO NCCL version 2.28.9+cuda13.0
e1a433d6d93644e090a8bcad4f3a7ab4000001:496787:496787 [2] NCCL INFO cudaDriverVersion 13020
e1a433d6d93644e090a8bcad4f3a7ab4000001:496788:496788 [3] NCCL INFO ENV/Plugin: Could not find: libnccl-env.so
e1a433d6d93644e090a8bcad4f3a7ab4000001:496788:496788 [3] NCCL INFO cudaDriverVersion 13020
e1a433d6d93644e090a8bcad4f3a7ab4000001:496788:496788 [3] NCCL INFO Stack size limit (unlimited) is unsafe; will use 8192KB for newly launched threads
e1a433d6d93644e090a8bcad4f3a7ab4000001:496788:496788 [3] NCCL INFO NCCL_SOCKET_IFNAME set by environment to eth0
e1a433d6d93644e090a8bcad4f3a7ab4000001:496787:496787 [2] NCCL INFO Stack size limit (unlimited) is unsafe; will use 8192KB for newly launched threads
e1a433d6d93644e090a8bcad4f3a7ab4000001:496787:496787 [2] NCCL INFO NCCL_SOCKET_IFNAME set by environment to eth0
e1a433d6d93644e090a8bcad4f3a7ab4000001:496788:496788 [3] NCCL INFO Bootstrap: Using eth0:10.0.0.5<0>
e1a433d6d93644e090a8bcad4f3a7ab4000001:496787:496787 [2] NCCL INFO Bootstrap: Using eth0:10.0.0.5<0>
e1a433d6d93644e090a8bcad4f3a7ab4000001:496787:496787 [2] NCCL INFO NCCL version 2.28.9+cuda13.0
e1a433d6d93644e090a8bcad4f3a7ab4000001:496788:496788 [3] NCCL INFO NCCL version 2.28.9+cuda13.0
e1a433d6d93644e090a8bcad4f3a7ab4000001:496785:496785 [0] NCCL INFO Comm config Blocking set to 1
e1a433d6d93644e090a8bcad4f3a7ab4000001:496788:496788 [3] NCCL INFO Comm config Blocking set to 1
e1a433d6d93644e090a8bcad4f3a7ab4000001:496787:496787 [2] NCCL INFO Comm config Blocking set to 1
e1a433d6d93644e090a8bcad4f3a7ab4000001:496786:496786 [1] NCCL INFO ENV/Plugin: Could not find: libnccl-env.so
e1a433d6d93644e090a8bcad4f3a7ab4000001:496786:496786 [1] NCCL INFO cudaDriverVersion 13020
e1a433d6d93644e090a8bcad4f3a7ab4000001:496786:496786 [1] NCCL INFO Stack size limit (unlimited) is unsafe; will use 8192KB for newly launched threads
e1a433d6d93644e090a8bcad4f3a7ab4000001:496786:496786 [1] NCCL INFO NCCL_SOCKET_IFNAME set by environment to eth0
e1a433d6d93644e090a8bcad4f3a7ab4000001:496786:496786 [1] NCCL INFO Bootstrap: Using eth0:10.0.0.5<0>
e1a433d6d93644e090a8bcad4f3a7ab4000001:496786:496786 [1] NCCL INFO NCCL version 2.28.9+cuda13.0
e1a433d6d93644e090a8bcad4f3a7ab4000001:496786:496786 [1] NCCL INFO Comm config Blocking set to 1
e1a433d6d93644e090a8bcad4f3a7ab4000001:496785:496785 [0] NCCL INFO NET/Plugin: Could not find: libnccl-net.so
e1a433d6d93644e090a8bcad4f3a7ab4000001:496785:496785 [0] NCCL INFO NCCL_IB_DISABLE set by environment to 1.
e1a433d6d93644e090a8bcad4f3a7ab4000001:496785:496785 [0] NCCL INFO transport/net_ib.cc:852 -> 3
e1a433d6d93644e090a8bcad4f3a7ab4000001:496785:496785 [0] NCCL INFO Failed to initialize NET plugin IB
e1a433d6d93644e090a8bcad4f3a7ab4000001:496785:496785 [0] NCCL INFO NCCL_SOCKET_IFNAME set by environment to eth0
e1a433d6d93644e090a8bcad4f3a7ab4000001:496787:496787 [2] NCCL INFO NET/Plugin: Could not find: libnccl-net.so
e1a433d6d93644e090a8bcad4f3a7ab4000001:496787:496787 [2] NCCL INFO NCCL_IB_DISABLE set by environment to 1.
e1a433d6d93644e090a8bcad4f3a7ab4000001:496787:496787 [2] NCCL INFO transport/net_ib.cc:852 -> 3
e1a433d6d93644e090a8bcad4f3a7ab4000001:496787:496787 [2] NCCL INFO Failed to initialize NET plugin IB
e1a433d6d93644e090a8bcad4f3a7ab4000001:496787:496787 [2] NCCL INFO NCCL_SOCKET_IFNAME set by environment to eth0
e1a433d6d93644e090a8bcad4f3a7ab4000001:496785:496785 [0] NCCL INFO NET/Socket : Using [0]eth0:10.0.0.5<0>
e1a433d6d93644e090a8bcad4f3a7ab4000001:496785:496785 [0] NCCL INFO Initialized NET plugin Socket
e1a433d6d93644e090a8bcad4f3a7ab4000001:496785:496785 [0] NCCL INFO Assigned NET plugin Socket to comm
e1a433d6d93644e090a8bcad4f3a7ab4000001:496785:496785 [0] NCCL INFO Using network Socket
e1a433d6d93644e090a8bcad4f3a7ab4000001:496787:496787 [2] NCCL INFO NET/Socket : Using [0]eth0:10.0.0.5<0>
e1a433d6d93644e090a8bcad4f3a7ab4000001:496787:496787 [2] NCCL INFO Initialized NET plugin Socket
e1a433d6d93644e090a8bcad4f3a7ab4000001:496787:496787 [2] NCCL INFO Assigned NET plugin Socket to comm
e1a433d6d93644e090a8bcad4f3a7ab4000001:496787:496787 [2] NCCL INFO Using network Socket
e1a433d6d93644e090a8bcad4f3a7ab4000001:496788:496788 [3] NCCL INFO NET/Plugin: Could not find: libnccl-net.so
e1a433d6d93644e090a8bcad4f3a7ab4000001:496788:496788 [3] NCCL INFO NCCL_IB_DISABLE set by environment to 1.
e1a433d6d93644e090a8bcad4f3a7ab4000001:496788:496788 [3] NCCL INFO transport/net_ib.cc:852 -> 3
e1a433d6d93644e090a8bcad4f3a7ab4000001:496788:496788 [3] NCCL INFO Failed to initialize NET plugin IB
e1a433d6d93644e090a8bcad4f3a7ab4000001:496788:496788 [3] NCCL INFO NCCL_SOCKET_IFNAME set by environment to eth0
e1a433d6d93644e090a8bcad4f3a7ab4000001:496788:496788 [3] NCCL INFO NET/Socket : Using [0]eth0:10.0.0.5<0>
e1a433d6d93644e090a8bcad4f3a7ab4000001:496788:496788 [3] NCCL INFO Initialized NET plugin Socket
e1a433d6d93644e090a8bcad4f3a7ab4000001:496788:496788 [3] NCCL INFO Assigned NET plugin Socket to comm
e1a433d6d93644e090a8bcad4f3a7ab4000001:496788:496788 [3] NCCL INFO Using network Socket
e1a433d6d93644e090a8bcad4f3a7ab4000001:496785:496785 [0] NCCL INFO ncclCommInitRankConfig comm 0x483982c0 rank 0 nranks 4 cudaDev 0 nvmlDev 0 busId 100000 commId 0x719d119462cf2483 - Init START
e1a433d6d93644e090a8bcad4f3a7ab4000001:496787:496787 [2] NCCL INFO ncclCommInitRankConfig comm 0x346f0e90 rank 2 nranks 4 cudaDev 2 nvmlDev 2 busId 300000 commId 0x719d119462cf2483 - Init START
e1a433d6d93644e090a8bcad4f3a7ab4000001:496788:496788 [3] NCCL INFO ncclCommInitRankConfig comm 0x49659610 rank 3 nranks 4 cudaDev 3 nvmlDev 3 busId 400000 commId 0x719d119462cf2483 - Init START
e1a433d6d93644e090a8bcad4f3a7ab4000001:496788:496788 [3] NCCL INFO RAS client listening socket at 127.0.0.1<28028>
e1a433d6d93644e090a8bcad4f3a7ab4000001:496786:496786 [1] NCCL INFO NET/Plugin: Could not find: libnccl-net.so
e1a433d6d93644e090a8bcad4f3a7ab4000001:496786:496786 [1] NCCL INFO NCCL_IB_DISABLE set by environment to 1.
e1a433d6d93644e090a8bcad4f3a7ab4000001:496786:496786 [1] NCCL INFO transport/net_ib.cc:852 -> 3
e1a433d6d93644e090a8bcad4f3a7ab4000001:496786:496786 [1] NCCL INFO Failed to initialize NET plugin IB
e1a433d6d93644e090a8bcad4f3a7ab4000001:496786:496786 [1] NCCL INFO NCCL_SOCKET_IFNAME set by environment to eth0
e1a433d6d93644e090a8bcad4f3a7ab4000001:496786:496786 [1] NCCL INFO NET/Socket : Using [0]eth0:10.0.0.5<0>
e1a433d6d93644e090a8bcad4f3a7ab4000001:496786:496786 [1] NCCL INFO Initialized NET plugin Socket
e1a433d6d93644e090a8bcad4f3a7ab4000001:496786:496786 [1] NCCL INFO Assigned NET plugin Socket to comm
e1a433d6d93644e090a8bcad4f3a7ab4000001:496786:496786 [1] NCCL INFO Using network Socket
e1a433d6d93644e090a8bcad4f3a7ab4000001:496786:496786 [1] NCCL INFO ncclCommInitRankConfig comm 0x1eb06bc0 rank 1 nranks 4 cudaDev 1 nvmlDev 1 busId 200000 commId 0x719d119462cf2483 - Init START
e1a433d6d93644e090a8bcad4f3a7ab4000001:496785:496785 [0] NCCL INFO RAS client listening socket at 127.0.0.1<28028>
e1a433d6d93644e090a8bcad4f3a7ab4000001:496787:496787 [2] NCCL INFO RAS client listening socket at 127.0.0.1<28028>
e1a433d6d93644e090a8bcad4f3a7ab4000001:496786:496786 [1] NCCL INFO RAS client listening socket at 127.0.0.1<28028>
e1a433d6d93644e090a8bcad4f3a7ab4000001:496785:496785 [0] NCCL INFO Bootstrap timings total 0.014145 (create 0.000035, send 0.000115, recv 0.013383, ring 0.000248, delay 0.000001)
e1a433d6d93644e090a8bcad4f3a7ab4000001:496788:496788 [3] NCCL INFO Bootstrap timings total 0.010718 (create 0.000030, send 0.000106, recv 0.000202, ring 0.009985, delay 0.000000)
e1a433d6d93644e090a8bcad4f3a7ab4000001:496786:496786 [1] NCCL INFO Bootstrap timings total 0.001052 (create 0.000058, send 0.000198, recv 0.000269, ring 0.000111, delay 0.000001)
e1a433d6d93644e090a8bcad4f3a7ab4000001:496787:496787 [2] NCCL INFO Bootstrap timings total 0.011065 (create 0.000059, send 0.000201, recv 0.000341, ring 0.000208, delay 0.000001)
e1a433d6d93644e090a8bcad4f3a7ab4000001:496788:496788 [3] NCCL INFO ncclTopoGetCpuAffinity: Affinity for GPU 3 is 72-95. (GPU affinity = 72-95 ; CPU affinity = 0-95).
e1a433d6d93644e090a8bcad4f3a7ab4000001:496788:496788 [3] NCCL INFO NVLS multicast support is not available on dev 3 (NVLS_NCHANNELS 0)
e1a433d6d93644e090a8bcad4f3a7ab4000001:496785:496785 [0] NCCL INFO ncclTopoGetCpuAffinity: Affinity for GPU 0 is 0-23. (GPU affinity = 0-23 ; CPU affinity = 0-95).
e1a433d6d93644e090a8bcad4f3a7ab4000001:496785:496785 [0] NCCL INFO NVLS multicast support is not available on dev 0 (NVLS_NCHANNELS 0)
e1a433d6d93644e090a8bcad4f3a7ab4000001:496786:496786 [1] NCCL INFO ncclTopoGetCpuAffinity: Affinity for GPU 1 is 24-47. (GPU affinity = 24-47 ; CPU affinity = 0-95).
e1a433d6d93644e090a8bcad4f3a7ab4000001:496786:496786 [1] NCCL INFO NVLS multicast support is not available on dev 1 (NVLS_NCHANNELS 0)
e1a433d6d93644e090a8bcad4f3a7ab4000001:496787:496787 [2] NCCL INFO ncclTopoGetCpuAffinity: Affinity for GPU 2 is 48-71. (GPU affinity = 48-71 ; CPU affinity = 0-95).
e1a433d6d93644e090a8bcad4f3a7ab4000001:496787:496787 [2] NCCL INFO NVLS multicast support is not available on dev 2 (NVLS_NCHANNELS 0)
e1a433d6d93644e090a8bcad4f3a7ab4000001:496785:496785 [0] NCCL INFO comm 0x483982c0 rank 0 nRanks 4 nNodes 1 localRanks 4 localRank 0 MNNVL 0
e1a433d6d93644e090a8bcad4f3a7ab4000001:496786:496786 [1] NCCL INFO comm 0x1eb06bc0 rank 1 nRanks 4 nNodes 1 localRanks 4 localRank 1 MNNVL 0
e1a433d6d93644e090a8bcad4f3a7ab4000001:496788:496788 [3] NCCL INFO comm 0x49659610 rank 3 nRanks 4 nNodes 1 localRanks 4 localRank 3 MNNVL 0
e1a433d6d93644e090a8bcad4f3a7ab4000001:496787:496787 [2] NCCL INFO comm 0x346f0e90 rank 2 nRanks 4 nNodes 1 localRanks 4 localRank 2 MNNVL 0
e1a433d6d93644e090a8bcad4f3a7ab4000001:496785:496785 [0] NCCL INFO Channel 00/08 : 0 1 2 3
e1a433d6d93644e090a8bcad4f3a7ab4000001:496786:496786 [1] NCCL INFO Trees [0] 2/-1/-1->1->0 [1] 2/-1/-1->1->0 [2] 2/-1/-1->1->0 [3] 2/-1/-1->1->0 [4] 2/-1/-1->1->0 [5] 2/-1/-1->1->0 [6] 2/-1/-1->1->0 [7] 2/-1/-1->1->0
e1a433d6d93644e090a8bcad4f3a7ab4000001:496785:496785 [0] NCCL INFO Channel 01/08 : 0 1 2 3
e1a433d6d93644e090a8bcad4f3a7ab4000001:496785:496785 [0] NCCL INFO Channel 02/08 : 0 1 2 3
e1a433d6d93644e090a8bcad4f3a7ab4000001:496786:496786 [1] NCCL INFO P2P Chunksize set to 131072
e1a433d6d93644e090a8bcad4f3a7ab4000001:496785:496785 [0] NCCL INFO Channel 03/08 : 0 1 2 3
e1a433d6d93644e090a8bcad4f3a7ab4000001:496788:496788 [3] NCCL INFO Trees [0] -1/-1/-1->3->2 [1] -1/-1/-1->3->2 [2] -1/-1/-1->3->2 [3] -1/-1/-1->3->2 [4] -1/-1/-1->3->2 [5] -1/-1/-1->3->2 [6] -1/-1/-1->3->2 [7] -1/-1/-1->3->2
e1a433d6d93644e090a8bcad4f3a7ab4000001:496785:496785 [0] NCCL INFO Channel 04/08 : 0 1 2 3
e1a433d6d93644e090a8bcad4f3a7ab4000001:496787:496787 [2] NCCL INFO Trees [0] 3/-1/-1->2->1 [1] 3/-1/-1->2->1 [2] 3/-1/-1->2->1 [3] 3/-1/-1->2->1 [4] 3/-1/-1->2->1 [5] 3/-1/-1->2->1 [6] 3/-1/-1->2->1 [7] 3/-1/-1->2->1
e1a433d6d93644e090a8bcad4f3a7ab4000001:496788:496788 [3] NCCL INFO P2P Chunksize set to 131072
e1a433d6d93644e090a8bcad4f3a7ab4000001:496785:496785 [0] NCCL INFO Channel 05/08 : 0 1 2 3
e1a433d6d93644e090a8bcad4f3a7ab4000001:496785:496785 [0] NCCL INFO Channel 06/08 : 0 1 2 3
e1a433d6d93644e090a8bcad4f3a7ab4000001:496787:496787 [2] NCCL INFO P2P Chunksize set to 131072
e1a433d6d93644e090a8bcad4f3a7ab4000001:496785:496785 [0] NCCL INFO Channel 07/08 : 0 1 2 3
e1a433d6d93644e090a8bcad4f3a7ab4000001:496785:496785 [0] NCCL INFO Trees [0] 1/-1/-1->0->-1 [1] 1/-1/-1->0->-1 [2] 1/-1/-1->0->-1 [3] 1/-1/-1->0->-1 [4] 1/-1/-1->0->-1 [5] 1/-1/-1->0->-1 [6] 1/-1/-1->0->-1 [7] 1/-1/-1->0->-1
e1a433d6d93644e090a8bcad4f3a7ab4000001:496785:496785 [0] NCCL INFO P2P Chunksize set to 131072
e1a433d6d93644e090a8bcad4f3a7ab4000001:496788:496788 [3] NCCL INFO PROFILER/Plugin: Could not find: libnccl-profiler.so
e1a433d6d93644e090a8bcad4f3a7ab4000001:496786:496786 [1] NCCL INFO PROFILER/Plugin: Could not find: libnccl-profiler.so
e1a433d6d93644e090a8bcad4f3a7ab4000001:496787:496787 [2] NCCL INFO PROFILER/Plugin: Could not find: libnccl-profiler.so
e1a433d6d93644e090a8bcad4f3a7ab4000001:496788:496788 [3] NCCL INFO Check P2P Type isAllDirectP2p 0 directMode 0 isAllCudaP2p 0
e1a433d6d93644e090a8bcad4f3a7ab4000001:496787:496787 [2] NCCL INFO Check P2P Type isAllDirectP2p 0 directMode 0 isAllCudaP2p 0
e1a433d6d93644e090a8bcad4f3a7ab4000001:496786:496786 [1] NCCL INFO Check P2P Type isAllDirectP2p 0 directMode 0 isAllCudaP2p 0
e1a433d6d93644e090a8bcad4f3a7ab4000001:496785:496785 [0] NCCL INFO PROFILER/Plugin: Could not find: libnccl-profiler.so
e1a433d6d93644e090a8bcad4f3a7ab4000001:496785:496785 [0] NCCL INFO Check P2P Type isAllDirectP2p 0 directMode 0 isAllCudaP2p 0
e1a433d6d93644e090a8bcad4f3a7ab4000001:496788:496822 [0] NCCL INFO [Proxy Service] Device 3 CPU core 80
e1a433d6d93644e090a8bcad4f3a7ab4000001:496785:496821 [0] NCCL INFO [Proxy Service] Device 0 CPU core 14
e1a433d6d93644e090a8bcad4f3a7ab4000001:496785:496823 [0] NCCL INFO [Proxy Service UDS] Device 0 CPU core 18
e1a433d6d93644e090a8bcad4f3a7ab4000001:496786:496826 [0] NCCL INFO [Proxy Service] Device 1 CPU core 44
e1a433d6d93644e090a8bcad4f3a7ab4000001:496786:496827 [0] NCCL INFO [Proxy Service UDS] Device 1 CPU core 36
e1a433d6d93644e090a8bcad4f3a7ab4000001:496788:496825 [0] NCCL INFO [Proxy Service UDS] Device 3 CPU core 90
e1a433d6d93644e090a8bcad4f3a7ab4000001:496787:496824 [0] NCCL INFO [Proxy Service UDS] Device 2 CPU core 62
e1a433d6d93644e090a8bcad4f3a7ab4000001:496787:496820 [0] NCCL INFO [Proxy Service] Device 2 CPU core 64
e1a433d6d93644e090a8bcad4f3a7ab4000001:496786:496786 [1] NCCL INFO TUNER/Plugin: Could not find: libnccl-tuner.so
e1a433d6d93644e090a8bcad4f3a7ab4000001:496786:496786 [1] NCCL INFO threadThresholds 8/8/64 | 32/8/64 | 512 | 512
e1a433d6d93644e090a8bcad4f3a7ab4000001:496786:496786 [1] NCCL INFO 8 coll channels, 8 collnet channels, 0 nvls channels, 8 p2p channels, 2 p2p channels per peer
e1a433d6d93644e090a8bcad4f3a7ab4000001:496788:496788 [3] NCCL INFO TUNER/Plugin: Could not find: libnccl-tuner.so
e1a433d6d93644e090a8bcad4f3a7ab4000001:496788:496788 [3] NCCL INFO threadThresholds 8/8/64 | 32/8/64 | 512 | 512
e1a433d6d93644e090a8bcad4f3a7ab4000001:496788:496788 [3] NCCL INFO 8 coll channels, 8 collnet channels, 0 nvls channels, 8 p2p channels, 2 p2p channels per peer
e1a433d6d93644e090a8bcad4f3a7ab4000001:496785:496785 [0] NCCL INFO TUNER/Plugin: Could not find: libnccl-tuner.so
e1a433d6d93644e090a8bcad4f3a7ab4000001:496785:496785 [0] NCCL INFO threadThresholds 8/8/64 | 32/8/64 | 512 | 512
e1a433d6d93644e090a8bcad4f3a7ab4000001:496785:496785 [0] NCCL INFO 8 coll channels, 8 collnet channels, 0 nvls channels, 8 p2p channels, 2 p2p channels per peer
e1a433d6d93644e090a8bcad4f3a7ab4000001:496787:496787 [2] NCCL INFO TUNER/Plugin: Could not find: libnccl-tuner.so
e1a433d6d93644e090a8bcad4f3a7ab4000001:496787:496787 [2] NCCL INFO threadThresholds 8/8/64 | 32/8/64 | 512 | 512
e1a433d6d93644e090a8bcad4f3a7ab4000001:496787:496787 [2] NCCL INFO 8 coll channels, 8 collnet channels, 0 nvls channels, 8 p2p channels, 2 p2p channels per peer
e1a433d6d93644e090a8bcad4f3a7ab4000001:496785:496785 [0] NCCL INFO CC Off, workFifoBytes 1048576
e1a433d6d93644e090a8bcad4f3a7ab4000001:496786:496786 [1] NCCL INFO ncclCommInitRankConfig comm 0x1eb06bc0 rank 1 nranks 4 cudaDev 1 nvmlDev 1 busId 200000 commId 0x719d119462cf2483 - Init COMPLETE
e1a433d6d93644e090a8bcad4f3a7ab4000001:496788:496788 [3] NCCL INFO ncclCommInitRankConfig comm 0x49659610 rank 3 nranks 4 cudaDev 3 nvmlDev 3 busId 400000 commId 0x719d119462cf2483 - Init COMPLETE
e1a433d6d93644e090a8bcad4f3a7ab4000001:496788:496788 [3] NCCL INFO Init timings - ncclCommInitRankConfig: rank 3 nranks 4 total 0.17 (kernels 0.12, alloc 0.01, bootstrap 0.01, allgathers 0.00, topo 0.02, graphs 0.00, connections 0.01, rest 0.00)
e1a433d6d93644e090a8bcad4f3a7ab4000001:496786:496786 [1] NCCL INFO Init timings - ncclCommInitRankConfig: rank 1 nranks 4 total 0.16 (kernels 0.12, alloc 0.00, bootstrap 0.00, allgathers 0.00, topo 0.02, graphs 0.00, connections 0.01, rest 0.00)
e1a433d6d93644e090a8bcad4f3a7ab4000001:496785:496785 [0] NCCL INFO ncclCommInitRankConfig comm 0x483982c0 rank 0 nranks 4 cudaDev 0 nvmlDev 0 busId 100000 commId 0x719d119462cf2483 - Init COMPLETE
e1a433d6d93644e090a8bcad4f3a7ab4000001:496785:496785 [0] NCCL INFO Init timings - ncclCommInitRankConfig: rank 0 nranks 4 total 0.18 (kernels 0.12, alloc 0.00, bootstrap 0.01, allgathers 0.00, topo 0.02, graphs 0.00, connections 0.01, rest 0.00)
e1a433d6d93644e090a8bcad4f3a7ab4000001:496787:496787 [2] NCCL INFO ncclCommInitRankConfig comm 0x346f0e90 rank 2 nranks 4 cudaDev 2 nvmlDev 2 busId 300000 commId 0x719d119462cf2483 - Init COMPLETE
e1a433d6d93644e090a8bcad4f3a7ab4000001:496787:496787 [2] NCCL INFO Init timings - ncclCommInitRankConfig: rank 2 nranks 4 total 0.17 (kernels 0.12, alloc 0.01, bootstrap 0.01, allgathers 0.00, topo 0.02, graphs 0.00, connections 0.01, rest 0.00)
e1a433d6d93644e090a8bcad4f3a7ab4000001:496788:496788 [3] NCCL INFO Channel 00 : 3[3] -> 0[0] via SHM/direct/direct
e1a433d6d93644e090a8bcad4f3a7ab4000001:496786:496786 [1] NCCL INFO Channel 00 : 1[1] -> 2[2] via SHM/direct/direct
e1a433d6d93644e090a8bcad4f3a7ab4000001:496786:496786 [1] NCCL INFO Channel 01 : 1[1] -> 2[2] via SHM/direct/direct
e1a433d6d93644e090a8bcad4f3a7ab4000001:496788:496788 [3] NCCL INFO Channel 01 : 3[3] -> 0[0] via SHM/direct/direct
e1a433d6d93644e090a8bcad4f3a7ab4000001:496788:496788 [3] NCCL INFO Channel 02 : 3[3] -> 0[0] via SHM/direct/direct
e1a433d6d93644e090a8bcad4f3a7ab4000001:496786:496786 [1] NCCL INFO Channel 02 : 1[1] -> 2[2] via SHM/direct/direct
e1a433d6d93644e090a8bcad4f3a7ab4000001:496786:496786 [1] NCCL INFO Channel 03 : 1[1] -> 2[2] via SHM/direct/direct
e1a433d6d93644e090a8bcad4f3a7ab4000001:496788:496788 [3] NCCL INFO Channel 03 : 3[3] -> 0[0] via SHM/direct/direct
e1a433d6d93644e090a8bcad4f3a7ab4000001:496786:496786 [1] NCCL INFO Channel 04 : 1[1] -> 2[2] via SHM/direct/direct
e1a433d6d93644e090a8bcad4f3a7ab4000001:496788:496788 [3] NCCL INFO Channel 04 : 3[3] -> 0[0] via SHM/direct/direct
e1a433d6d93644e090a8bcad4f3a7ab4000001:496786:496786 [1] NCCL INFO Channel 05 : 1[1] -> 2[2] via SHM/direct/direct
e1a433d6d93644e090a8bcad4f3a7ab4000001:496788:496788 [3] NCCL INFO Channel 05 : 3[3] -> 0[0] via SHM/direct/direct
e1a433d6d93644e090a8bcad4f3a7ab4000001:496787:496787 [2] NCCL INFO Channel 00/0 : 2[2] -> 3[3] via P2P/CUMEM/read
e1a433d6d93644e090a8bcad4f3a7ab4000001:496785:496785 [0] NCCL INFO Channel 00/0 : 0[0] -> 1[1] via P2P/CUMEM/read
e1a433d6d93644e090a8bcad4f3a7ab4000001:496787:496787 [2] NCCL INFO Channel 01/0 : 2[2] -> 3[3] via P2P/CUMEM/read
e1a433d6d93644e090a8bcad4f3a7ab4000001:496785:496785 [0] NCCL INFO Channel 01/0 : 0[0] -> 1[1] via P2P/CUMEM/read
e1a433d6d93644e090a8bcad4f3a7ab4000001:496786:496786 [1] NCCL INFO Channel 06 : 1[1] -> 2[2] via SHM/direct/direct
e1a433d6d93644e090a8bcad4f3a7ab4000001:496788:496788 [3] NCCL INFO Channel 06 : 3[3] -> 0[0] via SHM/direct/direct
e1a433d6d93644e090a8bcad4f3a7ab4000001:496787:496787 [2] NCCL INFO Channel 02/0 : 2[2] -> 3[3] via P2P/CUMEM/read
e1a433d6d93644e090a8bcad4f3a7ab4000001:496785:496785 [0] NCCL INFO Channel 02/0 : 0[0] -> 1[1] via P2P/CUMEM/read
e1a433d6d93644e090a8bcad4f3a7ab4000001:496788:496788 [3] NCCL INFO Channel 07 : 3[3] -> 0[0] via SHM/direct/direct
e1a433d6d93644e090a8bcad4f3a7ab4000001:496787:496787 [2] NCCL INFO Channel 03/0 : 2[2] -> 3[3] via P2P/CUMEM/read
e1a433d6d93644e090a8bcad4f3a7ab4000001:496785:496785 [0] NCCL INFO Channel 03/0 : 0[0] -> 1[1] via P2P/CUMEM/read
e1a433d6d93644e090a8bcad4f3a7ab4000001:496786:496786 [1] NCCL INFO Channel 07 : 1[1] -> 2[2] via SHM/direct/direct
e1a433d6d93644e090a8bcad4f3a7ab4000001:496787:496787 [2] NCCL INFO Channel 04/0 : 2[2] -> 3[3] via P2P/CUMEM/read
e1a433d6d93644e090a8bcad4f3a7ab4000001:496785:496785 [0] NCCL INFO Channel 04/0 : 0[0] -> 1[1] via P2P/CUMEM/read
e1a433d6d93644e090a8bcad4f3a7ab4000001:496785:496785 [0] NCCL INFO Channel 05/0 : 0[0] -> 1[1] via P2P/CUMEM/read
e1a433d6d93644e090a8bcad4f3a7ab4000001:496787:496787 [2] NCCL INFO Channel 05/0 : 2[2] -> 3[3] via P2P/CUMEM/read
e1a433d6d93644e090a8bcad4f3a7ab4000001:496787:496787 [2] NCCL INFO Channel 06/0 : 2[2] -> 3[3] via P2P/CUMEM/read
e1a433d6d93644e090a8bcad4f3a7ab4000001:496785:496785 [0] NCCL INFO Channel 06/0 : 0[0] -> 1[1] via P2P/CUMEM/read
e1a433d6d93644e090a8bcad4f3a7ab4000001:496785:496785 [0] NCCL INFO Channel 07/0 : 0[0] -> 1[1] via P2P/CUMEM/read
e1a433d6d93644e090a8bcad4f3a7ab4000001:496787:496787 [2] NCCL INFO Channel 07/0 : 2[2] -> 3[3] via P2P/CUMEM/read
e1a433d6d93644e090a8bcad4f3a7ab4000001:496787:496787 [2] NCCL INFO Connected all rings, use ring PXN 0 GDR 1
e1a433d6d93644e090a8bcad4f3a7ab4000001:496788:496788 [3] NCCL INFO Connected all rings, use ring PXN 0 GDR 1
e1a433d6d93644e090a8bcad4f3a7ab4000001:496786:496786 [1] NCCL INFO Connected all rings, use ring PXN 0 GDR 1
e1a433d6d93644e090a8bcad4f3a7ab4000001:496785:496785 [0] NCCL INFO Connected all rings, use ring PXN 0 GDR 1
Hyperparameters:
  adam_eps: 1e-08
  adam_wd: 0.02
  beta1: 0.9
  beta2: 0.95
  bigram_dim: 128
  bigram_vocab_size: 0
  clip_mult_early: 1.0
  clip_mult_late: 1.0
  clip_mult_loop: 1.0
  clip_mult_mid: 1.0
  compress_ans: True
  compress_brotli: False
  compress_lzma: False
  compressor: brotli
  data_dir: ./data2/
  datasets_dir: ./data2/datasets/fineweb10B_sp8192
  distributed: True
  effective_train_seq_len: <property object at 0x1501c2a373d0>
  ema_decay: 0.9965
  embed_bits: 8
  embed_clip_sigmas: 20.0
  embed_lr: 0.6
  embed_wd: 0.085
  embedding_dim: 512
  enable_looping_at: 0.35
  eval_seq_len: 2048
  eval_stride: 64
  fused_mlp: True
  fused_rope: True
  gated_attention: True
  gptq_calibration_batches: 128
  gptq_reserve_seconds: 12.0
  grad_accum_steps: 2
  grad_clip_norm: 0.3
  head_lr: 0.008
  hessian_clip_lambda: 0.0
  is_main_process: True
  iterations: 20000
  ln_scale: True
  local_rank: 0
  logfile: logs/exp80_varlen.txt
  logit_softcap: 20.0
  loop_embeddings: False
  loop_end: 5
  loop_layer_bits: 0
  loop_layer_clip_sigmas: 0.0
  loop_start: 3
  matrix_bits: 6
  matrix_clip_sigmas: 15.0
  matrix_lr: 0.022
  max_wallclock_seconds: 3600.0
  min_lr: 0.0
  mixed_seq_gpu_frac: 0.375
  mixed_seq_len: 0
  mlp_mult: 4.35
  model_dim: 512
  model_path: final_model.pt
  moe_enabled: False
  moe_layers: 3,5,7,9
  moe_num_experts: 4
  moe_top_k: 2
  muon_backend_steps: 5
  muon_beta2: 0.95
  muon_momentum: 0.97
  muon_momentum_warmup_start: 0.92
  muon_momentum_warmup_steps: 1500
  muon_row_normalize: True
  muon_wd: 0.095
  normuon: False
  num_heads: 8
  num_kv_heads: 4
  num_layers: 11
  num_loops: 2
  parallel_residual_start: 7
  qk_gain_init: 5.25
  quantized_model_path: final_model.int6.ptz
  rank: 0
  rope_base: 10000.0
  rope_dims: 32
  rope_train_seq_len: 2048
  run_id: exp80_varlen
  scalar_lr: 0.022
  seed: 1337
  skip_gates_enabled: True
  sliding_window_enabled: True
  tie_embeddings: True
  tied_embed_init_std: 0.005
  tied_embed_lr: 0.03
  tokenizer_path: ./data2/tokenizers/fineweb_8192_bpe.model
  train_batch_tokens: 786432
  train_files: ./data2/datasets/fineweb10B_sp8192/fineweb_train_*.bin
  train_log_every: 500
  train_seq_len: 2048
  trigram_dim: 128
  trigram_vocab_size: 0
  ttt_batch_size: 64
  ttt_beta1: 0.0
  ttt_beta2: 0.999
  ttt_chunk_size: 48
  ttt_enabled: False
  ttt_eval_seq_len: 2048
  ttt_fp_chunk_tokens: 32768
  ttt_fp_epochs: 3
  ttt_fp_lr: 0.001
  ttt_fp_momentum: 0.9
  ttt_grad_steps: 1
  ttt_k_lora: True
  ttt_layer_debug: False
  ttt_layer_debug_tol: 0.001
  ttt_lora_lr: 5e-05
  ttt_lora_rank: 64
  ttt_mlp_lora: True
  ttt_o_lora: True
  ttt_sanity_check: False
  ttt_weight_decay: 0.2
  val_batch_tokens: 524288
  val_files: ./data2/datasets/fineweb10B_sp8192/fineweb_val_*.bin
  val_loss_every: 4000
  varlen_attention: True
  vocab_size: 8192
  warmdown_frac: 0.85
  warmdown_wd_mult: 1.0
  warmup_steps: 20
  window_attn_layers: 
  window_attn_size: 0
  world_size: 4
  xsa_last_n: 11
train_shards: 80
val_tokens: 40540160
model_params:38152368
gptq:reserving 12s, effective=3588000ms
warmup_step: 1/20
warmup_step: 2/20
warmup_step: 3/20
warmup_step: 4/20
warmup_step: 5/20
warmup_step: 6/20
warmup_step: 10/20
warmup_step: 20/20
loop_warmup:enabled encoder:[0, 1, 2, 3, 4, 5, 3, 4] decoder:[5, 3, 4, 5, 6, 7, 8, 9, 10]
loop_warmup_step: 1/20
loop_warmup_step: 2/20
loop_warmup_step: 3/20
loop_warmup_step: 4/20
loop_warmup_step: 5/20
loop_warmup_step: 6/20
loop_warmup_step: 10/20
loop_warmup_step: 20/20
0/20000 val_loss: 9.0079 val_bpb: 3.4871
1/20000 train_loss: 9.0071 train_time: 0.0m tok/s: 1649220
2/20000 train_loss: 11.3359 train_time: 0.0m tok/s: 1648718
3/20000 train_loss: 9.9711 train_time: 0.0m tok/s: 1636800
4/20000 train_loss: 8.5163 train_time: 0.0m tok/s: 1618252
5/20000 train_loss: 7.4699 train_time: 0.0m tok/s: 1612441
500/20000 train_loss: 3.2931 train_time: 7.1m tok/s: 927166
1000/20000 train_loss: 3.1313 train_time: 11.1m tok/s: 1177331
1500/20000 train_loss: 3.0031 train_time: 15.2m tok/s: 1294028
2000/20000 train_loss: 2.9807 train_time: 19.3m tok/s: 1361583
layer_loop:enabled step:2207 frac:0.350 encoder:[0, 1, 2, 3, 4, 5, 3, 4] decoder:[5, 3, 4, 5, 6, 7, 8, 9, 10]
2500/20000 train_loss: 2.3314 train_time: 28.1m tok/s: 1164816
3000/20000 train_loss: 2.8814 train_time: 34.3m tok/s: 1145474
3500/20000 train_loss: 2.9059 train_time: 40.5m tok/s: 1132311
4000/20000 train_loss: 2.8853 train_time: 46.8m tok/s: 1121255
4000/20000 val_loss: 2.8652 val_bpb: 1.1091
4500/20000 train_loss: 2.7995 train_time: 53.8m tok/s: 1096145
4985/20000 val_loss: 2.7625 val_bpb: 1.0694
stopping_early: wallclock_cap train_time: 3588708ms step: 4985/20000
peak memory allocated: 38878 MiB reserved: 38978 MiB
ema:applying EMA weights
pre-quantization post-ema val_loss:2.76179458 val_bpb:1.06912099 eval_time:19261ms
Serialized model: 144269669 bytes
Code size: 145055 bytes
GPTQ:collecting Hessians from calibration data...
GPTQ:collected 67 Hessians in 52.0s
Quantized weights:
  gptq (int6): blocks.attn.c_k.weight, blocks.attn.c_q.weight, blocks.attn.c_v.weight, blocks.attn.proj.weight, blocks.mlp.fc.weight, blocks.mlp.proj.weight
  gptq (int8): tok_emb.weight
  passthrough (float16): blocks.attn.gate_proj.bias, blocks.attn.gate_proj.weight, blocks.attn.q_gain, blocks.attn_scale, blocks.mlp_scale, blocks.resid_mix, skip_gates, skip_weights
compress:ans 15914948 bytes (14.9s)
  ans: model=15914948 total=16060003
compress:using ans (15914948 bytes)
Serialized model quantized+compressed: 15914948 bytes
Total submission size quantized+compressed: 16060003 bytes
quantized val_loss:2.79894539 val_bpb:1.08350248 eval_time:19078ms
sliding_progress: batch 1/4949 tokens:0 running_loss:0.0000 running_bpb:0.0000 elapsed:0.0s
sliding_progress: batch 51/4949 tokens:104384 running_loss:2.7635 running_bpb:1.0879 elapsed:6.3s
sliding_progress: batch 101/4949 tokens:206784 running_loss:2.7573 running_bpb:1.0696 elapsed:12.6s
sliding_progress: batch 151/4949 tokens:309184 running_loss:2.7409 running_bpb:1.0768 elapsed:18.9s
sliding_progress: batch 201/4949 tokens:411584 running_loss:2.7486 running_bpb:1.0798 elapsed:25.2s
sliding_progress: batch 251/4949 tokens:513984 running_loss:2.7470 running_bpb:1.0751 elapsed:31.5s
sliding_progress: batch 301/4949 tokens:616384 running_loss:2.7515 running_bpb:1.0774 elapsed:37.8s
sliding_progress: batch 351/4949 tokens:718784 running_loss:2.7747 running_bpb:1.0841 elapsed:44.1s
sliding_progress: batch 401/4949 tokens:821184 running_loss:2.7688 running_bpb:1.0832 elapsed:50.5s
sliding_progress: batch 451/4949 tokens:923584 running_loss:2.7583 running_bpb:1.0808 elapsed:56.8s
sliding_progress: batch 501/4949 tokens:1025984 running_loss:2.7508 running_bpb:1.0805 elapsed:63.1s
sliding_progress: batch 551/4949 tokens:1128384 running_loss:2.7570 running_bpb:1.0821 elapsed:69.5s
sliding_progress: batch 601/4949 tokens:1230784 running_loss:2.7713 running_bpb:1.0894 elapsed:75.8s
sliding_progress: batch 651/4949 tokens:1333184 running_loss:2.7633 running_bpb:1.0868 elapsed:82.1s
sliding_progress: batch 701/4949 tokens:1435584 running_loss:2.7607 running_bpb:1.0853 elapsed:88.5s
sliding_progress: batch 751/4949 tokens:1537984 running_loss:2.7585 running_bpb:1.0855 elapsed:94.9s
sliding_progress: batch 801/4949 tokens:1640384 running_loss:2.7515 running_bpb:1.0842 elapsed:101.2s
sliding_progress: batch 851/4949 tokens:1742784 running_loss:2.7417 running_bpb:1.0819 elapsed:107.6s
sliding_progress: batch 901/4949 tokens:1845184 running_loss:2.7370 running_bpb:1.0810 elapsed:113.9s
sliding_progress: batch 951/4949 tokens:1947584 running_loss:2.7383 running_bpb:1.0808 elapsed:120.2s
sliding_progress: batch 1001/4949 tokens:2049984 running_loss:2.7367 running_bpb:1.0796 elapsed:126.5s
sliding_progress: batch 1051/4949 tokens:2152384 running_loss:2.7413 running_bpb:1.0819 elapsed:132.9s
sliding_progress: batch 1101/4949 tokens:2254784 running_loss:2.7407 running_bpb:1.0816 elapsed:139.1s
sliding_progress: batch 1151/4949 tokens:2357184 running_loss:2.7407 running_bpb:1.0822 elapsed:145.4s
sliding_progress: batch 1201/4949 tokens:2459584 running_loss:2.7302 running_bpb:1.0776 elapsed:151.8s
sliding_progress: batch 1251/4949 tokens:2561984 running_loss:2.7296 running_bpb:1.0775 elapsed:158.1s
sliding_progress: batch 1301/4949 tokens:2664384 running_loss:2.7331 running_bpb:1.0783 elapsed:164.4s
sliding_progress: batch 1351/4949 tokens:2766784 running_loss:2.7326 running_bpb:1.0778 elapsed:170.6s
sliding_progress: batch 1401/4949 tokens:2869184 running_loss:2.7338 running_bpb:1.0769 elapsed:177.0s
sliding_progress: batch 1451/4949 tokens:2971584 running_loss:2.7308 running_bpb:1.0762 elapsed:183.3s
sliding_progress: batch 1501/4949 tokens:3073984 running_loss:2.7316 running_bpb:1.0759 elapsed:189.6s
sliding_progress: batch 1551/4949 tokens:3176384 running_loss:2.7323 running_bpb:1.0761 elapsed:195.8s
sliding_progress: batch 1601/4949 tokens:3278784 running_loss:2.7329 running_bpb:1.0763 elapsed:202.2s
sliding_progress: batch 1651/4949 tokens:3381184 running_loss:2.7328 running_bpb:1.0764 elapsed:208.6s
sliding_progress: batch 1701/4949 tokens:3483584 running_loss:2.7321 running_bpb:1.0771 elapsed:214.9s
sliding_progress: batch 1751/4949 tokens:3585984 running_loss:2.7378 running_bpb:1.0791 elapsed:221.2s
sliding_progress: batch 1801/4949 tokens:3688384 running_loss:2.7387 running_bpb:1.0792 elapsed:227.6s
sliding_progress: batch 1851/4949 tokens:3790784 running_loss:2.7403 running_bpb:1.0800 elapsed:233.9s
sliding_progress: batch 1901/4949 tokens:3893184 running_loss:2.7384 running_bpb:1.0792 elapsed:240.2s
sliding_progress: batch 1951/4949 tokens:3995584 running_loss:2.7384 running_bpb:1.0796 elapsed:246.5s
sliding_progress: batch 2001/4949 tokens:4097984 running_loss:2.7421 running_bpb:1.0821 elapsed:252.9s
sliding_progress: batch 2051/4949 tokens:4200384 running_loss:2.7418 running_bpb:1.0817 elapsed:259.1s
sliding_progress: batch 2101/4949 tokens:4302784 running_loss:2.7408 running_bpb:1.0815 elapsed:265.5s
sliding_progress: batch 2151/4949 tokens:4405184 running_loss:2.7395 running_bpb:1.0805 elapsed:271.8s
sliding_progress: batch 2201/4949 tokens:4507584 running_loss:2.7384 running_bpb:1.0799 elapsed:278.1s
sliding_progress: batch 2251/4949 tokens:4609984 running_loss:2.7393 running_bpb:1.0806 elapsed:284.4s
sliding_progress: batch 2301/4949 tokens:4712384 running_loss:2.7405 running_bpb:1.0805 elapsed:290.7s
sliding_progress: batch 2351/4949 tokens:4814784 running_loss:2.7396 running_bpb:1.0809 elapsed:297.0s
sliding_progress: batch 2401/4949 tokens:4917184 running_loss:2.7387 running_bpb:1.0805 elapsed:303.3s
sliding_progress: batch 2451/4949 tokens:5019584 running_loss:2.7390 running_bpb:1.0809 elapsed:309.7s
sliding_progress: batch 2501/4949 tokens:5121984 running_loss:2.7387 running_bpb:1.0810 elapsed:316.0s
sliding_progress: batch 2551/4949 tokens:5224384 running_loss:2.7381 running_bpb:1.0806 elapsed:322.4s
sliding_progress: batch 2601/4949 tokens:5326784 running_loss:2.7368 running_bpb:1.0806 elapsed:328.7s
sliding_progress: batch 2651/4949 tokens:5429184 running_loss:2.7379 running_bpb:1.0808 elapsed:335.0s
sliding_progress: batch 2701/4949 tokens:5531584 running_loss:2.7382 running_bpb:1.0810 elapsed:341.3s
sliding_progress: batch 2751/4949 tokens:5633984 running_loss:2.7366 running_bpb:1.0799 elapsed:347.6s
sliding_progress: batch 2801/4949 tokens:5736384 running_loss:2.7346 running_bpb:1.0788 elapsed:354.0s
sliding_progress: batch 2851/4949 tokens:5838784 running_loss:2.7353 running_bpb:1.0791 elapsed:360.3s
sliding_progress: batch 2901/4949 tokens:5941184 running_loss:2.7366 running_bpb:1.0800 elapsed:366.6s
sliding_progress: batch 2951/4949 tokens:6043584 running_loss:2.7387 running_bpb:1.0806 elapsed:373.0s
sliding_progress: batch 3001/4949 tokens:6145984 running_loss:2.7401 running_bpb:1.0807 elapsed:379.2s
sliding_progress: batch 3051/4949 tokens:6248384 running_loss:2.7409 running_bpb:1.0805 elapsed:385.5s
sliding_progress: batch 3101/4949 tokens:6350784 running_loss:2.7414 running_bpb:1.0801 elapsed:391.8s
sliding_progress: batch 3151/4949 tokens:6453184 running_loss:2.7443 running_bpb:1.0808 elapsed:398.1s
sliding_progress: batch 3201/4949 tokens:6555584 running_loss:2.7444 running_bpb:1.0807 elapsed:404.4s
sliding_progress: batch 3251/4949 tokens:6657984 running_loss:2.7458 running_bpb:1.0811 elapsed:410.8s
sliding_progress: batch 3301/4949 tokens:6760384 running_loss:2.7473 running_bpb:1.0815 elapsed:417.1s
sliding_progress: batch 3351/4949 tokens:6862784 running_loss:2.7486 running_bpb:1.0819 elapsed:423.4s
sliding_progress: batch 3401/4949 tokens:6965184 running_loss:2.7488 running_bpb:1.0819 elapsed:429.7s
sliding_progress: batch 3451/4949 tokens:7067584 running_loss:2.7491 running_bpb:1.0815 elapsed:436.0s
sliding_progress: batch 3501/4949 tokens:7169984 running_loss:2.7487 running_bpb:1.0812 elapsed:442.4s
sliding_progress: batch 3551/4949 tokens:7272384 running_loss:2.7498 running_bpb:1.0811 elapsed:448.6s
sliding_progress: batch 3601/4949 tokens:7374784 running_loss:2.7509 running_bpb:1.0812 elapsed:454.9s
sliding_progress: batch 3651/4949 tokens:7477184 running_loss:2.7524 running_bpb:1.0813 elapsed:461.2s
sliding_progress: batch 3701/4949 tokens:7579584 running_loss:2.7542 running_bpb:1.0819 elapsed:467.5s
sliding_progress: batch 3751/4949 tokens:7681984 running_loss:2.7560 running_bpb:1.0824 elapsed:473.8s
sliding_progress: batch 3801/4949 tokens:7784384 running_loss:2.7516 running_bpb:1.0823 elapsed:480.3s
sliding_progress: batch 3851/4949 tokens:7886784 running_loss:2.7520 running_bpb:1.0822 elapsed:486.6s
sliding_progress: batch 3901/4949 tokens:7989184 running_loss:2.7539 running_bpb:1.0824 elapsed:492.9s
sliding_progress: batch 3951/4949 tokens:8091584 running_loss:2.7556 running_bpb:1.0827 elapsed:499.2s
sliding_progress: batch 4001/4949 tokens:8193984 running_loss:2.7553 running_bpb:1.0823 elapsed:505.6s
sliding_progress: batch 4051/4949 tokens:8296384 running_loss:2.7568 running_bpb:1.0822 elapsed:511.9s
sliding_progress: batch 4101/4949 tokens:8398784 running_loss:2.7589 running_bpb:1.0829 elapsed:518.2s
sliding_progress: batch 4151/4949 tokens:8501184 running_loss:2.7602 running_bpb:1.0829 elapsed:524.4s
sliding_progress: batch 4201/4949 tokens:8603584 running_loss:2.7601 running_bpb:1.0828 elapsed:530.8s
sliding_progress: batch 4251/4949 tokens:8705984 running_loss:2.7595 running_bpb:1.0823 elapsed:537.1s
sliding_progress: batch 4301/4949 tokens:8808384 running_loss:2.7595 running_bpb:1.0817 elapsed:543.3s
sliding_progress: batch 4351/4949 tokens:8910784 running_loss:2.7606 running_bpb:1.0818 elapsed:549.6s
sliding_progress: batch 4401/4949 tokens:9013184 running_loss:2.7607 running_bpb:1.0818 elapsed:556.0s
sliding_progress: batch 4451/4949 tokens:9115584 running_loss:2.7623 running_bpb:1.0821 elapsed:562.2s
sliding_progress: batch 4501/4949 tokens:9217984 running_loss:2.7632 running_bpb:1.0823 elapsed:568.6s
sliding_progress: batch 4551/4949 tokens:9320384 running_loss:2.7640 running_bpb:1.0821 elapsed:574.9s
sliding_progress: batch 4601/4949 tokens:9422784 running_loss:2.7642 running_bpb:1.0820 elapsed:581.2s
sliding_progress: batch 4651/4949 tokens:9525184 running_loss:2.7649 running_bpb:1.0816 elapsed:587.5s
sliding_progress: batch 4701/4949 tokens:9627584 running_loss:2.7663 running_bpb:1.0820 elapsed:593.8s
sliding_progress: batch 4751/4949 tokens:9729984 running_loss:2.7671 running_bpb:1.0818 elapsed:600.0s
sliding_progress: batch 4801/4949 tokens:9832384 running_loss:2.7676 running_bpb:1.0815 elapsed:606.3s
sliding_progress: batch 4851/4949 tokens:9934784 running_loss:2.7696 running_bpb:1.0819 elapsed:612.7s
sliding_progress: batch 4901/4949 tokens:10037184 running_loss:2.7708 running_bpb:1.0820 elapsed:619.0s
sliding_progress: batch 4949/4949 tokens:10135488 running_loss:2.7703 running_bpb:1.0814 elapsed:625.1s
quantized_sliding_window val_loss:2.78025438 val_bpb:1.07632311 eval_time:625288ms
e1a433d6d93644e090a8bcad4f3a7ab4000001:496785:496785 [0] NCCL INFO comm 0x483982c0 rank 0 nranks 4 cudaDev 0 busId 100000 - Destroy COMPLETE
e1a433d6d93644e090a8bcad4f3a7ab4000001:496787:496787 [2] NCCL INFO comm 0x346f0e90 rank 2 nranks 4 cudaDev 2 busId 300000 - Destroy COMPLETE
e1a433d6d93644e090a8bcad4f3a7ab4000001:496788:496788 [3] NCCL INFO comm 0x49659610 rank 3 nranks 4 cudaDev 3 busId 400000 - Destroy COMPLETE
e1a433d6d93644e090a8bcad4f3a7ab4000001:496786:496786 [1] NCCL INFO comm 0x1eb06bc0 rank 1 nranks 4 cudaDev 1 busId 200000 - Destroy COMPLETE
e1a433d6d93644e090a8bcad4f3a7ab4000001:496787:496787 [2] NCCL INFO ENV/Plugin: Closing env plugin ncclEnvDefault
e1a433d6d93644e090a8bcad4f3a7ab4000001:496785:496785 [0] NCCL INFO ENV/Plugin: Closing env plugin ncclEnvDefault
e1a433d6d93644e090a8bcad4f3a7ab4000001:496786:496786 [1] NCCL INFO ENV/Plugin: Closing env plugin ncclEnvDefault
