W0416 21:35:34.844000 594992 torch/distributed/run.py:851] 
W0416 21:35:34.844000 594992 torch/distributed/run.py:851] *****************************************
W0416 21:35:34.844000 594992 torch/distributed/run.py:851] Setting OMP_NUM_THREADS environment variable for each process to be 1 in default, to avoid your system being overloaded, please further tune the variable for optimal performance in your application as needed. 
W0416 21:35:34.844000 594992 torch/distributed/run.py:851] *****************************************
e1a433d6d93644e090a8bcad4f3a7ab4000001:595060:595060 [0] NCCL INFO ENV/Plugin: Could not find: libnccl-env.so
e1a433d6d93644e090a8bcad4f3a7ab4000001:595060:595060 [0] NCCL INFO Stack size limit (unlimited) is unsafe; will use 8192KB for newly launched threads
e1a433d6d93644e090a8bcad4f3a7ab4000001:595060:595060 [0] NCCL INFO NCCL_SOCKET_IFNAME set by environment to eth0
e1a433d6d93644e090a8bcad4f3a7ab4000001:595060:595060 [0] NCCL INFO Bootstrap: Using eth0:10.0.0.5<0>
e1a433d6d93644e090a8bcad4f3a7ab4000001:595060:595060 [0] NCCL INFO cudaDriverVersion 13020
e1a433d6d93644e090a8bcad4f3a7ab4000001:595061:595061 [1] NCCL INFO ENV/Plugin: Could not find: libnccl-env.so
e1a433d6d93644e090a8bcad4f3a7ab4000001:595061:595061 [1] NCCL INFO cudaDriverVersion 13020
e1a433d6d93644e090a8bcad4f3a7ab4000001:595063:595063 [3] NCCL INFO ENV/Plugin: Could not find: libnccl-env.so
e1a433d6d93644e090a8bcad4f3a7ab4000001:595062:595062 [2] NCCL INFO ENV/Plugin: Could not find: libnccl-env.so
e1a433d6d93644e090a8bcad4f3a7ab4000001:595063:595063 [3] NCCL INFO cudaDriverVersion 13020
e1a433d6d93644e090a8bcad4f3a7ab4000001:595062:595062 [2] NCCL INFO cudaDriverVersion 13020
e1a433d6d93644e090a8bcad4f3a7ab4000001:595063:595063 [3] NCCL INFO Stack size limit (unlimited) is unsafe; will use 8192KB for newly launched threads
e1a433d6d93644e090a8bcad4f3a7ab4000001:595063:595063 [3] NCCL INFO NCCL_SOCKET_IFNAME set by environment to eth0
e1a433d6d93644e090a8bcad4f3a7ab4000001:595061:595061 [1] NCCL INFO Stack size limit (unlimited) is unsafe; will use 8192KB for newly launched threads
e1a433d6d93644e090a8bcad4f3a7ab4000001:595061:595061 [1] NCCL INFO NCCL_SOCKET_IFNAME set by environment to eth0
e1a433d6d93644e090a8bcad4f3a7ab4000001:595062:595062 [2] NCCL INFO Stack size limit (unlimited) is unsafe; will use 8192KB for newly launched threads
e1a433d6d93644e090a8bcad4f3a7ab4000001:595062:595062 [2] NCCL INFO NCCL_SOCKET_IFNAME set by environment to eth0
e1a433d6d93644e090a8bcad4f3a7ab4000001:595060:595060 [0] NCCL INFO NCCL version 2.28.9+cuda13.0
e1a433d6d93644e090a8bcad4f3a7ab4000001:595063:595063 [3] NCCL INFO Bootstrap: Using eth0:10.0.0.5<0>
e1a433d6d93644e090a8bcad4f3a7ab4000001:595061:595061 [1] NCCL INFO Bootstrap: Using eth0:10.0.0.5<0>
e1a433d6d93644e090a8bcad4f3a7ab4000001:595062:595062 [2] NCCL INFO Bootstrap: Using eth0:10.0.0.5<0>
e1a433d6d93644e090a8bcad4f3a7ab4000001:595061:595061 [1] NCCL INFO NCCL version 2.28.9+cuda13.0
e1a433d6d93644e090a8bcad4f3a7ab4000001:595063:595063 [3] NCCL INFO NCCL version 2.28.9+cuda13.0
e1a433d6d93644e090a8bcad4f3a7ab4000001:595062:595062 [2] NCCL INFO NCCL version 2.28.9+cuda13.0
e1a433d6d93644e090a8bcad4f3a7ab4000001:595060:595060 [0] NCCL INFO Comm config Blocking set to 1
e1a433d6d93644e090a8bcad4f3a7ab4000001:595061:595061 [1] NCCL INFO Comm config Blocking set to 1
e1a433d6d93644e090a8bcad4f3a7ab4000001:595062:595062 [2] NCCL INFO Comm config Blocking set to 1
e1a433d6d93644e090a8bcad4f3a7ab4000001:595063:595063 [3] NCCL INFO Comm config Blocking set to 1
e1a433d6d93644e090a8bcad4f3a7ab4000001:595062:595062 [2] NCCL INFO NET/Plugin: Could not find: libnccl-net.so
e1a433d6d93644e090a8bcad4f3a7ab4000001:595062:595062 [2] NCCL INFO NCCL_IB_DISABLE set by environment to 1.
e1a433d6d93644e090a8bcad4f3a7ab4000001:595062:595062 [2] NCCL INFO transport/net_ib.cc:852 -> 3
e1a433d6d93644e090a8bcad4f3a7ab4000001:595062:595062 [2] NCCL INFO Failed to initialize NET plugin IB
e1a433d6d93644e090a8bcad4f3a7ab4000001:595062:595062 [2] NCCL INFO NCCL_SOCKET_IFNAME set by environment to eth0
e1a433d6d93644e090a8bcad4f3a7ab4000001:595062:595062 [2] NCCL INFO NET/Socket : Using [0]eth0:10.0.0.5<0>
e1a433d6d93644e090a8bcad4f3a7ab4000001:595062:595062 [2] NCCL INFO Initialized NET plugin Socket
e1a433d6d93644e090a8bcad4f3a7ab4000001:595062:595062 [2] NCCL INFO Assigned NET plugin Socket to comm
e1a433d6d93644e090a8bcad4f3a7ab4000001:595062:595062 [2] NCCL INFO Using network Socket
e1a433d6d93644e090a8bcad4f3a7ab4000001:595063:595063 [3] NCCL INFO NET/Plugin: Could not find: libnccl-net.so
e1a433d6d93644e090a8bcad4f3a7ab4000001:595063:595063 [3] NCCL INFO NCCL_IB_DISABLE set by environment to 1.
e1a433d6d93644e090a8bcad4f3a7ab4000001:595063:595063 [3] NCCL INFO transport/net_ib.cc:852 -> 3
e1a433d6d93644e090a8bcad4f3a7ab4000001:595063:595063 [3] NCCL INFO Failed to initialize NET plugin IB
e1a433d6d93644e090a8bcad4f3a7ab4000001:595063:595063 [3] NCCL INFO NCCL_SOCKET_IFNAME set by environment to eth0
e1a433d6d93644e090a8bcad4f3a7ab4000001:595060:595060 [0] NCCL INFO NET/Plugin: Could not find: libnccl-net.so
e1a433d6d93644e090a8bcad4f3a7ab4000001:595060:595060 [0] NCCL INFO NCCL_IB_DISABLE set by environment to 1.
e1a433d6d93644e090a8bcad4f3a7ab4000001:595060:595060 [0] NCCL INFO transport/net_ib.cc:852 -> 3
e1a433d6d93644e090a8bcad4f3a7ab4000001:595060:595060 [0] NCCL INFO Failed to initialize NET plugin IB
e1a433d6d93644e090a8bcad4f3a7ab4000001:595060:595060 [0] NCCL INFO NCCL_SOCKET_IFNAME set by environment to eth0
e1a433d6d93644e090a8bcad4f3a7ab4000001:595063:595063 [3] NCCL INFO NET/Socket : Using [0]eth0:10.0.0.5<0>
e1a433d6d93644e090a8bcad4f3a7ab4000001:595063:595063 [3] NCCL INFO Initialized NET plugin Socket
e1a433d6d93644e090a8bcad4f3a7ab4000001:595063:595063 [3] NCCL INFO Assigned NET plugin Socket to comm
e1a433d6d93644e090a8bcad4f3a7ab4000001:595063:595063 [3] NCCL INFO Using network Socket
e1a433d6d93644e090a8bcad4f3a7ab4000001:595060:595060 [0] NCCL INFO NET/Socket : Using [0]eth0:10.0.0.5<0>
e1a433d6d93644e090a8bcad4f3a7ab4000001:595060:595060 [0] NCCL INFO Initialized NET plugin Socket
e1a433d6d93644e090a8bcad4f3a7ab4000001:595060:595060 [0] NCCL INFO Assigned NET plugin Socket to comm
e1a433d6d93644e090a8bcad4f3a7ab4000001:595060:595060 [0] NCCL INFO Using network Socket
e1a433d6d93644e090a8bcad4f3a7ab4000001:595061:595061 [1] NCCL INFO NET/Plugin: Could not find: libnccl-net.so
e1a433d6d93644e090a8bcad4f3a7ab4000001:595061:595061 [1] NCCL INFO NCCL_IB_DISABLE set by environment to 1.
e1a433d6d93644e090a8bcad4f3a7ab4000001:595061:595061 [1] NCCL INFO transport/net_ib.cc:852 -> 3
e1a433d6d93644e090a8bcad4f3a7ab4000001:595061:595061 [1] NCCL INFO Failed to initialize NET plugin IB
e1a433d6d93644e090a8bcad4f3a7ab4000001:595061:595061 [1] NCCL INFO NCCL_SOCKET_IFNAME set by environment to eth0
e1a433d6d93644e090a8bcad4f3a7ab4000001:595061:595061 [1] NCCL INFO NET/Socket : Using [0]eth0:10.0.0.5<0>
e1a433d6d93644e090a8bcad4f3a7ab4000001:595061:595061 [1] NCCL INFO Initialized NET plugin Socket
e1a433d6d93644e090a8bcad4f3a7ab4000001:595061:595061 [1] NCCL INFO Assigned NET plugin Socket to comm
e1a433d6d93644e090a8bcad4f3a7ab4000001:595061:595061 [1] NCCL INFO Using network Socket
e1a433d6d93644e090a8bcad4f3a7ab4000001:595062:595062 [2] NCCL INFO ncclCommInitRankConfig comm 0x12a84530 rank 2 nranks 4 cudaDev 2 nvmlDev 2 busId 300000 commId 0x7a08b4cc6fc3c4b8 - Init START
e1a433d6d93644e090a8bcad4f3a7ab4000001:595063:595063 [3] NCCL INFO ncclCommInitRankConfig comm 0x3437f470 rank 3 nranks 4 cudaDev 3 nvmlDev 3 busId 400000 commId 0x7a08b4cc6fc3c4b8 - Init START
e1a433d6d93644e090a8bcad4f3a7ab4000001:595060:595060 [0] NCCL INFO ncclCommInitRankConfig comm 0x2744cb30 rank 0 nranks 4 cudaDev 0 nvmlDev 0 busId 100000 commId 0x7a08b4cc6fc3c4b8 - Init START
e1a433d6d93644e090a8bcad4f3a7ab4000001:595063:595063 [3] NCCL INFO RAS client listening socket at 127.0.0.1<28028>
e1a433d6d93644e090a8bcad4f3a7ab4000001:595061:595061 [1] NCCL INFO ncclCommInitRankConfig comm 0x48fb07d0 rank 1 nranks 4 cudaDev 1 nvmlDev 1 busId 200000 commId 0x7a08b4cc6fc3c4b8 - Init START
e1a433d6d93644e090a8bcad4f3a7ab4000001:595060:595060 [0] NCCL INFO RAS client listening socket at 127.0.0.1<28028>
e1a433d6d93644e090a8bcad4f3a7ab4000001:595062:595062 [2] NCCL INFO RAS client listening socket at 127.0.0.1<28028>
e1a433d6d93644e090a8bcad4f3a7ab4000001:595061:595061 [1] NCCL INFO RAS client listening socket at 127.0.0.1<28028>
e1a433d6d93644e090a8bcad4f3a7ab4000001:595062:595062 [2] NCCL INFO Bootstrap timings total 0.007875 (create 0.000052, send 0.000201, recv 0.002581, ring 0.000365, delay 0.000001)
e1a433d6d93644e090a8bcad4f3a7ab4000001:595060:595060 [0] NCCL INFO Bootstrap timings total 0.005428 (create 0.000040, send 0.000126, recv 0.004419, ring 0.000386, delay 0.000001)
e1a433d6d93644e090a8bcad4f3a7ab4000001:595063:595063 [3] NCCL INFO Bootstrap timings total 0.005490 (create 0.000051, send 0.000186, recv 0.000360, ring 0.004429, delay 0.000001)
e1a433d6d93644e090a8bcad4f3a7ab4000001:595061:595061 [1] NCCL INFO Bootstrap timings total 0.001822 (create 0.000047, send 0.000182, recv 0.000875, ring 0.000096, delay 0.000001)
e1a433d6d93644e090a8bcad4f3a7ab4000001:595063:595063 [3] NCCL INFO ncclTopoGetCpuAffinity: Affinity for GPU 3 is 72-95. (GPU affinity = 72-95 ; CPU affinity = 0-95).
e1a433d6d93644e090a8bcad4f3a7ab4000001:595063:595063 [3] NCCL INFO NVLS multicast support is not available on dev 3 (NVLS_NCHANNELS 0)
e1a433d6d93644e090a8bcad4f3a7ab4000001:595060:595060 [0] NCCL INFO ncclTopoGetCpuAffinity: Affinity for GPU 0 is 0-23. (GPU affinity = 0-23 ; CPU affinity = 0-95).
e1a433d6d93644e090a8bcad4f3a7ab4000001:595060:595060 [0] NCCL INFO NVLS multicast support is not available on dev 0 (NVLS_NCHANNELS 0)
e1a433d6d93644e090a8bcad4f3a7ab4000001:595061:595061 [1] NCCL INFO ncclTopoGetCpuAffinity: Affinity for GPU 1 is 24-47. (GPU affinity = 24-47 ; CPU affinity = 0-95).
e1a433d6d93644e090a8bcad4f3a7ab4000001:595061:595061 [1] NCCL INFO NVLS multicast support is not available on dev 1 (NVLS_NCHANNELS 0)
e1a433d6d93644e090a8bcad4f3a7ab4000001:595062:595062 [2] NCCL INFO ncclTopoGetCpuAffinity: Affinity for GPU 2 is 48-71. (GPU affinity = 48-71 ; CPU affinity = 0-95).
e1a433d6d93644e090a8bcad4f3a7ab4000001:595062:595062 [2] NCCL INFO NVLS multicast support is not available on dev 2 (NVLS_NCHANNELS 0)
e1a433d6d93644e090a8bcad4f3a7ab4000001:595063:595063 [3] NCCL INFO comm 0x3437f470 rank 3 nRanks 4 nNodes 1 localRanks 4 localRank 3 MNNVL 0
e1a433d6d93644e090a8bcad4f3a7ab4000001:595060:595060 [0] NCCL INFO comm 0x2744cb30 rank 0 nRanks 4 nNodes 1 localRanks 4 localRank 0 MNNVL 0
e1a433d6d93644e090a8bcad4f3a7ab4000001:595061:595061 [1] NCCL INFO comm 0x48fb07d0 rank 1 nRanks 4 nNodes 1 localRanks 4 localRank 1 MNNVL 0
e1a433d6d93644e090a8bcad4f3a7ab4000001:595062:595062 [2] NCCL INFO comm 0x12a84530 rank 2 nRanks 4 nNodes 1 localRanks 4 localRank 2 MNNVL 0
e1a433d6d93644e090a8bcad4f3a7ab4000001:595060:595060 [0] NCCL INFO Channel 00/08 : 0 1 2 3
e1a433d6d93644e090a8bcad4f3a7ab4000001:595060:595060 [0] NCCL INFO Channel 01/08 : 0 1 2 3
e1a433d6d93644e090a8bcad4f3a7ab4000001:595060:595060 [0] NCCL INFO Channel 02/08 : 0 1 2 3
e1a433d6d93644e090a8bcad4f3a7ab4000001:595060:595060 [0] NCCL INFO Channel 03/08 : 0 1 2 3
e1a433d6d93644e090a8bcad4f3a7ab4000001:595061:595061 [1] NCCL INFO Trees [0] 2/-1/-1->1->0 [1] 2/-1/-1->1->0 [2] 2/-1/-1->1->0 [3] 2/-1/-1->1->0 [4] 2/-1/-1->1->0 [5] 2/-1/-1->1->0 [6] 2/-1/-1->1->0 [7] 2/-1/-1->1->0
e1a433d6d93644e090a8bcad4f3a7ab4000001:595060:595060 [0] NCCL INFO Channel 04/08 : 0 1 2 3
e1a433d6d93644e090a8bcad4f3a7ab4000001:595062:595062 [2] NCCL INFO Trees [0] 3/-1/-1->2->1 [1] 3/-1/-1->2->1 [2] 3/-1/-1->2->1 [3] 3/-1/-1->2->1 [4] 3/-1/-1->2->1 [5] 3/-1/-1->2->1 [6] 3/-1/-1->2->1 [7] 3/-1/-1->2->1
e1a433d6d93644e090a8bcad4f3a7ab4000001:595063:595063 [3] NCCL INFO Trees [0] -1/-1/-1->3->2 [1] -1/-1/-1->3->2 [2] -1/-1/-1->3->2 [3] -1/-1/-1->3->2 [4] -1/-1/-1->3->2 [5] -1/-1/-1->3->2 [6] -1/-1/-1->3->2 [7] -1/-1/-1->3->2
e1a433d6d93644e090a8bcad4f3a7ab4000001:595060:595060 [0] NCCL INFO Channel 05/08 : 0 1 2 3
e1a433d6d93644e090a8bcad4f3a7ab4000001:595061:595061 [1] NCCL INFO P2P Chunksize set to 131072
e1a433d6d93644e090a8bcad4f3a7ab4000001:595062:595062 [2] NCCL INFO P2P Chunksize set to 131072
e1a433d6d93644e090a8bcad4f3a7ab4000001:595060:595060 [0] NCCL INFO Channel 06/08 : 0 1 2 3
e1a433d6d93644e090a8bcad4f3a7ab4000001:595063:595063 [3] NCCL INFO P2P Chunksize set to 131072
e1a433d6d93644e090a8bcad4f3a7ab4000001:595060:595060 [0] NCCL INFO Channel 07/08 : 0 1 2 3
e1a433d6d93644e090a8bcad4f3a7ab4000001:595060:595060 [0] NCCL INFO Trees [0] 1/-1/-1->0->-1 [1] 1/-1/-1->0->-1 [2] 1/-1/-1->0->-1 [3] 1/-1/-1->0->-1 [4] 1/-1/-1->0->-1 [5] 1/-1/-1->0->-1 [6] 1/-1/-1->0->-1 [7] 1/-1/-1->0->-1
e1a433d6d93644e090a8bcad4f3a7ab4000001:595060:595060 [0] NCCL INFO P2P Chunksize set to 131072
e1a433d6d93644e090a8bcad4f3a7ab4000001:595063:595063 [3] NCCL INFO PROFILER/Plugin: Could not find: libnccl-profiler.so
e1a433d6d93644e090a8bcad4f3a7ab4000001:595063:595063 [3] NCCL INFO Check P2P Type isAllDirectP2p 0 directMode 0 isAllCudaP2p 0
e1a433d6d93644e090a8bcad4f3a7ab4000001:595062:595062 [2] NCCL INFO PROFILER/Plugin: Could not find: libnccl-profiler.so
e1a433d6d93644e090a8bcad4f3a7ab4000001:595062:595062 [2] NCCL INFO Check P2P Type isAllDirectP2p 0 directMode 0 isAllCudaP2p 0
e1a433d6d93644e090a8bcad4f3a7ab4000001:595060:595060 [0] NCCL INFO PROFILER/Plugin: Could not find: libnccl-profiler.so
e1a433d6d93644e090a8bcad4f3a7ab4000001:595061:595061 [1] NCCL INFO PROFILER/Plugin: Could not find: libnccl-profiler.so
e1a433d6d93644e090a8bcad4f3a7ab4000001:595060:595060 [0] NCCL INFO Check P2P Type isAllDirectP2p 0 directMode 0 isAllCudaP2p 0
e1a433d6d93644e090a8bcad4f3a7ab4000001:595061:595061 [1] NCCL INFO Check P2P Type isAllDirectP2p 0 directMode 0 isAllCudaP2p 0
e1a433d6d93644e090a8bcad4f3a7ab4000001:595063:595089 [0] NCCL INFO [Proxy Service] Device 3 CPU core 78
e1a433d6d93644e090a8bcad4f3a7ab4000001:595063:595090 [0] NCCL INFO [Proxy Service UDS] Device 3 CPU core 80
e1a433d6d93644e090a8bcad4f3a7ab4000001:595062:595091 [0] NCCL INFO [Proxy Service] Device 2 CPU core 59
e1a433d6d93644e090a8bcad4f3a7ab4000001:595061:595093 [0] NCCL INFO [Proxy Service] Device 1 CPU core 36
e1a433d6d93644e090a8bcad4f3a7ab4000001:595062:595094 [0] NCCL INFO [Proxy Service UDS] Device 2 CPU core 68
e1a433d6d93644e090a8bcad4f3a7ab4000001:595060:595092 [0] NCCL INFO [Proxy Service] Device 0 CPU core 10
e1a433d6d93644e090a8bcad4f3a7ab4000001:595061:595095 [0] NCCL INFO [Proxy Service UDS] Device 1 CPU core 42
e1a433d6d93644e090a8bcad4f3a7ab4000001:595060:595096 [0] NCCL INFO [Proxy Service UDS] Device 0 CPU core 16
e1a433d6d93644e090a8bcad4f3a7ab4000001:595061:595061 [1] NCCL INFO TUNER/Plugin: Could not find: libnccl-tuner.so
e1a433d6d93644e090a8bcad4f3a7ab4000001:595061:595061 [1] NCCL INFO threadThresholds 8/8/64 | 32/8/64 | 512 | 512
e1a433d6d93644e090a8bcad4f3a7ab4000001:595061:595061 [1] NCCL INFO 8 coll channels, 8 collnet channels, 0 nvls channels, 8 p2p channels, 2 p2p channels per peer
e1a433d6d93644e090a8bcad4f3a7ab4000001:595062:595062 [2] NCCL INFO TUNER/Plugin: Could not find: libnccl-tuner.so
e1a433d6d93644e090a8bcad4f3a7ab4000001:595062:595062 [2] NCCL INFO threadThresholds 8/8/64 | 32/8/64 | 512 | 512
e1a433d6d93644e090a8bcad4f3a7ab4000001:595062:595062 [2] NCCL INFO 8 coll channels, 8 collnet channels, 0 nvls channels, 8 p2p channels, 2 p2p channels per peer
e1a433d6d93644e090a8bcad4f3a7ab4000001:595063:595063 [3] NCCL INFO TUNER/Plugin: Could not find: libnccl-tuner.so
e1a433d6d93644e090a8bcad4f3a7ab4000001:595063:595063 [3] NCCL INFO threadThresholds 8/8/64 | 32/8/64 | 512 | 512
e1a433d6d93644e090a8bcad4f3a7ab4000001:595063:595063 [3] NCCL INFO 8 coll channels, 8 collnet channels, 0 nvls channels, 8 p2p channels, 2 p2p channels per peer
e1a433d6d93644e090a8bcad4f3a7ab4000001:595060:595060 [0] NCCL INFO TUNER/Plugin: Could not find: libnccl-tuner.so
e1a433d6d93644e090a8bcad4f3a7ab4000001:595060:595060 [0] NCCL INFO threadThresholds 8/8/64 | 32/8/64 | 512 | 512
e1a433d6d93644e090a8bcad4f3a7ab4000001:595060:595060 [0] NCCL INFO 8 coll channels, 8 collnet channels, 0 nvls channels, 8 p2p channels, 2 p2p channels per peer
e1a433d6d93644e090a8bcad4f3a7ab4000001:595060:595060 [0] NCCL INFO CC Off, workFifoBytes 1048576
e1a433d6d93644e090a8bcad4f3a7ab4000001:595063:595063 [3] NCCL INFO ncclCommInitRankConfig comm 0x3437f470 rank 3 nranks 4 cudaDev 3 nvmlDev 3 busId 400000 commId 0x7a08b4cc6fc3c4b8 - Init COMPLETE
e1a433d6d93644e090a8bcad4f3a7ab4000001:595061:595061 [1] NCCL INFO ncclCommInitRankConfig comm 0x48fb07d0 rank 1 nranks 4 cudaDev 1 nvmlDev 1 busId 200000 commId 0x7a08b4cc6fc3c4b8 - Init COMPLETE
e1a433d6d93644e090a8bcad4f3a7ab4000001:595061:595061 [1] NCCL INFO Init timings - ncclCommInitRankConfig: rank 1 nranks 4 total 0.18 (kernels 0.13, alloc 0.01, bootstrap 0.00, allgathers 0.00, topo 0.02, graphs 0.00, connections 0.01, rest 0.00)
e1a433d6d93644e090a8bcad4f3a7ab4000001:595063:595063 [3] NCCL INFO Init timings - ncclCommInitRankConfig: rank 3 nranks 4 total 0.18 (kernels 0.13, alloc 0.01, bootstrap 0.01, allgathers 0.00, topo 0.02, graphs 0.00, connections 0.01, rest 0.00)
e1a433d6d93644e090a8bcad4f3a7ab4000001:595060:595060 [0] NCCL INFO ncclCommInitRankConfig comm 0x2744cb30 rank 0 nranks 4 cudaDev 0 nvmlDev 0 busId 100000 commId 0x7a08b4cc6fc3c4b8 - Init COMPLETE
e1a433d6d93644e090a8bcad4f3a7ab4000001:595062:595062 [2] NCCL INFO ncclCommInitRankConfig comm 0x12a84530 rank 2 nranks 4 cudaDev 2 nvmlDev 2 busId 300000 commId 0x7a08b4cc6fc3c4b8 - Init COMPLETE
e1a433d6d93644e090a8bcad4f3a7ab4000001:595060:595060 [0] NCCL INFO Init timings - ncclCommInitRankConfig: rank 0 nranks 4 total 0.18 (kernels 0.13, alloc 0.01, bootstrap 0.01, allgathers 0.00, topo 0.02, graphs 0.00, connections 0.01, rest 0.00)
e1a433d6d93644e090a8bcad4f3a7ab4000001:595062:595062 [2] NCCL INFO Init timings - ncclCommInitRankConfig: rank 2 nranks 4 total 0.18 (kernels 0.13, alloc 0.01, bootstrap 0.01, allgathers 0.00, topo 0.02, graphs 0.00, connections 0.01, rest 0.00)
e1a433d6d93644e090a8bcad4f3a7ab4000001:595061:595061 [1] NCCL INFO Channel 00 : 1[1] -> 2[2] via SHM/direct/direct
e1a433d6d93644e090a8bcad4f3a7ab4000001:595063:595063 [3] NCCL INFO Channel 00 : 3[3] -> 0[0] via SHM/direct/direct
e1a433d6d93644e090a8bcad4f3a7ab4000001:595061:595061 [1] NCCL INFO Channel 01 : 1[1] -> 2[2] via SHM/direct/direct
e1a433d6d93644e090a8bcad4f3a7ab4000001:595063:595063 [3] NCCL INFO Channel 01 : 3[3] -> 0[0] via SHM/direct/direct
e1a433d6d93644e090a8bcad4f3a7ab4000001:595061:595061 [1] NCCL INFO Channel 02 : 1[1] -> 2[2] via SHM/direct/direct
e1a433d6d93644e090a8bcad4f3a7ab4000001:595063:595063 [3] NCCL INFO Channel 02 : 3[3] -> 0[0] via SHM/direct/direct
e1a433d6d93644e090a8bcad4f3a7ab4000001:595061:595061 [1] NCCL INFO Channel 03 : 1[1] -> 2[2] via SHM/direct/direct
e1a433d6d93644e090a8bcad4f3a7ab4000001:595063:595063 [3] NCCL INFO Channel 03 : 3[3] -> 0[0] via SHM/direct/direct
e1a433d6d93644e090a8bcad4f3a7ab4000001:595061:595061 [1] NCCL INFO Channel 04 : 1[1] -> 2[2] via SHM/direct/direct
e1a433d6d93644e090a8bcad4f3a7ab4000001:595060:595060 [0] NCCL INFO Channel 00/0 : 0[0] -> 1[1] via P2P/CUMEM/read
e1a433d6d93644e090a8bcad4f3a7ab4000001:595062:595062 [2] NCCL INFO Channel 00/0 : 2[2] -> 3[3] via P2P/CUMEM/read
e1a433d6d93644e090a8bcad4f3a7ab4000001:595060:595060 [0] NCCL INFO Channel 01/0 : 0[0] -> 1[1] via P2P/CUMEM/read
e1a433d6d93644e090a8bcad4f3a7ab4000001:595062:595062 [2] NCCL INFO Channel 01/0 : 2[2] -> 3[3] via P2P/CUMEM/read
e1a433d6d93644e090a8bcad4f3a7ab4000001:595063:595063 [3] NCCL INFO Channel 04 : 3[3] -> 0[0] via SHM/direct/direct
e1a433d6d93644e090a8bcad4f3a7ab4000001:595061:595061 [1] NCCL INFO Channel 05 : 1[1] -> 2[2] via SHM/direct/direct
e1a433d6d93644e090a8bcad4f3a7ab4000001:595060:595060 [0] NCCL INFO Channel 02/0 : 0[0] -> 1[1] via P2P/CUMEM/read
e1a433d6d93644e090a8bcad4f3a7ab4000001:595062:595062 [2] NCCL INFO Channel 02/0 : 2[2] -> 3[3] via P2P/CUMEM/read
e1a433d6d93644e090a8bcad4f3a7ab4000001:595060:595060 [0] NCCL INFO Channel 03/0 : 0[0] -> 1[1] via P2P/CUMEM/read
e1a433d6d93644e090a8bcad4f3a7ab4000001:595061:595061 [1] NCCL INFO Channel 06 : 1[1] -> 2[2] via SHM/direct/direct
e1a433d6d93644e090a8bcad4f3a7ab4000001:595063:595063 [3] NCCL INFO Channel 05 : 3[3] -> 0[0] via SHM/direct/direct
e1a433d6d93644e090a8bcad4f3a7ab4000001:595062:595062 [2] NCCL INFO Channel 03/0 : 2[2] -> 3[3] via P2P/CUMEM/read
e1a433d6d93644e090a8bcad4f3a7ab4000001:595060:595060 [0] NCCL INFO Channel 04/0 : 0[0] -> 1[1] via P2P/CUMEM/read
e1a433d6d93644e090a8bcad4f3a7ab4000001:595061:595061 [1] NCCL INFO Channel 07 : 1[1] -> 2[2] via SHM/direct/direct
e1a433d6d93644e090a8bcad4f3a7ab4000001:595063:595063 [3] NCCL INFO Channel 06 : 3[3] -> 0[0] via SHM/direct/direct
e1a433d6d93644e090a8bcad4f3a7ab4000001:595062:595062 [2] NCCL INFO Channel 04/0 : 2[2] -> 3[3] via P2P/CUMEM/read
e1a433d6d93644e090a8bcad4f3a7ab4000001:595060:595060 [0] NCCL INFO Channel 05/0 : 0[0] -> 1[1] via P2P/CUMEM/read
e1a433d6d93644e090a8bcad4f3a7ab4000001:595062:595062 [2] NCCL INFO Channel 05/0 : 2[2] -> 3[3] via P2P/CUMEM/read
e1a433d6d93644e090a8bcad4f3a7ab4000001:595060:595060 [0] NCCL INFO Channel 06/0 : 0[0] -> 1[1] via P2P/CUMEM/read
e1a433d6d93644e090a8bcad4f3a7ab4000001:595062:595062 [2] NCCL INFO Channel 06/0 : 2[2] -> 3[3] via P2P/CUMEM/read
e1a433d6d93644e090a8bcad4f3a7ab4000001:595063:595063 [3] NCCL INFO Channel 07 : 3[3] -> 0[0] via SHM/direct/direct
e1a433d6d93644e090a8bcad4f3a7ab4000001:595060:595060 [0] NCCL INFO Channel 07/0 : 0[0] -> 1[1] via P2P/CUMEM/read
e1a433d6d93644e090a8bcad4f3a7ab4000001:595062:595062 [2] NCCL INFO Channel 07/0 : 2[2] -> 3[3] via P2P/CUMEM/read
e1a433d6d93644e090a8bcad4f3a7ab4000001:595060:595060 [0] NCCL INFO Connected all rings, use ring PXN 0 GDR 1
e1a433d6d93644e090a8bcad4f3a7ab4000001:595063:595063 [3] NCCL INFO Connected all rings, use ring PXN 0 GDR 1
e1a433d6d93644e090a8bcad4f3a7ab4000001:595061:595061 [1] NCCL INFO Connected all rings, use ring PXN 0 GDR 1
e1a433d6d93644e090a8bcad4f3a7ab4000001:595062:595062 [2] NCCL INFO Connected all rings, use ring PXN 0 GDR 1
Hyperparameters:
  adam_eps: 1e-08
  adam_wd: 0.02
  beta1: 0.9
  beta2: 0.95
  bigram_dim: 128
  bigram_vocab_size: 0
  clip_mult_early: 1.0
  clip_mult_late: 1.0
  clip_mult_loop: 1.0
  clip_mult_mid: 1.0
  compress_ans: True
  compress_brotli: False
  compress_lzma: False
  compressor: brotli
  data_dir: ./data2/
  datasets_dir: ./data2/datasets/fineweb10B_sp8192
  distributed: True
  effective_train_seq_len: <property object at 0x1459461dcef0>
  ema_decay: 0.9965
  embed_bits: 8
  embed_clip_sigmas: 20.0
  embed_lr: 0.6
  embed_wd: 0.085
  embedding_dim: 512
  enable_looping_at: 0.35
  eval_only: True
  eval_seq_len: 2048
  eval_stride: 64
  fused_mlp: True
  fused_rope: True
  gated_attention: True
  gptq_calibration_batches: 128
  gptq_reserve_seconds: 12.0
  grad_accum_steps: 2
  grad_clip_norm: 0.3
  head_lr: 0.008
  hessian_clip_lambda: 0.0
  is_main_process: True
  iterations: 20000
  ln_scale: True
  local_rank: 0
  logfile: logs/exp105_ttt_lora_sl4096.txt
  logit_softcap: 20.0
  loop_embeddings: False
  loop_end: 5
  loop_layer_bits: 0
  loop_layer_clip_sigmas: 0.0
  loop_start: 3
  matrix_bits: 6
  matrix_clip_sigmas: 15.0
  matrix_lr: 0.022
  max_wallclock_seconds: 600.0
  min_lr: 0.0
  mixed_seq_gpu_frac: 0.375
  mixed_seq_len: 0
  mlp_mult: 4.35
  model_dim: 512
  model_path: final_model.pt
  moe_enabled: False
  moe_layers: 3,5,7,9
  moe_num_experts: 4
  moe_top_k: 2
  muon_backend_steps: 5
  muon_beta2: 0.95
  muon_momentum: 0.97
  muon_momentum_warmup_start: 0.92
  muon_momentum_warmup_steps: 1500
  muon_row_normalize: True
  muon_wd: 0.095
  normuon: False
  num_heads: 8
  num_kv_heads: 4
  num_layers: 11
  num_loops: 2
  parallel_residual_start: 7
  qk_gain_init: 5.25
  quantized_model_path: final_model.int6.ptz
  rank: 0
  rope_base: 10000.0
  rope_dims: 32
  rope_train_seq_len: 2048
  run_id: exp105_ttt_lora_sl4096
  scalar_lr: 0.022
  seed: 1337
  skip_gates_enabled: True
  sliding_window_enabled: False
  tie_embeddings: True
  tied_embed_init_std: 0.005
  tied_embed_lr: 0.03
  tokenizer_path: ./data2/tokenizers/fineweb_8192_bpe.model
  train_batch_tokens: 786432
  train_files: ./data2/datasets/fineweb10B_sp8192/fineweb_train_*.bin
  train_log_every: 500
  train_seq_len: 2048
  trigram_dim: 128
  trigram_vocab_size: 0
  ttt_batch_size: 64
  ttt_beta1: 0.0
  ttt_beta2: 0.999
  ttt_chunk_size: 64
  ttt_enabled: True
  ttt_eval_seq_len: 4096
  ttt_fp_chunk_tokens: 32768
  ttt_fp_epochs: 3
  ttt_fp_lr: 0.005
  ttt_fp_momentum: 0.9
  ttt_fp_optimizer: sgd
  ttt_grad_steps: 1
  ttt_k_lora: True
  ttt_layer_debug: False
  ttt_layer_debug_tol: 0.001
  ttt_lora_grad_clip: 1.0
  ttt_lora_lr: 5e-05
  ttt_lora_nan_guard: True
  ttt_lora_rank: 64
  ttt_mlp_lora: True
  ttt_mode: lora
  ttt_o_lora: True
  ttt_sanity_check: False
  ttt_weight_decay: 0.2
  val_batch_tokens: 524288
  val_files: ./data2/datasets/fineweb10B_sp8192/fineweb_val_*.bin
  val_loss_every: 4000
  varlen_attention: True
  vocab_size: 8192
  warmdown_frac: 0.85
  warmdown_wd_mult: 1.0
  warmup_steps: 20
  window_attn_layers: 
  window_attn_size: 0
  world_size: 4
  xsa_last_n: 11
train_shards: 80
val_tokens: 40540160
EVAL_ONLY mode: loading final_model.pt and final_model.int6.ptz, skipping training
quantized val_loss:2.79307338 val_bpb:1.08122936 eval_time:19688ms
ttt_lora:warming up compile
ttt_lora:compile warmup done (189.1s)
ttt_lora:docs:50000 rank:64 lr:5e-05 chunk:64
[rank3]:W0416 21:46:40.507000 595063 .venv/lib/python3.12/site-packages/torch/_dynamo/convert_frame.py:1743] [0/8] torch._dynamo hit config.recompile_limit (8)
[rank3]:W0416 21:46:40.507000 595063 .venv/lib/python3.12/site-packages/torch/_dynamo/convert_frame.py:1743] [0/8]    function: '_fwd_ttt_inner' (/root/parameter-golf/train_gpt_improved_04_15.py:3068)
[rank3]:W0416 21:46:40.507000 595063 .venv/lib/python3.12/site-packages/torch/_dynamo/convert_frame.py:1743] [0/8]    last reason: 0/7: tensor 'input_ids' size mismatch at index 1. expected 448, actual 512
[rank3]:W0416 21:46:40.507000 595063 .venv/lib/python3.12/site-packages/torch/_dynamo/convert_frame.py:1743] [0/8] To log all recompilation reasons, use TORCH_LOGS="recompiles".
[rank3]:W0416 21:46:40.507000 595063 .venv/lib/python3.12/site-packages/torch/_dynamo/convert_frame.py:1743] [0/8] To diagnose recompilation issues, see https://docs.pytorch.org/docs/main/user_guide/torch_compiler/compile/programming_model.recompilation.html
[rank1]:W0416 21:46:41.221000 595061 .venv/lib/python3.12/site-packages/torch/_dynamo/convert_frame.py:1743] [0/8] torch._dynamo hit config.recompile_limit (8)
[rank1]:W0416 21:46:41.221000 595061 .venv/lib/python3.12/site-packages/torch/_dynamo/convert_frame.py:1743] [0/8]    function: '_fwd_ttt_inner' (/root/parameter-golf/train_gpt_improved_04_15.py:3068)
[rank1]:W0416 21:46:41.221000 595061 .venv/lib/python3.12/site-packages/torch/_dynamo/convert_frame.py:1743] [0/8]    last reason: 0/7: tensor 'input_ids' size mismatch at index 1. expected 384, actual 448
[rank1]:W0416 21:46:41.221000 595061 .venv/lib/python3.12/site-packages/torch/_dynamo/convert_frame.py:1743] [0/8] To log all recompilation reasons, use TORCH_LOGS="recompiles".
[rank1]:W0416 21:46:41.221000 595061 .venv/lib/python3.12/site-packages/torch/_dynamo/convert_frame.py:1743] [0/8] To diagnose recompilation issues, see https://docs.pytorch.org/docs/main/user_guide/torch_compiler/compile/programming_model.recompilation.html
[rank0]:W0416 21:46:43.103000 595060 .venv/lib/python3.12/site-packages/torch/_dynamo/convert_frame.py:1743] [0/8] torch._dynamo hit config.recompile_limit (8)
[rank0]:W0416 21:46:43.103000 595060 .venv/lib/python3.12/site-packages/torch/_dynamo/convert_frame.py:1743] [0/8]    function: '_fwd_ttt_inner' (/root/parameter-golf/train_gpt_improved_04_15.py:3068)
[rank0]:W0416 21:46:43.103000 595060 .venv/lib/python3.12/site-packages/torch/_dynamo/convert_frame.py:1743] [0/8]    last reason: 0/7: tensor 'input_ids' size mismatch at index 1. expected 448, actual 512
[rank0]:W0416 21:46:43.103000 595060 .venv/lib/python3.12/site-packages/torch/_dynamo/convert_frame.py:1743] [0/8] To log all recompilation reasons, use TORCH_LOGS="recompiles".
[rank0]:W0416 21:46:43.103000 595060 .venv/lib/python3.12/site-packages/torch/_dynamo/convert_frame.py:1743] [0/8] To diagnose recompilation issues, see https://docs.pytorch.org/docs/main/user_guide/torch_compiler/compile/programming_model.recompilation.html
[rank2]:W0416 21:46:44.423000 595062 .venv/lib/python3.12/site-packages/torch/_dynamo/convert_frame.py:1743] [0/8] torch._dynamo hit config.recompile_limit (8)
[rank2]:W0416 21:46:44.423000 595062 .venv/lib/python3.12/site-packages/torch/_dynamo/convert_frame.py:1743] [0/8]    function: '_fwd_ttt_inner' (/root/parameter-golf/train_gpt_improved_04_15.py:3068)
[rank2]:W0416 21:46:44.423000 595062 .venv/lib/python3.12/site-packages/torch/_dynamo/convert_frame.py:1743] [0/8]    last reason: 0/7: tensor 'input_ids' size mismatch at index 1. expected 448, actual 512
[rank2]:W0416 21:46:44.423000 595062 .venv/lib/python3.12/site-packages/torch/_dynamo/convert_frame.py:1743] [0/8] To log all recompilation reasons, use TORCH_LOGS="recompiles".
[rank2]:W0416 21:46:44.423000 595062 .venv/lib/python3.12/site-packages/torch/_dynamo/convert_frame.py:1743] [0/8] To diagnose recompilation issues, see https://docs.pytorch.org/docs/main/user_guide/torch_compiler/compile/programming_model.recompilation.html
[rank3]: Traceback (most recent call last):
[rank3]:   File "/root/parameter-golf/train_gpt_improved_04_15.py", line 3156, in <module>
[rank3]:     main()
[rank3]:   File "/root/parameter-golf/train_gpt_improved_04_15.py", line 3152, in main
[rank3]:     train_and_eval(h, device)
[rank3]:   File "/root/parameter-golf/train_gpt_improved_04_15.py", line 3106, in train_and_eval
[rank3]:     timed_eval("quantized_ttt_lora", eval_val_ttt, h, device, val_data, ttt_model,
[rank3]:   File "/root/parameter-golf/train_gpt_improved_04_15.py", line 2835, in timed_eval
[rank3]:     val_loss, val_bpb = fn(*args, **kwargs)
[rank3]:                         ^^^^^^^^^^^^^^^^^^^
[rank3]:   File "/root/parameter-golf/train_gpt_improved_04_15.py", line 2548, in eval_val_ttt
[rank3]:     loss_scalar.backward()
[rank3]:   File "/root/parameter-golf/.venv/lib/python3.12/site-packages/torch/_tensor.py", line 631, in backward
[rank3]:     torch.autograd.backward(
[rank3]:   File "/root/parameter-golf/.venv/lib/python3.12/site-packages/torch/autograd/__init__.py", line 381, in backward
[rank3]:     _engine_run_backward(
[rank3]:   File "/root/parameter-golf/.venv/lib/python3.12/site-packages/torch/autograd/graph.py", line 869, in _engine_run_backward
[rank3]:     return Variable._execution_engine.run_backward(  # Calls into the C++ engine to run the backward pass
[rank3]:            ^^^^^^^^^^^^^^^^^^^^^^^^^^^^^^^^^^^^^^^^^^^^^^^^^^^^^^^^^^^^^^^^^^^^^^^^^^^^^^^^^^^^^^^^^^^^^^
[rank3]: torch.OutOfMemoryError: CUDA out of memory. Tried to allocate 5.88 GiB. GPU 3 has a total capacity of 79.25 GiB of which 5.08 GiB is free. Including non-PyTorch memory, this process has 74.16 GiB memory in use. Of the allocated memory 72.15 GiB is allocated by PyTorch, and 1.27 GiB is reserved by PyTorch but unallocated. If reserved but unallocated memory is large try setting PYTORCH_CUDA_ALLOC_CONF=expandable_segments:True to avoid fragmentation.  See documentation for Memory Management  (https://docs.pytorch.org/docs/stable/notes/cuda.html#optimizing-memory-usage-with-pytorch-cuda-alloc-conf)
[rank0]: Traceback (most recent call last):
[rank0]:   File "/root/parameter-golf/train_gpt_improved_04_15.py", line 3156, in <module>
[rank0]:     main()
[rank0]:   File "/root/parameter-golf/train_gpt_improved_04_15.py", line 3152, in main
[rank0]:     train_and_eval(h, device)
[rank0]:   File "/root/parameter-golf/train_gpt_improved_04_15.py", line 3106, in train_and_eval
[rank0]:     timed_eval("quantized_ttt_lora", eval_val_ttt, h, device, val_data, ttt_model,
[rank0]:   File "/root/parameter-golf/train_gpt_improved_04_15.py", line 2835, in timed_eval
[rank0]:     val_loss, val_bpb = fn(*args, **kwargs)
[rank0]:                         ^^^^^^^^^^^^^^^^^^^
[rank0]:   File "/root/parameter-golf/train_gpt_improved_04_15.py", line 2548, in eval_val_ttt
[rank0]:     loss_scalar.backward()
[rank0]:   File "/root/parameter-golf/.venv/lib/python3.12/site-packages/torch/_tensor.py", line 631, in backward
[rank0]:     torch.autograd.backward(
[rank0]:   File "/root/parameter-golf/.venv/lib/python3.12/site-packages/torch/autograd/__init__.py", line 381, in backward
[rank0]:     _engine_run_backward(
[rank0]:   File "/root/parameter-golf/.venv/lib/python3.12/site-packages/torch/autograd/graph.py", line 869, in _engine_run_backward
[rank0]:     return Variable._execution_engine.run_backward(  # Calls into the C++ engine to run the backward pass
[rank0]:            ^^^^^^^^^^^^^^^^^^^^^^^^^^^^^^^^^^^^^^^^^^^^^^^^^^^^^^^^^^^^^^^^^^^^^^^^^^^^^^^^^^^^^^^^^^^^^^
[rank0]: torch.OutOfMemoryError: CUDA out of memory. Tried to allocate 5.88 GiB. GPU 0 has a total capacity of 79.25 GiB of which 5.08 GiB is free. Including non-PyTorch memory, this process has 74.16 GiB memory in use. Of the allocated memory 72.15 GiB is allocated by PyTorch, and 1.27 GiB is reserved by PyTorch but unallocated. If reserved but unallocated memory is large try setting PYTORCH_CUDA_ALLOC_CONF=expandable_segments:True to avoid fragmentation.  See documentation for Memory Management  (https://docs.pytorch.org/docs/stable/notes/cuda.html#optimizing-memory-usage-with-pytorch-cuda-alloc-conf)
[rank2]: Traceback (most recent call last):
[rank2]:   File "/root/parameter-golf/train_gpt_improved_04_15.py", line 3156, in <module>
[rank2]:     main()
[rank2]:   File "/root/parameter-golf/train_gpt_improved_04_15.py", line 3152, in main
[rank2]:     train_and_eval(h, device)
[rank2]:   File "/root/parameter-golf/train_gpt_improved_04_15.py", line 3106, in train_and_eval
[rank2]:     timed_eval("quantized_ttt_lora", eval_val_ttt, h, device, val_data, ttt_model,
[rank2]:   File "/root/parameter-golf/train_gpt_improved_04_15.py", line 2835, in timed_eval
[rank2]:     val_loss, val_bpb = fn(*args, **kwargs)
[rank2]:                         ^^^^^^^^^^^^^^^^^^^
[rank2]:   File "/root/parameter-golf/train_gpt_improved_04_15.py", line 2548, in eval_val_ttt
[rank2]:     loss_scalar.backward()
[rank2]:   File "/root/parameter-golf/.venv/lib/python3.12/site-packages/torch/_tensor.py", line 631, in backward
[rank2]:     torch.autograd.backward(
[rank2]:   File "/root/parameter-golf/.venv/lib/python3.12/site-packages/torch/autograd/__init__.py", line 381, in backward
[rank2]:     _engine_run_backward(
[rank2]:   File "/root/parameter-golf/.venv/lib/python3.12/site-packages/torch/autograd/graph.py", line 869, in _engine_run_backward
[rank2]:     return Variable._execution_engine.run_backward(  # Calls into the C++ engine to run the backward pass
[rank2]:            ^^^^^^^^^^^^^^^^^^^^^^^^^^^^^^^^^^^^^^^^^^^^^^^^^^^^^^^^^^^^^^^^^^^^^^^^^^^^^^^^^^^^^^^^^^^^^^
[rank2]: torch.OutOfMemoryError: CUDA out of memory. Tried to allocate 5.88 GiB. GPU 2 has a total capacity of 79.25 GiB of which 5.08 GiB is free. Including non-PyTorch memory, this process has 74.16 GiB memory in use. Of the allocated memory 72.15 GiB is allocated by PyTorch, and 1.27 GiB is reserved by PyTorch but unallocated. If reserved but unallocated memory is large try setting PYTORCH_CUDA_ALLOC_CONF=expandable_segments:True to avoid fragmentation.  See documentation for Memory Management  (https://docs.pytorch.org/docs/stable/notes/cuda.html#optimizing-memory-usage-with-pytorch-cuda-alloc-conf)
e1a433d6d93644e090a8bcad4f3a7ab4000001:595063:598402 [3] NCCL INFO comm 0x3437f470 rank 3 nRanks 4 cudaDev 3 busId 400000 - Abort START
e1a433d6d93644e090a8bcad4f3a7ab4000001:595063:598402 [3] NCCL INFO misc/socket.cc:64 -> 3
e1a433d6d93644e090a8bcad4f3a7ab4000001:595063:598402 [3] NCCL INFO misc/socket.cc:81 -> 3
e1a433d6d93644e090a8bcad4f3a7ab4000001:595063:598402 [3] NCCL INFO misc/socket.cc:868 -> 3
e1a433d6d93644e090a8bcad4f3a7ab4000001:595063:598402 [3] NCCL INFO misc/socket.cc:64 -> 3
e1a433d6d93644e090a8bcad4f3a7ab4000001:595063:598402 [3] NCCL INFO misc/socket.cc:81 -> 3
e1a433d6d93644e090a8bcad4f3a7ab4000001:595063:598402 [3] NCCL INFO misc/socket.cc:868 -> 3
e1a433d6d93644e090a8bcad4f3a7ab4000001:595063:598402 [3] NCCL INFO misc/socket.cc:64 -> 3
e1a433d6d93644e090a8bcad4f3a7ab4000001:595063:598402 [3] NCCL INFO misc/socket.cc:81 -> 3
e1a433d6d93644e090a8bcad4f3a7ab4000001:595063:598402 [3] NCCL INFO misc/socket.cc:868 -> 3
e1a433d6d93644e090a8bcad4f3a7ab4000001:595063:595089 [3] NCCL INFO misc/socket.cc:943 -> 3
e1a433d6d93644e090a8bcad4f3a7ab4000001:595063:598402 [3] NCCL INFO comm 0x3437f470 rank 3 nranks 4 cudaDev 3 busId 400000 - Abort COMPLETE
[rank0]:[W416 21:47:17.712263790 ProcessGroupNCCL.cpp:1575] Warning: WARNING: destroy_process_group() was not called before program exit, which can leak resources. For more info, please see https://pytorch.org/docs/stable/distributed.html#shutdown (function operator())
e1a433d6d93644e090a8bcad4f3a7ab4000001:595060:598403 [0] NCCL INFO comm 0x2744cb30 rank 0 nRanks 4 cudaDev 0 busId 100000 - Abort START
e1a433d6d93644e090a8bcad4f3a7ab4000001:595060:598403 [0] NCCL INFO misc/socket.cc:64 -> 3
e1a433d6d93644e090a8bcad4f3a7ab4000001:595060:598403 [0] NCCL INFO misc/socket.cc:81 -> 3
e1a433d6d93644e090a8bcad4f3a7ab4000001:595060:598403 [0] NCCL INFO misc/socket.cc:868 -> 3
e1a433d6d93644e090a8bcad4f3a7ab4000001:595060:598403 [0] NCCL INFO misc/socket.cc:64 -> 3
e1a433d6d93644e090a8bcad4f3a7ab4000001:595060:598403 [0] NCCL INFO misc/socket.cc:81 -> 3
e1a433d6d93644e090a8bcad4f3a7ab4000001:595060:595092 [0] NCCL INFO misc/socket.cc:943 -> 3
e1a433d6d93644e090a8bcad4f3a7ab4000001:595060:598403 [0] NCCL INFO misc/socket.cc:868 -> 3
e1a433d6d93644e090a8bcad4f3a7ab4000001:595060:598403 [0] NCCL INFO misc/socket.cc:64 -> 3
e1a433d6d93644e090a8bcad4f3a7ab4000001:595060:598403 [0] NCCL INFO misc/socket.cc:81 -> 3
e1a433d6d93644e090a8bcad4f3a7ab4000001:595060:598403 [0] NCCL INFO misc/socket.cc:868 -> 3
e1a433d6d93644e090a8bcad4f3a7ab4000001:595063:595063 [3] NCCL INFO ENV/Plugin: Closing env plugin ncclEnvDefault
e1a433d6d93644e090a8bcad4f3a7ab4000001:595062:598404 [2] NCCL INFO comm 0x12a84530 rank 2 nRanks 4 cudaDev 2 busId 300000 - Abort START
e1a433d6d93644e090a8bcad4f3a7ab4000001:595062:598404 [2] NCCL INFO misc/socket.cc:64 -> 3
e1a433d6d93644e090a8bcad4f3a7ab4000001:595062:598404 [2] NCCL INFO misc/socket.cc:81 -> 3
e1a433d6d93644e090a8bcad4f3a7ab4000001:595062:598404 [2] NCCL INFO misc/socket.cc:868 -> 3
e1a433d6d93644e090a8bcad4f3a7ab4000001:595062:598404 [2] NCCL INFO misc/socket.cc:64 -> 3
e1a433d6d93644e090a8bcad4f3a7ab4000001:595062:598404 [2] NCCL INFO misc/socket.cc:81 -> 3
e1a433d6d93644e090a8bcad4f3a7ab4000001:595062:598404 [2] NCCL INFO misc/socket.cc:868 -> 3
e1a433d6d93644e090a8bcad4f3a7ab4000001:595062:595091 [2] NCCL INFO misc/socket.cc:943 -> 3
e1a433d6d93644e090a8bcad4f3a7ab4000001:595062:598404 [2] NCCL INFO misc/socket.cc:64 -> 3
e1a433d6d93644e090a8bcad4f3a7ab4000001:595062:598404 [2] NCCL INFO misc/socket.cc:81 -> 3
e1a433d6d93644e090a8bcad4f3a7ab4000001:595062:598404 [2] NCCL INFO misc/socket.cc:868 -> 3
e1a433d6d93644e090a8bcad4f3a7ab4000001:595060:598403 [0] NCCL INFO comm 0x2744cb30 rank 0 nranks 4 cudaDev 0 busId 100000 - Abort COMPLETE
W0416 21:47:18.503000 594992 torch/distributed/elastic/multiprocessing/api.py:1012] Sending process 595060 closing signal SIGTERM
W0416 21:47:18.505000 594992 torch/distributed/elastic/multiprocessing/api.py:1012] Sending process 595061 closing signal SIGTERM
W0416 21:47:18.507000 594992 torch/distributed/elastic/multiprocessing/api.py:1012] Sending process 595062 closing signal SIGTERM
E0416 21:47:19.676000 594992 torch/distributed/elastic/multiprocessing/api.py:986] failed (exitcode: 1) local_rank: 3 (pid: 595063) of binary: /root/parameter-golf/.venv/bin/python3
Traceback (most recent call last):
  File "/root/parameter-golf/.venv/bin/torchrun", line 6, in <module>
    sys.exit(main())
             ^^^^^^
  File "/root/parameter-golf/.venv/lib/python3.12/site-packages/torch/distributed/elastic/multiprocessing/errors/__init__.py", line 362, in wrapper
    return f(*args, **kwargs)
           ^^^^^^^^^^^^^^^^^^
  File "/root/parameter-golf/.venv/lib/python3.12/site-packages/torch/distributed/run.py", line 990, in main
    run(args)
  File "/root/parameter-golf/.venv/lib/python3.12/site-packages/torch/distributed/run.py", line 981, in run
    elastic_launch(
  File "/root/parameter-golf/.venv/lib/python3.12/site-packages/torch/distributed/launcher/api.py", line 170, in __call__
    return launch_agent(self._config, self._entrypoint, list(args))
           ^^^^^^^^^^^^^^^^^^^^^^^^^^^^^^^^^^^^^^^^^^^^^^^^^^^^^^^^
  File "/root/parameter-golf/.venv/lib/python3.12/site-packages/torch/distributed/launcher/api.py", line 317, in launch_agent
    raise ChildFailedError(
torch.distributed.elastic.multiprocessing.errors.ChildFailedError: 
============================================================
train_gpt_improved_04_15.py FAILED
------------------------------------------------------------
Failures:
[1]:
  time      : 2026-04-16_21:47:19
  host      : e1a433d6d93644e090a8bcad4f3a7ab4000001.internal.cloudapp.net
  rank      : 0 (local_rank: 0)
  exitcode  : -15 (pid: 595060)
  error_file: <N/A>
  traceback : Signal 15 (SIGTERM) received by PID 595060
[2]:
  time      : 2026-04-16_21:47:19
  host      : e1a433d6d93644e090a8bcad4f3a7ab4000001.internal.cloudapp.net
  rank      : 1 (local_rank: 1)
  exitcode  : -15 (pid: 595061)
  error_file: <N/A>
  traceback : Signal 15 (SIGTERM) received by PID 595061
[3]:
  time      : 2026-04-16_21:47:19
  host      : e1a433d6d93644e090a8bcad4f3a7ab4000001.internal.cloudapp.net
  rank      : 2 (local_rank: 2)
  exitcode  : -15 (pid: 595062)
  error_file: <N/A>
  traceback : Signal 15 (SIGTERM) received by PID 595062
------------------------------------------------------------
Root Cause (first observed failure):
[0]:
  time      : 2026-04-16_21:47:18
  host      : e1a433d6d93644e090a8bcad4f3a7ab4000001.internal.cloudapp.net
  rank      : 3 (local_rank: 3)
  exitcode  : 1 (pid: 595063)
  error_file: <N/A>
  traceback : To enable traceback see: https://pytorch.org/docs/stable/elastic/errors.html
============================================================
