W0414 03:30:49.742000 45808 torch/distributed/run.py:851] 
W0414 03:30:49.742000 45808 torch/distributed/run.py:851] *****************************************
W0414 03:30:49.742000 45808 torch/distributed/run.py:851] Setting OMP_NUM_THREADS environment variable for each process to be 1 in default, to avoid your system being overloaded, please further tune the variable for optimal performance in your application as needed. 
W0414 03:30:49.742000 45808 torch/distributed/run.py:851] *****************************************
e1a433d6d93644e090a8bcad4f3a7ab4000001:45882:45882 [0] NCCL INFO ENV/Plugin: Could not find: libnccl-env.so
e1a433d6d93644e090a8bcad4f3a7ab4000001:45882:45882 [0] NCCL INFO Stack size limit (unlimited) is unsafe; will use 8192KB for newly launched threads
e1a433d6d93644e090a8bcad4f3a7ab4000001:45882:45882 [0] NCCL INFO NCCL_SOCKET_IFNAME set by environment to eth0
e1a433d6d93644e090a8bcad4f3a7ab4000001:45882:45882 [0] NCCL INFO Bootstrap: Using eth0:10.0.0.5<0>
e1a433d6d93644e090a8bcad4f3a7ab4000001:45882:45882 [0] NCCL INFO cudaDriverVersion 13020
e1a433d6d93644e090a8bcad4f3a7ab4000001:45882:45882 [0] NCCL INFO NCCL version 2.28.9+cuda13.0
e1a433d6d93644e090a8bcad4f3a7ab4000001:45883:45883 [1] NCCL INFO ENV/Plugin: Could not find: libnccl-env.so
e1a433d6d93644e090a8bcad4f3a7ab4000001:45883:45883 [1] NCCL INFO cudaDriverVersion 13020
e1a433d6d93644e090a8bcad4f3a7ab4000001:45883:45883 [1] NCCL INFO Stack size limit (unlimited) is unsafe; will use 8192KB for newly launched threads
e1a433d6d93644e090a8bcad4f3a7ab4000001:45883:45883 [1] NCCL INFO NCCL_SOCKET_IFNAME set by environment to eth0
e1a433d6d93644e090a8bcad4f3a7ab4000001:45883:45883 [1] NCCL INFO Bootstrap: Using eth0:10.0.0.5<0>
e1a433d6d93644e090a8bcad4f3a7ab4000001:45883:45883 [1] NCCL INFO NCCL version 2.28.9+cuda13.0
e1a433d6d93644e090a8bcad4f3a7ab4000001:45882:45882 [0] NCCL INFO Comm config Blocking set to 1
e1a433d6d93644e090a8bcad4f3a7ab4000001:45883:45883 [1] NCCL INFO Comm config Blocking set to 1
e1a433d6d93644e090a8bcad4f3a7ab4000001:45884:45884 [2] NCCL INFO ENV/Plugin: Could not find: libnccl-env.so
e1a433d6d93644e090a8bcad4f3a7ab4000001:45884:45884 [2] NCCL INFO cudaDriverVersion 13020
e1a433d6d93644e090a8bcad4f3a7ab4000001:45884:45884 [2] NCCL INFO Stack size limit (unlimited) is unsafe; will use 8192KB for newly launched threads
e1a433d6d93644e090a8bcad4f3a7ab4000001:45884:45884 [2] NCCL INFO NCCL_SOCKET_IFNAME set by environment to eth0
e1a433d6d93644e090a8bcad4f3a7ab4000001:45884:45884 [2] NCCL INFO Bootstrap: Using eth0:10.0.0.5<0>
e1a433d6d93644e090a8bcad4f3a7ab4000001:45884:45884 [2] NCCL INFO NCCL version 2.28.9+cuda13.0
e1a433d6d93644e090a8bcad4f3a7ab4000001:45884:45884 [2] NCCL INFO Comm config Blocking set to 1
e1a433d6d93644e090a8bcad4f3a7ab4000001:45885:45885 [3] NCCL INFO ENV/Plugin: Could not find: libnccl-env.so
e1a433d6d93644e090a8bcad4f3a7ab4000001:45885:45885 [3] NCCL INFO cudaDriverVersion 13020
e1a433d6d93644e090a8bcad4f3a7ab4000001:45885:45885 [3] NCCL INFO Stack size limit (unlimited) is unsafe; will use 8192KB for newly launched threads
e1a433d6d93644e090a8bcad4f3a7ab4000001:45885:45885 [3] NCCL INFO NCCL_SOCKET_IFNAME set by environment to eth0
e1a433d6d93644e090a8bcad4f3a7ab4000001:45885:45885 [3] NCCL INFO Bootstrap: Using eth0:10.0.0.5<0>
e1a433d6d93644e090a8bcad4f3a7ab4000001:45885:45885 [3] NCCL INFO NCCL version 2.28.9+cuda13.0
e1a433d6d93644e090a8bcad4f3a7ab4000001:45885:45885 [3] NCCL INFO Comm config Blocking set to 1
e1a433d6d93644e090a8bcad4f3a7ab4000001:45882:45882 [0] NCCL INFO NET/Plugin: Could not find: libnccl-net.so
e1a433d6d93644e090a8bcad4f3a7ab4000001:45882:45882 [0] NCCL INFO NCCL_IB_DISABLE set by environment to 1.
e1a433d6d93644e090a8bcad4f3a7ab4000001:45882:45882 [0] NCCL INFO transport/net_ib.cc:852 -> 3
e1a433d6d93644e090a8bcad4f3a7ab4000001:45882:45882 [0] NCCL INFO Failed to initialize NET plugin IB
e1a433d6d93644e090a8bcad4f3a7ab4000001:45882:45882 [0] NCCL INFO NCCL_SOCKET_IFNAME set by environment to eth0
e1a433d6d93644e090a8bcad4f3a7ab4000001:45882:45882 [0] NCCL INFO NET/Socket : Using [0]eth0:10.0.0.5<0>
e1a433d6d93644e090a8bcad4f3a7ab4000001:45882:45882 [0] NCCL INFO Initialized NET plugin Socket
e1a433d6d93644e090a8bcad4f3a7ab4000001:45882:45882 [0] NCCL INFO Assigned NET plugin Socket to comm
e1a433d6d93644e090a8bcad4f3a7ab4000001:45882:45882 [0] NCCL INFO Using network Socket
e1a433d6d93644e090a8bcad4f3a7ab4000001:45883:45883 [1] NCCL INFO NET/Plugin: Could not find: libnccl-net.so
e1a433d6d93644e090a8bcad4f3a7ab4000001:45883:45883 [1] NCCL INFO NCCL_IB_DISABLE set by environment to 1.
e1a433d6d93644e090a8bcad4f3a7ab4000001:45883:45883 [1] NCCL INFO transport/net_ib.cc:852 -> 3
e1a433d6d93644e090a8bcad4f3a7ab4000001:45883:45883 [1] NCCL INFO Failed to initialize NET plugin IB
e1a433d6d93644e090a8bcad4f3a7ab4000001:45883:45883 [1] NCCL INFO NCCL_SOCKET_IFNAME set by environment to eth0
e1a433d6d93644e090a8bcad4f3a7ab4000001:45882:45882 [0] NCCL INFO ncclCommInitRankConfig comm 0x460d64c0 rank 0 nranks 4 cudaDev 0 nvmlDev 0 busId 100000 commId 0xd1f21712b529048 - Init START
e1a433d6d93644e090a8bcad4f3a7ab4000001:45883:45883 [1] NCCL INFO NET/Socket : Using [0]eth0:10.0.0.5<0>
e1a433d6d93644e090a8bcad4f3a7ab4000001:45883:45883 [1] NCCL INFO Initialized NET plugin Socket
e1a433d6d93644e090a8bcad4f3a7ab4000001:45883:45883 [1] NCCL INFO Assigned NET plugin Socket to comm
e1a433d6d93644e090a8bcad4f3a7ab4000001:45883:45883 [1] NCCL INFO Using network Socket
e1a433d6d93644e090a8bcad4f3a7ab4000001:45883:45883 [1] NCCL INFO ncclCommInitRankConfig comm 0x14d06fe0 rank 1 nranks 4 cudaDev 1 nvmlDev 1 busId 200000 commId 0xd1f21712b529048 - Init START
e1a433d6d93644e090a8bcad4f3a7ab4000001:45884:45884 [2] NCCL INFO NET/Plugin: Could not find: libnccl-net.so
e1a433d6d93644e090a8bcad4f3a7ab4000001:45884:45884 [2] NCCL INFO NCCL_IB_DISABLE set by environment to 1.
e1a433d6d93644e090a8bcad4f3a7ab4000001:45884:45884 [2] NCCL INFO transport/net_ib.cc:852 -> 3
e1a433d6d93644e090a8bcad4f3a7ab4000001:45884:45884 [2] NCCL INFO Failed to initialize NET plugin IB
e1a433d6d93644e090a8bcad4f3a7ab4000001:45884:45884 [2] NCCL INFO NCCL_SOCKET_IFNAME set by environment to eth0
e1a433d6d93644e090a8bcad4f3a7ab4000001:45884:45884 [2] NCCL INFO NET/Socket : Using [0]eth0:10.0.0.5<0>
e1a433d6d93644e090a8bcad4f3a7ab4000001:45884:45884 [2] NCCL INFO Initialized NET plugin Socket
e1a433d6d93644e090a8bcad4f3a7ab4000001:45884:45884 [2] NCCL INFO Assigned NET plugin Socket to comm
e1a433d6d93644e090a8bcad4f3a7ab4000001:45884:45884 [2] NCCL INFO Using network Socket
e1a433d6d93644e090a8bcad4f3a7ab4000001:45884:45884 [2] NCCL INFO ncclCommInitRankConfig comm 0x471bc270 rank 2 nranks 4 cudaDev 2 nvmlDev 2 busId 300000 commId 0xd1f21712b529048 - Init START
e1a433d6d93644e090a8bcad4f3a7ab4000001:45883:45883 [1] NCCL INFO RAS client listening socket at 127.0.0.1<28028>
e1a433d6d93644e090a8bcad4f3a7ab4000001:45885:45885 [3] NCCL INFO NET/Plugin: Could not find: libnccl-net.so
e1a433d6d93644e090a8bcad4f3a7ab4000001:45885:45885 [3] NCCL INFO NCCL_IB_DISABLE set by environment to 1.
e1a433d6d93644e090a8bcad4f3a7ab4000001:45885:45885 [3] NCCL INFO transport/net_ib.cc:852 -> 3
e1a433d6d93644e090a8bcad4f3a7ab4000001:45885:45885 [3] NCCL INFO Failed to initialize NET plugin IB
e1a433d6d93644e090a8bcad4f3a7ab4000001:45885:45885 [3] NCCL INFO NCCL_SOCKET_IFNAME set by environment to eth0
e1a433d6d93644e090a8bcad4f3a7ab4000001:45885:45885 [3] NCCL INFO NET/Socket : Using [0]eth0:10.0.0.5<0>
e1a433d6d93644e090a8bcad4f3a7ab4000001:45885:45885 [3] NCCL INFO Initialized NET plugin Socket
e1a433d6d93644e090a8bcad4f3a7ab4000001:45885:45885 [3] NCCL INFO Assigned NET plugin Socket to comm
e1a433d6d93644e090a8bcad4f3a7ab4000001:45885:45885 [3] NCCL INFO Using network Socket
e1a433d6d93644e090a8bcad4f3a7ab4000001:45885:45885 [3] NCCL INFO ncclCommInitRankConfig comm 0x34f5b7f0 rank 3 nranks 4 cudaDev 3 nvmlDev 3 busId 400000 commId 0xd1f21712b529048 - Init START
e1a433d6d93644e090a8bcad4f3a7ab4000001:45884:45884 [2] NCCL INFO RAS client listening socket at 127.0.0.1<28028>
e1a433d6d93644e090a8bcad4f3a7ab4000001:45885:45885 [3] NCCL INFO RAS client listening socket at 127.0.0.1<28028>
e1a433d6d93644e090a8bcad4f3a7ab4000001:45882:45882 [0] NCCL INFO RAS client listening socket at 127.0.0.1<28028>
e1a433d6d93644e090a8bcad4f3a7ab4000001:45884:45884 [2] NCCL INFO Bootstrap timings total 0.015935 (create 0.000048, send 0.000190, recv 0.015078, ring 0.000160, delay 0.000001)
e1a433d6d93644e090a8bcad4f3a7ab4000001:45885:45885 [3] NCCL INFO Bootstrap timings total 0.000956 (create 0.000034, send 0.000121, recv 0.000290, ring 0.000122, delay 0.000001)
e1a433d6d93644e090a8bcad4f3a7ab4000001:45882:45882 [0] NCCL INFO Bootstrap timings total 0.071223 (create 0.000049, send 0.000183, recv 0.002662, ring 0.000093, delay 0.000001)
e1a433d6d93644e090a8bcad4f3a7ab4000001:45883:45883 [1] NCCL INFO Bootstrap timings total 0.068787 (create 0.000049, send 0.000182, recv 0.053084, ring 0.015022, delay 0.000001)
e1a433d6d93644e090a8bcad4f3a7ab4000001:45883:45883 [1] NCCL INFO ncclTopoGetCpuAffinity: Affinity for GPU 1 is 24-47. (GPU affinity = 24-47 ; CPU affinity = 0-95).
e1a433d6d93644e090a8bcad4f3a7ab4000001:45885:45885 [3] NCCL INFO ncclTopoGetCpuAffinity: Affinity for GPU 3 is 72-95. (GPU affinity = 72-95 ; CPU affinity = 0-95).
e1a433d6d93644e090a8bcad4f3a7ab4000001:45885:45885 [3] NCCL INFO NVLS multicast support is not available on dev 3 (NVLS_NCHANNELS 0)
e1a433d6d93644e090a8bcad4f3a7ab4000001:45883:45883 [1] NCCL INFO NVLS multicast support is not available on dev 1 (NVLS_NCHANNELS 0)
e1a433d6d93644e090a8bcad4f3a7ab4000001:45884:45884 [2] NCCL INFO ncclTopoGetCpuAffinity: Affinity for GPU 2 is 48-71. (GPU affinity = 48-71 ; CPU affinity = 0-95).
e1a433d6d93644e090a8bcad4f3a7ab4000001:45884:45884 [2] NCCL INFO NVLS multicast support is not available on dev 2 (NVLS_NCHANNELS 0)
e1a433d6d93644e090a8bcad4f3a7ab4000001:45882:45882 [0] NCCL INFO ncclTopoGetCpuAffinity: Affinity for GPU 0 is 0-23. (GPU affinity = 0-23 ; CPU affinity = 0-95).
e1a433d6d93644e090a8bcad4f3a7ab4000001:45882:45882 [0] NCCL INFO NVLS multicast support is not available on dev 0 (NVLS_NCHANNELS 0)
e1a433d6d93644e090a8bcad4f3a7ab4000001:45882:45882 [0] NCCL INFO comm 0x460d64c0 rank 0 nRanks 4 nNodes 1 localRanks 4 localRank 0 MNNVL 0
e1a433d6d93644e090a8bcad4f3a7ab4000001:45883:45883 [1] NCCL INFO comm 0x14d06fe0 rank 1 nRanks 4 nNodes 1 localRanks 4 localRank 1 MNNVL 0
e1a433d6d93644e090a8bcad4f3a7ab4000001:45885:45885 [3] NCCL INFO comm 0x34f5b7f0 rank 3 nRanks 4 nNodes 1 localRanks 4 localRank 3 MNNVL 0
e1a433d6d93644e090a8bcad4f3a7ab4000001:45882:45882 [0] NCCL INFO Channel 00/08 : 0 1 2 3
e1a433d6d93644e090a8bcad4f3a7ab4000001:45882:45882 [0] NCCL INFO Channel 01/08 : 0 1 2 3
e1a433d6d93644e090a8bcad4f3a7ab4000001:45882:45882 [0] NCCL INFO Channel 02/08 : 0 1 2 3
e1a433d6d93644e090a8bcad4f3a7ab4000001:45883:45883 [1] NCCL INFO Trees [0] 2/-1/-1->1->0 [1] 2/-1/-1->1->0 [2] 2/-1/-1->1->0 [3] 2/-1/-1->1->0 [4] 2/-1/-1->1->0 [5] 2/-1/-1->1->0 [6] 2/-1/-1->1->0 [7] 2/-1/-1->1->0
e1a433d6d93644e090a8bcad4f3a7ab4000001:45882:45882 [0] NCCL INFO Channel 03/08 : 0 1 2 3
e1a433d6d93644e090a8bcad4f3a7ab4000001:45882:45882 [0] NCCL INFO Channel 04/08 : 0 1 2 3
e1a433d6d93644e090a8bcad4f3a7ab4000001:45883:45883 [1] NCCL INFO P2P Chunksize set to 131072
e1a433d6d93644e090a8bcad4f3a7ab4000001:45882:45882 [0] NCCL INFO Channel 05/08 : 0 1 2 3
e1a433d6d93644e090a8bcad4f3a7ab4000001:45882:45882 [0] NCCL INFO Channel 06/08 : 0 1 2 3
e1a433d6d93644e090a8bcad4f3a7ab4000001:45884:45884 [2] NCCL INFO comm 0x471bc270 rank 2 nRanks 4 nNodes 1 localRanks 4 localRank 2 MNNVL 0
e1a433d6d93644e090a8bcad4f3a7ab4000001:45885:45885 [3] NCCL INFO Trees [0] -1/-1/-1->3->2 [1] -1/-1/-1->3->2 [2] -1/-1/-1->3->2 [3] -1/-1/-1->3->2 [4] -1/-1/-1->3->2 [5] -1/-1/-1->3->2 [6] -1/-1/-1->3->2 [7] -1/-1/-1->3->2
e1a433d6d93644e090a8bcad4f3a7ab4000001:45882:45882 [0] NCCL INFO Channel 07/08 : 0 1 2 3
e1a433d6d93644e090a8bcad4f3a7ab4000001:45885:45885 [3] NCCL INFO P2P Chunksize set to 131072
e1a433d6d93644e090a8bcad4f3a7ab4000001:45882:45882 [0] NCCL INFO Trees [0] 1/-1/-1->0->-1 [1] 1/-1/-1->0->-1 [2] 1/-1/-1->0->-1 [3] 1/-1/-1->0->-1 [4] 1/-1/-1->0->-1 [5] 1/-1/-1->0->-1 [6] 1/-1/-1->0->-1 [7] 1/-1/-1->0->-1
e1a433d6d93644e090a8bcad4f3a7ab4000001:45882:45882 [0] NCCL INFO P2P Chunksize set to 131072
e1a433d6d93644e090a8bcad4f3a7ab4000001:45884:45884 [2] NCCL INFO Trees [0] 3/-1/-1->2->1 [1] 3/-1/-1->2->1 [2] 3/-1/-1->2->1 [3] 3/-1/-1->2->1 [4] 3/-1/-1->2->1 [5] 3/-1/-1->2->1 [6] 3/-1/-1->2->1 [7] 3/-1/-1->2->1
e1a433d6d93644e090a8bcad4f3a7ab4000001:45884:45884 [2] NCCL INFO P2P Chunksize set to 131072
e1a433d6d93644e090a8bcad4f3a7ab4000001:45883:45883 [1] NCCL INFO PROFILER/Plugin: Could not find: libnccl-profiler.so
e1a433d6d93644e090a8bcad4f3a7ab4000001:45885:45885 [3] NCCL INFO PROFILER/Plugin: Could not find: libnccl-profiler.so
e1a433d6d93644e090a8bcad4f3a7ab4000001:45885:45885 [3] NCCL INFO Check P2P Type isAllDirectP2p 0 directMode 0 isAllCudaP2p 0
e1a433d6d93644e090a8bcad4f3a7ab4000001:45883:45883 [1] NCCL INFO Check P2P Type isAllDirectP2p 0 directMode 0 isAllCudaP2p 0
e1a433d6d93644e090a8bcad4f3a7ab4000001:45882:45882 [0] NCCL INFO PROFILER/Plugin: Could not find: libnccl-profiler.so
e1a433d6d93644e090a8bcad4f3a7ab4000001:45884:45884 [2] NCCL INFO PROFILER/Plugin: Could not find: libnccl-profiler.so
e1a433d6d93644e090a8bcad4f3a7ab4000001:45882:45882 [0] NCCL INFO Check P2P Type isAllDirectP2p 0 directMode 0 isAllCudaP2p 0
e1a433d6d93644e090a8bcad4f3a7ab4000001:45884:45884 [2] NCCL INFO Check P2P Type isAllDirectP2p 0 directMode 0 isAllCudaP2p 0
e1a433d6d93644e090a8bcad4f3a7ab4000001:45885:45924 [0] NCCL INFO [Proxy Service] Device 3 CPU core 80
e1a433d6d93644e090a8bcad4f3a7ab4000001:45885:45929 [0] NCCL INFO [Proxy Service UDS] Device 3 CPU core 76
e1a433d6d93644e090a8bcad4f3a7ab4000001:45883:45923 [0] NCCL INFO [Proxy Service] Device 1 CPU core 39
e1a433d6d93644e090a8bcad4f3a7ab4000001:45882:45925 [0] NCCL INFO [Proxy Service] Device 0 CPU core 10
e1a433d6d93644e090a8bcad4f3a7ab4000001:45883:45927 [0] NCCL INFO [Proxy Service UDS] Device 1 CPU core 47
e1a433d6d93644e090a8bcad4f3a7ab4000001:45882:45928 [0] NCCL INFO [Proxy Service UDS] Device 0 CPU core 20
e1a433d6d93644e090a8bcad4f3a7ab4000001:45884:45926 [0] NCCL INFO [Proxy Service] Device 2 CPU core 68
e1a433d6d93644e090a8bcad4f3a7ab4000001:45884:45930 [0] NCCL INFO [Proxy Service UDS] Device 2 CPU core 50
e1a433d6d93644e090a8bcad4f3a7ab4000001:45884:45884 [2] NCCL INFO TUNER/Plugin: Could not find: libnccl-tuner.so
e1a433d6d93644e090a8bcad4f3a7ab4000001:45884:45884 [2] NCCL INFO threadThresholds 8/8/64 | 32/8/64 | 512 | 512
e1a433d6d93644e090a8bcad4f3a7ab4000001:45884:45884 [2] NCCL INFO 8 coll channels, 8 collnet channels, 0 nvls channels, 8 p2p channels, 2 p2p channels per peer
e1a433d6d93644e090a8bcad4f3a7ab4000001:45885:45885 [3] NCCL INFO TUNER/Plugin: Could not find: libnccl-tuner.so
e1a433d6d93644e090a8bcad4f3a7ab4000001:45883:45883 [1] NCCL INFO TUNER/Plugin: Could not find: libnccl-tuner.so
e1a433d6d93644e090a8bcad4f3a7ab4000001:45885:45885 [3] NCCL INFO threadThresholds 8/8/64 | 32/8/64 | 512 | 512
e1a433d6d93644e090a8bcad4f3a7ab4000001:45885:45885 [3] NCCL INFO 8 coll channels, 8 collnet channels, 0 nvls channels, 8 p2p channels, 2 p2p channels per peer
e1a433d6d93644e090a8bcad4f3a7ab4000001:45883:45883 [1] NCCL INFO threadThresholds 8/8/64 | 32/8/64 | 512 | 512
e1a433d6d93644e090a8bcad4f3a7ab4000001:45883:45883 [1] NCCL INFO 8 coll channels, 8 collnet channels, 0 nvls channels, 8 p2p channels, 2 p2p channels per peer
e1a433d6d93644e090a8bcad4f3a7ab4000001:45882:45882 [0] NCCL INFO TUNER/Plugin: Could not find: libnccl-tuner.so
e1a433d6d93644e090a8bcad4f3a7ab4000001:45882:45882 [0] NCCL INFO threadThresholds 8/8/64 | 32/8/64 | 512 | 512
e1a433d6d93644e090a8bcad4f3a7ab4000001:45882:45882 [0] NCCL INFO 8 coll channels, 8 collnet channels, 0 nvls channels, 8 p2p channels, 2 p2p channels per peer
e1a433d6d93644e090a8bcad4f3a7ab4000001:45882:45882 [0] NCCL INFO CC Off, workFifoBytes 1048576
e1a433d6d93644e090a8bcad4f3a7ab4000001:45885:45885 [3] NCCL INFO ncclCommInitRankConfig comm 0x34f5b7f0 rank 3 nranks 4 cudaDev 3 nvmlDev 3 busId 400000 commId 0xd1f21712b529048 - Init COMPLETE
e1a433d6d93644e090a8bcad4f3a7ab4000001:45883:45883 [1] NCCL INFO ncclCommInitRankConfig comm 0x14d06fe0 rank 1 nranks 4 cudaDev 1 nvmlDev 1 busId 200000 commId 0xd1f21712b529048 - Init COMPLETE
e1a433d6d93644e090a8bcad4f3a7ab4000001:45883:45883 [1] NCCL INFO Init timings - ncclCommInitRankConfig: rank 1 nranks 4 total 0.22 (kernels 0.12, alloc 0.00, bootstrap 0.07, allgathers 0.00, topo 0.02, graphs 0.00, connections 0.01, rest 0.00)
e1a433d6d93644e090a8bcad4f3a7ab4000001:45885:45885 [3] NCCL INFO Init timings - ncclCommInitRankConfig: rank 3 nranks 4 total 0.16 (kernels 0.12, alloc 0.00, bootstrap 0.00, allgathers 0.00, topo 0.02, graphs 0.00, connections 0.01, rest 0.00)
e1a433d6d93644e090a8bcad4f3a7ab4000001:45884:45884 [2] NCCL INFO ncclCommInitRankConfig comm 0x471bc270 rank 2 nranks 4 cudaDev 2 nvmlDev 2 busId 300000 commId 0xd1f21712b529048 - Init COMPLETE
e1a433d6d93644e090a8bcad4f3a7ab4000001:45884:45884 [2] NCCL INFO Init timings - ncclCommInitRankConfig: rank 2 nranks 4 total 0.17 (kernels 0.12, alloc 0.00, bootstrap 0.02, allgathers 0.00, topo 0.02, graphs 0.00, connections 0.01, rest 0.00)
e1a433d6d93644e090a8bcad4f3a7ab4000001:45882:45882 [0] NCCL INFO ncclCommInitRankConfig comm 0x460d64c0 rank 0 nranks 4 cudaDev 0 nvmlDev 0 busId 100000 commId 0xd1f21712b529048 - Init COMPLETE
e1a433d6d93644e090a8bcad4f3a7ab4000001:45882:45882 [0] NCCL INFO Init timings - ncclCommInitRankConfig: rank 0 nranks 4 total 0.23 (kernels 0.12, alloc 0.00, bootstrap 0.07, allgathers 0.00, topo 0.02, graphs 0.00, connections 0.01, rest 0.00)
e1a433d6d93644e090a8bcad4f3a7ab4000001:45883:45883 [1] NCCL INFO Channel 00 : 1[1] -> 2[2] via SHM/direct/direct
e1a433d6d93644e090a8bcad4f3a7ab4000001:45885:45885 [3] NCCL INFO Channel 00 : 3[3] -> 0[0] via SHM/direct/direct
e1a433d6d93644e090a8bcad4f3a7ab4000001:45885:45885 [3] NCCL INFO Channel 01 : 3[3] -> 0[0] via SHM/direct/direct
e1a433d6d93644e090a8bcad4f3a7ab4000001:45883:45883 [1] NCCL INFO Channel 01 : 1[1] -> 2[2] via SHM/direct/direct
e1a433d6d93644e090a8bcad4f3a7ab4000001:45883:45883 [1] NCCL INFO Channel 02 : 1[1] -> 2[2] via SHM/direct/direct
e1a433d6d93644e090a8bcad4f3a7ab4000001:45885:45885 [3] NCCL INFO Channel 02 : 3[3] -> 0[0] via SHM/direct/direct
e1a433d6d93644e090a8bcad4f3a7ab4000001:45885:45885 [3] NCCL INFO Channel 03 : 3[3] -> 0[0] via SHM/direct/direct
e1a433d6d93644e090a8bcad4f3a7ab4000001:45883:45883 [1] NCCL INFO Channel 03 : 1[1] -> 2[2] via SHM/direct/direct
e1a433d6d93644e090a8bcad4f3a7ab4000001:45883:45883 [1] NCCL INFO Channel 04 : 1[1] -> 2[2] via SHM/direct/direct
e1a433d6d93644e090a8bcad4f3a7ab4000001:45885:45885 [3] NCCL INFO Channel 04 : 3[3] -> 0[0] via SHM/direct/direct
e1a433d6d93644e090a8bcad4f3a7ab4000001:45883:45883 [1] NCCL INFO Channel 05 : 1[1] -> 2[2] via SHM/direct/direct
e1a433d6d93644e090a8bcad4f3a7ab4000001:45885:45885 [3] NCCL INFO Channel 05 : 3[3] -> 0[0] via SHM/direct/direct
e1a433d6d93644e090a8bcad4f3a7ab4000001:45884:45884 [2] NCCL INFO Channel 00/0 : 2[2] -> 3[3] via P2P/CUMEM/read
e1a433d6d93644e090a8bcad4f3a7ab4000001:45882:45882 [0] NCCL INFO Channel 00/0 : 0[0] -> 1[1] via P2P/CUMEM/read
e1a433d6d93644e090a8bcad4f3a7ab4000001:45882:45882 [0] NCCL INFO Channel 01/0 : 0[0] -> 1[1] via P2P/CUMEM/read
e1a433d6d93644e090a8bcad4f3a7ab4000001:45884:45884 [2] NCCL INFO Channel 01/0 : 2[2] -> 3[3] via P2P/CUMEM/read
e1a433d6d93644e090a8bcad4f3a7ab4000001:45883:45883 [1] NCCL INFO Channel 06 : 1[1] -> 2[2] via SHM/direct/direct
e1a433d6d93644e090a8bcad4f3a7ab4000001:45885:45885 [3] NCCL INFO Channel 06 : 3[3] -> 0[0] via SHM/direct/direct
e1a433d6d93644e090a8bcad4f3a7ab4000001:45882:45882 [0] NCCL INFO Channel 02/0 : 0[0] -> 1[1] via P2P/CUMEM/read
e1a433d6d93644e090a8bcad4f3a7ab4000001:45884:45884 [2] NCCL INFO Channel 02/0 : 2[2] -> 3[3] via P2P/CUMEM/read
e1a433d6d93644e090a8bcad4f3a7ab4000001:45882:45882 [0] NCCL INFO Channel 03/0 : 0[0] -> 1[1] via P2P/CUMEM/read
e1a433d6d93644e090a8bcad4f3a7ab4000001:45884:45884 [2] NCCL INFO Channel 03/0 : 2[2] -> 3[3] via P2P/CUMEM/read
e1a433d6d93644e090a8bcad4f3a7ab4000001:45883:45883 [1] NCCL INFO Channel 07 : 1[1] -> 2[2] via SHM/direct/direct
e1a433d6d93644e090a8bcad4f3a7ab4000001:45885:45885 [3] NCCL INFO Channel 07 : 3[3] -> 0[0] via SHM/direct/direct
e1a433d6d93644e090a8bcad4f3a7ab4000001:45884:45884 [2] NCCL INFO Channel 04/0 : 2[2] -> 3[3] via P2P/CUMEM/read
e1a433d6d93644e090a8bcad4f3a7ab4000001:45882:45882 [0] NCCL INFO Channel 04/0 : 0[0] -> 1[1] via P2P/CUMEM/read
e1a433d6d93644e090a8bcad4f3a7ab4000001:45884:45884 [2] NCCL INFO Channel 05/0 : 2[2] -> 3[3] via P2P/CUMEM/read
e1a433d6d93644e090a8bcad4f3a7ab4000001:45882:45882 [0] NCCL INFO Channel 05/0 : 0[0] -> 1[1] via P2P/CUMEM/read
e1a433d6d93644e090a8bcad4f3a7ab4000001:45884:45884 [2] NCCL INFO Channel 06/0 : 2[2] -> 3[3] via P2P/CUMEM/read
e1a433d6d93644e090a8bcad4f3a7ab4000001:45882:45882 [0] NCCL INFO Channel 06/0 : 0[0] -> 1[1] via P2P/CUMEM/read
e1a433d6d93644e090a8bcad4f3a7ab4000001:45884:45884 [2] NCCL INFO Channel 07/0 : 2[2] -> 3[3] via P2P/CUMEM/read
e1a433d6d93644e090a8bcad4f3a7ab4000001:45882:45882 [0] NCCL INFO Channel 07/0 : 0[0] -> 1[1] via P2P/CUMEM/read
e1a433d6d93644e090a8bcad4f3a7ab4000001:45882:45882 [0] NCCL INFO Connected all rings, use ring PXN 0 GDR 1
e1a433d6d93644e090a8bcad4f3a7ab4000001:45884:45884 [2] NCCL INFO Connected all rings, use ring PXN 0 GDR 1
e1a433d6d93644e090a8bcad4f3a7ab4000001:45883:45883 [1] NCCL INFO Connected all rings, use ring PXN 0 GDR 1
e1a433d6d93644e090a8bcad4f3a7ab4000001:45885:45885 [3] NCCL INFO Connected all rings, use ring PXN 0 GDR 1
Hyperparameters:
  adam_eps: 1e-08
  adam_wd: 0.02
  beta1: 0.9
  beta2: 0.95
  clip_mult_early: 1.0
  clip_mult_late: 1.0
  clip_mult_loop: 1.0
  clip_mult_mid: 1.0
  compress_ans: True
  compress_brotli: True
  compress_lzma: True
  compressor: brotli
  data_dir: ./data2/
  datasets_dir: ./data2/datasets/fineweb10B_sp8192
  distributed: True
  effective_train_seq_len: <property object at 0x153e683f10d0>
  ema_decay: 0.9965
  embed_bits: 8
  embed_clip_sigmas: 20.0
  embed_lr: 0.6
  embed_wd: 0.085
  embedding_dim: 512
  enable_looping_at: 0.35
  eval_seq_len: 2048
  eval_stride: 64
  fused_mlp: True
  fused_rope: False
  gated_attention: True
  gptq_calibration_batches: 64
  gptq_reserve_seconds: 12.0
  grad_accum_steps: 2
  grad_clip_norm: 0.3
  head_lr: 0.008
  hessian_clip_lambda: 0.0
  is_main_process: True
  iterations: 20000
  ln_scale: True
  local_rank: 0
  logfile: logs/exp46_clip15_rerun.txt
  logit_softcap: 20.0
  loop_embeddings: False
  loop_end: 5
  loop_layer_bits: 0
  loop_layer_clip_sigmas: 0.0
  loop_start: 3
  matrix_bits: 6
  matrix_clip_sigmas: 15.0
  matrix_lr: 0.022
  max_wallclock_seconds: 3600.0
  min_lr: 0.0
  mixed_seq_gpu_frac: 0.375
  mixed_seq_len: 0
  mlp_mult: 4.35
  model_dim: 512
  model_path: final_model.pt
  moe_enabled: False
  moe_layers: 
  moe_num_experts: 4
  moe_top_k: 2
  muon_backend_steps: 5
  muon_beta2: 0.95
  muon_momentum: 0.97
  muon_momentum_warmup_start: 0.92
  muon_momentum_warmup_steps: 1500
  muon_row_normalize: True
  muon_wd: 0.095
  normuon: False
  num_heads: 8
  num_kv_heads: 4
  num_layers: 11
  num_loops: 2
  parallel_residual_start: 7
  qk_gain_init: 5.25
  quantized_model_path: final_model.int6.ptz
  rank: 0
  rope_base: 10000.0
  rope_dims: 32
  rope_train_seq_len: 2048
  run_id: exp46_clip15_rerun
  scalar_lr: 0.022
  seed: 1337
  skip_gates_enabled: True
  sliding_window_enabled: True
  tie_embeddings: True
  tied_embed_init_std: 0.005
  tied_embed_lr: 0.03
  tokenizer_path: ./data2/tokenizers/fineweb_8192_bpe.model
  train_batch_tokens: 786432
  train_files: ./data2/datasets/fineweb10B_sp8192/fineweb_train_*.bin
  train_log_every: 500
  train_seq_len: 2048
  ttt_chunk_tokens: 32768
  ttt_enabled: False
  ttt_epochs: 3
  ttt_lr: 0.005
  ttt_momentum: 0.9
  val_batch_tokens: 524288
  val_files: ./data2/datasets/fineweb10B_sp8192/fineweb_val_*.bin
  val_loss_every: 4000
  varlen_attention: False
  vocab_size: 8192
  warmdown_frac: 0.85
  warmdown_wd_mult: 1.0
  warmup_steps: 20
  window_attn_layers: 
  window_attn_size: 0
  world_size: 4
  xsa_last_n: 11
train_shards: 80
val_tokens: 40540160
model_params:38152368
gptq:reserving 12s, effective=3588000ms
W0414 03:31:13.969000 45808 torch/distributed/elastic/agent/server/api.py:739] Received 1 death signal, shutting down workers
W0414 03:31:13.970000 45808 torch/distributed/elastic/multiprocessing/api.py:1012] Sending process 45882 closing signal SIGHUP
e1a433d6d93644e090a8bcad4f3a7ab4000001:45883:45923 [1] NCCL INFO [Service thread] Connection closed by localRank 0
e1a433d6d93644e090a8bcad4f3a7ab4000001:45885:45924 [3] NCCL INFO [Service thread] Connection closed by localRank 0
W0414 03:31:13.974000 45808 torch/distributed/elastic/multiprocessing/api.py:1012] Sending process 45883 closing signal SIGHUP
W0414 03:31:13.976000 45808 torch/distributed/elastic/multiprocessing/api.py:1012] Sending process 45884 closing signal SIGHUP
W0414 03:31:13.979000 45808 torch/distributed/elastic/multiprocessing/api.py:1012] Sending process 45885 closing signal SIGHUP
Traceback (most recent call last):
  File "/root/parameter-golf/.venv/bin/torchrun", line 6, in <module>
    sys.exit(main())
             ^^^^^^
  File "/root/parameter-golf/.venv/lib/python3.12/site-packages/torch/distributed/elastic/multiprocessing/errors/__init__.py", line 362, in wrapper
    return f(*args, **kwargs)
           ^^^^^^^^^^^^^^^^^^
  File "/root/parameter-golf/.venv/lib/python3.12/site-packages/torch/distributed/run.py", line 990, in main
    run(args)
  File "/root/parameter-golf/.venv/lib/python3.12/site-packages/torch/distributed/run.py", line 981, in run
    elastic_launch(
  File "/root/parameter-golf/.venv/lib/python3.12/site-packages/torch/distributed/launcher/api.py", line 170, in __call__
    return launch_agent(self._config, self._entrypoint, list(args))
           ^^^^^^^^^^^^^^^^^^^^^^^^^^^^^^^^^^^^^^^^^^^^^^^^^^^^^^^^
  File "/root/parameter-golf/.venv/lib/python3.12/site-packages/torch/distributed/launcher/api.py", line 308, in launch_agent
    result = agent.run()
             ^^^^^^^^^^^
  File "/root/parameter-golf/.venv/lib/python3.12/site-packages/torch/distributed/elastic/metrics/api.py", line 134, in wrapper
    result = f(*args, **kwargs)
             ^^^^^^^^^^^^^^^^^^
  File "/root/parameter-golf/.venv/lib/python3.12/site-packages/torch/distributed/elastic/agent/server/api.py", line 731, in run
    result = self._invoke_run(role)
             ^^^^^^^^^^^^^^^^^^^^^^
  File "/root/parameter-golf/.venv/lib/python3.12/site-packages/torch/distributed/elastic/agent/server/api.py", line 908, in _invoke_run
    time.sleep(monitor_interval)
  File "/root/parameter-golf/.venv/lib/python3.12/site-packages/torch/distributed/elastic/multiprocessing/api.py", line 86, in _terminate_process_handler
    raise SignalException(f"Process {os.getpid()} got signal: {sigval}", sigval=sigval)
torch.distributed.elastic.multiprocessing.api.SignalException: Process 45808 got signal: 1
