W0416 04:52:17.260000 456281 torch/distributed/run.py:851] 
W0416 04:52:17.260000 456281 torch/distributed/run.py:851] *****************************************
W0416 04:52:17.260000 456281 torch/distributed/run.py:851] Setting OMP_NUM_THREADS environment variable for each process to be 1 in default, to avoid your system being overloaded, please further tune the variable for optimal performance in your application as needed. 
W0416 04:52:17.260000 456281 torch/distributed/run.py:851] *****************************************
e1a433d6d93644e090a8bcad4f3a7ab4000001:456355:456355 [0] NCCL INFO ENV/Plugin: Could not find: libnccl-env.so
e1a433d6d93644e090a8bcad4f3a7ab4000001:456355:456355 [0] NCCL INFO Stack size limit (unlimited) is unsafe; will use 8192KB for newly launched threads
e1a433d6d93644e090a8bcad4f3a7ab4000001:456355:456355 [0] NCCL INFO NCCL_SOCKET_IFNAME set by environment to eth0
e1a433d6d93644e090a8bcad4f3a7ab4000001:456355:456355 [0] NCCL INFO Bootstrap: Using eth0:10.0.0.5<0>
e1a433d6d93644e090a8bcad4f3a7ab4000001:456355:456355 [0] NCCL INFO cudaDriverVersion 13020
e1a433d6d93644e090a8bcad4f3a7ab4000001:456357:456357 [2] NCCL INFO ENV/Plugin: Could not find: libnccl-env.so
e1a433d6d93644e090a8bcad4f3a7ab4000001:456357:456357 [2] NCCL INFO cudaDriverVersion 13020
e1a433d6d93644e090a8bcad4f3a7ab4000001:456355:456355 [0] NCCL INFO NCCL version 2.28.9+cuda13.0
e1a433d6d93644e090a8bcad4f3a7ab4000001:456357:456357 [2] NCCL INFO Stack size limit (unlimited) is unsafe; will use 8192KB for newly launched threads
e1a433d6d93644e090a8bcad4f3a7ab4000001:456357:456357 [2] NCCL INFO NCCL_SOCKET_IFNAME set by environment to eth0
e1a433d6d93644e090a8bcad4f3a7ab4000001:456357:456357 [2] NCCL INFO Bootstrap: Using eth0:10.0.0.5<0>
e1a433d6d93644e090a8bcad4f3a7ab4000001:456357:456357 [2] NCCL INFO NCCL version 2.28.9+cuda13.0
e1a433d6d93644e090a8bcad4f3a7ab4000001:456355:456355 [0] NCCL INFO Comm config Blocking set to 1
e1a433d6d93644e090a8bcad4f3a7ab4000001:456357:456357 [2] NCCL INFO Comm config Blocking set to 1
e1a433d6d93644e090a8bcad4f3a7ab4000001:456356:456356 [1] NCCL INFO ENV/Plugin: Could not find: libnccl-env.so
e1a433d6d93644e090a8bcad4f3a7ab4000001:456356:456356 [1] NCCL INFO cudaDriverVersion 13020
e1a433d6d93644e090a8bcad4f3a7ab4000001:456356:456356 [1] NCCL INFO Stack size limit (unlimited) is unsafe; will use 8192KB for newly launched threads
e1a433d6d93644e090a8bcad4f3a7ab4000001:456356:456356 [1] NCCL INFO NCCL_SOCKET_IFNAME set by environment to eth0
e1a433d6d93644e090a8bcad4f3a7ab4000001:456356:456356 [1] NCCL INFO Bootstrap: Using eth0:10.0.0.5<0>
e1a433d6d93644e090a8bcad4f3a7ab4000001:456356:456356 [1] NCCL INFO NCCL version 2.28.9+cuda13.0
e1a433d6d93644e090a8bcad4f3a7ab4000001:456356:456356 [1] NCCL INFO Comm config Blocking set to 1
e1a433d6d93644e090a8bcad4f3a7ab4000001:456355:456355 [0] NCCL INFO NET/Plugin: Could not find: libnccl-net.so
e1a433d6d93644e090a8bcad4f3a7ab4000001:456355:456355 [0] NCCL INFO NCCL_IB_DISABLE set by environment to 1.
e1a433d6d93644e090a8bcad4f3a7ab4000001:456355:456355 [0] NCCL INFO transport/net_ib.cc:852 -> 3
e1a433d6d93644e090a8bcad4f3a7ab4000001:456355:456355 [0] NCCL INFO Failed to initialize NET plugin IB
e1a433d6d93644e090a8bcad4f3a7ab4000001:456355:456355 [0] NCCL INFO NCCL_SOCKET_IFNAME set by environment to eth0
e1a433d6d93644e090a8bcad4f3a7ab4000001:456355:456355 [0] NCCL INFO NET/Socket : Using [0]eth0:10.0.0.5<0>
e1a433d6d93644e090a8bcad4f3a7ab4000001:456355:456355 [0] NCCL INFO Initialized NET plugin Socket
e1a433d6d93644e090a8bcad4f3a7ab4000001:456355:456355 [0] NCCL INFO Assigned NET plugin Socket to comm
e1a433d6d93644e090a8bcad4f3a7ab4000001:456355:456355 [0] NCCL INFO Using network Socket
e1a433d6d93644e090a8bcad4f3a7ab4000001:456355:456355 [0] NCCL INFO ncclCommInitRankConfig comm 0x3cb75870 rank 0 nranks 4 cudaDev 0 nvmlDev 0 busId 100000 commId 0xfe5b0ccc0fc96a44 - Init START
e1a433d6d93644e090a8bcad4f3a7ab4000001:456357:456357 [2] NCCL INFO NET/Plugin: Could not find: libnccl-net.so
e1a433d6d93644e090a8bcad4f3a7ab4000001:456357:456357 [2] NCCL INFO NCCL_IB_DISABLE set by environment to 1.
e1a433d6d93644e090a8bcad4f3a7ab4000001:456357:456357 [2] NCCL INFO transport/net_ib.cc:852 -> 3
e1a433d6d93644e090a8bcad4f3a7ab4000001:456357:456357 [2] NCCL INFO Failed to initialize NET plugin IB
e1a433d6d93644e090a8bcad4f3a7ab4000001:456357:456357 [2] NCCL INFO NCCL_SOCKET_IFNAME set by environment to eth0
e1a433d6d93644e090a8bcad4f3a7ab4000001:456357:456357 [2] NCCL INFO NET/Socket : Using [0]eth0:10.0.0.5<0>
e1a433d6d93644e090a8bcad4f3a7ab4000001:456357:456357 [2] NCCL INFO Initialized NET plugin Socket
e1a433d6d93644e090a8bcad4f3a7ab4000001:456357:456357 [2] NCCL INFO Assigned NET plugin Socket to comm
e1a433d6d93644e090a8bcad4f3a7ab4000001:456357:456357 [2] NCCL INFO Using network Socket
e1a433d6d93644e090a8bcad4f3a7ab4000001:456357:456357 [2] NCCL INFO ncclCommInitRankConfig comm 0x2a862c20 rank 2 nranks 4 cudaDev 2 nvmlDev 2 busId 300000 commId 0xfe5b0ccc0fc96a44 - Init START
e1a433d6d93644e090a8bcad4f3a7ab4000001:456358:456358 [3] NCCL INFO ENV/Plugin: Could not find: libnccl-env.so
e1a433d6d93644e090a8bcad4f3a7ab4000001:456358:456358 [3] NCCL INFO cudaDriverVersion 13020
e1a433d6d93644e090a8bcad4f3a7ab4000001:456358:456358 [3] NCCL INFO Stack size limit (unlimited) is unsafe; will use 8192KB for newly launched threads
e1a433d6d93644e090a8bcad4f3a7ab4000001:456358:456358 [3] NCCL INFO NCCL_SOCKET_IFNAME set by environment to eth0
e1a433d6d93644e090a8bcad4f3a7ab4000001:456358:456358 [3] NCCL INFO Bootstrap: Using eth0:10.0.0.5<0>
e1a433d6d93644e090a8bcad4f3a7ab4000001:456358:456358 [3] NCCL INFO NCCL version 2.28.9+cuda13.0
e1a433d6d93644e090a8bcad4f3a7ab4000001:456358:456358 [3] NCCL INFO Comm config Blocking set to 1
e1a433d6d93644e090a8bcad4f3a7ab4000001:456356:456356 [1] NCCL INFO NET/Plugin: Could not find: libnccl-net.so
e1a433d6d93644e090a8bcad4f3a7ab4000001:456356:456356 [1] NCCL INFO NCCL_IB_DISABLE set by environment to 1.
e1a433d6d93644e090a8bcad4f3a7ab4000001:456356:456356 [1] NCCL INFO transport/net_ib.cc:852 -> 3
e1a433d6d93644e090a8bcad4f3a7ab4000001:456356:456356 [1] NCCL INFO Failed to initialize NET plugin IB
e1a433d6d93644e090a8bcad4f3a7ab4000001:456356:456356 [1] NCCL INFO NCCL_SOCKET_IFNAME set by environment to eth0
e1a433d6d93644e090a8bcad4f3a7ab4000001:456356:456356 [1] NCCL INFO NET/Socket : Using [0]eth0:10.0.0.5<0>
e1a433d6d93644e090a8bcad4f3a7ab4000001:456356:456356 [1] NCCL INFO Initialized NET plugin Socket
e1a433d6d93644e090a8bcad4f3a7ab4000001:456356:456356 [1] NCCL INFO Assigned NET plugin Socket to comm
e1a433d6d93644e090a8bcad4f3a7ab4000001:456356:456356 [1] NCCL INFO Using network Socket
e1a433d6d93644e090a8bcad4f3a7ab4000001:456356:456356 [1] NCCL INFO ncclCommInitRankConfig comm 0x3c43b270 rank 1 nranks 4 cudaDev 1 nvmlDev 1 busId 200000 commId 0xfe5b0ccc0fc96a44 - Init START
e1a433d6d93644e090a8bcad4f3a7ab4000001:456356:456356 [1] NCCL INFO RAS client listening socket at 127.0.0.1<28028>
e1a433d6d93644e090a8bcad4f3a7ab4000001:456358:456358 [3] NCCL INFO NET/Plugin: Could not find: libnccl-net.so
e1a433d6d93644e090a8bcad4f3a7ab4000001:456358:456358 [3] NCCL INFO NCCL_IB_DISABLE set by environment to 1.
e1a433d6d93644e090a8bcad4f3a7ab4000001:456358:456358 [3] NCCL INFO transport/net_ib.cc:852 -> 3
e1a433d6d93644e090a8bcad4f3a7ab4000001:456358:456358 [3] NCCL INFO Failed to initialize NET plugin IB
e1a433d6d93644e090a8bcad4f3a7ab4000001:456358:456358 [3] NCCL INFO NCCL_SOCKET_IFNAME set by environment to eth0
e1a433d6d93644e090a8bcad4f3a7ab4000001:456358:456358 [3] NCCL INFO NET/Socket : Using [0]eth0:10.0.0.5<0>
e1a433d6d93644e090a8bcad4f3a7ab4000001:456358:456358 [3] NCCL INFO Initialized NET plugin Socket
e1a433d6d93644e090a8bcad4f3a7ab4000001:456358:456358 [3] NCCL INFO Assigned NET plugin Socket to comm
e1a433d6d93644e090a8bcad4f3a7ab4000001:456358:456358 [3] NCCL INFO Using network Socket
e1a433d6d93644e090a8bcad4f3a7ab4000001:456358:456358 [3] NCCL INFO ncclCommInitRankConfig comm 0x3b26dbd0 rank 3 nranks 4 cudaDev 3 nvmlDev 3 busId 400000 commId 0xfe5b0ccc0fc96a44 - Init START
e1a433d6d93644e090a8bcad4f3a7ab4000001:456357:456357 [2] NCCL INFO RAS client listening socket at 127.0.0.1<28028>
e1a433d6d93644e090a8bcad4f3a7ab4000001:456355:456355 [0] NCCL INFO RAS client listening socket at 127.0.0.1<28028>
e1a433d6d93644e090a8bcad4f3a7ab4000001:456358:456358 [3] NCCL INFO RAS client listening socket at 127.0.0.1<28028>
e1a433d6d93644e090a8bcad4f3a7ab4000001:456357:456357 [2] NCCL INFO Bootstrap timings total 0.160652 (create 0.000042, send 0.000173, recv 0.159731, ring 0.000319, delay 0.000001)
e1a433d6d93644e090a8bcad4f3a7ab4000001:456355:456355 [0] NCCL INFO Bootstrap timings total 0.164880 (create 0.000038, send 0.000191, recv 0.113668, ring 0.000291, delay 0.000001)
e1a433d6d93644e090a8bcad4f3a7ab4000001:456358:456358 [3] NCCL INFO Bootstrap timings total 0.001063 (create 0.000049, send 0.000133, recv 0.000230, ring 0.000081, delay 0.000001)
e1a433d6d93644e090a8bcad4f3a7ab4000001:456356:456356 [1] NCCL INFO Bootstrap timings total 0.051412 (create 0.000040, send 0.000155, recv 0.000298, ring 0.050277, delay 0.000001)
e1a433d6d93644e090a8bcad4f3a7ab4000001:456358:456358 [3] NCCL INFO ncclTopoGetCpuAffinity: Affinity for GPU 3 is 72-95. (GPU affinity = 72-95 ; CPU affinity = 0-95).
e1a433d6d93644e090a8bcad4f3a7ab4000001:456357:456357 [2] NCCL INFO ncclTopoGetCpuAffinity: Affinity for GPU 2 is 48-71. (GPU affinity = 48-71 ; CPU affinity = 0-95).
e1a433d6d93644e090a8bcad4f3a7ab4000001:456358:456358 [3] NCCL INFO NVLS multicast support is not available on dev 3 (NVLS_NCHANNELS 0)
e1a433d6d93644e090a8bcad4f3a7ab4000001:456357:456357 [2] NCCL INFO NVLS multicast support is not available on dev 2 (NVLS_NCHANNELS 0)
e1a433d6d93644e090a8bcad4f3a7ab4000001:456356:456356 [1] NCCL INFO ncclTopoGetCpuAffinity: Affinity for GPU 1 is 24-47. (GPU affinity = 24-47 ; CPU affinity = 0-95).
e1a433d6d93644e090a8bcad4f3a7ab4000001:456356:456356 [1] NCCL INFO NVLS multicast support is not available on dev 1 (NVLS_NCHANNELS 0)
e1a433d6d93644e090a8bcad4f3a7ab4000001:456355:456355 [0] NCCL INFO ncclTopoGetCpuAffinity: Affinity for GPU 0 is 0-23. (GPU affinity = 0-23 ; CPU affinity = 0-95).
e1a433d6d93644e090a8bcad4f3a7ab4000001:456355:456355 [0] NCCL INFO NVLS multicast support is not available on dev 0 (NVLS_NCHANNELS 0)
e1a433d6d93644e090a8bcad4f3a7ab4000001:456357:456357 [2] NCCL INFO comm 0x2a862c20 rank 2 nRanks 4 nNodes 1 localRanks 4 localRank 2 MNNVL 0
e1a433d6d93644e090a8bcad4f3a7ab4000001:456358:456358 [3] NCCL INFO comm 0x3b26dbd0 rank 3 nRanks 4 nNodes 1 localRanks 4 localRank 3 MNNVL 0
e1a433d6d93644e090a8bcad4f3a7ab4000001:456356:456356 [1] NCCL INFO comm 0x3c43b270 rank 1 nRanks 4 nNodes 1 localRanks 4 localRank 1 MNNVL 0
e1a433d6d93644e090a8bcad4f3a7ab4000001:456355:456355 [0] NCCL INFO comm 0x3cb75870 rank 0 nRanks 4 nNodes 1 localRanks 4 localRank 0 MNNVL 0
e1a433d6d93644e090a8bcad4f3a7ab4000001:456357:456357 [2] NCCL INFO Trees [0] 3/-1/-1->2->1 [1] 3/-1/-1->2->1 [2] 3/-1/-1->2->1 [3] 3/-1/-1->2->1 [4] 3/-1/-1->2->1 [5] 3/-1/-1->2->1 [6] 3/-1/-1->2->1 [7] 3/-1/-1->2->1
e1a433d6d93644e090a8bcad4f3a7ab4000001:456358:456358 [3] NCCL INFO Trees [0] -1/-1/-1->3->2 [1] -1/-1/-1->3->2 [2] -1/-1/-1->3->2 [3] -1/-1/-1->3->2 [4] -1/-1/-1->3->2 [5] -1/-1/-1->3->2 [6] -1/-1/-1->3->2 [7] -1/-1/-1->3->2
e1a433d6d93644e090a8bcad4f3a7ab4000001:456356:456356 [1] NCCL INFO Trees [0] 2/-1/-1->1->0 [1] 2/-1/-1->1->0 [2] 2/-1/-1->1->0 [3] 2/-1/-1->1->0 [4] 2/-1/-1->1->0 [5] 2/-1/-1->1->0 [6] 2/-1/-1->1->0 [7] 2/-1/-1->1->0
e1a433d6d93644e090a8bcad4f3a7ab4000001:456355:456355 [0] NCCL INFO Channel 00/08 : 0 1 2 3
e1a433d6d93644e090a8bcad4f3a7ab4000001:456357:456357 [2] NCCL INFO P2P Chunksize set to 131072
e1a433d6d93644e090a8bcad4f3a7ab4000001:456358:456358 [3] NCCL INFO P2P Chunksize set to 131072
e1a433d6d93644e090a8bcad4f3a7ab4000001:456356:456356 [1] NCCL INFO P2P Chunksize set to 131072
e1a433d6d93644e090a8bcad4f3a7ab4000001:456355:456355 [0] NCCL INFO Channel 01/08 : 0 1 2 3
e1a433d6d93644e090a8bcad4f3a7ab4000001:456355:456355 [0] NCCL INFO Channel 02/08 : 0 1 2 3
e1a433d6d93644e090a8bcad4f3a7ab4000001:456355:456355 [0] NCCL INFO Channel 03/08 : 0 1 2 3
e1a433d6d93644e090a8bcad4f3a7ab4000001:456355:456355 [0] NCCL INFO Channel 04/08 : 0 1 2 3
e1a433d6d93644e090a8bcad4f3a7ab4000001:456355:456355 [0] NCCL INFO Channel 05/08 : 0 1 2 3
e1a433d6d93644e090a8bcad4f3a7ab4000001:456355:456355 [0] NCCL INFO Channel 06/08 : 0 1 2 3
e1a433d6d93644e090a8bcad4f3a7ab4000001:456355:456355 [0] NCCL INFO Channel 07/08 : 0 1 2 3
e1a433d6d93644e090a8bcad4f3a7ab4000001:456355:456355 [0] NCCL INFO Trees [0] 1/-1/-1->0->-1 [1] 1/-1/-1->0->-1 [2] 1/-1/-1->0->-1 [3] 1/-1/-1->0->-1 [4] 1/-1/-1->0->-1 [5] 1/-1/-1->0->-1 [6] 1/-1/-1->0->-1 [7] 1/-1/-1->0->-1
e1a433d6d93644e090a8bcad4f3a7ab4000001:456355:456355 [0] NCCL INFO P2P Chunksize set to 131072
e1a433d6d93644e090a8bcad4f3a7ab4000001:456357:456357 [2] NCCL INFO PROFILER/Plugin: Could not find: libnccl-profiler.so
e1a433d6d93644e090a8bcad4f3a7ab4000001:456357:456357 [2] NCCL INFO Check P2P Type isAllDirectP2p 0 directMode 0 isAllCudaP2p 0
e1a433d6d93644e090a8bcad4f3a7ab4000001:456358:456358 [3] NCCL INFO PROFILER/Plugin: Could not find: libnccl-profiler.so
e1a433d6d93644e090a8bcad4f3a7ab4000001:456356:456356 [1] NCCL INFO PROFILER/Plugin: Could not find: libnccl-profiler.so
e1a433d6d93644e090a8bcad4f3a7ab4000001:456358:456358 [3] NCCL INFO Check P2P Type isAllDirectP2p 0 directMode 0 isAllCudaP2p 0
e1a433d6d93644e090a8bcad4f3a7ab4000001:456356:456356 [1] NCCL INFO Check P2P Type isAllDirectP2p 0 directMode 0 isAllCudaP2p 0
e1a433d6d93644e090a8bcad4f3a7ab4000001:456355:456355 [0] NCCL INFO PROFILER/Plugin: Could not find: libnccl-profiler.so
e1a433d6d93644e090a8bcad4f3a7ab4000001:456355:456355 [0] NCCL INFO Check P2P Type isAllDirectP2p 0 directMode 0 isAllCudaP2p 0
e1a433d6d93644e090a8bcad4f3a7ab4000001:456358:456391 [0] NCCL INFO [Proxy Service] Device 3 CPU core 81
e1a433d6d93644e090a8bcad4f3a7ab4000001:456356:456392 [0] NCCL INFO [Proxy Service] Device 1 CPU core 40
e1a433d6d93644e090a8bcad4f3a7ab4000001:456357:456390 [0] NCCL INFO [Proxy Service] Device 2 CPU core 67
e1a433d6d93644e090a8bcad4f3a7ab4000001:456356:456396 [0] NCCL INFO [Proxy Service UDS] Device 1 CPU core 26
e1a433d6d93644e090a8bcad4f3a7ab4000001:456358:456394 [0] NCCL INFO [Proxy Service UDS] Device 3 CPU core 91
e1a433d6d93644e090a8bcad4f3a7ab4000001:456357:456393 [0] NCCL INFO [Proxy Service UDS] Device 2 CPU core 62
e1a433d6d93644e090a8bcad4f3a7ab4000001:456355:456395 [0] NCCL INFO [Proxy Service] Device 0 CPU core 18
e1a433d6d93644e090a8bcad4f3a7ab4000001:456355:456397 [0] NCCL INFO [Proxy Service UDS] Device 0 CPU core 11
e1a433d6d93644e090a8bcad4f3a7ab4000001:456355:456355 [0] NCCL INFO TUNER/Plugin: Could not find: libnccl-tuner.so
e1a433d6d93644e090a8bcad4f3a7ab4000001:456355:456355 [0] NCCL INFO threadThresholds 8/8/64 | 32/8/64 | 512 | 512
e1a433d6d93644e090a8bcad4f3a7ab4000001:456355:456355 [0] NCCL INFO 8 coll channels, 8 collnet channels, 0 nvls channels, 8 p2p channels, 2 p2p channels per peer
e1a433d6d93644e090a8bcad4f3a7ab4000001:456356:456356 [1] NCCL INFO TUNER/Plugin: Could not find: libnccl-tuner.so
e1a433d6d93644e090a8bcad4f3a7ab4000001:456356:456356 [1] NCCL INFO threadThresholds 8/8/64 | 32/8/64 | 512 | 512
e1a433d6d93644e090a8bcad4f3a7ab4000001:456356:456356 [1] NCCL INFO 8 coll channels, 8 collnet channels, 0 nvls channels, 8 p2p channels, 2 p2p channels per peer
e1a433d6d93644e090a8bcad4f3a7ab4000001:456357:456357 [2] NCCL INFO TUNER/Plugin: Could not find: libnccl-tuner.so
e1a433d6d93644e090a8bcad4f3a7ab4000001:456357:456357 [2] NCCL INFO threadThresholds 8/8/64 | 32/8/64 | 512 | 512
e1a433d6d93644e090a8bcad4f3a7ab4000001:456357:456357 [2] NCCL INFO 8 coll channels, 8 collnet channels, 0 nvls channels, 8 p2p channels, 2 p2p channels per peer
e1a433d6d93644e090a8bcad4f3a7ab4000001:456358:456358 [3] NCCL INFO TUNER/Plugin: Could not find: libnccl-tuner.so
e1a433d6d93644e090a8bcad4f3a7ab4000001:456358:456358 [3] NCCL INFO threadThresholds 8/8/64 | 32/8/64 | 512 | 512
e1a433d6d93644e090a8bcad4f3a7ab4000001:456358:456358 [3] NCCL INFO 8 coll channels, 8 collnet channels, 0 nvls channels, 8 p2p channels, 2 p2p channels per peer
e1a433d6d93644e090a8bcad4f3a7ab4000001:456355:456355 [0] NCCL INFO CC Off, workFifoBytes 1048576
e1a433d6d93644e090a8bcad4f3a7ab4000001:456357:456357 [2] NCCL INFO ncclCommInitRankConfig comm 0x2a862c20 rank 2 nranks 4 cudaDev 2 nvmlDev 2 busId 300000 commId 0xfe5b0ccc0fc96a44 - Init COMPLETE
e1a433d6d93644e090a8bcad4f3a7ab4000001:456357:456357 [2] NCCL INFO Init timings - ncclCommInitRankConfig: rank 2 nranks 4 total 0.37 (kernels 0.17, alloc 0.00, bootstrap 0.16, allgathers 0.00, topo 0.02, graphs 0.00, connections 0.01, rest 0.00)
e1a433d6d93644e090a8bcad4f3a7ab4000001:456356:456356 [1] NCCL INFO ncclCommInitRankConfig comm 0x3c43b270 rank 1 nranks 4 cudaDev 1 nvmlDev 1 busId 200000 commId 0xfe5b0ccc0fc96a44 - Init COMPLETE
e1a433d6d93644e090a8bcad4f3a7ab4000001:456356:456356 [1] NCCL INFO Init timings - ncclCommInitRankConfig: rank 1 nranks 4 total 0.21 (kernels 0.12, alloc 0.00, bootstrap 0.05, allgathers 0.00, topo 0.02, graphs 0.00, connections 0.01, rest 0.00)
e1a433d6d93644e090a8bcad4f3a7ab4000001:456355:456355 [0] NCCL INFO ncclCommInitRankConfig comm 0x3cb75870 rank 0 nranks 4 cudaDev 0 nvmlDev 0 busId 100000 commId 0xfe5b0ccc0fc96a44 - Init COMPLETE
e1a433d6d93644e090a8bcad4f3a7ab4000001:456358:456358 [3] NCCL INFO ncclCommInitRankConfig comm 0x3b26dbd0 rank 3 nranks 4 cudaDev 3 nvmlDev 3 busId 400000 commId 0xfe5b0ccc0fc96a44 - Init COMPLETE
e1a433d6d93644e090a8bcad4f3a7ab4000001:456355:456355 [0] NCCL INFO Init timings - ncclCommInitRankConfig: rank 0 nranks 4 total 0.38 (kernels 0.17, alloc 0.00, bootstrap 0.16, allgathers 0.00, topo 0.02, graphs 0.00, connections 0.01, rest 0.00)
e1a433d6d93644e090a8bcad4f3a7ab4000001:456358:456358 [3] NCCL INFO Init timings - ncclCommInitRankConfig: rank 3 nranks 4 total 0.16 (kernels 0.12, alloc 0.00, bootstrap 0.00, allgathers 0.00, topo 0.02, graphs 0.00, connections 0.01, rest 0.00)
e1a433d6d93644e090a8bcad4f3a7ab4000001:456356:456356 [1] NCCL INFO Channel 00 : 1[1] -> 2[2] via SHM/direct/direct
e1a433d6d93644e090a8bcad4f3a7ab4000001:456358:456358 [3] NCCL INFO Channel 00 : 3[3] -> 0[0] via SHM/direct/direct
e1a433d6d93644e090a8bcad4f3a7ab4000001:456358:456358 [3] NCCL INFO Channel 01 : 3[3] -> 0[0] via SHM/direct/direct
e1a433d6d93644e090a8bcad4f3a7ab4000001:456356:456356 [1] NCCL INFO Channel 01 : 1[1] -> 2[2] via SHM/direct/direct
e1a433d6d93644e090a8bcad4f3a7ab4000001:456358:456358 [3] NCCL INFO Channel 02 : 3[3] -> 0[0] via SHM/direct/direct
e1a433d6d93644e090a8bcad4f3a7ab4000001:456356:456356 [1] NCCL INFO Channel 02 : 1[1] -> 2[2] via SHM/direct/direct
e1a433d6d93644e090a8bcad4f3a7ab4000001:456356:456356 [1] NCCL INFO Channel 03 : 1[1] -> 2[2] via SHM/direct/direct
e1a433d6d93644e090a8bcad4f3a7ab4000001:456358:456358 [3] NCCL INFO Channel 03 : 3[3] -> 0[0] via SHM/direct/direct
e1a433d6d93644e090a8bcad4f3a7ab4000001:456355:456355 [0] NCCL INFO Channel 00/0 : 0[0] -> 1[1] via P2P/CUMEM/read
e1a433d6d93644e090a8bcad4f3a7ab4000001:456357:456357 [2] NCCL INFO Channel 00/0 : 2[2] -> 3[3] via P2P/CUMEM/read
e1a433d6d93644e090a8bcad4f3a7ab4000001:456355:456355 [0] NCCL INFO Channel 01/0 : 0[0] -> 1[1] via P2P/CUMEM/read
e1a433d6d93644e090a8bcad4f3a7ab4000001:456357:456357 [2] NCCL INFO Channel 01/0 : 2[2] -> 3[3] via P2P/CUMEM/read
e1a433d6d93644e090a8bcad4f3a7ab4000001:456358:456358 [3] NCCL INFO Channel 04 : 3[3] -> 0[0] via SHM/direct/direct
e1a433d6d93644e090a8bcad4f3a7ab4000001:456356:456356 [1] NCCL INFO Channel 04 : 1[1] -> 2[2] via SHM/direct/direct
e1a433d6d93644e090a8bcad4f3a7ab4000001:456355:456355 [0] NCCL INFO Channel 02/0 : 0[0] -> 1[1] via P2P/CUMEM/read
e1a433d6d93644e090a8bcad4f3a7ab4000001:456357:456357 [2] NCCL INFO Channel 02/0 : 2[2] -> 3[3] via P2P/CUMEM/read
e1a433d6d93644e090a8bcad4f3a7ab4000001:456355:456355 [0] NCCL INFO Channel 03/0 : 0[0] -> 1[1] via P2P/CUMEM/read
e1a433d6d93644e090a8bcad4f3a7ab4000001:456357:456357 [2] NCCL INFO Channel 03/0 : 2[2] -> 3[3] via P2P/CUMEM/read
e1a433d6d93644e090a8bcad4f3a7ab4000001:456358:456358 [3] NCCL INFO Channel 05 : 3[3] -> 0[0] via SHM/direct/direct
e1a433d6d93644e090a8bcad4f3a7ab4000001:456356:456356 [1] NCCL INFO Channel 05 : 1[1] -> 2[2] via SHM/direct/direct
e1a433d6d93644e090a8bcad4f3a7ab4000001:456355:456355 [0] NCCL INFO Channel 04/0 : 0[0] -> 1[1] via P2P/CUMEM/read
e1a433d6d93644e090a8bcad4f3a7ab4000001:456357:456357 [2] NCCL INFO Channel 04/0 : 2[2] -> 3[3] via P2P/CUMEM/read
e1a433d6d93644e090a8bcad4f3a7ab4000001:456355:456355 [0] NCCL INFO Channel 05/0 : 0[0] -> 1[1] via P2P/CUMEM/read
e1a433d6d93644e090a8bcad4f3a7ab4000001:456357:456357 [2] NCCL INFO Channel 05/0 : 2[2] -> 3[3] via P2P/CUMEM/read
e1a433d6d93644e090a8bcad4f3a7ab4000001:456358:456358 [3] NCCL INFO Channel 06 : 3[3] -> 0[0] via SHM/direct/direct
e1a433d6d93644e090a8bcad4f3a7ab4000001:456356:456356 [1] NCCL INFO Channel 06 : 1[1] -> 2[2] via SHM/direct/direct
e1a433d6d93644e090a8bcad4f3a7ab4000001:456355:456355 [0] NCCL INFO Channel 06/0 : 0[0] -> 1[1] via P2P/CUMEM/read
e1a433d6d93644e090a8bcad4f3a7ab4000001:456357:456357 [2] NCCL INFO Channel 06/0 : 2[2] -> 3[3] via P2P/CUMEM/read
e1a433d6d93644e090a8bcad4f3a7ab4000001:456355:456355 [0] NCCL INFO Channel 07/0 : 0[0] -> 1[1] via P2P/CUMEM/read
e1a433d6d93644e090a8bcad4f3a7ab4000001:456357:456357 [2] NCCL INFO Channel 07/0 : 2[2] -> 3[3] via P2P/CUMEM/read
e1a433d6d93644e090a8bcad4f3a7ab4000001:456358:456358 [3] NCCL INFO Channel 07 : 3[3] -> 0[0] via SHM/direct/direct
e1a433d6d93644e090a8bcad4f3a7ab4000001:456356:456356 [1] NCCL INFO Channel 07 : 1[1] -> 2[2] via SHM/direct/direct
e1a433d6d93644e090a8bcad4f3a7ab4000001:456355:456355 [0] NCCL INFO Connected all rings, use ring PXN 0 GDR 1
e1a433d6d93644e090a8bcad4f3a7ab4000001:456357:456357 [2] NCCL INFO Connected all rings, use ring PXN 0 GDR 1
e1a433d6d93644e090a8bcad4f3a7ab4000001:456356:456356 [1] NCCL INFO Connected all rings, use ring PXN 0 GDR 1
e1a433d6d93644e090a8bcad4f3a7ab4000001:456358:456358 [3] NCCL INFO Connected all rings, use ring PXN 0 GDR 1
Hyperparameters:
  adam_eps: 1e-08
  adam_wd: 0.02
  beta1: 0.9
  beta2: 0.95
  bigram_dim: 64
  bigram_vocab_size: 1024
  clip_mult_early: 1.0
  clip_mult_late: 1.0
  clip_mult_loop: 1.0
  clip_mult_mid: 1.0
  compress_ans: True
  compress_brotli: False
  compress_lzma: False
  compressor: brotli
  data_dir: ./data2/
  datasets_dir: ./data2/datasets/fineweb10B_sp8192
  distributed: True
  effective_train_seq_len: <property object at 0x14694ce7b3d0>
  ema_decay: 0.9965
  embed_bits: 8
  embed_clip_sigmas: 20.0
  embed_lr: 0.6
  embed_wd: 0.085
  embedding_dim: 512
  enable_looping_at: 0.35
  eval_seq_len: 2048
  eval_stride: 64
  fused_mlp: True
  fused_rope: True
  gated_attention: True
  gptq_calibration_batches: 128
  gptq_reserve_seconds: 12.0
  grad_accum_steps: 2
  grad_clip_norm: 0.3
  head_lr: 0.008
  hessian_clip_lambda: 0.0
  is_main_process: True
  iterations: 20000
  ln_scale: True
  local_rank: 0
  logfile: logs/exp77_bigram_small.txt
  logit_softcap: 20.0
  loop_embeddings: False
  loop_end: 5
  loop_layer_bits: 0
  loop_layer_clip_sigmas: 0.0
  loop_start: 3
  matrix_bits: 6
  matrix_clip_sigmas: 15.0
  matrix_lr: 0.022
  max_wallclock_seconds: 3600.0
  min_lr: 0.0
  mixed_seq_gpu_frac: 0.375
  mixed_seq_len: 0
  mlp_mult: 4.35
  model_dim: 512
  model_path: final_model.pt
  moe_enabled: False
  moe_layers: 3,5,7,9
  moe_num_experts: 4
  moe_top_k: 2
  muon_backend_steps: 5
  muon_beta2: 0.95
  muon_momentum: 0.97
  muon_momentum_warmup_start: 0.92
  muon_momentum_warmup_steps: 1500
  muon_row_normalize: True
  muon_wd: 0.095
  normuon: False
  num_heads: 8
  num_kv_heads: 4
  num_layers: 11
  num_loops: 2
  parallel_residual_start: 7
  qk_gain_init: 5.25
  quantized_model_path: final_model.int6.ptz
  rank: 0
  rope_base: 10000.0
  rope_dims: 32
  rope_train_seq_len: 2048
  run_id: exp77_bigram_small
  scalar_lr: 0.022
  seed: 1337
  skip_gates_enabled: True
  sliding_window_enabled: True
  tie_embeddings: True
  tied_embed_init_std: 0.005
  tied_embed_lr: 0.03
  tokenizer_path: ./data2/tokenizers/fineweb_8192_bpe.model
  train_batch_tokens: 786432
  train_files: ./data2/datasets/fineweb10B_sp8192/fineweb_train_*.bin
  train_log_every: 500
  train_seq_len: 2048
  trigram_dim: 128
  trigram_vocab_size: 0
  ttt_batch_size: 64
  ttt_beta1: 0.0
  ttt_beta2: 0.999
  ttt_chunk_size: 48
  ttt_enabled: False
  ttt_eval_seq_len: 2048
  ttt_fp_chunk_tokens: 32768
  ttt_fp_epochs: 3
  ttt_fp_lr: 0.001
  ttt_fp_momentum: 0.9
  ttt_grad_steps: 1
  ttt_k_lora: True
  ttt_layer_debug: False
  ttt_layer_debug_tol: 0.001
  ttt_lora_lr: 5e-05
  ttt_lora_rank: 64
  ttt_mlp_lora: True
  ttt_o_lora: True
  ttt_sanity_check: False
  ttt_weight_decay: 0.2
  val_batch_tokens: 524288
  val_files: ./data2/datasets/fineweb10B_sp8192/fineweb_val_*.bin
  val_loss_every: 4000
  varlen_attention: False
  vocab_size: 8192
  warmdown_frac: 0.85
  warmdown_wd_mult: 1.0
  warmup_steps: 20
  window_attn_layers: 
  window_attn_size: 0
  world_size: 4
  xsa_last_n: 11
train_shards: 80
val_tokens: 40540160
model_params:38250673
gptq:reserving 12s, effective=3588000ms
warmup_step: 1/20
warmup_step: 2/20
warmup_step: 3/20
warmup_step: 4/20
warmup_step: 5/20
warmup_step: 6/20
warmup_step: 10/20
warmup_step: 20/20
loop_warmup:enabled encoder:[0, 1, 2, 3, 4, 5, 3, 4] decoder:[5, 3, 4, 5, 6, 7, 8, 9, 10]
loop_warmup_step: 1/20
loop_warmup_step: 2/20
loop_warmup_step: 3/20
loop_warmup_step: 4/20
loop_warmup_step: 5/20
loop_warmup_step: 6/20
loop_warmup_step: 10/20
loop_warmup_step: 20/20
0/20000 val_loss: 9.0075 val_bpb: 3.4869
1/20000 train_loss: 9.0081 train_time: 0.0m tok/s: 1540249
2/20000 train_loss: 11.2530 train_time: 0.0m tok/s: 1531728
3/20000 train_loss: 9.9153 train_time: 0.0m tok/s: 1518001
4/20000 train_loss: 8.3145 train_time: 0.0m tok/s: 1512058
5/20000 train_loss: 7.3679 train_time: 0.0m tok/s: 1506905
500/20000 train_loss: 3.3063 train_time: 4.4m tok/s: 1488624
1000/20000 train_loss: 3.2159 train_time: 8.8m tok/s: 1490619
1500/20000 train_loss: 3.1011 train_time: 13.2m tok/s: 1491171
2000/20000 train_loss: 3.1051 train_time: 17.6m tok/s: 1491291
layer_loop:enabled step:2382 frac:0.350 encoder:[0, 1, 2, 3, 4, 5, 3, 4] decoder:[5, 3, 4, 5, 6, 7, 8, 9, 10]
2500/20000 train_loss: 3.0939 train_time: 22.5m tok/s: 1454192
3000/20000 train_loss: 3.0215 train_time: 29.2m tok/s: 1345530
3500/20000 train_loss: 2.9954 train_time: 35.9m tok/s: 1277392
4000/20000 train_loss: 2.9286 train_time: 42.6m tok/s: 1230688
4000/20000 val_loss: 2.9013 val_bpb: 1.1231
4500/20000 train_loss: 2.8463 train_time: 49.3m tok/s: 1196502
5000/20000 train_loss: 2.8114 train_time: 56.0m tok/s: 1170166
5284/20000 val_loss: 2.7768 val_bpb: 1.0749
stopping_early: wallclock_cap train_time: 3588370ms step: 5284/20000
peak memory allocated: 38885 MiB reserved: 39060 MiB
ema:applying EMA weights
pre-quantization post-ema val_loss:2.77538797 val_bpb:1.07438314 eval_time:21537ms
Serialized model: 144532779 bytes
Code size: 145055 bytes
GPTQ:collecting Hessians from calibration data...
GPTQ:collected 67 Hessians in 53.0s
Quantized weights:
  gptq (int6): blocks.attn.c_k.weight, blocks.attn.c_q.weight, blocks.attn.c_v.weight, blocks.attn.proj.weight, blocks.mlp.fc.weight, blocks.mlp.proj.weight
  gptq (int8): tok_emb.weight
  passthrough (float16): bigram.emb.weight, bigram.proj.weight, bigram.scale, blocks.attn.gate_proj.bias, blocks.attn.gate_proj.weight, blocks.attn.q_gain, blocks.attn_scale, blocks.mlp_scale, blocks.resid_mix, skip_gates, skip_weights
compress:ans 16070423 bytes (15.9s)
  ans: model=16070423 total=16215478
compress:using ans (16070423 bytes)
Serialized model quantized+compressed: 16070423 bytes
Total submission size quantized+compressed: 16215478 bytes
quantized val_loss:2.81338857 val_bpb:1.08909359 eval_time:12448ms
sliding_progress: batch 1/4949 tokens:0 running_loss:0.0000 running_bpb:0.0000 elapsed:0.0s
sliding_progress: batch 51/4949 tokens:104384 running_loss:2.7489 running_bpb:1.0821 elapsed:30.6s
sliding_progress: batch 101/4949 tokens:206784 running_loss:2.7438 running_bpb:1.0644 elapsed:35.0s
sliding_progress: batch 151/4949 tokens:309184 running_loss:2.7288 running_bpb:1.0720 elapsed:39.5s
sliding_progress: batch 201/4949 tokens:411584 running_loss:2.7371 running_bpb:1.0753 elapsed:44.1s
sliding_progress: batch 251/4949 tokens:513984 running_loss:2.7355 running_bpb:1.0706 elapsed:48.7s
sliding_progress: batch 301/4949 tokens:616384 running_loss:2.7397 running_bpb:1.0727 elapsed:53.2s
sliding_progress: batch 351/4949 tokens:718784 running_loss:2.7626 running_bpb:1.0793 elapsed:57.7s
sliding_progress: batch 401/4949 tokens:821184 running_loss:2.7547 running_bpb:1.0776 elapsed:62.2s
sliding_progress: batch 451/4949 tokens:923584 running_loss:2.7439 running_bpb:1.0752 elapsed:66.7s
sliding_progress: batch 501/4949 tokens:1025984 running_loss:2.7366 running_bpb:1.0749 elapsed:71.2s
sliding_progress: batch 551/4949 tokens:1128384 running_loss:2.7428 running_bpb:1.0765 elapsed:75.7s
sliding_progress: batch 601/4949 tokens:1230784 running_loss:2.7578 running_bpb:1.0841 elapsed:80.2s
sliding_progress: batch 651/4949 tokens:1333184 running_loss:2.7501 running_bpb:1.0816 elapsed:84.7s
sliding_progress: batch 701/4949 tokens:1435584 running_loss:2.7475 running_bpb:1.0801 elapsed:89.1s
sliding_progress: batch 751/4949 tokens:1537984 running_loss:2.7455 running_bpb:1.0804 elapsed:93.6s
sliding_progress: batch 801/4949 tokens:1640384 running_loss:2.7387 running_bpb:1.0792 elapsed:98.1s
sliding_progress: batch 851/4949 tokens:1742784 running_loss:2.7288 running_bpb:1.0768 elapsed:102.5s
sliding_progress: batch 901/4949 tokens:1845184 running_loss:2.7240 running_bpb:1.0759 elapsed:107.0s
sliding_progress: batch 951/4949 tokens:1947584 running_loss:2.7257 running_bpb:1.0758 elapsed:111.5s
sliding_progress: batch 1001/4949 tokens:2049984 running_loss:2.7241 running_bpb:1.0747 elapsed:115.9s
sliding_progress: batch 1051/4949 tokens:2152384 running_loss:2.7287 running_bpb:1.0769 elapsed:120.4s
sliding_progress: batch 1101/4949 tokens:2254784 running_loss:2.7281 running_bpb:1.0767 elapsed:124.9s
sliding_progress: batch 1151/4949 tokens:2357184 running_loss:2.7282 running_bpb:1.0773 elapsed:129.3s
sliding_progress: batch 1201/4949 tokens:2459584 running_loss:2.7177 running_bpb:1.0727 elapsed:133.8s
sliding_progress: batch 1251/4949 tokens:2561984 running_loss:2.7173 running_bpb:1.0726 elapsed:138.2s
sliding_progress: batch 1301/4949 tokens:2664384 running_loss:2.7207 running_bpb:1.0734 elapsed:142.7s
sliding_progress: batch 1351/4949 tokens:2766784 running_loss:2.7202 running_bpb:1.0730 elapsed:147.1s
sliding_progress: batch 1401/4949 tokens:2869184 running_loss:2.7214 running_bpb:1.0721 elapsed:151.6s
sliding_progress: batch 1451/4949 tokens:2971584 running_loss:2.7184 running_bpb:1.0713 elapsed:156.0s
sliding_progress: batch 1501/4949 tokens:3073984 running_loss:2.7193 running_bpb:1.0711 elapsed:160.5s
sliding_progress: batch 1551/4949 tokens:3176384 running_loss:2.7201 running_bpb:1.0713 elapsed:165.0s
sliding_progress: batch 1601/4949 tokens:3278784 running_loss:2.7207 running_bpb:1.0715 elapsed:169.4s
sliding_progress: batch 1651/4949 tokens:3381184 running_loss:2.7205 running_bpb:1.0716 elapsed:173.9s
sliding_progress: batch 1701/4949 tokens:3483584 running_loss:2.7198 running_bpb:1.0722 elapsed:178.3s
sliding_progress: batch 1751/4949 tokens:3585984 running_loss:2.7255 running_bpb:1.0742 elapsed:182.8s
sliding_progress: batch 1801/4949 tokens:3688384 running_loss:2.7263 running_bpb:1.0743 elapsed:187.2s
sliding_progress: batch 1851/4949 tokens:3790784 running_loss:2.7279 running_bpb:1.0751 elapsed:191.7s
sliding_progress: batch 1901/4949 tokens:3893184 running_loss:2.7261 running_bpb:1.0743 elapsed:196.1s
sliding_progress: batch 1951/4949 tokens:3995584 running_loss:2.7261 running_bpb:1.0748 elapsed:200.6s
sliding_progress: batch 2001/4949 tokens:4097984 running_loss:2.7298 running_bpb:1.0773 elapsed:205.0s
sliding_progress: batch 2051/4949 tokens:4200384 running_loss:2.7296 running_bpb:1.0769 elapsed:209.5s
sliding_progress: batch 2101/4949 tokens:4302784 running_loss:2.7288 running_bpb:1.0767 elapsed:213.9s
sliding_progress: batch 2151/4949 tokens:4405184 running_loss:2.7275 running_bpb:1.0757 elapsed:218.4s
sliding_progress: batch 2201/4949 tokens:4507584 running_loss:2.7264 running_bpb:1.0752 elapsed:222.8s
sliding_progress: batch 2251/4949 tokens:4609984 running_loss:2.7275 running_bpb:1.0759 elapsed:227.3s
sliding_progress: batch 2301/4949 tokens:4712384 running_loss:2.7287 running_bpb:1.0758 elapsed:231.7s
sliding_progress: batch 2351/4949 tokens:4814784 running_loss:2.7279 running_bpb:1.0763 elapsed:236.2s
sliding_progress: batch 2401/4949 tokens:4917184 running_loss:2.7270 running_bpb:1.0758 elapsed:240.6s
sliding_progress: batch 2451/4949 tokens:5019584 running_loss:2.7273 running_bpb:1.0763 elapsed:245.1s
sliding_progress: batch 2501/4949 tokens:5121984 running_loss:2.7270 running_bpb:1.0764 elapsed:249.5s
sliding_progress: batch 2551/4949 tokens:5224384 running_loss:2.7265 running_bpb:1.0760 elapsed:254.0s
sliding_progress: batch 2601/4949 tokens:5326784 running_loss:2.7253 running_bpb:1.0760 elapsed:258.5s
sliding_progress: batch 2651/4949 tokens:5429184 running_loss:2.7265 running_bpb:1.0763 elapsed:262.9s
sliding_progress: batch 2701/4949 tokens:5531584 running_loss:2.7268 running_bpb:1.0765 elapsed:267.4s
sliding_progress: batch 2751/4949 tokens:5633984 running_loss:2.7252 running_bpb:1.0754 elapsed:271.8s
sliding_progress: batch 2801/4949 tokens:5736384 running_loss:2.7231 running_bpb:1.0743 elapsed:276.3s
sliding_progress: batch 2851/4949 tokens:5838784 running_loss:2.7239 running_bpb:1.0746 elapsed:280.7s
sliding_progress: batch 2901/4949 tokens:5941184 running_loss:2.7252 running_bpb:1.0755 elapsed:285.2s
sliding_progress: batch 2951/4949 tokens:6043584 running_loss:2.7274 running_bpb:1.0762 elapsed:289.7s
sliding_progress: batch 3001/4949 tokens:6145984 running_loss:2.7289 running_bpb:1.0763 elapsed:294.2s
sliding_progress: batch 3051/4949 tokens:6248384 running_loss:2.7297 running_bpb:1.0761 elapsed:298.6s
sliding_progress: batch 3101/4949 tokens:6350784 running_loss:2.7301 running_bpb:1.0757 elapsed:303.1s
sliding_progress: batch 3151/4949 tokens:6453184 running_loss:2.7331 running_bpb:1.0764 elapsed:307.5s
sliding_progress: batch 3201/4949 tokens:6555584 running_loss:2.7333 running_bpb:1.0763 elapsed:312.0s
sliding_progress: batch 3251/4949 tokens:6657984 running_loss:2.7346 running_bpb:1.0767 elapsed:316.4s
sliding_progress: batch 3301/4949 tokens:6760384 running_loss:2.7362 running_bpb:1.0771 elapsed:320.9s
sliding_progress: batch 3351/4949 tokens:6862784 running_loss:2.7374 running_bpb:1.0775 elapsed:325.4s
sliding_progress: batch 3401/4949 tokens:6965184 running_loss:2.7376 running_bpb:1.0775 elapsed:329.8s
sliding_progress: batch 3451/4949 tokens:7067584 running_loss:2.7379 running_bpb:1.0771 elapsed:334.3s
sliding_progress: batch 3501/4949 tokens:7169984 running_loss:2.7375 running_bpb:1.0768 elapsed:338.7s
sliding_progress: batch 3551/4949 tokens:7272384 running_loss:2.7386 running_bpb:1.0767 elapsed:343.2s
sliding_progress: batch 3601/4949 tokens:7374784 running_loss:2.7398 running_bpb:1.0768 elapsed:347.6s
sliding_progress: batch 3651/4949 tokens:7477184 running_loss:2.7413 running_bpb:1.0770 elapsed:352.1s
sliding_progress: batch 3701/4949 tokens:7579584 running_loss:2.7430 running_bpb:1.0775 elapsed:356.5s
sliding_progress: batch 3751/4949 tokens:7681984 running_loss:2.7448 running_bpb:1.0780 elapsed:361.0s
sliding_progress: batch 3801/4949 tokens:7784384 running_loss:2.7404 running_bpb:1.0779 elapsed:365.5s
sliding_progress: batch 3851/4949 tokens:7886784 running_loss:2.7408 running_bpb:1.0777 elapsed:369.9s
sliding_progress: batch 3901/4949 tokens:7989184 running_loss:2.7427 running_bpb:1.0780 elapsed:374.4s
sliding_progress: batch 3951/4949 tokens:8091584 running_loss:2.7444 running_bpb:1.0783 elapsed:378.8s
sliding_progress: batch 4001/4949 tokens:8193984 running_loss:2.7441 running_bpb:1.0779 elapsed:383.3s
sliding_progress: batch 4051/4949 tokens:8296384 running_loss:2.7457 running_bpb:1.0779 elapsed:387.7s
sliding_progress: batch 4101/4949 tokens:8398784 running_loss:2.7477 running_bpb:1.0785 elapsed:392.2s
sliding_progress: batch 4151/4949 tokens:8501184 running_loss:2.7491 running_bpb:1.0785 elapsed:396.6s
sliding_progress: batch 4201/4949 tokens:8603584 running_loss:2.7490 running_bpb:1.0784 elapsed:401.1s
sliding_progress: batch 4251/4949 tokens:8705984 running_loss:2.7485 running_bpb:1.0780 elapsed:405.5s
sliding_progress: batch 4301/4949 tokens:8808384 running_loss:2.7484 running_bpb:1.0774 elapsed:410.0s
sliding_progress: batch 4351/4949 tokens:8910784 running_loss:2.7496 running_bpb:1.0775 elapsed:414.4s
sliding_progress: batch 4401/4949 tokens:9013184 running_loss:2.7497 running_bpb:1.0774 elapsed:418.9s
sliding_progress: batch 4451/4949 tokens:9115584 running_loss:2.7512 running_bpb:1.0778 elapsed:423.3s
sliding_progress: batch 4501/4949 tokens:9217984 running_loss:2.7523 running_bpb:1.0780 elapsed:427.8s
sliding_progress: batch 4551/4949 tokens:9320384 running_loss:2.7530 running_bpb:1.0778 elapsed:432.2s
sliding_progress: batch 4601/4949 tokens:9422784 running_loss:2.7532 running_bpb:1.0777 elapsed:436.7s
sliding_progress: batch 4651/4949 tokens:9525184 running_loss:2.7540 running_bpb:1.0773 elapsed:441.1s
sliding_progress: batch 4701/4949 tokens:9627584 running_loss:2.7554 running_bpb:1.0777 elapsed:445.6s
sliding_progress: batch 4751/4949 tokens:9729984 running_loss:2.7563 running_bpb:1.0776 elapsed:450.0s
sliding_progress: batch 4801/4949 tokens:9832384 running_loss:2.7567 running_bpb:1.0772 elapsed:454.5s
sliding_progress: batch 4851/4949 tokens:9934784 running_loss:2.7587 running_bpb:1.0777 elapsed:459.0s
sliding_progress: batch 4901/4949 tokens:10037184 running_loss:2.7599 running_bpb:1.0777 elapsed:463.4s
sliding_progress: batch 4949/4949 tokens:10135488 running_loss:2.7595 running_bpb:1.0772 elapsed:467.7s
quantized_sliding_window val_loss:2.77032372 val_bpb:1.07247864 eval_time:494960ms
e1a433d6d93644e090a8bcad4f3a7ab4000001:456357:456357 [2] NCCL INFO comm 0x2a862c20 rank 2 nranks 4 cudaDev 2 busId 300000 - Destroy COMPLETE
e1a433d6d93644e090a8bcad4f3a7ab4000001:456356:456356 [1] NCCL INFO comm 0x3c43b270 rank 1 nranks 4 cudaDev 1 busId 200000 - Destroy COMPLETE
e1a433d6d93644e090a8bcad4f3a7ab4000001:456355:456355 [0] NCCL INFO comm 0x3cb75870 rank 0 nranks 4 cudaDev 0 busId 100000 - Destroy COMPLETE
e1a433d6d93644e090a8bcad4f3a7ab4000001:456358:456358 [3] NCCL INFO comm 0x3b26dbd0 rank 3 nranks 4 cudaDev 3 busId 400000 - Destroy COMPLETE
e1a433d6d93644e090a8bcad4f3a7ab4000001:456357:456357 [2] NCCL INFO ENV/Plugin: Closing env plugin ncclEnvDefault
e1a433d6d93644e090a8bcad4f3a7ab4000001:456355:456355 [0] NCCL INFO ENV/Plugin: Closing env plugin ncclEnvDefault
e1a433d6d93644e090a8bcad4f3a7ab4000001:456356:456356 [1] NCCL INFO ENV/Plugin: Closing env plugin ncclEnvDefault
e1a433d6d93644e090a8bcad4f3a7ab4000001:456358:456358 [3] NCCL INFO ENV/Plugin: Closing env plugin ncclEnvDefault
