W0416 14:48:05.646000 542684 torch/distributed/run.py:851] 
W0416 14:48:05.646000 542684 torch/distributed/run.py:851] *****************************************
W0416 14:48:05.646000 542684 torch/distributed/run.py:851] Setting OMP_NUM_THREADS environment variable for each process to be 1 in default, to avoid your system being overloaded, please further tune the variable for optimal performance in your application as needed. 
W0416 14:48:05.646000 542684 torch/distributed/run.py:851] *****************************************
e1a433d6d93644e090a8bcad4f3a7ab4000001:542758:542758 [0] NCCL INFO ENV/Plugin: Could not find: libnccl-env.so
e1a433d6d93644e090a8bcad4f3a7ab4000001:542758:542758 [0] NCCL INFO Stack size limit (unlimited) is unsafe; will use 8192KB for newly launched threads
e1a433d6d93644e090a8bcad4f3a7ab4000001:542758:542758 [0] NCCL INFO NCCL_SOCKET_IFNAME set by environment to eth0
e1a433d6d93644e090a8bcad4f3a7ab4000001:542758:542758 [0] NCCL INFO Bootstrap: Using eth0:10.0.0.5<0>
e1a433d6d93644e090a8bcad4f3a7ab4000001:542758:542758 [0] NCCL INFO cudaDriverVersion 13020
e1a433d6d93644e090a8bcad4f3a7ab4000001:542758:542758 [0] NCCL INFO NCCL version 2.28.9+cuda13.0
e1a433d6d93644e090a8bcad4f3a7ab4000001:542759:542759 [1] NCCL INFO ENV/Plugin: Could not find: libnccl-env.so
e1a433d6d93644e090a8bcad4f3a7ab4000001:542760:542760 [2] NCCL INFO ENV/Plugin: Could not find: libnccl-env.so
e1a433d6d93644e090a8bcad4f3a7ab4000001:542759:542759 [1] NCCL INFO cudaDriverVersion 13020
e1a433d6d93644e090a8bcad4f3a7ab4000001:542760:542760 [2] NCCL INFO cudaDriverVersion 13020
e1a433d6d93644e090a8bcad4f3a7ab4000001:542760:542760 [2] NCCL INFO Stack size limit (unlimited) is unsafe; will use 8192KB for newly launched threads
e1a433d6d93644e090a8bcad4f3a7ab4000001:542760:542760 [2] NCCL INFO NCCL_SOCKET_IFNAME set by environment to eth0
e1a433d6d93644e090a8bcad4f3a7ab4000001:542759:542759 [1] NCCL INFO Stack size limit (unlimited) is unsafe; will use 8192KB for newly launched threads
e1a433d6d93644e090a8bcad4f3a7ab4000001:542759:542759 [1] NCCL INFO NCCL_SOCKET_IFNAME set by environment to eth0
e1a433d6d93644e090a8bcad4f3a7ab4000001:542758:542758 [0] NCCL INFO Comm config Blocking set to 1
e1a433d6d93644e090a8bcad4f3a7ab4000001:542760:542760 [2] NCCL INFO Bootstrap: Using eth0:10.0.0.5<0>
e1a433d6d93644e090a8bcad4f3a7ab4000001:542759:542759 [1] NCCL INFO Bootstrap: Using eth0:10.0.0.5<0>
e1a433d6d93644e090a8bcad4f3a7ab4000001:542760:542760 [2] NCCL INFO NCCL version 2.28.9+cuda13.0
e1a433d6d93644e090a8bcad4f3a7ab4000001:542759:542759 [1] NCCL INFO NCCL version 2.28.9+cuda13.0
e1a433d6d93644e090a8bcad4f3a7ab4000001:542759:542759 [1] NCCL INFO Comm config Blocking set to 1
e1a433d6d93644e090a8bcad4f3a7ab4000001:542760:542760 [2] NCCL INFO Comm config Blocking set to 1
e1a433d6d93644e090a8bcad4f3a7ab4000001:542761:542761 [3] NCCL INFO ENV/Plugin: Could not find: libnccl-env.so
e1a433d6d93644e090a8bcad4f3a7ab4000001:542761:542761 [3] NCCL INFO cudaDriverVersion 13020
e1a433d6d93644e090a8bcad4f3a7ab4000001:542761:542761 [3] NCCL INFO Stack size limit (unlimited) is unsafe; will use 8192KB for newly launched threads
e1a433d6d93644e090a8bcad4f3a7ab4000001:542761:542761 [3] NCCL INFO NCCL_SOCKET_IFNAME set by environment to eth0
e1a433d6d93644e090a8bcad4f3a7ab4000001:542761:542761 [3] NCCL INFO Bootstrap: Using eth0:10.0.0.5<0>
e1a433d6d93644e090a8bcad4f3a7ab4000001:542761:542761 [3] NCCL INFO NCCL version 2.28.9+cuda13.0
e1a433d6d93644e090a8bcad4f3a7ab4000001:542761:542761 [3] NCCL INFO Comm config Blocking set to 1
e1a433d6d93644e090a8bcad4f3a7ab4000001:542760:542760 [2] NCCL INFO NET/Plugin: Could not find: libnccl-net.so
e1a433d6d93644e090a8bcad4f3a7ab4000001:542760:542760 [2] NCCL INFO NCCL_IB_DISABLE set by environment to 1.
e1a433d6d93644e090a8bcad4f3a7ab4000001:542760:542760 [2] NCCL INFO transport/net_ib.cc:852 -> 3
e1a433d6d93644e090a8bcad4f3a7ab4000001:542760:542760 [2] NCCL INFO Failed to initialize NET plugin IB
e1a433d6d93644e090a8bcad4f3a7ab4000001:542760:542760 [2] NCCL INFO NCCL_SOCKET_IFNAME set by environment to eth0
e1a433d6d93644e090a8bcad4f3a7ab4000001:542758:542758 [0] NCCL INFO NET/Plugin: Could not find: libnccl-net.so
e1a433d6d93644e090a8bcad4f3a7ab4000001:542760:542760 [2] NCCL INFO NET/Socket : Using [0]eth0:10.0.0.5<0>
e1a433d6d93644e090a8bcad4f3a7ab4000001:542760:542760 [2] NCCL INFO Initialized NET plugin Socket
e1a433d6d93644e090a8bcad4f3a7ab4000001:542758:542758 [0] NCCL INFO NCCL_IB_DISABLE set by environment to 1.
e1a433d6d93644e090a8bcad4f3a7ab4000001:542758:542758 [0] NCCL INFO transport/net_ib.cc:852 -> 3
e1a433d6d93644e090a8bcad4f3a7ab4000001:542758:542758 [0] NCCL INFO Failed to initialize NET plugin IB
e1a433d6d93644e090a8bcad4f3a7ab4000001:542758:542758 [0] NCCL INFO NCCL_SOCKET_IFNAME set by environment to eth0
e1a433d6d93644e090a8bcad4f3a7ab4000001:542760:542760 [2] NCCL INFO Assigned NET plugin Socket to comm
e1a433d6d93644e090a8bcad4f3a7ab4000001:542760:542760 [2] NCCL INFO Using network Socket
e1a433d6d93644e090a8bcad4f3a7ab4000001:542759:542759 [1] NCCL INFO NET/Plugin: Could not find: libnccl-net.so
e1a433d6d93644e090a8bcad4f3a7ab4000001:542759:542759 [1] NCCL INFO NCCL_IB_DISABLE set by environment to 1.
e1a433d6d93644e090a8bcad4f3a7ab4000001:542759:542759 [1] NCCL INFO transport/net_ib.cc:852 -> 3
e1a433d6d93644e090a8bcad4f3a7ab4000001:542759:542759 [1] NCCL INFO Failed to initialize NET plugin IB
e1a433d6d93644e090a8bcad4f3a7ab4000001:542759:542759 [1] NCCL INFO NCCL_SOCKET_IFNAME set by environment to eth0
e1a433d6d93644e090a8bcad4f3a7ab4000001:542758:542758 [0] NCCL INFO NET/Socket : Using [0]eth0:10.0.0.5<0>
e1a433d6d93644e090a8bcad4f3a7ab4000001:542758:542758 [0] NCCL INFO Initialized NET plugin Socket
e1a433d6d93644e090a8bcad4f3a7ab4000001:542758:542758 [0] NCCL INFO Assigned NET plugin Socket to comm
e1a433d6d93644e090a8bcad4f3a7ab4000001:542758:542758 [0] NCCL INFO Using network Socket
e1a433d6d93644e090a8bcad4f3a7ab4000001:542759:542759 [1] NCCL INFO NET/Socket : Using [0]eth0:10.0.0.5<0>
e1a433d6d93644e090a8bcad4f3a7ab4000001:542759:542759 [1] NCCL INFO Initialized NET plugin Socket
e1a433d6d93644e090a8bcad4f3a7ab4000001:542759:542759 [1] NCCL INFO Assigned NET plugin Socket to comm
e1a433d6d93644e090a8bcad4f3a7ab4000001:542759:542759 [1] NCCL INFO Using network Socket
e1a433d6d93644e090a8bcad4f3a7ab4000001:542758:542758 [0] NCCL INFO ncclCommInitRankConfig comm 0x2e4695e0 rank 0 nranks 4 cudaDev 0 nvmlDev 0 busId 100000 commId 0x482b3858648b18b2 - Init START
e1a433d6d93644e090a8bcad4f3a7ab4000001:542759:542759 [1] NCCL INFO ncclCommInitRankConfig comm 0x2acf6130 rank 1 nranks 4 cudaDev 1 nvmlDev 1 busId 200000 commId 0x482b3858648b18b2 - Init START
e1a433d6d93644e090a8bcad4f3a7ab4000001:542760:542760 [2] NCCL INFO ncclCommInitRankConfig comm 0x3b2f1040 rank 2 nranks 4 cudaDev 2 nvmlDev 2 busId 300000 commId 0x482b3858648b18b2 - Init START
e1a433d6d93644e090a8bcad4f3a7ab4000001:542759:542759 [1] NCCL INFO RAS client listening socket at 127.0.0.1<28028>
e1a433d6d93644e090a8bcad4f3a7ab4000001:542761:542761 [3] NCCL INFO NET/Plugin: Could not find: libnccl-net.so
e1a433d6d93644e090a8bcad4f3a7ab4000001:542761:542761 [3] NCCL INFO NCCL_IB_DISABLE set by environment to 1.
e1a433d6d93644e090a8bcad4f3a7ab4000001:542761:542761 [3] NCCL INFO transport/net_ib.cc:852 -> 3
e1a433d6d93644e090a8bcad4f3a7ab4000001:542761:542761 [3] NCCL INFO Failed to initialize NET plugin IB
e1a433d6d93644e090a8bcad4f3a7ab4000001:542761:542761 [3] NCCL INFO NCCL_SOCKET_IFNAME set by environment to eth0
e1a433d6d93644e090a8bcad4f3a7ab4000001:542761:542761 [3] NCCL INFO NET/Socket : Using [0]eth0:10.0.0.5<0>
e1a433d6d93644e090a8bcad4f3a7ab4000001:542761:542761 [3] NCCL INFO Initialized NET plugin Socket
e1a433d6d93644e090a8bcad4f3a7ab4000001:542761:542761 [3] NCCL INFO Assigned NET plugin Socket to comm
e1a433d6d93644e090a8bcad4f3a7ab4000001:542761:542761 [3] NCCL INFO Using network Socket
e1a433d6d93644e090a8bcad4f3a7ab4000001:542761:542761 [3] NCCL INFO ncclCommInitRankConfig comm 0x1fe07d50 rank 3 nranks 4 cudaDev 3 nvmlDev 3 busId 400000 commId 0x482b3858648b18b2 - Init START
e1a433d6d93644e090a8bcad4f3a7ab4000001:542760:542760 [2] NCCL INFO RAS client listening socket at 127.0.0.1<28028>
e1a433d6d93644e090a8bcad4f3a7ab4000001:542761:542761 [3] NCCL INFO RAS client listening socket at 127.0.0.1<28028>
e1a433d6d93644e090a8bcad4f3a7ab4000001:542758:542758 [0] NCCL INFO RAS client listening socket at 127.0.0.1<28028>
e1a433d6d93644e090a8bcad4f3a7ab4000001:542760:542760 [2] NCCL INFO Bootstrap timings total 0.014312 (create 0.000050, send 0.000183, recv 0.013479, ring 0.000140, delay 0.000001)
e1a433d6d93644e090a8bcad4f3a7ab4000001:542761:542761 [3] NCCL INFO Bootstrap timings total 0.000965 (create 0.000038, send 0.000126, recv 0.000308, ring 0.000094, delay 0.000001)
e1a433d6d93644e090a8bcad4f3a7ab4000001:542758:542758 [0] NCCL INFO Bootstrap timings total 0.018276 (create 0.000051, send 0.000207, recv 0.003826, ring 0.000087, delay 0.000001)
e1a433d6d93644e090a8bcad4f3a7ab4000001:542759:542759 [1] NCCL INFO Bootstrap timings total 0.014652 (create 0.000052, send 0.000191, recv 0.000531, ring 0.013236, delay 0.000001)
e1a433d6d93644e090a8bcad4f3a7ab4000001:542761:542761 [3] NCCL INFO ncclTopoGetCpuAffinity: Affinity for GPU 3 is 72-95. (GPU affinity = 72-95 ; CPU affinity = 0-95).
e1a433d6d93644e090a8bcad4f3a7ab4000001:542761:542761 [3] NCCL INFO NVLS multicast support is not available on dev 3 (NVLS_NCHANNELS 0)
e1a433d6d93644e090a8bcad4f3a7ab4000001:542759:542759 [1] NCCL INFO ncclTopoGetCpuAffinity: Affinity for GPU 1 is 24-47. (GPU affinity = 24-47 ; CPU affinity = 0-95).
e1a433d6d93644e090a8bcad4f3a7ab4000001:542759:542759 [1] NCCL INFO NVLS multicast support is not available on dev 1 (NVLS_NCHANNELS 0)
e1a433d6d93644e090a8bcad4f3a7ab4000001:542760:542760 [2] NCCL INFO ncclTopoGetCpuAffinity: Affinity for GPU 2 is 48-71. (GPU affinity = 48-71 ; CPU affinity = 0-95).
e1a433d6d93644e090a8bcad4f3a7ab4000001:542758:542758 [0] NCCL INFO ncclTopoGetCpuAffinity: Affinity for GPU 0 is 0-23. (GPU affinity = 0-23 ; CPU affinity = 0-95).
e1a433d6d93644e090a8bcad4f3a7ab4000001:542760:542760 [2] NCCL INFO NVLS multicast support is not available on dev 2 (NVLS_NCHANNELS 0)
e1a433d6d93644e090a8bcad4f3a7ab4000001:542758:542758 [0] NCCL INFO NVLS multicast support is not available on dev 0 (NVLS_NCHANNELS 0)
e1a433d6d93644e090a8bcad4f3a7ab4000001:542760:542760 [2] NCCL INFO comm 0x3b2f1040 rank 2 nRanks 4 nNodes 1 localRanks 4 localRank 2 MNNVL 0
e1a433d6d93644e090a8bcad4f3a7ab4000001:542761:542761 [3] NCCL INFO comm 0x1fe07d50 rank 3 nRanks 4 nNodes 1 localRanks 4 localRank 3 MNNVL 0
e1a433d6d93644e090a8bcad4f3a7ab4000001:542758:542758 [0] NCCL INFO comm 0x2e4695e0 rank 0 nRanks 4 nNodes 1 localRanks 4 localRank 0 MNNVL 0
e1a433d6d93644e090a8bcad4f3a7ab4000001:542759:542759 [1] NCCL INFO comm 0x2acf6130 rank 1 nRanks 4 nNodes 1 localRanks 4 localRank 1 MNNVL 0
e1a433d6d93644e090a8bcad4f3a7ab4000001:542761:542761 [3] NCCL INFO Trees [0] -1/-1/-1->3->2 [1] -1/-1/-1->3->2 [2] -1/-1/-1->3->2 [3] -1/-1/-1->3->2 [4] -1/-1/-1->3->2 [5] -1/-1/-1->3->2 [6] -1/-1/-1->3->2 [7] -1/-1/-1->3->2
e1a433d6d93644e090a8bcad4f3a7ab4000001:542760:542760 [2] NCCL INFO Trees [0] 3/-1/-1->2->1 [1] 3/-1/-1->2->1 [2] 3/-1/-1->2->1 [3] 3/-1/-1->2->1 [4] 3/-1/-1->2->1 [5] 3/-1/-1->2->1 [6] 3/-1/-1->2->1 [7] 3/-1/-1->2->1
e1a433d6d93644e090a8bcad4f3a7ab4000001:542758:542758 [0] NCCL INFO Channel 00/08 : 0 1 2 3
e1a433d6d93644e090a8bcad4f3a7ab4000001:542761:542761 [3] NCCL INFO P2P Chunksize set to 131072
e1a433d6d93644e090a8bcad4f3a7ab4000001:542760:542760 [2] NCCL INFO P2P Chunksize set to 131072
e1a433d6d93644e090a8bcad4f3a7ab4000001:542758:542758 [0] NCCL INFO Channel 01/08 : 0 1 2 3
e1a433d6d93644e090a8bcad4f3a7ab4000001:542759:542759 [1] NCCL INFO Trees [0] 2/-1/-1->1->0 [1] 2/-1/-1->1->0 [2] 2/-1/-1->1->0 [3] 2/-1/-1->1->0 [4] 2/-1/-1->1->0 [5] 2/-1/-1->1->0 [6] 2/-1/-1->1->0 [7] 2/-1/-1->1->0
e1a433d6d93644e090a8bcad4f3a7ab4000001:542758:542758 [0] NCCL INFO Channel 02/08 : 0 1 2 3
e1a433d6d93644e090a8bcad4f3a7ab4000001:542758:542758 [0] NCCL INFO Channel 03/08 : 0 1 2 3
e1a433d6d93644e090a8bcad4f3a7ab4000001:542759:542759 [1] NCCL INFO P2P Chunksize set to 131072
e1a433d6d93644e090a8bcad4f3a7ab4000001:542758:542758 [0] NCCL INFO Channel 04/08 : 0 1 2 3
e1a433d6d93644e090a8bcad4f3a7ab4000001:542758:542758 [0] NCCL INFO Channel 05/08 : 0 1 2 3
e1a433d6d93644e090a8bcad4f3a7ab4000001:542758:542758 [0] NCCL INFO Channel 06/08 : 0 1 2 3
e1a433d6d93644e090a8bcad4f3a7ab4000001:542758:542758 [0] NCCL INFO Channel 07/08 : 0 1 2 3
e1a433d6d93644e090a8bcad4f3a7ab4000001:542758:542758 [0] NCCL INFO Trees [0] 1/-1/-1->0->-1 [1] 1/-1/-1->0->-1 [2] 1/-1/-1->0->-1 [3] 1/-1/-1->0->-1 [4] 1/-1/-1->0->-1 [5] 1/-1/-1->0->-1 [6] 1/-1/-1->0->-1 [7] 1/-1/-1->0->-1
e1a433d6d93644e090a8bcad4f3a7ab4000001:542758:542758 [0] NCCL INFO P2P Chunksize set to 131072
e1a433d6d93644e090a8bcad4f3a7ab4000001:542760:542760 [2] NCCL INFO PROFILER/Plugin: Could not find: libnccl-profiler.so
e1a433d6d93644e090a8bcad4f3a7ab4000001:542760:542760 [2] NCCL INFO Check P2P Type isAllDirectP2p 0 directMode 0 isAllCudaP2p 0
e1a433d6d93644e090a8bcad4f3a7ab4000001:542761:542761 [3] NCCL INFO PROFILER/Plugin: Could not find: libnccl-profiler.so
e1a433d6d93644e090a8bcad4f3a7ab4000001:542761:542761 [3] NCCL INFO Check P2P Type isAllDirectP2p 0 directMode 0 isAllCudaP2p 0
e1a433d6d93644e090a8bcad4f3a7ab4000001:542759:542759 [1] NCCL INFO PROFILER/Plugin: Could not find: libnccl-profiler.so
e1a433d6d93644e090a8bcad4f3a7ab4000001:542758:542758 [0] NCCL INFO PROFILER/Plugin: Could not find: libnccl-profiler.so
e1a433d6d93644e090a8bcad4f3a7ab4000001:542759:542759 [1] NCCL INFO Check P2P Type isAllDirectP2p 0 directMode 0 isAllCudaP2p 0
e1a433d6d93644e090a8bcad4f3a7ab4000001:542758:542758 [0] NCCL INFO Check P2P Type isAllDirectP2p 0 directMode 0 isAllCudaP2p 0
e1a433d6d93644e090a8bcad4f3a7ab4000001:542760:542793 [0] NCCL INFO [Proxy Service] Device 2 CPU core 62
e1a433d6d93644e090a8bcad4f3a7ab4000001:542761:542795 [0] NCCL INFO [Proxy Service] Device 3 CPU core 81
e1a433d6d93644e090a8bcad4f3a7ab4000001:542760:542794 [0] NCCL INFO [Proxy Service UDS] Device 2 CPU core 71
e1a433d6d93644e090a8bcad4f3a7ab4000001:542761:542798 [0] NCCL INFO [Proxy Service UDS] Device 3 CPU core 73
e1a433d6d93644e090a8bcad4f3a7ab4000001:542758:542800 [0] NCCL INFO [Proxy Service UDS] Device 0 CPU core 10
e1a433d6d93644e090a8bcad4f3a7ab4000001:542759:542796 [0] NCCL INFO [Proxy Service] Device 1 CPU core 36
e1a433d6d93644e090a8bcad4f3a7ab4000001:542759:542799 [0] NCCL INFO [Proxy Service UDS] Device 1 CPU core 45
e1a433d6d93644e090a8bcad4f3a7ab4000001:542758:542797 [0] NCCL INFO [Proxy Service] Device 0 CPU core 17
e1a433d6d93644e090a8bcad4f3a7ab4000001:542760:542760 [2] NCCL INFO TUNER/Plugin: Could not find: libnccl-tuner.so
e1a433d6d93644e090a8bcad4f3a7ab4000001:542760:542760 [2] NCCL INFO threadThresholds 8/8/64 | 32/8/64 | 512 | 512
e1a433d6d93644e090a8bcad4f3a7ab4000001:542760:542760 [2] NCCL INFO 8 coll channels, 8 collnet channels, 0 nvls channels, 8 p2p channels, 2 p2p channels per peer
e1a433d6d93644e090a8bcad4f3a7ab4000001:542761:542761 [3] NCCL INFO TUNER/Plugin: Could not find: libnccl-tuner.so
e1a433d6d93644e090a8bcad4f3a7ab4000001:542761:542761 [3] NCCL INFO threadThresholds 8/8/64 | 32/8/64 | 512 | 512
e1a433d6d93644e090a8bcad4f3a7ab4000001:542761:542761 [3] NCCL INFO 8 coll channels, 8 collnet channels, 0 nvls channels, 8 p2p channels, 2 p2p channels per peer
e1a433d6d93644e090a8bcad4f3a7ab4000001:542758:542758 [0] NCCL INFO TUNER/Plugin: Could not find: libnccl-tuner.so
e1a433d6d93644e090a8bcad4f3a7ab4000001:542758:542758 [0] NCCL INFO threadThresholds 8/8/64 | 32/8/64 | 512 | 512
e1a433d6d93644e090a8bcad4f3a7ab4000001:542758:542758 [0] NCCL INFO 8 coll channels, 8 collnet channels, 0 nvls channels, 8 p2p channels, 2 p2p channels per peer
e1a433d6d93644e090a8bcad4f3a7ab4000001:542759:542759 [1] NCCL INFO TUNER/Plugin: Could not find: libnccl-tuner.so
e1a433d6d93644e090a8bcad4f3a7ab4000001:542759:542759 [1] NCCL INFO threadThresholds 8/8/64 | 32/8/64 | 512 | 512
e1a433d6d93644e090a8bcad4f3a7ab4000001:542759:542759 [1] NCCL INFO 8 coll channels, 8 collnet channels, 0 nvls channels, 8 p2p channels, 2 p2p channels per peer
e1a433d6d93644e090a8bcad4f3a7ab4000001:542758:542758 [0] NCCL INFO CC Off, workFifoBytes 1048576
e1a433d6d93644e090a8bcad4f3a7ab4000001:542758:542758 [0] NCCL INFO ncclCommInitRankConfig comm 0x2e4695e0 rank 0 nranks 4 cudaDev 0 nvmlDev 0 busId 100000 commId 0x482b3858648b18b2 - Init COMPLETE
e1a433d6d93644e090a8bcad4f3a7ab4000001:542761:542761 [3] NCCL INFO ncclCommInitRankConfig comm 0x1fe07d50 rank 3 nranks 4 cudaDev 3 nvmlDev 3 busId 400000 commId 0x482b3858648b18b2 - Init COMPLETE
e1a433d6d93644e090a8bcad4f3a7ab4000001:542758:542758 [0] NCCL INFO Init timings - ncclCommInitRankConfig: rank 0 nranks 4 total 0.19 (kernels 0.13, alloc 0.00, bootstrap 0.02, allgathers 0.00, topo 0.02, graphs 0.00, connections 0.02, rest 0.00)
e1a433d6d93644e090a8bcad4f3a7ab4000001:542760:542760 [2] NCCL INFO ncclCommInitRankConfig comm 0x3b2f1040 rank 2 nranks 4 cudaDev 2 nvmlDev 2 busId 300000 commId 0x482b3858648b18b2 - Init COMPLETE
e1a433d6d93644e090a8bcad4f3a7ab4000001:542761:542761 [3] NCCL INFO Init timings - ncclCommInitRankConfig: rank 3 nranks 4 total 0.17 (kernels 0.13, alloc 0.00, bootstrap 0.00, allgathers 0.00, topo 0.02, graphs 0.00, connections 0.01, rest 0.00)
e1a433d6d93644e090a8bcad4f3a7ab4000001:542760:542760 [2] NCCL INFO Init timings - ncclCommInitRankConfig: rank 2 nranks 4 total 0.19 (kernels 0.13, alloc 0.01, bootstrap 0.01, allgathers 0.00, topo 0.02, graphs 0.00, connections 0.01, rest 0.00)
e1a433d6d93644e090a8bcad4f3a7ab4000001:542759:542759 [1] NCCL INFO ncclCommInitRankConfig comm 0x2acf6130 rank 1 nranks 4 cudaDev 1 nvmlDev 1 busId 200000 commId 0x482b3858648b18b2 - Init COMPLETE
e1a433d6d93644e090a8bcad4f3a7ab4000001:542759:542759 [1] NCCL INFO Init timings - ncclCommInitRankConfig: rank 1 nranks 4 total 0.19 (kernels 0.13, alloc 0.01, bootstrap 0.01, allgathers 0.00, topo 0.02, graphs 0.00, connections 0.02, rest 0.00)
e1a433d6d93644e090a8bcad4f3a7ab4000001:542759:542759 [1] NCCL INFO Channel 00 : 1[1] -> 2[2] via SHM/direct/direct
e1a433d6d93644e090a8bcad4f3a7ab4000001:542761:542761 [3] NCCL INFO Channel 00 : 3[3] -> 0[0] via SHM/direct/direct
e1a433d6d93644e090a8bcad4f3a7ab4000001:542759:542759 [1] NCCL INFO Channel 01 : 1[1] -> 2[2] via SHM/direct/direct
e1a433d6d93644e090a8bcad4f3a7ab4000001:542759:542759 [1] NCCL INFO Channel 02 : 1[1] -> 2[2] via SHM/direct/direct
e1a433d6d93644e090a8bcad4f3a7ab4000001:542761:542761 [3] NCCL INFO Channel 01 : 3[3] -> 0[0] via SHM/direct/direct
e1a433d6d93644e090a8bcad4f3a7ab4000001:542761:542761 [3] NCCL INFO Channel 02 : 3[3] -> 0[0] via SHM/direct/direct
e1a433d6d93644e090a8bcad4f3a7ab4000001:542759:542759 [1] NCCL INFO Channel 03 : 1[1] -> 2[2] via SHM/direct/direct
e1a433d6d93644e090a8bcad4f3a7ab4000001:542761:542761 [3] NCCL INFO Channel 03 : 3[3] -> 0[0] via SHM/direct/direct
e1a433d6d93644e090a8bcad4f3a7ab4000001:542759:542759 [1] NCCL INFO Channel 04 : 1[1] -> 2[2] via SHM/direct/direct
e1a433d6d93644e090a8bcad4f3a7ab4000001:542761:542761 [3] NCCL INFO Channel 04 : 3[3] -> 0[0] via SHM/direct/direct
e1a433d6d93644e090a8bcad4f3a7ab4000001:542759:542759 [1] NCCL INFO Channel 05 : 1[1] -> 2[2] via SHM/direct/direct
e1a433d6d93644e090a8bcad4f3a7ab4000001:542758:542758 [0] NCCL INFO Channel 00/0 : 0[0] -> 1[1] via P2P/CUMEM/read
e1a433d6d93644e090a8bcad4f3a7ab4000001:542760:542760 [2] NCCL INFO Channel 00/0 : 2[2] -> 3[3] via P2P/CUMEM/read
e1a433d6d93644e090a8bcad4f3a7ab4000001:542760:542760 [2] NCCL INFO Channel 01/0 : 2[2] -> 3[3] via P2P/CUMEM/read
e1a433d6d93644e090a8bcad4f3a7ab4000001:542758:542758 [0] NCCL INFO Channel 01/0 : 0[0] -> 1[1] via P2P/CUMEM/read
e1a433d6d93644e090a8bcad4f3a7ab4000001:542761:542761 [3] NCCL INFO Channel 05 : 3[3] -> 0[0] via SHM/direct/direct
e1a433d6d93644e090a8bcad4f3a7ab4000001:542759:542759 [1] NCCL INFO Channel 06 : 1[1] -> 2[2] via SHM/direct/direct
e1a433d6d93644e090a8bcad4f3a7ab4000001:542758:542758 [0] NCCL INFO Channel 02/0 : 0[0] -> 1[1] via P2P/CUMEM/read
e1a433d6d93644e090a8bcad4f3a7ab4000001:542760:542760 [2] NCCL INFO Channel 02/0 : 2[2] -> 3[3] via P2P/CUMEM/read
e1a433d6d93644e090a8bcad4f3a7ab4000001:542758:542758 [0] NCCL INFO Channel 03/0 : 0[0] -> 1[1] via P2P/CUMEM/read
e1a433d6d93644e090a8bcad4f3a7ab4000001:542760:542760 [2] NCCL INFO Channel 03/0 : 2[2] -> 3[3] via P2P/CUMEM/read
e1a433d6d93644e090a8bcad4f3a7ab4000001:542759:542759 [1] NCCL INFO Channel 07 : 1[1] -> 2[2] via SHM/direct/direct
e1a433d6d93644e090a8bcad4f3a7ab4000001:542761:542761 [3] NCCL INFO Channel 06 : 3[3] -> 0[0] via SHM/direct/direct
e1a433d6d93644e090a8bcad4f3a7ab4000001:542758:542758 [0] NCCL INFO Channel 04/0 : 0[0] -> 1[1] via P2P/CUMEM/read
e1a433d6d93644e090a8bcad4f3a7ab4000001:542760:542760 [2] NCCL INFO Channel 04/0 : 2[2] -> 3[3] via P2P/CUMEM/read
e1a433d6d93644e090a8bcad4f3a7ab4000001:542758:542758 [0] NCCL INFO Channel 05/0 : 0[0] -> 1[1] via P2P/CUMEM/read
e1a433d6d93644e090a8bcad4f3a7ab4000001:542761:542761 [3] NCCL INFO Channel 07 : 3[3] -> 0[0] via SHM/direct/direct
e1a433d6d93644e090a8bcad4f3a7ab4000001:542760:542760 [2] NCCL INFO Channel 05/0 : 2[2] -> 3[3] via P2P/CUMEM/read
e1a433d6d93644e090a8bcad4f3a7ab4000001:542758:542758 [0] NCCL INFO Channel 06/0 : 0[0] -> 1[1] via P2P/CUMEM/read
e1a433d6d93644e090a8bcad4f3a7ab4000001:542760:542760 [2] NCCL INFO Channel 06/0 : 2[2] -> 3[3] via P2P/CUMEM/read
e1a433d6d93644e090a8bcad4f3a7ab4000001:542758:542758 [0] NCCL INFO Channel 07/0 : 0[0] -> 1[1] via P2P/CUMEM/read
e1a433d6d93644e090a8bcad4f3a7ab4000001:542760:542760 [2] NCCL INFO Channel 07/0 : 2[2] -> 3[3] via P2P/CUMEM/read
e1a433d6d93644e090a8bcad4f3a7ab4000001:542759:542759 [1] NCCL INFO Connected all rings, use ring PXN 0 GDR 1
e1a433d6d93644e090a8bcad4f3a7ab4000001:542761:542761 [3] NCCL INFO Connected all rings, use ring PXN 0 GDR 1
e1a433d6d93644e090a8bcad4f3a7ab4000001:542760:542760 [2] NCCL INFO Connected all rings, use ring PXN 0 GDR 1
e1a433d6d93644e090a8bcad4f3a7ab4000001:542758:542758 [0] NCCL INFO Connected all rings, use ring PXN 0 GDR 1
Hyperparameters:
  adam_eps: 1e-08
  adam_wd: 0.02
  beta1: 0.9
  beta2: 0.95
  bigram_dim: 64
  bigram_vocab_size: 1024
  clip_mult_early: 1.0
  clip_mult_late: 1.0
  clip_mult_loop: 1.0
  clip_mult_mid: 1.0
  compress_ans: True
  compress_brotli: False
  compress_lzma: False
  compressor: brotli
  data_dir: ./data2/
  datasets_dir: ./data2/datasets/fineweb10B_sp8192
  distributed: True
  effective_train_seq_len: <property object at 0x145b96e37330>
  ema_decay: 0.9965
  embed_bits: 8
  embed_clip_sigmas: 20.0
  embed_lr: 0.6
  embed_wd: 0.085
  embedding_dim: 512
  enable_looping_at: 0.35
  eval_seq_len: 2048
  eval_stride: 64
  fused_mlp: True
  fused_rope: True
  gated_attention: True
  gptq_calibration_batches: 128
  gptq_reserve_seconds: 12.0
  grad_accum_steps: 2
  grad_clip_norm: 0.3
  head_lr: 0.008
  hessian_clip_lambda: 0.0
  is_main_process: True
  iterations: 20000
  ln_scale: True
  local_rank: 0
  logfile: logs/exp85_bigram_trigram.txt
  logit_softcap: 20.0
  loop_embeddings: False
  loop_end: 5
  loop_layer_bits: 0
  loop_layer_clip_sigmas: 0.0
  loop_start: 3
  matrix_bits: 6
  matrix_clip_sigmas: 15.0
  matrix_lr: 0.022
  max_wallclock_seconds: 3600.0
  min_lr: 0.0
  mixed_seq_gpu_frac: 0.375
  mixed_seq_len: 0
  mlp_mult: 4.0
  model_dim: 512
  model_path: final_model.pt
  moe_enabled: False
  moe_layers: 3,5,7,9
  moe_num_experts: 4
  moe_top_k: 2
  muon_backend_steps: 5
  muon_beta2: 0.95
  muon_momentum: 0.97
  muon_momentum_warmup_start: 0.92
  muon_momentum_warmup_steps: 1500
  muon_row_normalize: True
  muon_wd: 0.095
  normuon: False
  num_heads: 8
  num_kv_heads: 4
  num_layers: 11
  num_loops: 2
  parallel_residual_start: 7
  qk_gain_init: 5.25
  quantized_model_path: final_model.int6.ptz
  rank: 0
  rope_base: 10000.0
  rope_dims: 32
  rope_train_seq_len: 2048
  run_id: exp85_bigram_trigram
  scalar_lr: 0.022
  seed: 1337
  skip_gates_enabled: True
  sliding_window_enabled: True
  tie_embeddings: True
  tied_embed_init_std: 0.005
  tied_embed_lr: 0.03
  tokenizer_path: ./data2/tokenizers/fineweb_8192_bpe.model
  train_batch_tokens: 786432
  train_files: ./data2/datasets/fineweb10B_sp8192/fineweb_train_*.bin
  train_log_every: 500
  train_seq_len: 2048
  trigram_dim: 64
  trigram_vocab_size: 1024
  ttt_batch_size: 64
  ttt_beta1: 0.0
  ttt_beta2: 0.999
  ttt_chunk_size: 48
  ttt_enabled: False
  ttt_eval_seq_len: 2048
  ttt_fp_chunk_tokens: 32768
  ttt_fp_epochs: 3
  ttt_fp_lr: 0.001
  ttt_fp_momentum: 0.9
  ttt_grad_steps: 1
  ttt_k_lora: True
  ttt_layer_debug: False
  ttt_layer_debug_tol: 0.001
  ttt_lora_lr: 5e-05
  ttt_lora_rank: 64
  ttt_mlp_lora: True
  ttt_o_lora: True
  ttt_sanity_check: False
  ttt_weight_decay: 0.2
  val_batch_tokens: 524288
  val_files: ./data2/datasets/fineweb10B_sp8192/fineweb_val_*.bin
  val_loss_every: 4000
  varlen_attention: False
  vocab_size: 8192
  warmdown_frac: 0.85
  warmdown_wd_mult: 1.0
  warmup_steps: 20
  window_attn_layers: 
  window_attn_size: 0
  world_size: 4
  xsa_last_n: 11
train_shards: 80
val_tokens: 40540160
model_params:36186290
gptq:reserving 12s, effective=3588000ms
warmup_step: 1/20
warmup_step: 2/20
warmup_step: 3/20
warmup_step: 4/20
warmup_step: 5/20
warmup_step: 6/20
warmup_step: 10/20
warmup_step: 20/20
loop_warmup:enabled encoder:[0, 1, 2, 3, 4, 5, 3, 4] decoder:[5, 3, 4, 5, 6, 7, 8, 9, 10]
loop_warmup_step: 1/20
loop_warmup_step: 2/20
loop_warmup_step: 3/20
loop_warmup_step: 4/20
loop_warmup_step: 5/20
loop_warmup_step: 6/20
loop_warmup_step: 10/20
loop_warmup_step: 20/20
0/20000 val_loss: 9.0083 val_bpb: 3.4872
1/20000 train_loss: 9.0080 train_time: 0.0m tok/s: 1606301
2/20000 train_loss: 11.2803 train_time: 0.0m tok/s: 1590271
3/20000 train_loss: 9.9839 train_time: 0.0m tok/s: 1573622
4/20000 train_loss: 8.3894 train_time: 0.0m tok/s: 1563894
5/20000 train_loss: 7.4048 train_time: 0.0m tok/s: 1557816
500/20000 train_loss: 3.3171 train_time: 4.3m tok/s: 1526390
1000/20000 train_loss: 3.2257 train_time: 8.6m tok/s: 1529506
1500/20000 train_loss: 3.1110 train_time: 12.8m tok/s: 1530468
2000/20000 train_loss: 3.1098 train_time: 17.1m tok/s: 1530970
layer_loop:enabled step:2446 frac:0.350 encoder:[0, 1, 2, 3, 4, 5, 3, 4] decoder:[5, 3, 4, 5, 6, 7, 8, 9, 10]
2500/20000 train_loss: 3.1247 train_time: 21.7m tok/s: 1513310
3000/20000 train_loss: 3.0376 train_time: 28.1m tok/s: 1397024
3500/20000 train_loss: 3.0054 train_time: 34.7m tok/s: 1323867
4000/20000 train_loss: 2.9435 train_time: 41.1m tok/s: 1274260
4000/20000 val_loss: 2.9173 val_bpb: 1.1293
4500/20000 train_loss: 2.8693 train_time: 47.6m tok/s: 1237930
5000/20000 train_loss: 2.8353 train_time: 54.1m tok/s: 1210556
5436/20000 val_loss: 2.7844 val_bpb: 1.0779
stopping_early: wallclock_cap train_time: 3588239ms step: 5436/20000
peak memory allocated: 37697 MiB reserved: 37824 MiB
ema:applying EMA weights
pre-quantization post-ema val_loss:2.78293784 val_bpb:1.07730578 eval_time:21897ms
Serialized model: 136145201 bytes
Code size: 145056 bytes
GPTQ:collecting Hessians from calibration data...
GPTQ:collected 67 Hessians in 48.6s
Quantized weights:
  gptq (int6): blocks.attn.c_k.weight, blocks.attn.c_q.weight, blocks.attn.c_v.weight, blocks.attn.proj.weight, blocks.mlp.fc.weight, blocks.mlp.proj.weight
  gptq (int8): tok_emb.weight
  passthrough (float16): bigram.emb.weight, bigram.proj.weight, bigram.scale, blocks.attn.gate_proj.bias, blocks.attn.gate_proj.weight, blocks.attn.q_gain, blocks.attn_scale, blocks.mlp_scale, blocks.resid_mix, skip_gates, skip_weights, trigram.emb.weight, trigram.proj.weight, trigram.scale
compress:ans 15379113 bytes (14.2s)
  ans: model=15379113 total=15524169
compress:using ans (15379113 bytes)
Serialized model quantized+compressed: 15379113 bytes
Total submission size quantized+compressed: 15524169 bytes
quantized val_loss:2.82256186 val_bpb:1.09264467 eval_time:11802ms
sliding_progress: batch 1/4949 tokens:0 running_loss:0.0000 running_bpb:0.0000 elapsed:0.0s
sliding_progress: batch 501/4949 tokens:1025984 running_loss:2.7462 running_bpb:1.0786 elapsed:68.9s
sliding_progress: batch 1001/4949 tokens:2049984 running_loss:2.7338 running_bpb:1.0785 elapsed:111.9s
sliding_progress: batch 1501/4949 tokens:3073984 running_loss:2.7288 running_bpb:1.0748 elapsed:154.7s
sliding_progress: batch 2001/4949 tokens:4097984 running_loss:2.7391 running_bpb:1.0809 elapsed:197.6s
sliding_progress: batch 2501/4949 tokens:5121984 running_loss:2.7362 running_bpb:1.0801 elapsed:240.5s
sliding_progress: batch 3001/4949 tokens:6145984 running_loss:2.7379 running_bpb:1.0798 elapsed:283.4s
sliding_progress: batch 3501/4949 tokens:7169984 running_loss:2.7468 running_bpb:1.0804 elapsed:326.2s
sliding_progress: batch 4001/4949 tokens:8193984 running_loss:2.7533 running_bpb:1.0815 elapsed:369.1s
sliding_progress: batch 4501/4949 tokens:9217984 running_loss:2.7615 running_bpb:1.0816 elapsed:411.9s
sliding_progress: batch 4949/4949 tokens:10135488 running_loss:2.7687 running_bpb:1.0808 elapsed:450.4s
quantized_sliding_window val_loss:2.77952994 val_bpb:1.07604266 eval_time:478012ms
e1a433d6d93644e090a8bcad4f3a7ab4000001:542761:542761 [3] NCCL INFO comm 0x1fe07d50 rank 3 nranks 4 cudaDev 3 busId 400000 - Destroy COMPLETE
e1a433d6d93644e090a8bcad4f3a7ab4000001:542758:542758 [0] NCCL INFO comm 0x2e4695e0 rank 0 nranks 4 cudaDev 0 busId 100000 - Destroy COMPLETE
e1a433d6d93644e090a8bcad4f3a7ab4000001:542760:542760 [2] NCCL INFO comm 0x3b2f1040 rank 2 nranks 4 cudaDev 2 busId 300000 - Destroy COMPLETE
e1a433d6d93644e090a8bcad4f3a7ab4000001:542759:542759 [1] NCCL INFO comm 0x2acf6130 rank 1 nranks 4 cudaDev 1 busId 200000 - Destroy COMPLETE
e1a433d6d93644e090a8bcad4f3a7ab4000001:542758:542758 [0] NCCL INFO ENV/Plugin: Closing env plugin ncclEnvDefault
e1a433d6d93644e090a8bcad4f3a7ab4000001:542759:542759 [1] NCCL INFO ENV/Plugin: Closing env plugin ncclEnvDefault
e1a433d6d93644e090a8bcad4f3a7ab4000001:542761:542761 [3] NCCL INFO ENV/Plugin: Closing env plugin ncclEnvDefault
e1a433d6d93644e090a8bcad4f3a7ab4000001:542760:542760 [2] NCCL INFO ENV/Plugin: Closing env plugin ncclEnvDefault
