nohup: ignoring input
W0410 20:17:07.672000 34618 torch/distributed/run.py:851] 
W0410 20:17:07.672000 34618 torch/distributed/run.py:851] *****************************************
W0410 20:17:07.672000 34618 torch/distributed/run.py:851] Setting OMP_NUM_THREADS environment variable for each process to be 1 in default, to avoid your system being overloaded, please further tune the variable for optimal performance in your application as needed. 
W0410 20:17:07.672000 34618 torch/distributed/run.py:851] *****************************************
027ffb5017964723bac512bf427add6d000002:34692:34692 [0] NCCL INFO ENV/Plugin: Could not find: libnccl-env.so
027ffb5017964723bac512bf427add6d000002:34692:34692 [0] NCCL INFO Stack size limit (unlimited) is unsafe; will use 8192KB for newly launched threads
027ffb5017964723bac512bf427add6d000002:34692:34692 [0] NCCL INFO NCCL_SOCKET_IFNAME set by environment to eth0
027ffb5017964723bac512bf427add6d000002:34692:34692 [0] NCCL INFO Bootstrap: Using eth0:10.0.0.5<0>
027ffb5017964723bac512bf427add6d000002:34692:34692 [0] NCCL INFO cudaDriverVersion 13020
027ffb5017964723bac512bf427add6d000002:34692:34692 [0] NCCL INFO NCCL version 2.28.9+cuda13.0
027ffb5017964723bac512bf427add6d000002:34695:34695 [3] NCCL INFO ENV/Plugin: Could not find: libnccl-env.so
027ffb5017964723bac512bf427add6d000002:34693:34693 [1] NCCL INFO ENV/Plugin: Could not find: libnccl-env.so
027ffb5017964723bac512bf427add6d000002:34694:34694 [2] NCCL INFO ENV/Plugin: Could not find: libnccl-env.so
027ffb5017964723bac512bf427add6d000002:34695:34695 [3] NCCL INFO cudaDriverVersion 13020
027ffb5017964723bac512bf427add6d000002:34693:34693 [1] NCCL INFO cudaDriverVersion 13020
027ffb5017964723bac512bf427add6d000002:34694:34694 [2] NCCL INFO cudaDriverVersion 13020
027ffb5017964723bac512bf427add6d000002:34694:34694 [2] NCCL INFO Stack size limit (unlimited) is unsafe; will use 8192KB for newly launched threads
027ffb5017964723bac512bf427add6d000002:34694:34694 [2] NCCL INFO NCCL_SOCKET_IFNAME set by environment to eth0
027ffb5017964723bac512bf427add6d000002:34695:34695 [3] NCCL INFO Stack size limit (unlimited) is unsafe; will use 8192KB for newly launched threads
027ffb5017964723bac512bf427add6d000002:34695:34695 [3] NCCL INFO NCCL_SOCKET_IFNAME set by environment to eth0
027ffb5017964723bac512bf427add6d000002:34693:34693 [1] NCCL INFO Stack size limit (unlimited) is unsafe; will use 8192KB for newly launched threads
027ffb5017964723bac512bf427add6d000002:34693:34693 [1] NCCL INFO NCCL_SOCKET_IFNAME set by environment to eth0
027ffb5017964723bac512bf427add6d000002:34692:34692 [0] NCCL INFO Comm config Blocking set to 1
027ffb5017964723bac512bf427add6d000002:34694:34694 [2] NCCL INFO Bootstrap: Using eth0:10.0.0.5<0>
027ffb5017964723bac512bf427add6d000002:34694:34694 [2] NCCL INFO NCCL version 2.28.9+cuda13.0
027ffb5017964723bac512bf427add6d000002:34693:34693 [1] NCCL INFO Bootstrap: Using eth0:10.0.0.5<0>
027ffb5017964723bac512bf427add6d000002:34695:34695 [3] NCCL INFO Bootstrap: Using eth0:10.0.0.5<0>
027ffb5017964723bac512bf427add6d000002:34693:34693 [1] NCCL INFO NCCL version 2.28.9+cuda13.0
027ffb5017964723bac512bf427add6d000002:34695:34695 [3] NCCL INFO NCCL version 2.28.9+cuda13.0
027ffb5017964723bac512bf427add6d000002:34694:34694 [2] NCCL INFO Comm config Blocking set to 1
027ffb5017964723bac512bf427add6d000002:34693:34693 [1] NCCL INFO Comm config Blocking set to 1
027ffb5017964723bac512bf427add6d000002:34695:34695 [3] NCCL INFO Comm config Blocking set to 1
027ffb5017964723bac512bf427add6d000002:34692:34692 [0] NCCL INFO NET/Plugin: Could not find: libnccl-net.so
027ffb5017964723bac512bf427add6d000002:34692:34692 [0] NCCL INFO NCCL_IB_DISABLE set by environment to 1.
027ffb5017964723bac512bf427add6d000002:34692:34692 [0] NCCL INFO transport/net_ib.cc:852 -> 3
027ffb5017964723bac512bf427add6d000002:34692:34692 [0] NCCL INFO Failed to initialize NET plugin IB
027ffb5017964723bac512bf427add6d000002:34692:34692 [0] NCCL INFO NCCL_SOCKET_IFNAME set by environment to eth0
027ffb5017964723bac512bf427add6d000002:34692:34692 [0] NCCL INFO NET/Socket : Using [0]eth0:10.0.0.5<0>
027ffb5017964723bac512bf427add6d000002:34692:34692 [0] NCCL INFO Initialized NET plugin Socket
027ffb5017964723bac512bf427add6d000002:34692:34692 [0] NCCL INFO Assigned NET plugin Socket to comm
027ffb5017964723bac512bf427add6d000002:34692:34692 [0] NCCL INFO Using network Socket
027ffb5017964723bac512bf427add6d000002:34694:34694 [2] NCCL INFO NET/Plugin: Could not find: libnccl-net.so
027ffb5017964723bac512bf427add6d000002:34693:34693 [1] NCCL INFO NET/Plugin: Could not find: libnccl-net.so
027ffb5017964723bac512bf427add6d000002:34694:34694 [2] NCCL INFO NCCL_IB_DISABLE set by environment to 1.
027ffb5017964723bac512bf427add6d000002:34694:34694 [2] NCCL INFO transport/net_ib.cc:852 -> 3
027ffb5017964723bac512bf427add6d000002:34693:34693 [1] NCCL INFO NCCL_IB_DISABLE set by environment to 1.
027ffb5017964723bac512bf427add6d000002:34694:34694 [2] NCCL INFO Failed to initialize NET plugin IB
027ffb5017964723bac512bf427add6d000002:34693:34693 [1] NCCL INFO transport/net_ib.cc:852 -> 3
027ffb5017964723bac512bf427add6d000002:34693:34693 [1] NCCL INFO Failed to initialize NET plugin IB
027ffb5017964723bac512bf427add6d000002:34694:34694 [2] NCCL INFO NCCL_SOCKET_IFNAME set by environment to eth0
027ffb5017964723bac512bf427add6d000002:34693:34693 [1] NCCL INFO NCCL_SOCKET_IFNAME set by environment to eth0
027ffb5017964723bac512bf427add6d000002:34693:34693 [1] NCCL INFO NET/Socket : Using [0]eth0:10.0.0.5<0>
027ffb5017964723bac512bf427add6d000002:34694:34694 [2] NCCL INFO NET/Socket : Using [0]eth0:10.0.0.5<0>
027ffb5017964723bac512bf427add6d000002:34693:34693 [1] NCCL INFO Initialized NET plugin Socket
027ffb5017964723bac512bf427add6d000002:34694:34694 [2] NCCL INFO Initialized NET plugin Socket
027ffb5017964723bac512bf427add6d000002:34693:34693 [1] NCCL INFO Assigned NET plugin Socket to comm
027ffb5017964723bac512bf427add6d000002:34694:34694 [2] NCCL INFO Assigned NET plugin Socket to comm
027ffb5017964723bac512bf427add6d000002:34693:34693 [1] NCCL INFO Using network Socket
027ffb5017964723bac512bf427add6d000002:34694:34694 [2] NCCL INFO Using network Socket
027ffb5017964723bac512bf427add6d000002:34695:34695 [3] NCCL INFO NET/Plugin: Could not find: libnccl-net.so
027ffb5017964723bac512bf427add6d000002:34695:34695 [3] NCCL INFO NCCL_IB_DISABLE set by environment to 1.
027ffb5017964723bac512bf427add6d000002:34695:34695 [3] NCCL INFO transport/net_ib.cc:852 -> 3
027ffb5017964723bac512bf427add6d000002:34695:34695 [3] NCCL INFO Failed to initialize NET plugin IB
027ffb5017964723bac512bf427add6d000002:34695:34695 [3] NCCL INFO NCCL_SOCKET_IFNAME set by environment to eth0
027ffb5017964723bac512bf427add6d000002:34695:34695 [3] NCCL INFO NET/Socket : Using [0]eth0:10.0.0.5<0>
027ffb5017964723bac512bf427add6d000002:34695:34695 [3] NCCL INFO Initialized NET plugin Socket
027ffb5017964723bac512bf427add6d000002:34695:34695 [3] NCCL INFO Assigned NET plugin Socket to comm
027ffb5017964723bac512bf427add6d000002:34695:34695 [3] NCCL INFO Using network Socket
027ffb5017964723bac512bf427add6d000002:34692:34692 [0] NCCL INFO ncclCommInitRankConfig comm 0x4367d850 rank 0 nranks 4 cudaDev 0 nvmlDev 0 busId 100000 commId 0xb8599fd48f76916d - Init START
027ffb5017964723bac512bf427add6d000002:34694:34694 [2] NCCL INFO ncclCommInitRankConfig comm 0xdc98250 rank 2 nranks 4 cudaDev 2 nvmlDev 2 busId 300000 commId 0xb8599fd48f76916d - Init START
027ffb5017964723bac512bf427add6d000002:34693:34693 [1] NCCL INFO ncclCommInitRankConfig comm 0x2bef31b0 rank 1 nranks 4 cudaDev 1 nvmlDev 1 busId 200000 commId 0xb8599fd48f76916d - Init START
027ffb5017964723bac512bf427add6d000002:34695:34695 [3] NCCL INFO ncclCommInitRankConfig comm 0x11da0bf0 rank 3 nranks 4 cudaDev 3 nvmlDev 3 busId 400000 commId 0xb8599fd48f76916d - Init START
027ffb5017964723bac512bf427add6d000002:34693:34693 [1] NCCL INFO RAS client listening socket at 127.0.0.1<28028>
027ffb5017964723bac512bf427add6d000002:34694:34694 [2] NCCL INFO RAS client listening socket at 127.0.0.1<28028>
027ffb5017964723bac512bf427add6d000002:34695:34695 [3] NCCL INFO RAS client listening socket at 127.0.0.1<28028>
027ffb5017964723bac512bf427add6d000002:34692:34692 [0] NCCL INFO RAS client listening socket at 127.0.0.1<28028>
027ffb5017964723bac512bf427add6d000002:34694:34694 [2] NCCL INFO Bootstrap timings total 0.001848 (create 0.000039, send 0.000155, recv 0.000997, ring 0.000294, delay 0.000001)
027ffb5017964723bac512bf427add6d000002:34693:34693 [1] NCCL INFO Bootstrap timings total 0.001687 (create 0.000031, send 0.000104, recv 0.000720, ring 0.000399, delay 0.000000)
027ffb5017964723bac512bf427add6d000002:34695:34695 [3] NCCL INFO Bootstrap timings total 0.001496 (create 0.000043, send 0.000136, recv 0.000790, ring 0.000124, delay 0.000001)
027ffb5017964723bac512bf427add6d000002:34692:34692 [0] NCCL INFO Bootstrap timings total 0.006208 (create 0.000040, send 0.000141, recv 0.005073, ring 0.000094, delay 0.000001)
027ffb5017964723bac512bf427add6d000002:34695:34695 [3] NCCL INFO ncclTopoGetCpuAffinity: Affinity for GPU 3 is 72-95. (GPU affinity = 72-95 ; CPU affinity = 0-95).
027ffb5017964723bac512bf427add6d000002:34695:34695 [3] NCCL INFO NVLS multicast support is not available on dev 3 (NVLS_NCHANNELS 0)
027ffb5017964723bac512bf427add6d000002:34692:34692 [0] NCCL INFO ncclTopoGetCpuAffinity: Affinity for GPU 0 is 0-23. (GPU affinity = 0-23 ; CPU affinity = 0-95).
027ffb5017964723bac512bf427add6d000002:34693:34693 [1] NCCL INFO ncclTopoGetCpuAffinity: Affinity for GPU 1 is 24-47. (GPU affinity = 24-47 ; CPU affinity = 0-95).
027ffb5017964723bac512bf427add6d000002:34692:34692 [0] NCCL INFO NVLS multicast support is not available on dev 0 (NVLS_NCHANNELS 0)
027ffb5017964723bac512bf427add6d000002:34693:34693 [1] NCCL INFO NVLS multicast support is not available on dev 1 (NVLS_NCHANNELS 0)
027ffb5017964723bac512bf427add6d000002:34694:34694 [2] NCCL INFO ncclTopoGetCpuAffinity: Affinity for GPU 2 is 48-71. (GPU affinity = 48-71 ; CPU affinity = 0-95).
027ffb5017964723bac512bf427add6d000002:34694:34694 [2] NCCL INFO NVLS multicast support is not available on dev 2 (NVLS_NCHANNELS 0)
027ffb5017964723bac512bf427add6d000002:34695:34695 [3] NCCL INFO comm 0x11da0bf0 rank 3 nRanks 4 nNodes 1 localRanks 4 localRank 3 MNNVL 0
027ffb5017964723bac512bf427add6d000002:34692:34692 [0] NCCL INFO comm 0x4367d850 rank 0 nRanks 4 nNodes 1 localRanks 4 localRank 0 MNNVL 0
027ffb5017964723bac512bf427add6d000002:34694:34694 [2] NCCL INFO comm 0xdc98250 rank 2 nRanks 4 nNodes 1 localRanks 4 localRank 2 MNNVL 0
027ffb5017964723bac512bf427add6d000002:34693:34693 [1] NCCL INFO comm 0x2bef31b0 rank 1 nRanks 4 nNodes 1 localRanks 4 localRank 1 MNNVL 0
027ffb5017964723bac512bf427add6d000002:34695:34695 [3] NCCL INFO Trees [0] -1/-1/-1->3->2 [1] -1/-1/-1->3->2 [2] -1/-1/-1->3->2 [3] -1/-1/-1->3->2 [4] -1/-1/-1->3->2 [5] -1/-1/-1->3->2 [6] -1/-1/-1->3->2 [7] -1/-1/-1->3->2
027ffb5017964723bac512bf427add6d000002:34692:34692 [0] NCCL INFO Channel 00/08 : 0 1 2 3
027ffb5017964723bac512bf427add6d000002:34693:34693 [1] NCCL INFO Trees [0] 2/-1/-1->1->0 [1] 2/-1/-1->1->0 [2] 2/-1/-1->1->0 [3] 2/-1/-1->1->0 [4] 2/-1/-1->1->0 [5] 2/-1/-1->1->0 [6] 2/-1/-1->1->0 [7] 2/-1/-1->1->0
027ffb5017964723bac512bf427add6d000002:34694:34694 [2] NCCL INFO Trees [0] 3/-1/-1->2->1 [1] 3/-1/-1->2->1 [2] 3/-1/-1->2->1 [3] 3/-1/-1->2->1 [4] 3/-1/-1->2->1 [5] 3/-1/-1->2->1 [6] 3/-1/-1->2->1 [7] 3/-1/-1->2->1
027ffb5017964723bac512bf427add6d000002:34695:34695 [3] NCCL INFO P2P Chunksize set to 131072
027ffb5017964723bac512bf427add6d000002:34692:34692 [0] NCCL INFO Channel 01/08 : 0 1 2 3
027ffb5017964723bac512bf427add6d000002:34693:34693 [1] NCCL INFO P2P Chunksize set to 131072
027ffb5017964723bac512bf427add6d000002:34694:34694 [2] NCCL INFO P2P Chunksize set to 131072
027ffb5017964723bac512bf427add6d000002:34692:34692 [0] NCCL INFO Channel 02/08 : 0 1 2 3
027ffb5017964723bac512bf427add6d000002:34692:34692 [0] NCCL INFO Channel 03/08 : 0 1 2 3
027ffb5017964723bac512bf427add6d000002:34692:34692 [0] NCCL INFO Channel 04/08 : 0 1 2 3
027ffb5017964723bac512bf427add6d000002:34692:34692 [0] NCCL INFO Channel 05/08 : 0 1 2 3
027ffb5017964723bac512bf427add6d000002:34692:34692 [0] NCCL INFO Channel 06/08 : 0 1 2 3
027ffb5017964723bac512bf427add6d000002:34692:34692 [0] NCCL INFO Channel 07/08 : 0 1 2 3
027ffb5017964723bac512bf427add6d000002:34692:34692 [0] NCCL INFO Trees [0] 1/-1/-1->0->-1 [1] 1/-1/-1->0->-1 [2] 1/-1/-1->0->-1 [3] 1/-1/-1->0->-1 [4] 1/-1/-1->0->-1 [5] 1/-1/-1->0->-1 [6] 1/-1/-1->0->-1 [7] 1/-1/-1->0->-1
027ffb5017964723bac512bf427add6d000002:34695:34695 [3] NCCL INFO PROFILER/Plugin: Could not find: libnccl-profiler.so
027ffb5017964723bac512bf427add6d000002:34692:34692 [0] NCCL INFO P2P Chunksize set to 131072
027ffb5017964723bac512bf427add6d000002:34695:34695 [3] NCCL INFO Check P2P Type isAllDirectP2p 0 directMode 0 isAllCudaP2p 0
027ffb5017964723bac512bf427add6d000002:34694:34694 [2] NCCL INFO PROFILER/Plugin: Could not find: libnccl-profiler.so
027ffb5017964723bac512bf427add6d000002:34693:34693 [1] NCCL INFO PROFILER/Plugin: Could not find: libnccl-profiler.so
027ffb5017964723bac512bf427add6d000002:34694:34694 [2] NCCL INFO Check P2P Type isAllDirectP2p 0 directMode 0 isAllCudaP2p 0
027ffb5017964723bac512bf427add6d000002:34693:34693 [1] NCCL INFO Check P2P Type isAllDirectP2p 0 directMode 0 isAllCudaP2p 0
027ffb5017964723bac512bf427add6d000002:34695:34730 [0] NCCL INFO [Proxy Service] Device 3 CPU core 75
027ffb5017964723bac512bf427add6d000002:34692:34692 [0] NCCL INFO PROFILER/Plugin: Could not find: libnccl-profiler.so
027ffb5017964723bac512bf427add6d000002:34692:34692 [0] NCCL INFO Check P2P Type isAllDirectP2p 0 directMode 0 isAllCudaP2p 0
027ffb5017964723bac512bf427add6d000002:34695:34731 [0] NCCL INFO [Proxy Service UDS] Device 3 CPU core 82
027ffb5017964723bac512bf427add6d000002:34694:34732 [0] NCCL INFO [Proxy Service] Device 2 CPU core 59
027ffb5017964723bac512bf427add6d000002:34692:34734 [0] NCCL INFO [Proxy Service] Device 0 CPU core 23
027ffb5017964723bac512bf427add6d000002:34694:34733 [0] NCCL INFO [Proxy Service UDS] Device 2 CPU core 68
027ffb5017964723bac512bf427add6d000002:34693:34735 [0] NCCL INFO [Proxy Service] Device 1 CPU core 46
027ffb5017964723bac512bf427add6d000002:34692:34736 [0] NCCL INFO [Proxy Service UDS] Device 0 CPU core 14
027ffb5017964723bac512bf427add6d000002:34693:34737 [0] NCCL INFO [Proxy Service UDS] Device 1 CPU core 32
027ffb5017964723bac512bf427add6d000002:34694:34694 [2] NCCL INFO TUNER/Plugin: Could not find: libnccl-tuner.so
027ffb5017964723bac512bf427add6d000002:34694:34694 [2] NCCL INFO threadThresholds 8/8/64 | 32/8/64 | 512 | 512
027ffb5017964723bac512bf427add6d000002:34694:34694 [2] NCCL INFO 8 coll channels, 8 collnet channels, 0 nvls channels, 8 p2p channels, 2 p2p channels per peer
027ffb5017964723bac512bf427add6d000002:34692:34692 [0] NCCL INFO TUNER/Plugin: Could not find: libnccl-tuner.so
027ffb5017964723bac512bf427add6d000002:34692:34692 [0] NCCL INFO threadThresholds 8/8/64 | 32/8/64 | 512 | 512
027ffb5017964723bac512bf427add6d000002:34692:34692 [0] NCCL INFO 8 coll channels, 8 collnet channels, 0 nvls channels, 8 p2p channels, 2 p2p channels per peer
027ffb5017964723bac512bf427add6d000002:34695:34695 [3] NCCL INFO TUNER/Plugin: Could not find: libnccl-tuner.so
027ffb5017964723bac512bf427add6d000002:34695:34695 [3] NCCL INFO threadThresholds 8/8/64 | 32/8/64 | 512 | 512
027ffb5017964723bac512bf427add6d000002:34695:34695 [3] NCCL INFO 8 coll channels, 8 collnet channels, 0 nvls channels, 8 p2p channels, 2 p2p channels per peer
027ffb5017964723bac512bf427add6d000002:34692:34692 [0] NCCL INFO CC Off, workFifoBytes 1048576
027ffb5017964723bac512bf427add6d000002:34693:34693 [1] NCCL INFO TUNER/Plugin: Could not find: libnccl-tuner.so
027ffb5017964723bac512bf427add6d000002:34693:34693 [1] NCCL INFO threadThresholds 8/8/64 | 32/8/64 | 512 | 512
027ffb5017964723bac512bf427add6d000002:34693:34693 [1] NCCL INFO 8 coll channels, 8 collnet channels, 0 nvls channels, 8 p2p channels, 2 p2p channels per peer
027ffb5017964723bac512bf427add6d000002:34692:34692 [0] NCCL INFO ncclCommInitRankConfig comm 0x4367d850 rank 0 nranks 4 cudaDev 0 nvmlDev 0 busId 100000 commId 0xb8599fd48f76916d - Init COMPLETE
027ffb5017964723bac512bf427add6d000002:34694:34694 [2] NCCL INFO ncclCommInitRankConfig comm 0xdc98250 rank 2 nranks 4 cudaDev 2 nvmlDev 2 busId 300000 commId 0xb8599fd48f76916d - Init COMPLETE
027ffb5017964723bac512bf427add6d000002:34695:34695 [3] NCCL INFO ncclCommInitRankConfig comm 0x11da0bf0 rank 3 nranks 4 cudaDev 3 nvmlDev 3 busId 400000 commId 0xb8599fd48f76916d - Init COMPLETE
027ffb5017964723bac512bf427add6d000002:34692:34692 [0] NCCL INFO Init timings - ncclCommInitRankConfig: rank 0 nranks 4 total 0.17 (kernels 0.13, alloc 0.00, bootstrap 0.01, allgathers 0.00, topo 0.02, graphs 0.00, connections 0.01, rest 0.00)
027ffb5017964723bac512bf427add6d000002:34694:34694 [2] NCCL INFO Init timings - ncclCommInitRankConfig: rank 2 nranks 4 total 0.17 (kernels 0.12, alloc 0.01, bootstrap 0.00, allgathers 0.00, topo 0.02, graphs 0.00, connections 0.01, rest 0.00)
027ffb5017964723bac512bf427add6d000002:34693:34693 [1] NCCL INFO ncclCommInitRankConfig comm 0x2bef31b0 rank 1 nranks 4 cudaDev 1 nvmlDev 1 busId 200000 commId 0xb8599fd48f76916d - Init COMPLETE
027ffb5017964723bac512bf427add6d000002:34695:34695 [3] NCCL INFO Init timings - ncclCommInitRankConfig: rank 3 nranks 4 total 0.17 (kernels 0.13, alloc 0.01, bootstrap 0.00, allgathers 0.00, topo 0.02, graphs 0.00, connections 0.01, rest 0.00)
027ffb5017964723bac512bf427add6d000002:34693:34693 [1] NCCL INFO Init timings - ncclCommInitRankConfig: rank 1 nranks 4 total 0.17 (kernels 0.12, alloc 0.01, bootstrap 0.00, allgathers 0.00, topo 0.02, graphs 0.00, connections 0.01, rest 0.00)
027ffb5017964723bac512bf427add6d000002:34693:34693 [1] NCCL INFO Channel 00 : 1[1] -> 2[2] via SHM/direct/direct
027ffb5017964723bac512bf427add6d000002:34695:34695 [3] NCCL INFO Channel 00 : 3[3] -> 0[0] via SHM/direct/direct
027ffb5017964723bac512bf427add6d000002:34693:34693 [1] NCCL INFO Channel 01 : 1[1] -> 2[2] via SHM/direct/direct
027ffb5017964723bac512bf427add6d000002:34695:34695 [3] NCCL INFO Channel 01 : 3[3] -> 0[0] via SHM/direct/direct
027ffb5017964723bac512bf427add6d000002:34693:34693 [1] NCCL INFO Channel 02 : 1[1] -> 2[2] via SHM/direct/direct
027ffb5017964723bac512bf427add6d000002:34695:34695 [3] NCCL INFO Channel 02 : 3[3] -> 0[0] via SHM/direct/direct
027ffb5017964723bac512bf427add6d000002:34693:34693 [1] NCCL INFO Channel 03 : 1[1] -> 2[2] via SHM/direct/direct
027ffb5017964723bac512bf427add6d000002:34695:34695 [3] NCCL INFO Channel 03 : 3[3] -> 0[0] via SHM/direct/direct
027ffb5017964723bac512bf427add6d000002:34693:34693 [1] NCCL INFO Channel 04 : 1[1] -> 2[2] via SHM/direct/direct
027ffb5017964723bac512bf427add6d000002:34695:34695 [3] NCCL INFO Channel 04 : 3[3] -> 0[0] via SHM/direct/direct
027ffb5017964723bac512bf427add6d000002:34694:34694 [2] NCCL INFO Channel 00/0 : 2[2] -> 3[3] via P2P/CUMEM/read
027ffb5017964723bac512bf427add6d000002:34692:34692 [0] NCCL INFO Channel 00/0 : 0[0] -> 1[1] via P2P/CUMEM/read
027ffb5017964723bac512bf427add6d000002:34692:34692 [0] NCCL INFO Channel 01/0 : 0[0] -> 1[1] via P2P/CUMEM/read
027ffb5017964723bac512bf427add6d000002:34694:34694 [2] NCCL INFO Channel 01/0 : 2[2] -> 3[3] via P2P/CUMEM/read
027ffb5017964723bac512bf427add6d000002:34693:34693 [1] NCCL INFO Channel 05 : 1[1] -> 2[2] via SHM/direct/direct
027ffb5017964723bac512bf427add6d000002:34695:34695 [3] NCCL INFO Channel 05 : 3[3] -> 0[0] via SHM/direct/direct
027ffb5017964723bac512bf427add6d000002:34692:34692 [0] NCCL INFO Channel 02/0 : 0[0] -> 1[1] via P2P/CUMEM/read
027ffb5017964723bac512bf427add6d000002:34694:34694 [2] NCCL INFO Channel 02/0 : 2[2] -> 3[3] via P2P/CUMEM/read
027ffb5017964723bac512bf427add6d000002:34692:34692 [0] NCCL INFO Channel 03/0 : 0[0] -> 1[1] via P2P/CUMEM/read
027ffb5017964723bac512bf427add6d000002:34695:34695 [3] NCCL INFO Channel 06 : 3[3] -> 0[0] via SHM/direct/direct
027ffb5017964723bac512bf427add6d000002:34694:34694 [2] NCCL INFO Channel 03/0 : 2[2] -> 3[3] via P2P/CUMEM/read
027ffb5017964723bac512bf427add6d000002:34693:34693 [1] NCCL INFO Channel 06 : 1[1] -> 2[2] via SHM/direct/direct
027ffb5017964723bac512bf427add6d000002:34692:34692 [0] NCCL INFO Channel 04/0 : 0[0] -> 1[1] via P2P/CUMEM/read
027ffb5017964723bac512bf427add6d000002:34692:34692 [0] NCCL INFO Channel 05/0 : 0[0] -> 1[1] via P2P/CUMEM/read
027ffb5017964723bac512bf427add6d000002:34694:34694 [2] NCCL INFO Channel 04/0 : 2[2] -> 3[3] via P2P/CUMEM/read
027ffb5017964723bac512bf427add6d000002:34695:34695 [3] NCCL INFO Channel 07 : 3[3] -> 0[0] via SHM/direct/direct
027ffb5017964723bac512bf427add6d000002:34693:34693 [1] NCCL INFO Channel 07 : 1[1] -> 2[2] via SHM/direct/direct
027ffb5017964723bac512bf427add6d000002:34692:34692 [0] NCCL INFO Channel 06/0 : 0[0] -> 1[1] via P2P/CUMEM/read
027ffb5017964723bac512bf427add6d000002:34694:34694 [2] NCCL INFO Channel 05/0 : 2[2] -> 3[3] via P2P/CUMEM/read
027ffb5017964723bac512bf427add6d000002:34692:34692 [0] NCCL INFO Channel 07/0 : 0[0] -> 1[1] via P2P/CUMEM/read
027ffb5017964723bac512bf427add6d000002:34694:34694 [2] NCCL INFO Channel 06/0 : 2[2] -> 3[3] via P2P/CUMEM/read
027ffb5017964723bac512bf427add6d000002:34694:34694 [2] NCCL INFO Channel 07/0 : 2[2] -> 3[3] via P2P/CUMEM/read
027ffb5017964723bac512bf427add6d000002:34694:34694 [2] NCCL INFO Connected all rings, use ring PXN 0 GDR 1
027ffb5017964723bac512bf427add6d000002:34692:34692 [0] NCCL INFO Connected all rings, use ring PXN 0 GDR 1
027ffb5017964723bac512bf427add6d000002:34693:34693 [1] NCCL INFO Connected all rings, use ring PXN 0 GDR 1
027ffb5017964723bac512bf427add6d000002:34695:34695 [3] NCCL INFO Connected all rings, use ring PXN 0 GDR 1
Hyperparameters:
  adam_eps: 1e-08
  adam_wd: 0.02
  beta1: 0.9
  beta2: 0.95
  compressor: brotli
  conv_kernel_size: 4
  data_dir: ./data2/
  datasets_dir: ./data2/datasets/fineweb10B_sp8192
  delta_chunk_size: 64
  distributed: True
  ema_decay: 0.9965
  embed_bits: 8
  embed_clip_sigmas: 20.0
  embed_lr: 0.6
  embed_wd: 0.085
  embedding_dim: 512
  enable_looping_at: 0.35
  etlb_clip: 3.0
  etlb_enabled: False
  etlb_lr: 0.05
  etlb_steps: 5
  eval_seq_len: 2048
  eval_stride: 64
  gptq_calibration_batches: 64
  gptq_reserve_seconds: 12.0
  grad_accum_steps: 2
  grad_clip_norm: 0.3
  head_lr: 0.008
  is_main_process: True
  iterations: 20000
  linear_attn_ratio: 0.75
  ln_scale: True
  local_rank: 0
  logfile: logs/gated_delta_net_baseline.txt
  logit_softcap: 30.0
  loop_end: 5
  loop_start: 3
  matrix_bits: 6
  matrix_clip_sigmas: 12.85
  matrix_lr: 0.022
  max_wallclock_seconds: 3600.0
  min_lr: 0.0
  mlp_mult: 4.0
  model_dim: 512
  model_path: final_model.pt
  muon_backend_steps: 5
  muon_beta2: 0.95
  muon_momentum: 0.99
  muon_momentum_warmup_start: 0.92
  muon_momentum_warmup_steps: 1500
  muon_row_normalize: True
  muon_wd: 0.095
  num_heads: 8
  num_kv_heads: 4
  num_layers: 11
  num_loops: 2
  parallel_residual_start: 7
  qk_gain_init: 5.25
  quantized_model_path: final_model.int6.ptz
  rank: 0
  rope_base: 10000.0
  rope_dims: 16
  rope_train_seq_len: 2048
  run_id: gated_delta_net_baseline
  scalar_lr: 0.02
  seed: 1337
  skip_gates_enabled: True
  sliding_window_enabled: True
  tie_embeddings: True
  tied_embed_init_std: 0.005
  tied_embed_lr: 0.03
  tokenizer_path: ./data2/tokenizers/fineweb_8192_bpe.model
  train_batch_tokens: 786432
  train_files: ./data2/datasets/fineweb10B_sp8192/fineweb_train_*.bin
  train_log_every: 500
  train_seq_len: 2048
  ttt_chunk_tokens: 32768
  ttt_enabled: False
  ttt_epochs: 3
  ttt_lr: 0.005
  ttt_momentum: 0.9
  val_batch_tokens: 524288
  val_files: ./data2/datasets/fineweb10B_sp8192/fineweb_val_*.bin
  val_loss_every: 500
  vocab_size: 8192
  warmdown_frac: 0.72
  warmup_steps: 20
  world_size: 4
  xsa_last_n: 11
train_shards: 128
val_tokens: 40540160
model_params:38927000
layer_types:['linear', 'linear', 'linear', 'full', 'linear', 'linear', 'full', 'linear', 'linear', 'linear', 'full']
gptq:reserving 12s, effective=3588000ms
[rank3]: Traceback (most recent call last):
[rank3]:   File "/root/parameter-golf/train_gpt_04_09.py", line 1573, in <module>
[rank3]:     main()
[rank3]:   File "/root/parameter-golf/train_gpt_04_09.py", line 1567, in main
[rank3]:     train_and_eval(h, device)
[rank3]:   File "/root/parameter-golf/train_gpt_04_09.py", line 1493, in train_and_eval
[rank3]:     base_model, compiled_model = train_model(h, device, val_data)
[rank3]:                                  ^^^^^^^^^^^^^^^^^^^^^^^^^^^^^^^^
[rank3]:   File "/root/parameter-golf/train_gpt_04_09.py", line 1407, in train_model
[rank3]:     step_fn(warmup_step, 1.0)
[rank3]:   File "/root/parameter-golf/train_gpt_04_09.py", line 1384, in step_fn
[rank3]:     loss = model(x, y)
[rank3]:            ^^^^^^^^^^^
[rank3]:   File "/root/parameter-golf/.venv/lib/python3.12/site-packages/torch/nn/modules/module.py", line 1779, in _wrapped_call_impl
[rank3]:     return self._call_impl(*args, **kwargs)
[rank3]:            ^^^^^^^^^^^^^^^^^^^^^^^^^^^^^^^^
[rank3]:   File "/root/parameter-golf/.venv/lib/python3.12/site-packages/torch/nn/modules/module.py", line 1790, in _call_impl
[rank3]:     return forward_call(*args, **kwargs)
[rank3]:            ^^^^^^^^^^^^^^^^^^^^^^^^^^^^^
[rank3]:   File "/root/parameter-golf/.venv/lib/python3.12/site-packages/torch/nn/parallel/distributed.py", line 1699, in forward
[rank3]:     else self._run_ddp_forward(*inputs, **kwargs)
[rank3]:          ^^^^^^^^^^^^^^^^^^^^^^^^^^^^^^^^^^^^^^^^
[rank3]:   File "/root/parameter-golf/.venv/lib/python3.12/site-packages/torch/nn/parallel/distributed.py", line 1524, in _run_ddp_forward
[rank3]:     return self.module(*inputs, **kwargs)  # type: ignore[index]
[rank3]:            ^^^^^^^^^^^^^^^^^^^^^^^^^^^^^^
[rank3]:   File "/root/parameter-golf/.venv/lib/python3.12/site-packages/torch/nn/modules/module.py", line 1779, in _wrapped_call_impl
[rank3]:     return self._call_impl(*args, **kwargs)
[rank3]:            ^^^^^^^^^^^^^^^^^^^^^^^^^^^^^^^^
[rank3]:   File "/root/parameter-golf/.venv/lib/python3.12/site-packages/torch/nn/modules/module.py", line 1790, in _call_impl
[rank3]:     return forward_call(*args, **kwargs)
[rank3]:            ^^^^^^^^^^^^^^^^^^^^^^^^^^^^^
[rank3]:   File "/root/parameter-golf/train_gpt_04_09.py", line 714, in forward
[rank3]:     logits = self.forward_logits(input_ids)
[rank3]:              ^^^^^^^^^^^^^^^^^^^^^^^^^^^^^^
[rank3]:   File "/root/parameter-golf/train_gpt_04_09.py", line 703, in forward_logits
[rank3]:     x = self.blocks[i](x, x0)
[rank3]:         ^^^^^^^^^^^^^^^^^^^^^
[rank3]:   File "/root/parameter-golf/.venv/lib/python3.12/site-packages/torch/nn/modules/module.py", line 1779, in _wrapped_call_impl
[rank3]:     return self._call_impl(*args, **kwargs)
[rank3]:            ^^^^^^^^^^^^^^^^^^^^^^^^^^^^^^^^
[rank3]:   File "/root/parameter-golf/.venv/lib/python3.12/site-packages/torch/nn/modules/module.py", line 1790, in _call_impl
[rank3]:     return forward_call(*args, **kwargs)
[rank3]:            ^^^^^^^^^^^^^^^^^^^^^^^^^^^^^
[rank3]:   File "/root/parameter-golf/train_gpt_04_09.py", line 557, in forward
[rank3]:     attn_out = self.attn(self.attn_norm(x_in) * self.ln_scale_factor)
[rank3]:                ^^^^^^^^^^^^^^^^^^^^^^^^^^^^^^^^^^^^^^^^^^^^^^^^^^^^^^
[rank3]:   File "/root/parameter-golf/.venv/lib/python3.12/site-packages/torch/nn/modules/module.py", line 1779, in _wrapped_call_impl
[rank3]:     return self._call_impl(*args, **kwargs)
[rank3]:            ^^^^^^^^^^^^^^^^^^^^^^^^^^^^^^^^
[rank3]:   File "/root/parameter-golf/.venv/lib/python3.12/site-packages/torch/nn/modules/module.py", line 1790, in _call_impl
[rank3]:     return forward_call(*args, **kwargs)
[rank3]:            ^^^^^^^^^^^^^^^^^^^^^^^^^^^^^
[rank3]:   File "/root/parameter-golf/train_gpt_04_09.py", line 441, in forward
[rank3]:     out = torch_chunk_gated_delta_rule(query, key, value, g=g, beta=beta, chunk_size=self.chunk_size)
[rank3]:           ^^^^^^^^^^^^^^^^^^^^^^^^^^^^^^^^^^^^^^^^^^^^^^^^^^^^^^^^^^^^^^^^^^^^^^^^^^^^^^^^^^^^^^^^^^^
[rank3]:   File "/root/parameter-golf/train_gpt_04_09.py", line 379, in torch_chunk_gated_delta_rule
[rank3]:     attn[..., i, :i] = row + (row.unsqueeze(-1) * sub).sum(-2)
[rank3]:                               ~~~~~~~~~~~~~~~~~~^~~~~
[rank3]: torch.OutOfMemoryError: CUDA out of memory. Tried to allocate 158.00 MiB. GPU 3 has a total capacity of 79.25 GiB of which 121.88 MiB is free. Including non-PyTorch memory, this process has 79.12 GiB memory in use. Of the allocated memory 78.08 GiB is allocated by PyTorch, and 329.60 MiB is reserved by PyTorch but unallocated. If reserved but unallocated memory is large try setting PYTORCH_CUDA_ALLOC_CONF=expandable_segments:True to avoid fragmentation.  See documentation for Memory Management  (https://docs.pytorch.org/docs/stable/notes/cuda.html#optimizing-memory-usage-with-pytorch-cuda-alloc-conf)
[rank0]: Traceback (most recent call last):
[rank0]:   File "/root/parameter-golf/train_gpt_04_09.py", line 1573, in <module>
[rank0]:     main()
[rank0]:   File "/root/parameter-golf/train_gpt_04_09.py", line 1567, in main
[rank0]:     train_and_eval(h, device)
[rank0]:   File "/root/parameter-golf/train_gpt_04_09.py", line 1493, in train_and_eval
[rank0]:     base_model, compiled_model = train_model(h, device, val_data)
[rank0]:                                  ^^^^^^^^^^^^^^^^^^^^^^^^^^^^^^^^
[rank0]:   File "/root/parameter-golf/train_gpt_04_09.py", line 1407, in train_model
[rank0]:     step_fn(warmup_step, 1.0)
[rank0]:   File "/root/parameter-golf/train_gpt_04_09.py", line 1384, in step_fn
[rank0]:     loss = model(x, y)
[rank0]:            ^^^^^^^^^^^
[rank0]:   File "/root/parameter-golf/.venv/lib/python3.12/site-packages/torch/nn/modules/module.py", line 1779, in _wrapped_call_impl
[rank0]:     return self._call_impl(*args, **kwargs)
[rank0]:            ^^^^^^^^^^^^^^^^^^^^^^^^^^^^^^^^
[rank0]:   File "/root/parameter-golf/.venv/lib/python3.12/site-packages/torch/nn/modules/module.py", line 1790, in _call_impl
[rank0]:     return forward_call(*args, **kwargs)
[rank0]:            ^^^^^^^^^^^^^^^^^^^^^^^^^^^^^
[rank0]:   File "/root/parameter-golf/.venv/lib/python3.12/site-packages/torch/nn/parallel/distributed.py", line 1699, in forward
[rank0]:     else self._run_ddp_forward(*inputs, **kwargs)
[rank0]:          ^^^^^^^^^^^^^^^^^^^^^^^^^^^^^^^^^^^^^^^^
[rank0]:   File "/root/parameter-golf/.venv/lib/python3.12/site-packages/torch/nn/parallel/distributed.py", line 1524, in _run_ddp_forward
[rank0]:     return self.module(*inputs, **kwargs)  # type: ignore[index]
[rank0]:            ^^^^^^^^^^^^^^^^^^^^^^^^^^^^^^
[rank0]:   File "/root/parameter-golf/.venv/lib/python3.12/site-packages/torch/nn/modules/module.py", line 1779, in _wrapped_call_impl
[rank0]:     return self._call_impl(*args, **kwargs)
[rank0]:            ^^^^^^^^^^^^^^^^^^^^^^^^^^^^^^^^
[rank0]:   File "/root/parameter-golf/.venv/lib/python3.12/site-packages/torch/nn/modules/module.py", line 1790, in _call_impl
[rank0]:     return forward_call(*args, **kwargs)
[rank0]:            ^^^^^^^^^^^^^^^^^^^^^^^^^^^^^
[rank0]:   File "/root/parameter-golf/train_gpt_04_09.py", line 714, in forward
[rank0]:     logits = self.forward_logits(input_ids)
[rank0]:              ^^^^^^^^^^^^^^^^^^^^^^^^^^^^^^
[rank0]:   File "/root/parameter-golf/train_gpt_04_09.py", line 703, in forward_logits
[rank0]:     x = self.blocks[i](x, x0)
[rank0]:         ^^^^^^^^^^^^^^^^^^^^^
[rank0]:   File "/root/parameter-golf/.venv/lib/python3.12/site-packages/torch/nn/modules/module.py", line 1779, in _wrapped_call_impl
[rank0]:     return self._call_impl(*args, **kwargs)
[rank0]:            ^^^^^^^^^^^^^^^^^^^^^^^^^^^^^^^^
[rank0]:   File "/root/parameter-golf/.venv/lib/python3.12/site-packages/torch/nn/modules/module.py", line 1790, in _call_impl
[rank0]:     return forward_call(*args, **kwargs)
[rank0]:            ^^^^^^^^^^^^^^^^^^^^^^^^^^^^^
[rank0]:   File "/root/parameter-golf/train_gpt_04_09.py", line 557, in forward
[rank0]:     attn_out = self.attn(self.attn_norm(x_in) * self.ln_scale_factor)
[rank0]:                ^^^^^^^^^^^^^^^^^^^^^^^^^^^^^^^^^^^^^^^^^^^^^^^^^^^^^^
[rank0]:   File "/root/parameter-golf/.venv/lib/python3.12/site-packages/torch/nn/modules/module.py", line 1779, in _wrapped_call_impl
[rank0]:     return self._call_impl(*args, **kwargs)
[rank0]:            ^^^^^^^^^^^^^^^^^^^^^^^^^^^^^^^^
[rank0]:   File "/root/parameter-golf/.venv/lib/python3.12/site-packages/torch/nn/modules/module.py", line 1790, in _call_impl
[rank0]:     return forward_call(*args, **kwargs)
[rank0]:            ^^^^^^^^^^^^^^^^^^^^^^^^^^^^^
[rank0]:   File "/root/parameter-golf/train_gpt_04_09.py", line 441, in forward
[rank0]:     out = torch_chunk_gated_delta_rule(query, key, value, g=g, beta=beta, chunk_size=self.chunk_size)
[rank0]:           ^^^^^^^^^^^^^^^^^^^^^^^^^^^^^^^^^^^^^^^^^^^^^^^^^^^^^^^^^^^^^^^^^^^^^^^^^^^^^^^^^^^^^^^^^^^
[rank0]:   File "/root/parameter-golf/train_gpt_04_09.py", line 379, in torch_chunk_gated_delta_rule
[rank0]:     attn[..., i, :i] = row + (row.unsqueeze(-1) * sub).sum(-2)
[rank0]:                               ~~~~~~~~~~~~~~~~~~^~~~~
[rank0]: torch.OutOfMemoryError: CUDA out of memory. Tried to allocate 158.00 MiB. GPU 0 has a total capacity of 79.25 GiB of which 121.88 MiB is free. Including non-PyTorch memory, this process has 79.12 GiB memory in use. Of the allocated memory 78.08 GiB is allocated by PyTorch, and 329.60 MiB is reserved by PyTorch but unallocated. If reserved but unallocated memory is large try setting PYTORCH_CUDA_ALLOC_CONF=expandable_segments:True to avoid fragmentation.  See documentation for Memory Management  (https://docs.pytorch.org/docs/stable/notes/cuda.html#optimizing-memory-usage-with-pytorch-cuda-alloc-conf)
[rank2]: Traceback (most recent call last):
[rank2]:   File "/root/parameter-golf/train_gpt_04_09.py", line 1573, in <module>
[rank2]:     main()
[rank2]:   File "/root/parameter-golf/train_gpt_04_09.py", line 1567, in main
[rank2]:     train_and_eval(h, device)
[rank2]:   File "/root/parameter-golf/train_gpt_04_09.py", line 1493, in train_and_eval
[rank2]:     base_model, compiled_model = train_model(h, device, val_data)
[rank2]:                                  ^^^^^^^^^^^^^^^^^^^^^^^^^^^^^^^^
[rank2]:   File "/root/parameter-golf/train_gpt_04_09.py", line 1407, in train_model
[rank2]:     step_fn(warmup_step, 1.0)
[rank2]:   File "/root/parameter-golf/train_gpt_04_09.py", line 1384, in step_fn
[rank2]:     loss = model(x, y)
[rank2]:            ^^^^^^^^^^^
[rank2]:   File "/root/parameter-golf/.venv/lib/python3.12/site-packages/torch/nn/modules/module.py", line 1779, in _wrapped_call_impl
[rank2]:     return self._call_impl(*args, **kwargs)
[rank2]:            ^^^^^^^^^^^^^^^^^^^^^^^^^^^^^^^^
[rank2]:   File "/root/parameter-golf/.venv/lib/python3.12/site-packages/torch/nn/modules/module.py", line 1790, in _call_impl
[rank2]:     return forward_call(*args, **kwargs)
[rank2]:            ^^^^^^^^^^^^^^^^^^^^^^^^^^^^^
[rank2]:   File "/root/parameter-golf/.venv/lib/python3.12/site-packages/torch/nn/parallel/distributed.py", line 1699, in forward
[rank2]:     else self._run_ddp_forward(*inputs, **kwargs)
[rank2]:          ^^^^^^^^^^^^^^^^^^^^^^^^^^^^^^^^^^^^^^^^
[rank2]:   File "/root/parameter-golf/.venv/lib/python3.12/site-packages/torch/nn/parallel/distributed.py", line 1524, in _run_ddp_forward
[rank2]:     return self.module(*inputs, **kwargs)  # type: ignore[index]
[rank2]:            ^^^^^^^^^^^^^^^^^^^^^^^^^^^^^^
[rank2]:   File "/root/parameter-golf/.venv/lib/python3.12/site-packages/torch/nn/modules/module.py", line 1779, in _wrapped_call_impl
[rank2]:     return self._call_impl(*args, **kwargs)
[rank2]:            ^^^^^^^^^^^^^^^^^^^^^^^^^^^^^^^^
[rank2]:   File "/root/parameter-golf/.venv/lib/python3.12/site-packages/torch/nn/modules/module.py", line 1790, in _call_impl
[rank2]:     return forward_call(*args, **kwargs)
[rank2]:            ^^^^^^^^^^^^^^^^^^^^^^^^^^^^^
[rank2]:   File "/root/parameter-golf/train_gpt_04_09.py", line 714, in forward
[rank2]:     logits = self.forward_logits(input_ids)
[rank2]:              ^^^^^^^^^^^^^^^^^^^^^^^^^^^^^^
[rank2]:   File "/root/parameter-golf/train_gpt_04_09.py", line 703, in forward_logits
[rank2]:     x = self.blocks[i](x, x0)
[rank2]:         ^^^^^^^^^^^^^^^^^^^^^
[rank2]:   File "/root/parameter-golf/.venv/lib/python3.12/site-packages/torch/nn/modules/module.py", line 1779, in _wrapped_call_impl
[rank2]:     return self._call_impl(*args, **kwargs)
[rank2]:            ^^^^^^^^^^^^^^^^^^^^^^^^^^^^^^^^
[rank2]:   File "/root/parameter-golf/.venv/lib/python3.12/site-packages/torch/nn/modules/module.py", line 1790, in _call_impl
[rank2]:     return forward_call(*args, **kwargs)
[rank2]:            ^^^^^^^^^^^^^^^^^^^^^^^^^^^^^
[rank2]:   File "/root/parameter-golf/train_gpt_04_09.py", line 557, in forward
[rank2]:     attn_out = self.attn(self.attn_norm(x_in) * self.ln_scale_factor)
[rank2]:                ^^^^^^^^^^^^^^^^^^^^^^^^^^^^^^^^^^^^^^^^^^^^^^^^^^^^^^
[rank2]:   File "/root/parameter-golf/.venv/lib/python3.12/site-packages/torch/nn/modules/module.py", line 1779, in _wrapped_call_impl
[rank2]:     return self._call_impl(*args, **kwargs)
[rank2]:            ^^^^^^^^^^^^^^^^^^^^^^^^^^^^^^^^
[rank2]:   File "/root/parameter-golf/.venv/lib/python3.12/site-packages/torch/nn/modules/module.py", line 1790, in _call_impl
[rank2]:     return forward_call(*args, **kwargs)
[rank2]:            ^^^^^^^^^^^^^^^^^^^^^^^^^^^^^
[rank2]:   File "/root/parameter-golf/train_gpt_04_09.py", line 441, in forward
[rank2]:     out = torch_chunk_gated_delta_rule(query, key, value, g=g, beta=beta, chunk_size=self.chunk_size)
[rank2]:           ^^^^^^^^^^^^^^^^^^^^^^^^^^^^^^^^^^^^^^^^^^^^^^^^^^^^^^^^^^^^^^^^^^^^^^^^^^^^^^^^^^^^^^^^^^^
[rank2]:   File "/root/parameter-golf/train_gpt_04_09.py", line 379, in torch_chunk_gated_delta_rule
[rank2]:     attn[..., i, :i] = row + (row.unsqueeze(-1) * sub).sum(-2)
[rank2]:                               ~~~~~~~~~~~~~~~~~~^~~~~
[rank2]: torch.OutOfMemoryError: CUDA out of memory. Tried to allocate 158.00 MiB. GPU 2 has a total capacity of 79.25 GiB of which 121.88 MiB is free. Including non-PyTorch memory, this process has 79.12 GiB memory in use. Of the allocated memory 78.08 GiB is allocated by PyTorch, and 329.60 MiB is reserved by PyTorch but unallocated. If reserved but unallocated memory is large try setting PYTORCH_CUDA_ALLOC_CONF=expandable_segments:True to avoid fragmentation.  See documentation for Memory Management  (https://docs.pytorch.org/docs/stable/notes/cuda.html#optimizing-memory-usage-with-pytorch-cuda-alloc-conf)
[rank1]: Traceback (most recent call last):
[rank1]:   File "/root/parameter-golf/train_gpt_04_09.py", line 1573, in <module>
[rank1]:     main()
[rank1]:   File "/root/parameter-golf/train_gpt_04_09.py", line 1567, in main
[rank1]:     train_and_eval(h, device)
[rank1]:   File "/root/parameter-golf/train_gpt_04_09.py", line 1493, in train_and_eval
[rank1]:     base_model, compiled_model = train_model(h, device, val_data)
[rank1]:                                  ^^^^^^^^^^^^^^^^^^^^^^^^^^^^^^^^
[rank1]:   File "/root/parameter-golf/train_gpt_04_09.py", line 1407, in train_model
[rank1]:     step_fn(warmup_step, 1.0)
[rank1]:   File "/root/parameter-golf/train_gpt_04_09.py", line 1384, in step_fn
[rank1]:     loss = model(x, y)
[rank1]:            ^^^^^^^^^^^
[rank1]:   File "/root/parameter-golf/.venv/lib/python3.12/site-packages/torch/nn/modules/module.py", line 1779, in _wrapped_call_impl
[rank1]:     return self._call_impl(*args, **kwargs)
[rank1]:            ^^^^^^^^^^^^^^^^^^^^^^^^^^^^^^^^
[rank1]:   File "/root/parameter-golf/.venv/lib/python3.12/site-packages/torch/nn/modules/module.py", line 1790, in _call_impl
[rank1]:     return forward_call(*args, **kwargs)
[rank1]:            ^^^^^^^^^^^^^^^^^^^^^^^^^^^^^
[rank1]:   File "/root/parameter-golf/.venv/lib/python3.12/site-packages/torch/nn/parallel/distributed.py", line 1699, in forward
[rank1]:     else self._run_ddp_forward(*inputs, **kwargs)
[rank1]:          ^^^^^^^^^^^^^^^^^^^^^^^^^^^^^^^^^^^^^^^^
[rank1]:   File "/root/parameter-golf/.venv/lib/python3.12/site-packages/torch/nn/parallel/distributed.py", line 1524, in _run_ddp_forward
[rank1]:     return self.module(*inputs, **kwargs)  # type: ignore[index]
[rank1]:            ^^^^^^^^^^^^^^^^^^^^^^^^^^^^^^
[rank1]:   File "/root/parameter-golf/.venv/lib/python3.12/site-packages/torch/nn/modules/module.py", line 1779, in _wrapped_call_impl
[rank1]:     return self._call_impl(*args, **kwargs)
[rank1]:            ^^^^^^^^^^^^^^^^^^^^^^^^^^^^^^^^
[rank1]:   File "/root/parameter-golf/.venv/lib/python3.12/site-packages/torch/nn/modules/module.py", line 1790, in _call_impl
[rank1]:     return forward_call(*args, **kwargs)
[rank1]:            ^^^^^^^^^^^^^^^^^^^^^^^^^^^^^
[rank1]:   File "/root/parameter-golf/train_gpt_04_09.py", line 714, in forward
[rank1]:     logits = self.forward_logits(input_ids)
[rank1]:              ^^^^^^^^^^^^^^^^^^^^^^^^^^^^^^
[rank1]:   File "/root/parameter-golf/train_gpt_04_09.py", line 703, in forward_logits
[rank1]:     x = self.blocks[i](x, x0)
[rank1]:         ^^^^^^^^^^^^^^^^^^^^^
[rank1]:   File "/root/parameter-golf/.venv/lib/python3.12/site-packages/torch/nn/modules/module.py", line 1779, in _wrapped_call_impl
[rank1]:     return self._call_impl(*args, **kwargs)
[rank1]:            ^^^^^^^^^^^^^^^^^^^^^^^^^^^^^^^^
[rank1]:   File "/root/parameter-golf/.venv/lib/python3.12/site-packages/torch/nn/modules/module.py", line 1790, in _call_impl
[rank1]:     return forward_call(*args, **kwargs)
[rank1]:            ^^^^^^^^^^^^^^^^^^^^^^^^^^^^^
[rank1]:   File "/root/parameter-golf/train_gpt_04_09.py", line 557, in forward
[rank1]:     attn_out = self.attn(self.attn_norm(x_in) * self.ln_scale_factor)
[rank1]:                ^^^^^^^^^^^^^^^^^^^^^^^^^^^^^^^^^^^^^^^^^^^^^^^^^^^^^^
[rank1]:   File "/root/parameter-golf/.venv/lib/python3.12/site-packages/torch/nn/modules/module.py", line 1779, in _wrapped_call_impl
[rank1]:     return self._call_impl(*args, **kwargs)
[rank1]:            ^^^^^^^^^^^^^^^^^^^^^^^^^^^^^^^^
[rank1]:   File "/root/parameter-golf/.venv/lib/python3.12/site-packages/torch/nn/modules/module.py", line 1790, in _call_impl
[rank1]:     return forward_call(*args, **kwargs)
[rank1]:            ^^^^^^^^^^^^^^^^^^^^^^^^^^^^^
[rank1]:   File "/root/parameter-golf/train_gpt_04_09.py", line 441, in forward
[rank1]:     out = torch_chunk_gated_delta_rule(query, key, value, g=g, beta=beta, chunk_size=self.chunk_size)
[rank1]:           ^^^^^^^^^^^^^^^^^^^^^^^^^^^^^^^^^^^^^^^^^^^^^^^^^^^^^^^^^^^^^^^^^^^^^^^^^^^^^^^^^^^^^^^^^^^
[rank1]:   File "/root/parameter-golf/train_gpt_04_09.py", line 379, in torch_chunk_gated_delta_rule
[rank1]:     attn[..., i, :i] = row + (row.unsqueeze(-1) * sub).sum(-2)
[rank1]:                               ~~~~~~~~~~~~~~~~~~^~~~~
[rank1]: torch.OutOfMemoryError: CUDA out of memory. Tried to allocate 158.00 MiB. GPU 1 has a total capacity of 79.25 GiB of which 121.88 MiB is free. Including non-PyTorch memory, this process has 79.12 GiB memory in use. Of the allocated memory 78.08 GiB is allocated by PyTorch, and 329.60 MiB is reserved by PyTorch but unallocated. If reserved but unallocated memory is large try setting PYTORCH_CUDA_ALLOC_CONF=expandable_segments:True to avoid fragmentation.  See documentation for Memory Management  (https://docs.pytorch.org/docs/stable/notes/cuda.html#optimizing-memory-usage-with-pytorch-cuda-alloc-conf)
027ffb5017964723bac512bf427add6d000002:34695:34746 [3] NCCL INFO comm 0x11da0bf0 rank 3 nRanks 4 cudaDev 3 busId 400000 - Abort START
027ffb5017964723bac512bf427add6d000002:34695:34746 [3] NCCL INFO misc/socket.cc:64 -> 3
027ffb5017964723bac512bf427add6d000002:34695:34746 [3] NCCL INFO misc/socket.cc:81 -> 3
027ffb5017964723bac512bf427add6d000002:34695:34746 [3] NCCL INFO misc/socket.cc:868 -> 3
027ffb5017964723bac512bf427add6d000002:34695:34746 [3] NCCL INFO misc/socket.cc:64 -> 3
027ffb5017964723bac512bf427add6d000002:34695:34746 [3] NCCL INFO misc/socket.cc:81 -> 3
027ffb5017964723bac512bf427add6d000002:34695:34746 [3] NCCL INFO misc/socket.cc:868 -> 3
027ffb5017964723bac512bf427add6d000002:34695:34746 [3] NCCL INFO misc/socket.cc:64 -> 3
027ffb5017964723bac512bf427add6d000002:34695:34746 [3] NCCL INFO misc/socket.cc:81 -> 3
027ffb5017964723bac512bf427add6d000002:34695:34746 [3] NCCL INFO misc/socket.cc:868 -> 3
027ffb5017964723bac512bf427add6d000002:34695:34730 [3] NCCL INFO misc/socket.cc:943 -> 3
[rank0]:[W410 20:17:16.131572851 ProcessGroupNCCL.cpp:1575] Warning: WARNING: destroy_process_group() was not called before program exit, which can leak resources. For more info, please see https://pytorch.org/docs/stable/distributed.html#shutdown (function operator())
027ffb5017964723bac512bf427add6d000002:34692:34747 [0] NCCL INFO comm 0x4367d850 rank 0 nRanks 4 cudaDev 0 busId 100000 - Abort START
027ffb5017964723bac512bf427add6d000002:34692:34747 [0] NCCL INFO misc/socket.cc:64 -> 3
027ffb5017964723bac512bf427add6d000002:34692:34747 [0] NCCL INFO misc/socket.cc:81 -> 3
027ffb5017964723bac512bf427add6d000002:34692:34747 [0] NCCL INFO misc/socket.cc:868 -> 3
027ffb5017964723bac512bf427add6d000002:34692:34747 [0] NCCL INFO misc/socket.cc:64 -> 3
027ffb5017964723bac512bf427add6d000002:34692:34747 [0] NCCL INFO misc/socket.cc:81 -> 3
027ffb5017964723bac512bf427add6d000002:34692:34747 [0] NCCL INFO misc/socket.cc:868 -> 3
027ffb5017964723bac512bf427add6d000002:34692:34747 [0] NCCL INFO misc/socket.cc:64 -> 3
027ffb5017964723bac512bf427add6d000002:34692:34747 [0] NCCL INFO misc/socket.cc:81 -> 3
027ffb5017964723bac512bf427add6d000002:34692:34747 [0] NCCL INFO misc/socket.cc:868 -> 3
027ffb5017964723bac512bf427add6d000002:34695:34730 [3] NCCL INFO misc/socket.cc:943 -> 3
027ffb5017964723bac512bf427add6d000002:34692:34734 [0] NCCL INFO misc/socket.cc:943 -> 3
027ffb5017964723bac512bf427add6d000002:34695:34746 [3] NCCL INFO comm 0x11da0bf0 rank 3 nranks 4 cudaDev 3 busId 400000 - Abort COMPLETE
027ffb5017964723bac512bf427add6d000002:34694:34748 [2] NCCL INFO comm 0xdc98250 rank 2 nRanks 4 cudaDev 2 busId 300000 - Abort START
027ffb5017964723bac512bf427add6d000002:34694:34748 [2] NCCL INFO misc/socket.cc:64 -> 3
027ffb5017964723bac512bf427add6d000002:34694:34748 [2] NCCL INFO misc/socket.cc:81 -> 3
027ffb5017964723bac512bf427add6d000002:34694:34748 [2] NCCL INFO misc/socket.cc:868 -> 3
027ffb5017964723bac512bf427add6d000002:34694:34748 [2] NCCL INFO misc/socket.cc:64 -> 3
027ffb5017964723bac512bf427add6d000002:34694:34748 [2] NCCL INFO misc/socket.cc:81 -> 3
027ffb5017964723bac512bf427add6d000002:34694:34748 [2] NCCL INFO misc/socket.cc:868 -> 3
027ffb5017964723bac512bf427add6d000002:34694:34732 [2] NCCL INFO misc/socket.cc:943 -> 3
027ffb5017964723bac512bf427add6d000002:34694:34748 [2] NCCL INFO misc/socket.cc:64 -> 3
027ffb5017964723bac512bf427add6d000002:34694:34748 [2] NCCL INFO misc/socket.cc:81 -> 3
027ffb5017964723bac512bf427add6d000002:34694:34748 [2] NCCL INFO misc/socket.cc:868 -> 3
027ffb5017964723bac512bf427add6d000002:34693:34749 [1] NCCL INFO comm 0x2bef31b0 rank 1 nRanks 4 cudaDev 1 busId 200000 - Abort START
027ffb5017964723bac512bf427add6d000002:34693:34749 [1] NCCL INFO misc/socket.cc:64 -> 3
027ffb5017964723bac512bf427add6d000002:34693:34749 [1] NCCL INFO misc/socket.cc:81 -> 3
027ffb5017964723bac512bf427add6d000002:34693:34749 [1] NCCL INFO misc/socket.cc:868 -> 3
027ffb5017964723bac512bf427add6d000002:34692:34734 [0] NCCL INFO misc/socket.cc:943 -> 3
027ffb5017964723bac512bf427add6d000002:34693:34749 [1] NCCL INFO misc/socket.cc:64 -> 3
027ffb5017964723bac512bf427add6d000002:34693:34749 [1] NCCL INFO misc/socket.cc:81 -> 3
027ffb5017964723bac512bf427add6d000002:34693:34749 [1] NCCL INFO misc/socket.cc:868 -> 3
027ffb5017964723bac512bf427add6d000002:34693:34735 [1] NCCL INFO misc/socket.cc:943 -> 3
027ffb5017964723bac512bf427add6d000002:34693:34749 [1] NCCL INFO misc/socket.cc:64 -> 3
027ffb5017964723bac512bf427add6d000002:34694:34732 [2] NCCL INFO misc/socket.cc:943 -> 3
027ffb5017964723bac512bf427add6d000002:34693:34749 [1] NCCL INFO misc/socket.cc:81 -> 3
027ffb5017964723bac512bf427add6d000002:34693:34749 [1] NCCL INFO misc/socket.cc:868 -> 3
027ffb5017964723bac512bf427add6d000002:34695:34695 [3] NCCL INFO ENV/Plugin: Closing env plugin ncclEnvDefault
027ffb5017964723bac512bf427add6d000002:34694:34748 [2] NCCL INFO comm 0xdc98250 rank 2 nranks 4 cudaDev 2 busId 300000 - Abort COMPLETE
027ffb5017964723bac512bf427add6d000002:34692:34747 [0] NCCL INFO comm 0x4367d850 rank 0 nranks 4 cudaDev 0 busId 100000 - Abort COMPLETE
027ffb5017964723bac512bf427add6d000002:34694:34694 [2] NCCL INFO ENV/Plugin: Closing env plugin ncclEnvDefault
W0410 20:17:16.722000 34618 torch/distributed/elastic/multiprocessing/api.py:1012] Sending process 34692 closing signal SIGTERM
W0410 20:17:16.723000 34618 torch/distributed/elastic/multiprocessing/api.py:1012] Sending process 34693 closing signal SIGTERM
W0410 20:17:16.723000 34618 torch/distributed/elastic/multiprocessing/api.py:1012] Sending process 34694 closing signal SIGTERM
E0410 20:17:17.305000 34618 torch/distributed/elastic/multiprocessing/api.py:986] failed (exitcode: 1) local_rank: 3 (pid: 34695) of binary: /root/parameter-golf/.venv/bin/python3
Traceback (most recent call last):
  File "/root/parameter-golf/.venv/bin/torchrun", line 6, in <module>
    sys.exit(main())
             ^^^^^^
  File "/root/parameter-golf/.venv/lib/python3.12/site-packages/torch/distributed/elastic/multiprocessing/errors/__init__.py", line 362, in wrapper
