nohup: ignoring input
W0412 14:22:32.612000 185865 torch/distributed/run.py:851] 
W0412 14:22:32.612000 185865 torch/distributed/run.py:851] *****************************************
W0412 14:22:32.612000 185865 torch/distributed/run.py:851] Setting OMP_NUM_THREADS environment variable for each process to be 1 in default, to avoid your system being overloaded, please further tune the variable for optimal performance in your application as needed. 
W0412 14:22:32.612000 185865 torch/distributed/run.py:851] *****************************************
027ffb5017964723bac512bf427add6d000002:185933:185933 [0] NCCL INFO ENV/Plugin: Could not find: libnccl-env.so
027ffb5017964723bac512bf427add6d000002:185933:185933 [0] NCCL INFO Stack size limit (unlimited) is unsafe; will use 8192KB for newly launched threads
027ffb5017964723bac512bf427add6d000002:185933:185933 [0] NCCL INFO NCCL_SOCKET_IFNAME set by environment to eth0
027ffb5017964723bac512bf427add6d000002:185933:185933 [0] NCCL INFO Bootstrap: Using eth0:10.0.0.5<0>
027ffb5017964723bac512bf427add6d000002:185933:185933 [0] NCCL INFO cudaDriverVersion 13020
027ffb5017964723bac512bf427add6d000002:185936:185936 [3] NCCL INFO ENV/Plugin: Could not find: libnccl-env.so
027ffb5017964723bac512bf427add6d000002:185935:185935 [2] NCCL INFO ENV/Plugin: Could not find: libnccl-env.so
027ffb5017964723bac512bf427add6d000002:185936:185936 [3] NCCL INFO cudaDriverVersion 13020
027ffb5017964723bac512bf427add6d000002:185935:185935 [2] NCCL INFO cudaDriverVersion 13020
027ffb5017964723bac512bf427add6d000002:185933:185933 [0] NCCL INFO NCCL version 2.28.9+cuda13.0
027ffb5017964723bac512bf427add6d000002:185934:185934 [1] NCCL INFO ENV/Plugin: Could not find: libnccl-env.so
027ffb5017964723bac512bf427add6d000002:185934:185934 [1] NCCL INFO cudaDriverVersion 13020
027ffb5017964723bac512bf427add6d000002:185934:185934 [1] NCCL INFO Stack size limit (unlimited) is unsafe; will use 8192KB for newly launched threads
027ffb5017964723bac512bf427add6d000002:185934:185934 [1] NCCL INFO NCCL_SOCKET_IFNAME set by environment to eth0
027ffb5017964723bac512bf427add6d000002:185936:185936 [3] NCCL INFO Stack size limit (unlimited) is unsafe; will use 8192KB for newly launched threads
027ffb5017964723bac512bf427add6d000002:185936:185936 [3] NCCL INFO NCCL_SOCKET_IFNAME set by environment to eth0
027ffb5017964723bac512bf427add6d000002:185935:185935 [2] NCCL INFO Stack size limit (unlimited) is unsafe; will use 8192KB for newly launched threads
027ffb5017964723bac512bf427add6d000002:185935:185935 [2] NCCL INFO NCCL_SOCKET_IFNAME set by environment to eth0
027ffb5017964723bac512bf427add6d000002:185933:185933 [0] NCCL INFO Comm config Blocking set to 1
027ffb5017964723bac512bf427add6d000002:185934:185934 [1] NCCL INFO Bootstrap: Using eth0:10.0.0.5<0>
027ffb5017964723bac512bf427add6d000002:185936:185936 [3] NCCL INFO Bootstrap: Using eth0:10.0.0.5<0>
027ffb5017964723bac512bf427add6d000002:185935:185935 [2] NCCL INFO Bootstrap: Using eth0:10.0.0.5<0>
027ffb5017964723bac512bf427add6d000002:185934:185934 [1] NCCL INFO NCCL version 2.28.9+cuda13.0
027ffb5017964723bac512bf427add6d000002:185936:185936 [3] NCCL INFO NCCL version 2.28.9+cuda13.0
027ffb5017964723bac512bf427add6d000002:185935:185935 [2] NCCL INFO NCCL version 2.28.9+cuda13.0
027ffb5017964723bac512bf427add6d000002:185935:185935 [2] NCCL INFO Comm config Blocking set to 1
027ffb5017964723bac512bf427add6d000002:185936:185936 [3] NCCL INFO Comm config Blocking set to 1
027ffb5017964723bac512bf427add6d000002:185934:185934 [1] NCCL INFO Comm config Blocking set to 1
027ffb5017964723bac512bf427add6d000002:185933:185933 [0] NCCL INFO NET/Plugin: Could not find: libnccl-net.so
027ffb5017964723bac512bf427add6d000002:185933:185933 [0] NCCL INFO NCCL_IB_DISABLE set by environment to 1.
027ffb5017964723bac512bf427add6d000002:185933:185933 [0] NCCL INFO transport/net_ib.cc:852 -> 3
027ffb5017964723bac512bf427add6d000002:185933:185933 [0] NCCL INFO Failed to initialize NET plugin IB
027ffb5017964723bac512bf427add6d000002:185933:185933 [0] NCCL INFO NCCL_SOCKET_IFNAME set by environment to eth0
027ffb5017964723bac512bf427add6d000002:185933:185933 [0] NCCL INFO NET/Socket : Using [0]eth0:10.0.0.5<0>
027ffb5017964723bac512bf427add6d000002:185933:185933 [0] NCCL INFO Initialized NET plugin Socket
027ffb5017964723bac512bf427add6d000002:185933:185933 [0] NCCL INFO Assigned NET plugin Socket to comm
027ffb5017964723bac512bf427add6d000002:185933:185933 [0] NCCL INFO Using network Socket
027ffb5017964723bac512bf427add6d000002:185933:185933 [0] NCCL INFO ncclCommInitRankConfig comm 0x35c9ed50 rank 0 nranks 4 cudaDev 0 nvmlDev 0 busId 100000 commId 0xb218954984de3ccb - Init START
027ffb5017964723bac512bf427add6d000002:185936:185936 [3] NCCL INFO NET/Plugin: Could not find: libnccl-net.so
027ffb5017964723bac512bf427add6d000002:185936:185936 [3] NCCL INFO NCCL_IB_DISABLE set by environment to 1.
027ffb5017964723bac512bf427add6d000002:185936:185936 [3] NCCL INFO transport/net_ib.cc:852 -> 3
027ffb5017964723bac512bf427add6d000002:185936:185936 [3] NCCL INFO Failed to initialize NET plugin IB
027ffb5017964723bac512bf427add6d000002:185936:185936 [3] NCCL INFO NCCL_SOCKET_IFNAME set by environment to eth0
027ffb5017964723bac512bf427add6d000002:185936:185936 [3] NCCL INFO NET/Socket : Using [0]eth0:10.0.0.5<0>
027ffb5017964723bac512bf427add6d000002:185936:185936 [3] NCCL INFO Initialized NET plugin Socket
027ffb5017964723bac512bf427add6d000002:185935:185935 [2] NCCL INFO NET/Plugin: Could not find: libnccl-net.so
027ffb5017964723bac512bf427add6d000002:185936:185936 [3] NCCL INFO Assigned NET plugin Socket to comm
027ffb5017964723bac512bf427add6d000002:185936:185936 [3] NCCL INFO Using network Socket
027ffb5017964723bac512bf427add6d000002:185935:185935 [2] NCCL INFO NCCL_IB_DISABLE set by environment to 1.
027ffb5017964723bac512bf427add6d000002:185935:185935 [2] NCCL INFO transport/net_ib.cc:852 -> 3
027ffb5017964723bac512bf427add6d000002:185934:185934 [1] NCCL INFO NET/Plugin: Could not find: libnccl-net.so
027ffb5017964723bac512bf427add6d000002:185935:185935 [2] NCCL INFO Failed to initialize NET plugin IB
027ffb5017964723bac512bf427add6d000002:185935:185935 [2] NCCL INFO NCCL_SOCKET_IFNAME set by environment to eth0
027ffb5017964723bac512bf427add6d000002:185934:185934 [1] NCCL INFO NCCL_IB_DISABLE set by environment to 1.
027ffb5017964723bac512bf427add6d000002:185934:185934 [1] NCCL INFO transport/net_ib.cc:852 -> 3
027ffb5017964723bac512bf427add6d000002:185934:185934 [1] NCCL INFO Failed to initialize NET plugin IB
027ffb5017964723bac512bf427add6d000002:185934:185934 [1] NCCL INFO NCCL_SOCKET_IFNAME set by environment to eth0
027ffb5017964723bac512bf427add6d000002:185935:185935 [2] NCCL INFO NET/Socket : Using [0]eth0:10.0.0.5<0>
027ffb5017964723bac512bf427add6d000002:185934:185934 [1] NCCL INFO NET/Socket : Using [0]eth0:10.0.0.5<0>
027ffb5017964723bac512bf427add6d000002:185935:185935 [2] NCCL INFO Initialized NET plugin Socket
027ffb5017964723bac512bf427add6d000002:185934:185934 [1] NCCL INFO Initialized NET plugin Socket
027ffb5017964723bac512bf427add6d000002:185935:185935 [2] NCCL INFO Assigned NET plugin Socket to comm
027ffb5017964723bac512bf427add6d000002:185934:185934 [1] NCCL INFO Assigned NET plugin Socket to comm
027ffb5017964723bac512bf427add6d000002:185935:185935 [2] NCCL INFO Using network Socket
027ffb5017964723bac512bf427add6d000002:185934:185934 [1] NCCL INFO Using network Socket
027ffb5017964723bac512bf427add6d000002:185936:185936 [3] NCCL INFO ncclCommInitRankConfig comm 0x25470470 rank 3 nranks 4 cudaDev 3 nvmlDev 3 busId 400000 commId 0xb218954984de3ccb - Init START
027ffb5017964723bac512bf427add6d000002:185934:185934 [1] NCCL INFO ncclCommInitRankConfig comm 0x241cad60 rank 1 nranks 4 cudaDev 1 nvmlDev 1 busId 200000 commId 0xb218954984de3ccb - Init START
027ffb5017964723bac512bf427add6d000002:185935:185935 [2] NCCL INFO ncclCommInitRankConfig comm 0x1d3ebe40 rank 2 nranks 4 cudaDev 2 nvmlDev 2 busId 300000 commId 0xb218954984de3ccb - Init START
027ffb5017964723bac512bf427add6d000002:185933:185933 [0] NCCL INFO RAS client listening socket at 127.0.0.1<28028>
027ffb5017964723bac512bf427add6d000002:185934:185934 [1] NCCL INFO RAS client listening socket at 127.0.0.1<28028>
027ffb5017964723bac512bf427add6d000002:185935:185935 [2] NCCL INFO RAS client listening socket at 127.0.0.1<28028>
027ffb5017964723bac512bf427add6d000002:185936:185936 [3] NCCL INFO RAS client listening socket at 127.0.0.1<28028>
027ffb5017964723bac512bf427add6d000002:185933:185933 [0] NCCL INFO Bootstrap timings total 0.008795 (create 0.000043, send 0.000176, recv 0.007671, ring 0.000476, delay 0.000001)
027ffb5017964723bac512bf427add6d000002:185934:185934 [1] NCCL INFO Bootstrap timings total 0.001591 (create 0.000039, send 0.000173, recv 0.000631, ring 0.000299, delay 0.000001)
027ffb5017964723bac512bf427add6d000002:185935:185935 [2] NCCL INFO Bootstrap timings total 0.001583 (create 0.000032, send 0.000172, recv 0.000745, ring 0.000082, delay 0.000001)
027ffb5017964723bac512bf427add6d000002:185936:185936 [3] NCCL INFO Bootstrap timings total 0.003505 (create 0.000034, send 0.000123, recv 0.000258, ring 0.000229, delay 0.000001)
027ffb5017964723bac512bf427add6d000002:185936:185936 [3] NCCL INFO ncclTopoGetCpuAffinity: Affinity for GPU 3 is 72-95. (GPU affinity = 72-95 ; CPU affinity = 0-95).
027ffb5017964723bac512bf427add6d000002:185936:185936 [3] NCCL INFO NVLS multicast support is not available on dev 3 (NVLS_NCHANNELS 0)
027ffb5017964723bac512bf427add6d000002:185933:185933 [0] NCCL INFO ncclTopoGetCpuAffinity: Affinity for GPU 0 is 0-23. (GPU affinity = 0-23 ; CPU affinity = 0-95).
027ffb5017964723bac512bf427add6d000002:185934:185934 [1] NCCL INFO ncclTopoGetCpuAffinity: Affinity for GPU 1 is 24-47. (GPU affinity = 24-47 ; CPU affinity = 0-95).
027ffb5017964723bac512bf427add6d000002:185933:185933 [0] NCCL INFO NVLS multicast support is not available on dev 0 (NVLS_NCHANNELS 0)
027ffb5017964723bac512bf427add6d000002:185934:185934 [1] NCCL INFO NVLS multicast support is not available on dev 1 (NVLS_NCHANNELS 0)
027ffb5017964723bac512bf427add6d000002:185935:185935 [2] NCCL INFO ncclTopoGetCpuAffinity: Affinity for GPU 2 is 48-71. (GPU affinity = 48-71 ; CPU affinity = 0-95).
027ffb5017964723bac512bf427add6d000002:185935:185935 [2] NCCL INFO NVLS multicast support is not available on dev 2 (NVLS_NCHANNELS 0)
027ffb5017964723bac512bf427add6d000002:185933:185933 [0] NCCL INFO comm 0x35c9ed50 rank 0 nRanks 4 nNodes 1 localRanks 4 localRank 0 MNNVL 0
027ffb5017964723bac512bf427add6d000002:185934:185934 [1] NCCL INFO comm 0x241cad60 rank 1 nRanks 4 nNodes 1 localRanks 4 localRank 1 MNNVL 0
027ffb5017964723bac512bf427add6d000002:185935:185935 [2] NCCL INFO comm 0x1d3ebe40 rank 2 nRanks 4 nNodes 1 localRanks 4 localRank 2 MNNVL 0
027ffb5017964723bac512bf427add6d000002:185936:185936 [3] NCCL INFO comm 0x25470470 rank 3 nRanks 4 nNodes 1 localRanks 4 localRank 3 MNNVL 0
027ffb5017964723bac512bf427add6d000002:185933:185933 [0] NCCL INFO Channel 00/08 : 0 1 2 3
027ffb5017964723bac512bf427add6d000002:185934:185934 [1] NCCL INFO Trees [0] 2/-1/-1->1->0 [1] 2/-1/-1->1->0 [2] 2/-1/-1->1->0 [3] 2/-1/-1->1->0 [4] 2/-1/-1->1->0 [5] 2/-1/-1->1->0 [6] 2/-1/-1->1->0 [7] 2/-1/-1->1->0
027ffb5017964723bac512bf427add6d000002:185935:185935 [2] NCCL INFO Trees [0] 3/-1/-1->2->1 [1] 3/-1/-1->2->1 [2] 3/-1/-1->2->1 [3] 3/-1/-1->2->1 [4] 3/-1/-1->2->1 [5] 3/-1/-1->2->1 [6] 3/-1/-1->2->1 [7] 3/-1/-1->2->1
027ffb5017964723bac512bf427add6d000002:185933:185933 [0] NCCL INFO Channel 01/08 : 0 1 2 3
027ffb5017964723bac512bf427add6d000002:185936:185936 [3] NCCL INFO Trees [0] -1/-1/-1->3->2 [1] -1/-1/-1->3->2 [2] -1/-1/-1->3->2 [3] -1/-1/-1->3->2 [4] -1/-1/-1->3->2 [5] -1/-1/-1->3->2 [6] -1/-1/-1->3->2 [7] -1/-1/-1->3->2
027ffb5017964723bac512bf427add6d000002:185934:185934 [1] NCCL INFO P2P Chunksize set to 131072
027ffb5017964723bac512bf427add6d000002:185935:185935 [2] NCCL INFO P2P Chunksize set to 131072
027ffb5017964723bac512bf427add6d000002:185933:185933 [0] NCCL INFO Channel 02/08 : 0 1 2 3
027ffb5017964723bac512bf427add6d000002:185936:185936 [3] NCCL INFO P2P Chunksize set to 131072
027ffb5017964723bac512bf427add6d000002:185933:185933 [0] NCCL INFO Channel 03/08 : 0 1 2 3
027ffb5017964723bac512bf427add6d000002:185933:185933 [0] NCCL INFO Channel 04/08 : 0 1 2 3
027ffb5017964723bac512bf427add6d000002:185933:185933 [0] NCCL INFO Channel 05/08 : 0 1 2 3
027ffb5017964723bac512bf427add6d000002:185933:185933 [0] NCCL INFO Channel 06/08 : 0 1 2 3
027ffb5017964723bac512bf427add6d000002:185933:185933 [0] NCCL INFO Channel 07/08 : 0 1 2 3
027ffb5017964723bac512bf427add6d000002:185933:185933 [0] NCCL INFO Trees [0] 1/-1/-1->0->-1 [1] 1/-1/-1->0->-1 [2] 1/-1/-1->0->-1 [3] 1/-1/-1->0->-1 [4] 1/-1/-1->0->-1 [5] 1/-1/-1->0->-1 [6] 1/-1/-1->0->-1 [7] 1/-1/-1->0->-1
027ffb5017964723bac512bf427add6d000002:185933:185933 [0] NCCL INFO P2P Chunksize set to 131072
027ffb5017964723bac512bf427add6d000002:185936:185936 [3] NCCL INFO PROFILER/Plugin: Could not find: libnccl-profiler.so
027ffb5017964723bac512bf427add6d000002:185936:185936 [3] NCCL INFO Check P2P Type isAllDirectP2p 0 directMode 0 isAllCudaP2p 0
027ffb5017964723bac512bf427add6d000002:185935:185935 [2] NCCL INFO PROFILER/Plugin: Could not find: libnccl-profiler.so
027ffb5017964723bac512bf427add6d000002:185935:185935 [2] NCCL INFO Check P2P Type isAllDirectP2p 0 directMode 0 isAllCudaP2p 0
027ffb5017964723bac512bf427add6d000002:185934:185934 [1] NCCL INFO PROFILER/Plugin: Could not find: libnccl-profiler.so
027ffb5017964723bac512bf427add6d000002:185934:185934 [1] NCCL INFO Check P2P Type isAllDirectP2p 0 directMode 0 isAllCudaP2p 0
027ffb5017964723bac512bf427add6d000002:185933:185933 [0] NCCL INFO PROFILER/Plugin: Could not find: libnccl-profiler.so
027ffb5017964723bac512bf427add6d000002:185933:185933 [0] NCCL INFO Check P2P Type isAllDirectP2p 0 directMode 0 isAllCudaP2p 0
027ffb5017964723bac512bf427add6d000002:185936:185962 [0] NCCL INFO [Proxy Service] Device 3 CPU core 88
027ffb5017964723bac512bf427add6d000002:185936:185964 [0] NCCL INFO [Proxy Service UDS] Device 3 CPU core 80
027ffb5017964723bac512bf427add6d000002:185935:185963 [0] NCCL INFO [Proxy Service] Device 2 CPU core 65
027ffb5017964723bac512bf427add6d000002:185935:185966 [0] NCCL INFO [Proxy Service UDS] Device 2 CPU core 63
027ffb5017964723bac512bf427add6d000002:185934:185965 [0] NCCL INFO [Proxy Service] Device 1 CPU core 35
027ffb5017964723bac512bf427add6d000002:185934:185967 [0] NCCL INFO [Proxy Service UDS] Device 1 CPU core 41
027ffb5017964723bac512bf427add6d000002:185933:185968 [0] NCCL INFO [Proxy Service] Device 0 CPU core 15
027ffb5017964723bac512bf427add6d000002:185933:185969 [0] NCCL INFO [Proxy Service UDS] Device 0 CPU core 20
027ffb5017964723bac512bf427add6d000002:185933:185933 [0] NCCL INFO TUNER/Plugin: Could not find: libnccl-tuner.so
027ffb5017964723bac512bf427add6d000002:185933:185933 [0] NCCL INFO threadThresholds 8/8/64 | 32/8/64 | 512 | 512
027ffb5017964723bac512bf427add6d000002:185933:185933 [0] NCCL INFO 8 coll channels, 8 collnet channels, 0 nvls channels, 8 p2p channels, 2 p2p channels per peer
027ffb5017964723bac512bf427add6d000002:185934:185934 [1] NCCL INFO TUNER/Plugin: Could not find: libnccl-tuner.so
027ffb5017964723bac512bf427add6d000002:185934:185934 [1] NCCL INFO threadThresholds 8/8/64 | 32/8/64 | 512 | 512
027ffb5017964723bac512bf427add6d000002:185933:185933 [0] NCCL INFO CC Off, workFifoBytes 1048576
027ffb5017964723bac512bf427add6d000002:185934:185934 [1] NCCL INFO 8 coll channels, 8 collnet channels, 0 nvls channels, 8 p2p channels, 2 p2p channels per peer
027ffb5017964723bac512bf427add6d000002:185935:185935 [2] NCCL INFO TUNER/Plugin: Could not find: libnccl-tuner.so
027ffb5017964723bac512bf427add6d000002:185935:185935 [2] NCCL INFO threadThresholds 8/8/64 | 32/8/64 | 512 | 512
027ffb5017964723bac512bf427add6d000002:185935:185935 [2] NCCL INFO 8 coll channels, 8 collnet channels, 0 nvls channels, 8 p2p channels, 2 p2p channels per peer
027ffb5017964723bac512bf427add6d000002:185936:185936 [3] NCCL INFO TUNER/Plugin: Could not find: libnccl-tuner.so
027ffb5017964723bac512bf427add6d000002:185936:185936 [3] NCCL INFO threadThresholds 8/8/64 | 32/8/64 | 512 | 512
027ffb5017964723bac512bf427add6d000002:185936:185936 [3] NCCL INFO 8 coll channels, 8 collnet channels, 0 nvls channels, 8 p2p channels, 2 p2p channels per peer
027ffb5017964723bac512bf427add6d000002:185935:185935 [2] NCCL INFO ncclCommInitRankConfig comm 0x1d3ebe40 rank 2 nranks 4 cudaDev 2 nvmlDev 2 busId 300000 commId 0xb218954984de3ccb - Init COMPLETE
027ffb5017964723bac512bf427add6d000002:185933:185933 [0] NCCL INFO ncclCommInitRankConfig comm 0x35c9ed50 rank 0 nranks 4 cudaDev 0 nvmlDev 0 busId 100000 commId 0xb218954984de3ccb - Init COMPLETE
027ffb5017964723bac512bf427add6d000002:185935:185935 [2] NCCL INFO Init timings - ncclCommInitRankConfig: rank 2 nranks 4 total 0.17 (kernels 0.12, alloc 0.01, bootstrap 0.00, allgathers 0.00, topo 0.02, graphs 0.00, connections 0.01, rest 0.00)
027ffb5017964723bac512bf427add6d000002:185933:185933 [0] NCCL INFO Init timings - ncclCommInitRankConfig: rank 0 nranks 4 total 0.18 (kernels 0.12, alloc 0.00, bootstrap 0.01, allgathers 0.00, topo 0.02, graphs 0.00, connections 0.01, rest 0.00)
027ffb5017964723bac512bf427add6d000002:185934:185934 [1] NCCL INFO ncclCommInitRankConfig comm 0x241cad60 rank 1 nranks 4 cudaDev 1 nvmlDev 1 busId 200000 commId 0xb218954984de3ccb - Init COMPLETE
027ffb5017964723bac512bf427add6d000002:185936:185936 [3] NCCL INFO ncclCommInitRankConfig comm 0x25470470 rank 3 nranks 4 cudaDev 3 nvmlDev 3 busId 400000 commId 0xb218954984de3ccb - Init COMPLETE
027ffb5017964723bac512bf427add6d000002:185934:185934 [1] NCCL INFO Init timings - ncclCommInitRankConfig: rank 1 nranks 4 total 0.17 (kernels 0.12, alloc 0.01, bootstrap 0.00, allgathers 0.00, topo 0.02, graphs 0.00, connections 0.01, rest 0.00)
027ffb5017964723bac512bf427add6d000002:185936:185936 [3] NCCL INFO Init timings - ncclCommInitRankConfig: rank 3 nranks 4 total 0.17 (kernels 0.12, alloc 0.01, bootstrap 0.00, allgathers 0.00, topo 0.02, graphs 0.00, connections 0.02, rest 0.00)
027ffb5017964723bac512bf427add6d000002:185936:185936 [3] NCCL INFO Channel 00 : 3[3] -> 0[0] via SHM/direct/direct
027ffb5017964723bac512bf427add6d000002:185934:185934 [1] NCCL INFO Channel 00 : 1[1] -> 2[2] via SHM/direct/direct
027ffb5017964723bac512bf427add6d000002:185936:185936 [3] NCCL INFO Channel 01 : 3[3] -> 0[0] via SHM/direct/direct
027ffb5017964723bac512bf427add6d000002:185934:185934 [1] NCCL INFO Channel 01 : 1[1] -> 2[2] via SHM/direct/direct
027ffb5017964723bac512bf427add6d000002:185936:185936 [3] NCCL INFO Channel 02 : 3[3] -> 0[0] via SHM/direct/direct
027ffb5017964723bac512bf427add6d000002:185934:185934 [1] NCCL INFO Channel 02 : 1[1] -> 2[2] via SHM/direct/direct
027ffb5017964723bac512bf427add6d000002:185934:185934 [1] NCCL INFO Channel 03 : 1[1] -> 2[2] via SHM/direct/direct
027ffb5017964723bac512bf427add6d000002:185936:185936 [3] NCCL INFO Channel 03 : 3[3] -> 0[0] via SHM/direct/direct
027ffb5017964723bac512bf427add6d000002:185935:185935 [2] NCCL INFO Channel 00/0 : 2[2] -> 3[3] via P2P/CUMEM/read
027ffb5017964723bac512bf427add6d000002:185935:185935 [2] NCCL INFO Channel 01/0 : 2[2] -> 3[3] via P2P/CUMEM/read
027ffb5017964723bac512bf427add6d000002:185936:185936 [3] NCCL INFO Channel 04 : 3[3] -> 0[0] via SHM/direct/direct
027ffb5017964723bac512bf427add6d000002:185934:185934 [1] NCCL INFO Channel 04 : 1[1] -> 2[2] via SHM/direct/direct
027ffb5017964723bac512bf427add6d000002:185935:185935 [2] NCCL INFO Channel 02/0 : 2[2] -> 3[3] via P2P/CUMEM/read
027ffb5017964723bac512bf427add6d000002:185933:185933 [0] NCCL INFO Channel 00/0 : 0[0] -> 1[1] via P2P/CUMEM/read
027ffb5017964723bac512bf427add6d000002:185933:185933 [0] NCCL INFO Channel 01/0 : 0[0] -> 1[1] via P2P/CUMEM/read
027ffb5017964723bac512bf427add6d000002:185935:185935 [2] NCCL INFO Channel 03/0 : 2[2] -> 3[3] via P2P/CUMEM/read
027ffb5017964723bac512bf427add6d000002:185934:185934 [1] NCCL INFO Channel 05 : 1[1] -> 2[2] via SHM/direct/direct
027ffb5017964723bac512bf427add6d000002:185936:185936 [3] NCCL INFO Channel 05 : 3[3] -> 0[0] via SHM/direct/direct
027ffb5017964723bac512bf427add6d000002:185933:185933 [0] NCCL INFO Channel 02/0 : 0[0] -> 1[1] via P2P/CUMEM/read
027ffb5017964723bac512bf427add6d000002:185933:185933 [0] NCCL INFO Channel 03/0 : 0[0] -> 1[1] via P2P/CUMEM/read
027ffb5017964723bac512bf427add6d000002:185935:185935 [2] NCCL INFO Channel 04/0 : 2[2] -> 3[3] via P2P/CUMEM/read
027ffb5017964723bac512bf427add6d000002:185936:185936 [3] NCCL INFO Channel 06 : 3[3] -> 0[0] via SHM/direct/direct
027ffb5017964723bac512bf427add6d000002:185933:185933 [0] NCCL INFO Channel 04/0 : 0[0] -> 1[1] via P2P/CUMEM/read
027ffb5017964723bac512bf427add6d000002:185935:185935 [2] NCCL INFO Channel 05/0 : 2[2] -> 3[3] via P2P/CUMEM/read
027ffb5017964723bac512bf427add6d000002:185934:185934 [1] NCCL INFO Channel 06 : 1[1] -> 2[2] via SHM/direct/direct
027ffb5017964723bac512bf427add6d000002:185933:185933 [0] NCCL INFO Channel 05/0 : 0[0] -> 1[1] via P2P/CUMEM/read
027ffb5017964723bac512bf427add6d000002:185935:185935 [2] NCCL INFO Channel 06/0 : 2[2] -> 3[3] via P2P/CUMEM/read
027ffb5017964723bac512bf427add6d000002:185936:185936 [3] NCCL INFO Channel 07 : 3[3] -> 0[0] via SHM/direct/direct
027ffb5017964723bac512bf427add6d000002:185934:185934 [1] NCCL INFO Channel 07 : 1[1] -> 2[2] via SHM/direct/direct
027ffb5017964723bac512bf427add6d000002:185933:185933 [0] NCCL INFO Channel 06/0 : 0[0] -> 1[1] via P2P/CUMEM/read
027ffb5017964723bac512bf427add6d000002:185935:185935 [2] NCCL INFO Channel 07/0 : 2[2] -> 3[3] via P2P/CUMEM/read
027ffb5017964723bac512bf427add6d000002:185933:185933 [0] NCCL INFO Channel 07/0 : 0[0] -> 1[1] via P2P/CUMEM/read
027ffb5017964723bac512bf427add6d000002:185934:185934 [1] NCCL INFO Connected all rings, use ring PXN 0 GDR 1
027ffb5017964723bac512bf427add6d000002:185933:185933 [0] NCCL INFO Connected all rings, use ring PXN 0 GDR 1
027ffb5017964723bac512bf427add6d000002:185935:185935 [2] NCCL INFO Connected all rings, use ring PXN 0 GDR 1
027ffb5017964723bac512bf427add6d000002:185936:185936 [3] NCCL INFO Connected all rings, use ring PXN 0 GDR 1
Hyperparameters:
  adam_eps: 1e-08
  adam_wd: 0.02
  beta1: 0.9
  beta2: 0.95
  clip_mult_early: 1.0
  clip_mult_late: 1.0
  clip_mult_loop: 1.0
  clip_mult_mid: 1.0
  compress_ans: True
  compress_lzma: False
  compressor: brotli
  data_dir: ./data2/
  datasets_dir: ./data2/datasets/fineweb10B_sp8192
  distributed: True
  effective_train_seq_len: <property object at 0x1474ee138ef0>
  ema_decay: 0.9965
  embed_bits: 8
  embed_clip_sigmas: 20.0
  embed_lr: 0.6
  embed_wd: 0.085
  embedding_dim: 512
  enable_looping_at: 0.35
  eval_seq_len: 2048
  eval_stride: 64
  fused_mlp: False
  fused_rope: False
  gated_attention: False
  gptq_calibration_batches: 64
  gptq_reserve_seconds: 12.0
  grad_accum_steps: 2
  grad_clip_norm: 0.3
  head_lr: 0.008
  hessian_clip_lambda: 0.3
  is_main_process: True
  iterations: 20000
  ln_scale: True
  local_rank: 0
  logfile: logs/improved_mlp425.txt
  logit_softcap: 20.0
  loop_embeddings: False
  loop_end: 5
  loop_layer_bits: 0
  loop_layer_clip_sigmas: 0.0
  loop_start: 3
  matrix_bits: 6
  matrix_clip_sigmas: 12.85
  matrix_lr: 0.022
  max_wallclock_seconds: 3600.0
  min_lr: 0.0
  mixed_seq_gpu_frac: 0.375
  mixed_seq_len: 0
  mlp_mult: 4.25
  model_dim: 512
  model_path: final_model.pt
  moe_enabled: False
  moe_layers: 
  moe_num_experts: 4
  moe_top_k: 2
  muon_backend_steps: 5
  muon_beta2: 0.95
  muon_momentum: 0.97
  muon_momentum_warmup_start: 0.92
  muon_momentum_warmup_steps: 1500
  muon_row_normalize: True
  muon_wd: 0.095
  normuon: False
  num_heads: 8
  num_kv_heads: 4
  num_layers: 11
  num_loops: 2
  parallel_residual_start: 7
  qk_gain_init: 5.25
  quantized_model_path: final_model.int6.ptz
  rank: 0
  rope_base: 10000.0
  rope_dims: 32
  rope_train_seq_len: 2048
  run_id: improved_mlp425
  scalar_lr: 0.022
  seed: 1337
  skip_gates_enabled: True
  sliding_window_enabled: True
  tie_embeddings: True
  tied_embed_init_std: 0.005
  tied_embed_lr: 0.03
  tokenizer_path: ./data2/tokenizers/fineweb_8192_bpe.model
  train_batch_tokens: 786432
  train_files: ./data2/datasets/fineweb10B_sp8192/fineweb_train_*.bin
  train_log_every: 500
  train_seq_len: 2048
  val_batch_tokens: 524288
  val_files: ./data2/datasets/fineweb10B_sp8192/fineweb_val_*.bin
  val_loss_every: 500
  varlen_attention: False
  vocab_size: 8192
  warmdown_frac: 0.85
  warmdown_wd_mult: 1.0
  warmup_steps: 20
  window_attn_layers: 
  window_attn_size: 0
  world_size: 4
  xsa_last_n: 11
train_shards: 128
val_tokens: 40540160
model_params:37386328
gptq:reserving 12s, effective=3588000ms
warmup_step: 1/20
warmup_step: 2/20
warmup_step: 3/20
warmup_step: 4/20
warmup_step: 5/20
warmup_step: 6/20
warmup_step: 10/20
warmup_step: 20/20
loop_warmup:enabled encoder:[0, 1, 2, 3, 4, 5, 3, 4] decoder:[5, 3, 4, 5, 6, 7, 8, 9, 10]
loop_warmup_step: 1/20
loop_warmup_step: 2/20
loop_warmup_step: 3/20
loop_warmup_step: 4/20
loop_warmup_step: 5/20
loop_warmup_step: 6/20
loop_warmup_step: 10/20
loop_warmup_step: 20/20
0/20000 val_loss: 9.0081 val_bpb: 3.4873
1/20000 train_loss: 9.0096 train_time: 0.0m tok/s: 1648542
2/20000 train_loss: 11.2791 train_time: 0.0m tok/s: 1602608
3/20000 train_loss: 9.8152 train_time: 0.0m tok/s: 1582790
4/20000 train_loss: 8.3986 train_time: 0.0m tok/s: 1571535
5/20000 train_loss: 7.4395 train_time: 0.0m tok/s: 1564038
500/20000 train_loss: 3.3508 train_time: 4.3m tok/s: 1510110
500/20000 val_loss: 3.3095 val_bpb: 1.2812
1000/20000 train_loss: 3.1891 train_time: 8.7m tok/s: 1513435
1000/20000 val_loss: 3.1959 val_bpb: 1.2372
1500/20000 train_loss: 3.1596 train_time: 13.0m tok/s: 1514738
1500/20000 val_loss: 3.1340 val_bpb: 1.2133
2000/20000 train_loss: 3.1228 train_time: 17.3m tok/s: 1515322
2000/20000 val_loss: 3.0837 val_bpb: 1.1938
layer_loop:enabled step:2421 frac:0.350 encoder:[0, 1, 2, 3, 4, 5, 3, 4] decoder:[5, 3, 4, 5, 6, 7, 8, 9, 10]
2500/20000 train_loss: 3.0303 train_time: 22.0m tok/s: 1489251
2500/20000 val_loss: 3.0479 val_bpb: 1.1800
3000/20000 train_loss: 2.9471 train_time: 28.8m tok/s: 1365728
3000/20000 val_loss: 2.9886 val_bpb: 1.1570
3500/20000 train_loss: 2.9913 train_time: 35.6m tok/s: 1290372
3500/20000 val_loss: 2.9503 val_bpb: 1.1422
4000/20000 train_loss: 2.9397 train_time: 42.3m tok/s: 1239479
4000/20000 val_loss: 2.9107 val_bpb: 1.1268
4500/20000 train_loss: 2.8480 train_time: 49.0m tok/s: 1202587
4500/20000 val_loss: 2.8653 val_bpb: 1.1093
5000/20000 train_loss: 2.8370 train_time: 55.8m tok/s: 1174538
5000/20000 val_loss: 2.8111 val_bpb: 1.0882
5297/20000 val_loss: 2.7852 val_bpb: 1.0782
stopping_early: wallclock_cap train_time: 3588486ms step: 5297/20000
peak memory allocated: 43482 MiB reserved: 43524 MiB
ema:applying EMA weights
pre-quantization post-ema val_loss:2.78372147 val_bpb:1.07766533 eval_time:17858ms
Serialized model: 141198201 bytes
Code size: 88211 bytes
GPTQ:collecting Hessians from calibration data...
GPTQ:collected 67 Hessians in 28.5s
Quantized weights:
  gptq (int6): blocks.attn.c_k.weight, blocks.attn.c_q.weight, blocks.attn.c_v.weight, blocks.attn.proj.weight, blocks.mlp.fc.weight, blocks.mlp.proj.weight
  gptq (int8): tok_emb.weight
  passthrough (float16): blocks.attn.q_gain, blocks.attn_scale, blocks.mlp_scale, blocks.resid_mix, skip_gates, skip_weights
compress:brotli 16602158 bytes (60.3s)
compress:ans 16478287 bytes (14.6s)
  ans: model=16478287 total=16566498
  brotli: model=16602158 total=16690369
compress:using ans (16478287 bytes)
Serialized model quantized+brotli: 16478287 bytes
Total submission size quantized+brotli: 16566498 bytes
quantized val_loss:2.81335808 val_bpb:1.08913859 eval_time:12453ms
W0412 15:32:27.375000 185865 torch/distributed/elastic/agent/server/api.py:739] Received 15 death signal, shutting down workers
W0412 15:32:27.376000 185865 torch/distributed/elastic/multiprocessing/api.py:1012] Sending process 185933 closing signal SIGTERM
W0412 15:32:27.382000 185865 torch/distributed/elastic/multiprocessing/api.py:1012] Sending process 185934 closing signal SIGTERM
W0412 15:32:27.382000 185865 torch/distributed/elastic/multiprocessing/api.py:1012] Sending process 185935 closing signal SIGTERM
W0412 15:32:27.385000 185865 torch/distributed/elastic/multiprocessing/api.py:1012] Sending process 185936 closing signal SIGTERM
Traceback (most recent call last):
  File "/root/parameter-golf/.venv/bin/torchrun", line 6, in <module>
    sys.exit(main())
             ^^^^^^
  File "/root/parameter-golf/.venv/lib/python3.12/site-packages/torch/distributed/elastic/multiprocessing/errors/__init__.py", line 362, in wrapper
    return f(*args, **kwargs)
           ^^^^^^^^^^^^^^^^^^
  File "/root/parameter-golf/.venv/lib/python3.12/site-packages/torch/distributed/run.py", line 990, in main
    run(args)
  File "/root/parameter-golf/.venv/lib/python3.12/site-packages/torch/distributed/run.py", line 981, in run
    elastic_launch(
  File "/root/parameter-golf/.venv/lib/python3.12/site-packages/torch/distributed/launcher/api.py", line 170, in __call__
    return launch_agent(self._config, self._entrypoint, list(args))
           ^^^^^^^^^^^^^^^^^^^^^^^^^^^^^^^^^^^^^^^^^^^^^^^^^^^^^^^^
  File "/root/parameter-golf/.venv/lib/python3.12/site-packages/torch/distributed/launcher/api.py", line 308, in launch_agent
    result = agent.run()
             ^^^^^^^^^^^
  File "/root/parameter-golf/.venv/lib/python3.12/site-packages/torch/distributed/elastic/metrics/api.py", line 134, in wrapper
    result = f(*args, **kwargs)
             ^^^^^^^^^^^^^^^^^^
  File "/root/parameter-golf/.venv/lib/python3.12/site-packages/torch/distributed/elastic/agent/server/api.py", line 731, in run
    result = self._invoke_run(role)
             ^^^^^^^^^^^^^^^^^^^^^^
  File "/root/parameter-golf/.venv/lib/python3.12/site-packages/torch/distributed/elastic/agent/server/api.py", line 908, in _invoke_run
    time.sleep(monitor_interval)
  File "/root/parameter-golf/.venv/lib/python3.12/site-packages/torch/distributed/elastic/multiprocessing/api.py", line 86, in _terminate_process_handler
    raise SignalException(f"Process {os.getpid()} got signal: {sigval}", sigval=sigval)
torch.distributed.elastic.multiprocessing.api.SignalException: Process 185865 got signal: 15
