
You are currently in /mnt/azureml/cr/j/8399a43b133c47a78cf15b1e3d624807/exe/wd
Job Executions run from here, your code snapshot and logs are here as well 🏡


You are currently in /mnt/azureml/cr/j/8399a43b133c47a78cf15b1e3d624807/exe/wd
Job Executions run from here, your code snapshot and logs are here as well 🏡

e1a433d6d93644e090a8bcad4f3a7ab4000000:722515:722515 [0] NCCL INFO ENV/Plugin: Could not find: libnccl-env.so
e1a433d6d93644e090a8bcad4f3a7ab4000000:722515:722515 [0] NCCL INFO Stack size limit (unlimited) is unsafe; will use 8192KB for newly launched threads
e1a433d6d93644e090a8bcad4f3a7ab4000000:722515:722515 [0] NCCL INFO NCCL_SOCKET_IFNAME set by environment to eth0
e1a433d6d93644e090a8bcad4f3a7ab4000000:722515:722515 [0] NCCL INFO Bootstrap: Using eth0:10.0.0.4<0>
e1a433d6d93644e090a8bcad4f3a7ab4000000:722515:722515 [0] NCCL INFO cudaDriverVersion 13020
e1a433d6d93644e090a8bcad4f3a7ab4000000:722515:722515 [0] NCCL INFO NCCL version 2.28.9+cuda13.0
e1a433d6d93644e090a8bcad4f3a7ab4000000:722518:722518 [3] NCCL INFO ENV/Plugin: Could not find: libnccl-env.so
e1a433d6d93644e090a8bcad4f3a7ab4000000:722517:722517 [2] NCCL INFO ENV/Plugin: Could not find: libnccl-env.so
e1a433d6d93644e090a8bcad4f3a7ab4000000:722518:722518 [3] NCCL INFO cudaDriverVersion 13020
e1a433d6d93644e090a8bcad4f3a7ab4000000:722517:722517 [2] NCCL INFO cudaDriverVersion 13020
e1a433d6d93644e090a8bcad4f3a7ab4000000:722518:722518 [3] NCCL INFO Stack size limit (unlimited) is unsafe; will use 8192KB for newly launched threads
e1a433d6d93644e090a8bcad4f3a7ab4000000:722518:722518 [3] NCCL INFO NCCL_SOCKET_IFNAME set by environment to eth0
e1a433d6d93644e090a8bcad4f3a7ab4000000:722517:722517 [2] NCCL INFO Stack size limit (unlimited) is unsafe; will use 8192KB for newly launched threads
e1a433d6d93644e090a8bcad4f3a7ab4000000:722517:722517 [2] NCCL INFO NCCL_SOCKET_IFNAME set by environment to eth0
e1a433d6d93644e090a8bcad4f3a7ab4000000:722516:722516 [1] NCCL INFO ENV/Plugin: Could not find: libnccl-env.so
e1a433d6d93644e090a8bcad4f3a7ab4000000:722515:722515 [0] NCCL INFO Comm config Blocking set to 1
e1a433d6d93644e090a8bcad4f3a7ab4000000:722516:722516 [1] NCCL INFO cudaDriverVersion 13020
e1a433d6d93644e090a8bcad4f3a7ab4000000:722518:722518 [3] NCCL INFO Bootstrap: Using eth0:10.0.0.4<0>
e1a433d6d93644e090a8bcad4f3a7ab4000000:722517:722517 [2] NCCL INFO Bootstrap: Using eth0:10.0.0.4<0>
e1a433d6d93644e090a8bcad4f3a7ab4000000:722518:722518 [3] NCCL INFO NCCL version 2.28.9+cuda13.0
e1a433d6d93644e090a8bcad4f3a7ab4000000:722517:722517 [2] NCCL INFO NCCL version 2.28.9+cuda13.0
e1a433d6d93644e090a8bcad4f3a7ab4000000:722516:722516 [1] NCCL INFO Stack size limit (unlimited) is unsafe; will use 8192KB for newly launched threads
e1a433d6d93644e090a8bcad4f3a7ab4000000:722516:722516 [1] NCCL INFO NCCL_SOCKET_IFNAME set by environment to eth0
e1a433d6d93644e090a8bcad4f3a7ab4000000:722516:722516 [1] NCCL INFO Bootstrap: Using eth0:10.0.0.4<0>
e1a433d6d93644e090a8bcad4f3a7ab4000000:722516:722516 [1] NCCL INFO NCCL version 2.28.9+cuda13.0
e1a433d6d93644e090a8bcad4f3a7ab4000000:722517:722517 [2] NCCL INFO Comm config Blocking set to 1
e1a433d6d93644e090a8bcad4f3a7ab4000000:722518:722518 [3] NCCL INFO Comm config Blocking set to 1
e1a433d6d93644e090a8bcad4f3a7ab4000000:722516:722516 [1] NCCL INFO Comm config Blocking set to 1
e1a433d6d93644e090a8bcad4f3a7ab4000000:722516:722516 [1] NCCL INFO NET/Plugin: Could not find: libnccl-net.so
e1a433d6d93644e090a8bcad4f3a7ab4000000:722516:722516 [1] NCCL INFO NCCL_IB_DISABLE set by environment to 1.
e1a433d6d93644e090a8bcad4f3a7ab4000000:722516:722516 [1] NCCL INFO transport/net_ib.cc:852 -> 3
e1a433d6d93644e090a8bcad4f3a7ab4000000:722516:722516 [1] NCCL INFO Failed to initialize NET plugin IB
e1a433d6d93644e090a8bcad4f3a7ab4000000:722516:722516 [1] NCCL INFO NCCL_SOCKET_IFNAME set by environment to eth0
e1a433d6d93644e090a8bcad4f3a7ab4000000:722516:722516 [1] NCCL INFO NET/Socket : Using [0]eth0:10.0.0.4<0>
e1a433d6d93644e090a8bcad4f3a7ab4000000:722516:722516 [1] NCCL INFO Initialized NET plugin Socket
e1a433d6d93644e090a8bcad4f3a7ab4000000:722516:722516 [1] NCCL INFO Assigned NET plugin Socket to comm
e1a433d6d93644e090a8bcad4f3a7ab4000000:722516:722516 [1] NCCL INFO Using network Socket
e1a433d6d93644e090a8bcad4f3a7ab4000000:722515:722515 [0] NCCL INFO NET/Plugin: Could not find: libnccl-net.so
e1a433d6d93644e090a8bcad4f3a7ab4000000:722515:722515 [0] NCCL INFO NCCL_IB_DISABLE set by environment to 1.
e1a433d6d93644e090a8bcad4f3a7ab4000000:722515:722515 [0] NCCL INFO transport/net_ib.cc:852 -> 3
e1a433d6d93644e090a8bcad4f3a7ab4000000:722515:722515 [0] NCCL INFO Failed to initialize NET plugin IB
e1a433d6d93644e090a8bcad4f3a7ab4000000:722515:722515 [0] NCCL INFO NCCL_SOCKET_IFNAME set by environment to eth0
e1a433d6d93644e090a8bcad4f3a7ab4000000:722515:722515 [0] NCCL INFO NET/Socket : Using [0]eth0:10.0.0.4<0>
e1a433d6d93644e090a8bcad4f3a7ab4000000:722515:722515 [0] NCCL INFO Initialized NET plugin Socket
e1a433d6d93644e090a8bcad4f3a7ab4000000:722515:722515 [0] NCCL INFO Assigned NET plugin Socket to comm
e1a433d6d93644e090a8bcad4f3a7ab4000000:722515:722515 [0] NCCL INFO Using network Socket
e1a433d6d93644e090a8bcad4f3a7ab4000000:722516:722516 [1] NCCL INFO ncclCommInitRankConfig comm 0x1465ce80 rank 1 nranks 4 cudaDev 1 nvmlDev 1 busId 200000 commId 0x3ef2c21271821b29 - Init START
e1a433d6d93644e090a8bcad4f3a7ab4000000:722515:722515 [0] NCCL INFO ncclCommInitRankConfig comm 0x4750a2a0 rank 0 nranks 4 cudaDev 0 nvmlDev 0 busId 100000 commId 0x3ef2c21271821b29 - Init START
e1a433d6d93644e090a8bcad4f3a7ab4000000:722517:722517 [2] NCCL INFO NET/Plugin: Could not find: libnccl-net.so
e1a433d6d93644e090a8bcad4f3a7ab4000000:722517:722517 [2] NCCL INFO NCCL_IB_DISABLE set by environment to 1.
e1a433d6d93644e090a8bcad4f3a7ab4000000:722517:722517 [2] NCCL INFO transport/net_ib.cc:852 -> 3
e1a433d6d93644e090a8bcad4f3a7ab4000000:722517:722517 [2] NCCL INFO Failed to initialize NET plugin IB
e1a433d6d93644e090a8bcad4f3a7ab4000000:722517:722517 [2] NCCL INFO NCCL_SOCKET_IFNAME set by environment to eth0
e1a433d6d93644e090a8bcad4f3a7ab4000000:722518:722518 [3] NCCL INFO NET/Plugin: Could not find: libnccl-net.so
e1a433d6d93644e090a8bcad4f3a7ab4000000:722518:722518 [3] NCCL INFO NCCL_IB_DISABLE set by environment to 1.
e1a433d6d93644e090a8bcad4f3a7ab4000000:722518:722518 [3] NCCL INFO transport/net_ib.cc:852 -> 3
e1a433d6d93644e090a8bcad4f3a7ab4000000:722518:722518 [3] NCCL INFO Failed to initialize NET plugin IB
e1a433d6d93644e090a8bcad4f3a7ab4000000:722518:722518 [3] NCCL INFO NCCL_SOCKET_IFNAME set by environment to eth0
e1a433d6d93644e090a8bcad4f3a7ab4000000:722517:722517 [2] NCCL INFO NET/Socket : Using [0]eth0:10.0.0.4<0>
e1a433d6d93644e090a8bcad4f3a7ab4000000:722517:722517 [2] NCCL INFO Initialized NET plugin Socket
e1a433d6d93644e090a8bcad4f3a7ab4000000:722517:722517 [2] NCCL INFO Assigned NET plugin Socket to comm
e1a433d6d93644e090a8bcad4f3a7ab4000000:722517:722517 [2] NCCL INFO Using network Socket
e1a433d6d93644e090a8bcad4f3a7ab4000000:722518:722518 [3] NCCL INFO NET/Socket : Using [0]eth0:10.0.0.4<0>
e1a433d6d93644e090a8bcad4f3a7ab4000000:722518:722518 [3] NCCL INFO Initialized NET plugin Socket
e1a433d6d93644e090a8bcad4f3a7ab4000000:722518:722518 [3] NCCL INFO Assigned NET plugin Socket to comm
e1a433d6d93644e090a8bcad4f3a7ab4000000:722518:722518 [3] NCCL INFO Using network Socket
e1a433d6d93644e090a8bcad4f3a7ab4000000:722517:722517 [2] NCCL INFO ncclCommInitRankConfig comm 0x27fbf950 rank 2 nranks 4 cudaDev 2 nvmlDev 2 busId 300000 commId 0x3ef2c21271821b29 - Init START
e1a433d6d93644e090a8bcad4f3a7ab4000000:722518:722518 [3] NCCL INFO ncclCommInitRankConfig comm 0x23d6f4a0 rank 3 nranks 4 cudaDev 3 nvmlDev 3 busId 400000 commId 0x3ef2c21271821b29 - Init START
e1a433d6d93644e090a8bcad4f3a7ab4000000:722516:722516 [1] NCCL INFO RAS client listening socket at 127.0.0.1<28028>
e1a433d6d93644e090a8bcad4f3a7ab4000000:722517:722517 [2] NCCL INFO RAS client listening socket at 127.0.0.1<28028>
e1a433d6d93644e090a8bcad4f3a7ab4000000:722515:722515 [0] NCCL INFO RAS client listening socket at 127.0.0.1<28028>
e1a433d6d93644e090a8bcad4f3a7ab4000000:722518:722518 [3] NCCL INFO RAS client listening socket at 127.0.0.1<28028>
e1a433d6d93644e090a8bcad4f3a7ab4000000:722518:722518 [3] NCCL INFO Bootstrap timings total 0.001289 (create 0.000045, send 0.000170, recv 0.000374, ring 0.000098, delay 0.000001)
e1a433d6d93644e090a8bcad4f3a7ab4000000:722517:722517 [2] NCCL INFO Bootstrap timings total 0.001475 (create 0.000048, send 0.000169, recv 0.000407, ring 0.000423, delay 0.000001)
e1a433d6d93644e090a8bcad4f3a7ab4000000:722515:722515 [0] NCCL INFO Bootstrap timings total 0.008280 (create 0.000049, send 0.000180, recv 0.000195, ring 0.000284, delay 0.000001)
e1a433d6d93644e090a8bcad4f3a7ab4000000:722516:722516 [1] NCCL INFO Bootstrap timings total 0.009736 (create 0.000046, send 0.000193, recv 0.008476, ring 0.000553, delay 0.000001)
e1a433d6d93644e090a8bcad4f3a7ab4000000:722518:722518 [3] NCCL INFO ncclTopoGetCpuAffinity: Affinity for GPU 3 is 72-95. (GPU affinity = 72-95 ; CPU affinity = 0-95).
e1a433d6d93644e090a8bcad4f3a7ab4000000:722516:722516 [1] NCCL INFO ncclTopoGetCpuAffinity: Affinity for GPU 1 is 24-47. (GPU affinity = 24-47 ; CPU affinity = 0-95).
e1a433d6d93644e090a8bcad4f3a7ab4000000:722518:722518 [3] NCCL INFO NVLS multicast support is not available on dev 3 (NVLS_NCHANNELS 0)
e1a433d6d93644e090a8bcad4f3a7ab4000000:722516:722516 [1] NCCL INFO NVLS multicast support is not available on dev 1 (NVLS_NCHANNELS 0)
e1a433d6d93644e090a8bcad4f3a7ab4000000:722515:722515 [0] NCCL INFO ncclTopoGetCpuAffinity: Affinity for GPU 0 is 0-23. (GPU affinity = 0-23 ; CPU affinity = 0-95).
e1a433d6d93644e090a8bcad4f3a7ab4000000:722515:722515 [0] NCCL INFO NVLS multicast support is not available on dev 0 (NVLS_NCHANNELS 0)
e1a433d6d93644e090a8bcad4f3a7ab4000000:722517:722517 [2] NCCL INFO ncclTopoGetCpuAffinity: Affinity for GPU 2 is 48-71. (GPU affinity = 48-71 ; CPU affinity = 0-95).
e1a433d6d93644e090a8bcad4f3a7ab4000000:722517:722517 [2] NCCL INFO NVLS multicast support is not available on dev 2 (NVLS_NCHANNELS 0)
e1a433d6d93644e090a8bcad4f3a7ab4000000:722518:722518 [3] NCCL INFO comm 0x23d6f4a0 rank 3 nRanks 4 nNodes 1 localRanks 4 localRank 3 MNNVL 0
e1a433d6d93644e090a8bcad4f3a7ab4000000:722518:722518 [3] NCCL INFO Trees [0] -1/-1/-1->3->2 [1] -1/-1/-1->3->2 [2] -1/-1/-1->3->2 [3] -1/-1/-1->3->2 [4] -1/-1/-1->3->2 [5] -1/-1/-1->3->2 [6] -1/-1/-1->3->2 [7] -1/-1/-1->3->2
e1a433d6d93644e090a8bcad4f3a7ab4000000:722518:722518 [3] NCCL INFO P2P Chunksize set to 131072
e1a433d6d93644e090a8bcad4f3a7ab4000000:722518:722518 [3] NCCL INFO PROFILER/Plugin: Could not find: libnccl-profiler.so
e1a433d6d93644e090a8bcad4f3a7ab4000000:722518:722518 [3] NCCL INFO Check P2P Type isAllDirectP2p 0 directMode 0 isAllCudaP2p 0
e1a433d6d93644e090a8bcad4f3a7ab4000000:722516:722516 [1] NCCL INFO comm 0x1465ce80 rank 1 nRanks 4 nNodes 1 localRanks 4 localRank 1 MNNVL 0
e1a433d6d93644e090a8bcad4f3a7ab4000000:722517:722517 [2] NCCL INFO comm 0x27fbf950 rank 2 nRanks 4 nNodes 1 localRanks 4 localRank 2 MNNVL 0
e1a433d6d93644e090a8bcad4f3a7ab4000000:722517:722517 [2] NCCL INFO Trees [0] 3/-1/-1->2->1 [1] 3/-1/-1->2->1 [2] 3/-1/-1->2->1 [3] 3/-1/-1->2->1 [4] 3/-1/-1->2->1 [5] 3/-1/-1->2->1 [6] 3/-1/-1->2->1 [7] 3/-1/-1->2->1
e1a433d6d93644e090a8bcad4f3a7ab4000000:722517:722517 [2] NCCL INFO P2P Chunksize set to 131072
e1a433d6d93644e090a8bcad4f3a7ab4000000:722516:722516 [1] NCCL INFO Trees [0] 2/-1/-1->1->0 [1] 2/-1/-1->1->0 [2] 2/-1/-1->1->0 [3] 2/-1/-1->1->0 [4] 2/-1/-1->1->0 [5] 2/-1/-1->1->0 [6] 2/-1/-1->1->0 [7] 2/-1/-1->1->0
e1a433d6d93644e090a8bcad4f3a7ab4000000:722516:722516 [1] NCCL INFO P2P Chunksize set to 131072
e1a433d6d93644e090a8bcad4f3a7ab4000000:722518:722544 [0] NCCL INFO [Proxy Service] Device 3 CPU core 81
e1a433d6d93644e090a8bcad4f3a7ab4000000:722515:722515 [0] NCCL INFO comm 0x4750a2a0 rank 0 nRanks 4 nNodes 1 localRanks 4 localRank 0 MNNVL 0
e1a433d6d93644e090a8bcad4f3a7ab4000000:722518:722545 [0] NCCL INFO [Proxy Service UDS] Device 3 CPU core 88
e1a433d6d93644e090a8bcad4f3a7ab4000000:722515:722515 [0] NCCL INFO Channel 00/08 : 0 1 2 3
e1a433d6d93644e090a8bcad4f3a7ab4000000:722515:722515 [0] NCCL INFO Channel 01/08 : 0 1 2 3
e1a433d6d93644e090a8bcad4f3a7ab4000000:722515:722515 [0] NCCL INFO Channel 02/08 : 0 1 2 3
e1a433d6d93644e090a8bcad4f3a7ab4000000:722515:722515 [0] NCCL INFO Channel 03/08 : 0 1 2 3
e1a433d6d93644e090a8bcad4f3a7ab4000000:722515:722515 [0] NCCL INFO Channel 04/08 : 0 1 2 3
e1a433d6d93644e090a8bcad4f3a7ab4000000:722515:722515 [0] NCCL INFO Channel 05/08 : 0 1 2 3
e1a433d6d93644e090a8bcad4f3a7ab4000000:722515:722515 [0] NCCL INFO Channel 06/08 : 0 1 2 3
e1a433d6d93644e090a8bcad4f3a7ab4000000:722515:722515 [0] NCCL INFO Channel 07/08 : 0 1 2 3
e1a433d6d93644e090a8bcad4f3a7ab4000000:722515:722515 [0] NCCL INFO Trees [0] 1/-1/-1->0->-1 [1] 1/-1/-1->0->-1 [2] 1/-1/-1->0->-1 [3] 1/-1/-1->0->-1 [4] 1/-1/-1->0->-1 [5] 1/-1/-1->0->-1 [6] 1/-1/-1->0->-1 [7] 1/-1/-1->0->-1
e1a433d6d93644e090a8bcad4f3a7ab4000000:722515:722515 [0] NCCL INFO P2P Chunksize set to 131072
e1a433d6d93644e090a8bcad4f3a7ab4000000:722516:722516 [1] NCCL INFO PROFILER/Plugin: Could not find: libnccl-profiler.so
e1a433d6d93644e090a8bcad4f3a7ab4000000:722516:722516 [1] NCCL INFO Check P2P Type isAllDirectP2p 0 directMode 0 isAllCudaP2p 0
e1a433d6d93644e090a8bcad4f3a7ab4000000:722517:722517 [2] NCCL INFO PROFILER/Plugin: Could not find: libnccl-profiler.so
e1a433d6d93644e090a8bcad4f3a7ab4000000:722517:722517 [2] NCCL INFO Check P2P Type isAllDirectP2p 0 directMode 0 isAllCudaP2p 0
e1a433d6d93644e090a8bcad4f3a7ab4000000:722515:722515 [0] NCCL INFO PROFILER/Plugin: Could not find: libnccl-profiler.so
e1a433d6d93644e090a8bcad4f3a7ab4000000:722515:722515 [0] NCCL INFO Check P2P Type isAllDirectP2p 0 directMode 0 isAllCudaP2p 0
e1a433d6d93644e090a8bcad4f3a7ab4000000:722516:722546 [0] NCCL INFO [Proxy Service] Device 1 CPU core 42
e1a433d6d93644e090a8bcad4f3a7ab4000000:722516:722548 [0] NCCL INFO [Proxy Service UDS] Device 1 CPU core 26
e1a433d6d93644e090a8bcad4f3a7ab4000000:722517:722547 [0] NCCL INFO [Proxy Service] Device 2 CPU core 71
e1a433d6d93644e090a8bcad4f3a7ab4000000:722517:722549 [0] NCCL INFO [Proxy Service UDS] Device 2 CPU core 60
e1a433d6d93644e090a8bcad4f3a7ab4000000:722515:722550 [0] NCCL INFO [Proxy Service] Device 0 CPU core 14
e1a433d6d93644e090a8bcad4f3a7ab4000000:722515:722551 [0] NCCL INFO [Proxy Service UDS] Device 0 CPU core 22
e1a433d6d93644e090a8bcad4f3a7ab4000000:722515:722515 [0] NCCL INFO TUNER/Plugin: Could not find: libnccl-tuner.so
e1a433d6d93644e090a8bcad4f3a7ab4000000:722515:722515 [0] NCCL INFO threadThresholds 8/8/64 | 32/8/64 | 512 | 512
e1a433d6d93644e090a8bcad4f3a7ab4000000:722515:722515 [0] NCCL INFO 8 coll channels, 8 collnet channels, 0 nvls channels, 8 p2p channels, 2 p2p channels per peer
e1a433d6d93644e090a8bcad4f3a7ab4000000:722515:722515 [0] NCCL INFO CC Off, workFifoBytes 1048576
e1a433d6d93644e090a8bcad4f3a7ab4000000:722518:722518 [3] NCCL INFO TUNER/Plugin: Could not find: libnccl-tuner.so
e1a433d6d93644e090a8bcad4f3a7ab4000000:722518:722518 [3] NCCL INFO threadThresholds 8/8/64 | 32/8/64 | 512 | 512
e1a433d6d93644e090a8bcad4f3a7ab4000000:722518:722518 [3] NCCL INFO 8 coll channels, 8 collnet channels, 0 nvls channels, 8 p2p channels, 2 p2p channels per peer
e1a433d6d93644e090a8bcad4f3a7ab4000000:722517:722517 [2] NCCL INFO TUNER/Plugin: Could not find: libnccl-tuner.so
e1a433d6d93644e090a8bcad4f3a7ab4000000:722517:722517 [2] NCCL INFO threadThresholds 8/8/64 | 32/8/64 | 512 | 512
e1a433d6d93644e090a8bcad4f3a7ab4000000:722517:722517 [2] NCCL INFO 8 coll channels, 8 collnet channels, 0 nvls channels, 8 p2p channels, 2 p2p channels per peer
e1a433d6d93644e090a8bcad4f3a7ab4000000:722516:722516 [1] NCCL INFO TUNER/Plugin: Could not find: libnccl-tuner.so
e1a433d6d93644e090a8bcad4f3a7ab4000000:722516:722516 [1] NCCL INFO threadThresholds 8/8/64 | 32/8/64 | 512 | 512
e1a433d6d93644e090a8bcad4f3a7ab4000000:722516:722516 [1] NCCL INFO 8 coll channels, 8 collnet channels, 0 nvls channels, 8 p2p channels, 2 p2p channels per peer
e1a433d6d93644e090a8bcad4f3a7ab4000000:722515:722515 [0] NCCL INFO ncclCommInitRankConfig comm 0x4750a2a0 rank 0 nranks 4 cudaDev 0 nvmlDev 0 busId 100000 commId 0x3ef2c21271821b29 - Init COMPLETE
e1a433d6d93644e090a8bcad4f3a7ab4000000:722517:722517 [2] NCCL INFO ncclCommInitRankConfig comm 0x27fbf950 rank 2 nranks 4 cudaDev 2 nvmlDev 2 busId 300000 commId 0x3ef2c21271821b29 - Init COMPLETE
e1a433d6d93644e090a8bcad4f3a7ab4000000:722515:722515 [0] NCCL INFO Init timings - ncclCommInitRankConfig: rank 0 nranks 4 total 0.17 (kernels 0.12, alloc 0.00, bootstrap 0.01, allgathers 0.00, topo 0.02, graphs 0.00, connections 0.01, rest 0.00)
e1a433d6d93644e090a8bcad4f3a7ab4000000:722517:722517 [2] NCCL INFO Init timings - ncclCommInitRankConfig: rank 2 nranks 4 total 0.17 (kernels 0.12, alloc 0.01, bootstrap 0.00, allgathers 0.00, topo 0.02, graphs 0.00, connections 0.01, rest 0.00)
e1a433d6d93644e090a8bcad4f3a7ab4000000:722516:722516 [1] NCCL INFO ncclCommInitRankConfig comm 0x1465ce80 rank 1 nranks 4 cudaDev 1 nvmlDev 1 busId 200000 commId 0x3ef2c21271821b29 - Init COMPLETE
e1a433d6d93644e090a8bcad4f3a7ab4000000:722516:722516 [1] NCCL INFO Init timings - ncclCommInitRankConfig: rank 1 nranks 4 total 0.17 (kernels 0.12, alloc 0.00, bootstrap 0.01, allgathers 0.00, topo 0.02, graphs 0.00, connections 0.01, rest 0.00)
e1a433d6d93644e090a8bcad4f3a7ab4000000:722518:722518 [3] NCCL INFO ncclCommInitRankConfig comm 0x23d6f4a0 rank 3 nranks 4 cudaDev 3 nvmlDev 3 busId 400000 commId 0x3ef2c21271821b29 - Init COMPLETE
e1a433d6d93644e090a8bcad4f3a7ab4000000:722518:722518 [3] NCCL INFO Init timings - ncclCommInitRankConfig: rank 3 nranks 4 total 0.17 (kernels 0.13, alloc 0.00, bootstrap 0.00, allgathers 0.00, topo 0.02, graphs 0.00, connections 0.01, rest 0.00)
e1a433d6d93644e090a8bcad4f3a7ab4000000:722518:722518 [3] NCCL INFO Channel 00 : 3[3] -> 0[0] via SHM/direct/direct
e1a433d6d93644e090a8bcad4f3a7ab4000000:722518:722518 [3] NCCL INFO Channel 01 : 3[3] -> 0[0] via SHM/direct/direct
e1a433d6d93644e090a8bcad4f3a7ab4000000:722516:722516 [1] NCCL INFO Channel 00 : 1[1] -> 2[2] via SHM/direct/direct
e1a433d6d93644e090a8bcad4f3a7ab4000000:722518:722518 [3] NCCL INFO Channel 02 : 3[3] -> 0[0] via SHM/direct/direct
e1a433d6d93644e090a8bcad4f3a7ab4000000:722516:722516 [1] NCCL INFO Channel 01 : 1[1] -> 2[2] via SHM/direct/direct
e1a433d6d93644e090a8bcad4f3a7ab4000000:722518:722518 [3] NCCL INFO Channel 03 : 3[3] -> 0[0] via SHM/direct/direct
e1a433d6d93644e090a8bcad4f3a7ab4000000:722518:722518 [3] NCCL INFO Channel 04 : 3[3] -> 0[0] via SHM/direct/direct
e1a433d6d93644e090a8bcad4f3a7ab4000000:722516:722516 [1] NCCL INFO Channel 02 : 1[1] -> 2[2] via SHM/direct/direct
e1a433d6d93644e090a8bcad4f3a7ab4000000:722518:722518 [3] NCCL INFO Channel 05 : 3[3] -> 0[0] via SHM/direct/direct
e1a433d6d93644e090a8bcad4f3a7ab4000000:722516:722516 [1] NCCL INFO Channel 03 : 1[1] -> 2[2] via SHM/direct/direct
e1a433d6d93644e090a8bcad4f3a7ab4000000:722515:722515 [0] NCCL INFO Channel 00/0 : 0[0] -> 1[1] via P2P/CUMEM/read
e1a433d6d93644e090a8bcad4f3a7ab4000000:722517:722517 [2] NCCL INFO Channel 00/0 : 2[2] -> 3[3] via P2P/CUMEM/read
e1a433d6d93644e090a8bcad4f3a7ab4000000:722515:722515 [0] NCCL INFO Channel 01/0 : 0[0] -> 1[1] via P2P/CUMEM/read
e1a433d6d93644e090a8bcad4f3a7ab4000000:722517:722517 [2] NCCL INFO Channel 01/0 : 2[2] -> 3[3] via P2P/CUMEM/read
e1a433d6d93644e090a8bcad4f3a7ab4000000:722518:722518 [3] NCCL INFO Channel 06 : 3[3] -> 0[0] via SHM/direct/direct
e1a433d6d93644e090a8bcad4f3a7ab4000000:722516:722516 [1] NCCL INFO Channel 04 : 1[1] -> 2[2] via SHM/direct/direct
e1a433d6d93644e090a8bcad4f3a7ab4000000:722515:722515 [0] NCCL INFO Channel 02/0 : 0[0] -> 1[1] via P2P/CUMEM/read
e1a433d6d93644e090a8bcad4f3a7ab4000000:722515:722515 [0] NCCL INFO Channel 03/0 : 0[0] -> 1[1] via P2P/CUMEM/read
e1a433d6d93644e090a8bcad4f3a7ab4000000:722517:722517 [2] NCCL INFO Channel 02/0 : 2[2] -> 3[3] via P2P/CUMEM/read
e1a433d6d93644e090a8bcad4f3a7ab4000000:722516:722516 [1] NCCL INFO Channel 05 : 1[1] -> 2[2] via SHM/direct/direct
e1a433d6d93644e090a8bcad4f3a7ab4000000:722515:722515 [0] NCCL INFO Channel 04/0 : 0[0] -> 1[1] via P2P/CUMEM/read
e1a433d6d93644e090a8bcad4f3a7ab4000000:722517:722517 [2] NCCL INFO Channel 03/0 : 2[2] -> 3[3] via P2P/CUMEM/read
e1a433d6d93644e090a8bcad4f3a7ab4000000:722518:722518 [3] NCCL INFO Channel 07 : 3[3] -> 0[0] via SHM/direct/direct
e1a433d6d93644e090a8bcad4f3a7ab4000000:722515:722515 [0] NCCL INFO Channel 05/0 : 0[0] -> 1[1] via P2P/CUMEM/read
e1a433d6d93644e090a8bcad4f3a7ab4000000:722517:722517 [2] NCCL INFO Channel 04/0 : 2[2] -> 3[3] via P2P/CUMEM/read
e1a433d6d93644e090a8bcad4f3a7ab4000000:722516:722516 [1] NCCL INFO Channel 06 : 1[1] -> 2[2] via SHM/direct/direct
e1a433d6d93644e090a8bcad4f3a7ab4000000:722515:722515 [0] NCCL INFO Channel 06/0 : 0[0] -> 1[1] via P2P/CUMEM/read
e1a433d6d93644e090a8bcad4f3a7ab4000000:722517:722517 [2] NCCL INFO Channel 05/0 : 2[2] -> 3[3] via P2P/CUMEM/read
e1a433d6d93644e090a8bcad4f3a7ab4000000:722515:722515 [0] NCCL INFO Channel 07/0 : 0[0] -> 1[1] via P2P/CUMEM/read
e1a433d6d93644e090a8bcad4f3a7ab4000000:722517:722517 [2] NCCL INFO Channel 06/0 : 2[2] -> 3[3] via P2P/CUMEM/read
e1a433d6d93644e090a8bcad4f3a7ab4000000:722516:722516 [1] NCCL INFO Channel 07 : 1[1] -> 2[2] via SHM/direct/direct
e1a433d6d93644e090a8bcad4f3a7ab4000000:722517:722517 [2] NCCL INFO Channel 07/0 : 2[2] -> 3[3] via P2P/CUMEM/read
e1a433d6d93644e090a8bcad4f3a7ab4000000:722518:722518 [3] NCCL INFO Connected all rings, use ring PXN 0 GDR 1
e1a433d6d93644e090a8bcad4f3a7ab4000000:722516:722516 [1] NCCL INFO Connected all rings, use ring PXN 0 GDR 1
e1a433d6d93644e090a8bcad4f3a7ab4000000:722517:722517 [2] NCCL INFO Connected all rings, use ring PXN 0 GDR 1
e1a433d6d93644e090a8bcad4f3a7ab4000000:722515:722515 [0] NCCL INFO Connected all rings, use ring PXN 0 GDR 1
Hyperparameters:
  adam_eps: 1e-08
  adam_wd: 0.02
  beta1: 0.9
  beta2: 0.95
  bigram_dim: 128
  bigram_vocab_size: 0
  clip_mult_early: 1.0
  clip_mult_late: 1.0
  clip_mult_loop: 1.0
  clip_mult_mid: 1.0
  compress_ans: True
  compress_brotli: False
  compress_lzma: False
  compressor: brotli
  data_dir: /root/parameter-golf/data
  datasets_dir: /root/parameter-golf/data/datasets/fineweb10B_sp8192
  distributed: True
  effective_train_seq_len: <property object at 0x150597dc2de0>
  ema_decay: 0.9965
  embed_bits: 8
  embed_clip_sigmas: 20.0
  embed_lr: 0.6
  embed_wd: 0.085
  embedding_dim: 512
  enable_looping_at: 0.35
  eval_seq_len: 2048
  eval_stride: 64
  fused_mlp: True
  fused_rope: True
  gated_attention: True
  gptq_calibration_batches: 128
  gptq_reserve_seconds: 12.0
  grad_accum_steps: 2
  grad_clip_norm: 0.3
  head_lr: 0.008
  hessian_clip_lambda: 0.3
  is_main_process: True
  iterations: 20000
  ln_scale: True
  local_rank: 0
  logfile: logs/pg13_varlen_clip16.txt
  logit_softcap: 20.0
  loop_embeddings: False
  loop_end: 5
  loop_layer_bits: 0
  loop_layer_clip_sigmas: 0.0
  loop_start: 3
  matrix_bits: 6
  matrix_clip_sigmas: 16.0
  matrix_lr: 0.022
  max_wallclock_seconds: 3600.0
  min_lr: 0.0
  mixed_seq_gpu_frac: 0.375
  mixed_seq_len: 0
  mlp_mult: 4.35
  model_dim: 512
  model_path: final_model.pt
  moe_enabled: False
  moe_layers: 3,5,7,9
  moe_num_experts: 4
  moe_top_k: 2
  muon_backend_steps: 5
  muon_beta2: 0.95
  muon_momentum: 0.97
  muon_momentum_warmup_start: 0.92
  muon_momentum_warmup_steps: 1500
  muon_row_normalize: True
  muon_wd: 0.095
  normuon: False
  num_heads: 8
  num_kv_heads: 4
  num_layers: 11
  num_loops: 2
  parallel_residual_start: 7
  qk_gain_init: 5.25
  quantized_model_path: final_model.int6.ptz
  rank: 0
  rope_base: 10000.0
  rope_dims: 32
  rope_train_seq_len: 2048
  run_id: pg13_varlen_clip16
  scalar_lr: 0.022
  seed: 1337
  skip_gates_enabled: True
  sliding_window_enabled: True
  tie_embeddings: True
  tied_embed_init_std: 0.005
  tied_embed_lr: 0.03
  tokenizer_path: /root/parameter-golf/data/tokenizers/fineweb_8192_bpe.model
  train_batch_tokens: 786432
  train_files: /root/parameter-golf/data/datasets/fineweb10B_sp8192/fineweb_train_*.bin
  train_log_every: 500
  train_seq_len: 2048
  trigram_dim: 128
  trigram_vocab_size: 0
  ttt_batch_size: 64
  ttt_beta1: 0.0
  ttt_beta2: 0.999
  ttt_chunk_size: 48
  ttt_enabled: False
  ttt_eval_seq_len: 2048
  ttt_fp_chunk_tokens: 32768
  ttt_fp_epochs: 3
  ttt_fp_lr: 0.001
  ttt_fp_momentum: 0.9
  ttt_grad_clip: 1.0
  ttt_grad_steps: 1
  ttt_k_lora: True
  ttt_layer_debug: False
  ttt_layer_debug_tol: 0.001
  ttt_lora_lr: 5e-05
  ttt_lora_rank: 64
  ttt_mlp_lora: True
  ttt_nan_guard: True
  ttt_o_lora: True
  ttt_sanity_check: False
  ttt_weight_decay: 0.2
  val_batch_tokens: 524288
  val_files: /root/parameter-golf/data/datasets/fineweb10B_sp8192/fineweb_val_*.bin
  val_loss_every: 4000
  varlen_attention: True
  vocab_size: 8192
  warmdown_frac: 0.85
  warmdown_wd_mult: 1.0
  warmup_steps: 20
  window_attn_layers: 
  window_attn_size: 0
  world_size: 4
  xsa_last_n: 11
train_shards: 80
val_tokens: 40540160
model_params:38152368
gptq:reserving 12s, effective=3588000ms
warmup_step: 1/20
warmup_step: 2/20
warmup_step: 3/20
warmup_step: 4/20
warmup_step: 5/20
warmup_step: 6/20
warmup_step: 10/20
warmup_step: 20/20
loop_warmup:enabled encoder:[0, 1, 2, 3, 4, 5, 3, 4] decoder:[5, 3, 4, 5, 6, 7, 8, 9, 10]
loop_warmup_step: 1/20
loop_warmup_step: 2/20
loop_warmup_step: 3/20
loop_warmup_step: 4/20
loop_warmup_step: 5/20
loop_warmup_step: 6/20
loop_warmup_step: 10/20
loop_warmup_step: 20/20
0/20000 val_loss: 9.0079 val_bpb: 3.4871
1/20000 train_loss: 9.0071 train_time: 0.0m tok/s: 1622270
2/20000 train_loss: 11.3359 train_time: 0.0m tok/s: 1595334
3/20000 train_loss: 9.9711 train_time: 0.0m tok/s: 1551636
4/20000 train_loss: 8.5162 train_time: 0.0m tok/s: 1519351
5/20000 train_loss: 7.4699 train_time: 0.0m tok/s: 1509671
500/20000 train_loss: 3.2890 train_time: 5.6m tok/s: 1166183
1000/20000 train_loss: 3.1370 train_time: 9.9m tok/s: 1318944
1500/20000 train_loss: 3.0052 train_time: 14.3m tok/s: 1378472
2000/20000 train_loss: 2.9849 train_time: 18.6m tok/s: 1411503
layer_loop:enabled step:2273 frac:0.350 encoder:[0, 1, 2, 3, 4, 5, 3, 4] decoder:[5, 3, 4, 5, 6, 7, 8, 9, 10]
2500/20000 train_loss: 2.3392 train_time: 25.5m tok/s: 1286532
3000/20000 train_loss: 2.8933 train_time: 32.1m tok/s: 1226879
3500/20000 train_loss: 2.9123 train_time: 38.6m tok/s: 1187099
4000/20000 train_loss: 2.8945 train_time: 45.2m tok/s: 1159489
4000/20000 val_loss: 2.8748 val_bpb: 1.1129
4500/20000 train_loss: 2.8132 train_time: 52.2m tok/s: 1130592
5000/20000 train_loss: 3.1187 train_time: 58.7m tok/s: 1115677
5081/20000 val_loss: 2.7616 val_bpb: 1.0690
stopping_early: wallclock_cap train_time: 3588299ms step: 5081/20000
peak memory allocated: 38878 MiB reserved: 38980 MiB
ema:applying EMA weights
pre-quantization post-ema val_loss:2.76082115 val_bpb:1.06874417 eval_time:20117ms
Serialized model: 144269669 bytes
Code size: 38405 bytes
GPTQ:collecting Hessians from calibration data...
GPTQ:collected 67 Hessians in 49.7s
Quantized weights:
  gptq (int6): blocks.attn.c_k.weight, blocks.attn.c_q.weight, blocks.attn.c_v.weight, blocks.attn.proj.weight, blocks.mlp.fc.weight, blocks.mlp.proj.weight
  gptq (int8): tok_emb.weight
  passthrough (float16): blocks.attn.gate_proj.bias, blocks.attn.gate_proj.weight, blocks.attn.q_gain, blocks.attn_scale, blocks.mlp_scale, blocks.resid_mix, skip_gates, skip_weights
compress:ans 15553429 bytes (14.9s)
  ans: model=15553429 total=15591834
compress:using ans (15553429 bytes)
Serialized model quantized+compressed: 15553429 bytes
Total submission size quantized+compressed: 15591834 bytes
quantized val_loss:2.80332126 val_bpb:1.08519643 eval_time:19501ms
sliding_progress: batch 1/4949 tokens:0 running_loss:0.0000 running_bpb:0.0000 elapsed:0.0s
sliding_progress: batch 51/4949 tokens:104384 running_loss:2.7685 running_bpb:1.0898 elapsed:6.0s
sliding_progress: batch 101/4949 tokens:206784 running_loss:2.7621 running_bpb:1.0715 elapsed:12.1s
sliding_progress: batch 151/4949 tokens:309184 running_loss:2.7455 running_bpb:1.0786 elapsed:18.2s
sliding_progress: batch 201/4949 tokens:411584 running_loss:2.7534 running_bpb:1.0817 elapsed:24.3s
sliding_progress: batch 251/4949 tokens:513984 running_loss:2.7518 running_bpb:1.0770 elapsed:30.4s
sliding_progress: batch 301/4949 tokens:616384 running_loss:2.7563 running_bpb:1.0792 elapsed:36.5s
sliding_progress: batch 351/4949 tokens:718784 running_loss:2.7791 running_bpb:1.0858 elapsed:42.6s
sliding_progress: batch 401/4949 tokens:821184 running_loss:2.7723 running_bpb:1.0845 elapsed:48.8s
sliding_progress: batch 451/4949 tokens:923584 running_loss:2.7618 running_bpb:1.0822 elapsed:54.9s
sliding_progress: batch 501/4949 tokens:1025984 running_loss:2.7541 running_bpb:1.0817 elapsed:61.1s
sliding_progress: batch 551/4949 tokens:1128384 running_loss:2.7604 running_bpb:1.0834 elapsed:67.2s
sliding_progress: batch 601/4949 tokens:1230784 running_loss:2.7749 running_bpb:1.0908 elapsed:73.3s
sliding_progress: batch 651/4949 tokens:1333184 running_loss:2.7670 running_bpb:1.0882 elapsed:79.5s
sliding_progress: batch 701/4949 tokens:1435584 running_loss:2.7645 running_bpb:1.0868 elapsed:85.6s
sliding_progress: batch 751/4949 tokens:1537984 running_loss:2.7621 running_bpb:1.0869 elapsed:91.8s
sliding_progress: batch 801/4949 tokens:1640384 running_loss:2.7551 running_bpb:1.0857 elapsed:97.9s
sliding_progress: batch 851/4949 tokens:1742784 running_loss:2.7454 running_bpb:1.0833 elapsed:104.1s
sliding_progress: batch 901/4949 tokens:1845184 running_loss:2.7407 running_bpb:1.0825 elapsed:110.2s
sliding_progress: batch 951/4949 tokens:1947584 running_loss:2.7422 running_bpb:1.0823 elapsed:116.3s
sliding_progress: batch 1001/4949 tokens:2049984 running_loss:2.7407 running_bpb:1.0812 elapsed:122.4s
sliding_progress: batch 1051/4949 tokens:2152384 running_loss:2.7454 running_bpb:1.0835 elapsed:128.6s
sliding_progress: batch 1101/4949 tokens:2254784 running_loss:2.7448 running_bpb:1.0833 elapsed:134.6s
sliding_progress: batch 1151/4949 tokens:2357184 running_loss:2.7449 running_bpb:1.0839 elapsed:140.7s
sliding_progress: batch 1201/4949 tokens:2459584 running_loss:2.7343 running_bpb:1.0792 elapsed:146.9s
sliding_progress: batch 1251/4949 tokens:2561984 running_loss:2.7338 running_bpb:1.0791 elapsed:153.0s
sliding_progress: batch 1301/4949 tokens:2664384 running_loss:2.7371 running_bpb:1.0799 elapsed:159.1s
sliding_progress: batch 1351/4949 tokens:2766784 running_loss:2.7367 running_bpb:1.0795 elapsed:165.2s
sliding_progress: batch 1401/4949 tokens:2869184 running_loss:2.7379 running_bpb:1.0786 elapsed:171.3s
sliding_progress: batch 1451/4949 tokens:2971584 running_loss:2.7351 running_bpb:1.0779 elapsed:177.4s
sliding_progress: batch 1501/4949 tokens:3073984 running_loss:2.7359 running_bpb:1.0776 elapsed:183.5s
sliding_progress: batch 1551/4949 tokens:3176384 running_loss:2.7367 running_bpb:1.0778 elapsed:189.6s
sliding_progress: batch 1601/4949 tokens:3278784 running_loss:2.7372 running_bpb:1.0780 elapsed:195.8s
sliding_progress: batch 1651/4949 tokens:3381184 running_loss:2.7370 running_bpb:1.0781 elapsed:201.9s
sliding_progress: batch 1701/4949 tokens:3483584 running_loss:2.7364 running_bpb:1.0787 elapsed:208.0s
sliding_progress: batch 1751/4949 tokens:3585984 running_loss:2.7420 running_bpb:1.0807 elapsed:214.2s
sliding_progress: batch 1801/4949 tokens:3688384 running_loss:2.7430 running_bpb:1.0809 elapsed:220.4s
sliding_progress: batch 1851/4949 tokens:3790784 running_loss:2.7447 running_bpb:1.0817 elapsed:226.5s
sliding_progress: batch 1901/4949 tokens:3893184 running_loss:2.7428 running_bpb:1.0809 elapsed:232.6s
sliding_progress: batch 1951/4949 tokens:3995584 running_loss:2.7428 running_bpb:1.0813 elapsed:238.7s
sliding_progress: batch 2001/4949 tokens:4097984 running_loss:2.7464 running_bpb:1.0838 elapsed:244.9s
sliding_progress: batch 2051/4949 tokens:4200384 running_loss:2.7462 running_bpb:1.0835 elapsed:250.9s
sliding_progress: batch 2101/4949 tokens:4302784 running_loss:2.7453 running_bpb:1.0833 elapsed:257.1s
sliding_progress: batch 2151/4949 tokens:4405184 running_loss:2.7440 running_bpb:1.0823 elapsed:263.2s
sliding_progress: batch 2201/4949 tokens:4507584 running_loss:2.7431 running_bpb:1.0817 elapsed:269.3s
sliding_progress: batch 2251/4949 tokens:4609984 running_loss:2.7440 running_bpb:1.0824 elapsed:275.4s
sliding_progress: batch 2301/4949 tokens:4712384 running_loss:2.7451 running_bpb:1.0823 elapsed:281.5s
sliding_progress: batch 2351/4949 tokens:4814784 running_loss:2.7443 running_bpb:1.0827 elapsed:287.6s
sliding_progress: batch 2401/4949 tokens:4917184 running_loss:2.7433 running_bpb:1.0823 elapsed:293.8s
sliding_progress: batch 2451/4949 tokens:5019584 running_loss:2.7436 running_bpb:1.0827 elapsed:299.9s
sliding_progress: batch 2501/4949 tokens:5121984 running_loss:2.7433 running_bpb:1.0829 elapsed:306.0s
sliding_progress: batch 2551/4949 tokens:5224384 running_loss:2.7428 running_bpb:1.0825 elapsed:312.1s
sliding_progress: batch 2601/4949 tokens:5326784 running_loss:2.7415 running_bpb:1.0824 elapsed:318.3s
sliding_progress: batch 2651/4949 tokens:5429184 running_loss:2.7427 running_bpb:1.0827 elapsed:324.4s
sliding_progress: batch 2701/4949 tokens:5531584 running_loss:2.7430 running_bpb:1.0829 elapsed:330.5s
sliding_progress: batch 2751/4949 tokens:5633984 running_loss:2.7413 running_bpb:1.0818 elapsed:336.6s
sliding_progress: batch 2801/4949 tokens:5736384 running_loss:2.7393 running_bpb:1.0807 elapsed:342.8s
sliding_progress: batch 2851/4949 tokens:5838784 running_loss:2.7400 running_bpb:1.0810 elapsed:348.9s
sliding_progress: batch 2901/4949 tokens:5941184 running_loss:2.7413 running_bpb:1.0819 elapsed:355.0s
sliding_progress: batch 2951/4949 tokens:6043584 running_loss:2.7435 running_bpb:1.0825 elapsed:361.2s
sliding_progress: batch 3001/4949 tokens:6145984 running_loss:2.7449 running_bpb:1.0826 elapsed:367.2s
sliding_progress: batch 3051/4949 tokens:6248384 running_loss:2.7456 running_bpb:1.0823 elapsed:373.3s
sliding_progress: batch 3101/4949 tokens:6350784 running_loss:2.7461 running_bpb:1.0820 elapsed:379.4s
sliding_progress: batch 3151/4949 tokens:6453184 running_loss:2.7490 running_bpb:1.0827 elapsed:385.5s
sliding_progress: batch 3201/4949 tokens:6555584 running_loss:2.7492 running_bpb:1.0826 elapsed:391.6s
sliding_progress: batch 3251/4949 tokens:6657984 running_loss:2.7506 running_bpb:1.0830 elapsed:397.8s
sliding_progress: batch 3301/4949 tokens:6760384 running_loss:2.7521 running_bpb:1.0834 elapsed:403.9s
sliding_progress: batch 3351/4949 tokens:6862784 running_loss:2.7533 running_bpb:1.0838 elapsed:410.0s
sliding_progress: batch 3401/4949 tokens:6965184 running_loss:2.7535 running_bpb:1.0837 elapsed:416.2s
sliding_progress: batch 3451/4949 tokens:7067584 running_loss:2.7538 running_bpb:1.0833 elapsed:422.3s
sliding_progress: batch 3501/4949 tokens:7169984 running_loss:2.7534 running_bpb:1.0831 elapsed:428.4s
sliding_progress: batch 3551/4949 tokens:7272384 running_loss:2.7545 running_bpb:1.0829 elapsed:434.5s
sliding_progress: batch 3601/4949 tokens:7374784 running_loss:2.7557 running_bpb:1.0830 elapsed:440.5s
sliding_progress: batch 3651/4949 tokens:7477184 running_loss:2.7571 running_bpb:1.0832 elapsed:446.6s
sliding_progress: batch 3701/4949 tokens:7579584 running_loss:2.7589 running_bpb:1.0837 elapsed:452.7s
sliding_progress: batch 3751/4949 tokens:7681984 running_loss:2.7606 running_bpb:1.0842 elapsed:458.9s
sliding_progress: batch 3801/4949 tokens:7784384 running_loss:2.7563 running_bpb:1.0841 elapsed:465.2s
sliding_progress: batch 3851/4949 tokens:7886784 running_loss:2.7567 running_bpb:1.0840 elapsed:471.2s
sliding_progress: batch 3901/4949 tokens:7989184 running_loss:2.7585 running_bpb:1.0842 elapsed:477.3s
sliding_progress: batch 3951/4949 tokens:8091584 running_loss:2.7602 running_bpb:1.0845 elapsed:483.5s
sliding_progress: batch 4001/4949 tokens:8193984 running_loss:2.7599 running_bpb:1.0841 elapsed:489.6s
sliding_progress: batch 4051/4949 tokens:8296384 running_loss:2.7614 running_bpb:1.0840 elapsed:495.7s
sliding_progress: batch 4101/4949 tokens:8398784 running_loss:2.7634 running_bpb:1.0847 elapsed:501.9s
sliding_progress: batch 4151/4949 tokens:8501184 running_loss:2.7647 running_bpb:1.0846 elapsed:507.9s
sliding_progress: batch 4201/4949 tokens:8603584 running_loss:2.7646 running_bpb:1.0846 elapsed:514.0s
sliding_progress: batch 4251/4949 tokens:8705984 running_loss:2.7640 running_bpb:1.0841 elapsed:520.1s
sliding_progress: batch 4301/4949 tokens:8808384 running_loss:2.7640 running_bpb:1.0835 elapsed:526.2s
sliding_progress: batch 4351/4949 tokens:8910784 running_loss:2.7651 running_bpb:1.0836 elapsed:532.3s
sliding_progress: batch 4401/4949 tokens:9013184 running_loss:2.7653 running_bpb:1.0835 elapsed:538.4s
sliding_progress: batch 4451/4949 tokens:9115584 running_loss:2.7667 running_bpb:1.0839 elapsed:544.5s
sliding_progress: batch 4501/4949 tokens:9217984 running_loss:2.7677 running_bpb:1.0840 elapsed:550.6s
sliding_progress: batch 4551/4949 tokens:9320384 running_loss:2.7684 running_bpb:1.0838 elapsed:556.7s
sliding_progress: batch 4601/4949 tokens:9422784 running_loss:2.7686 running_bpb:1.0837 elapsed:562.9s
sliding_progress: batch 4651/4949 tokens:9525184 running_loss:2.7693 running_bpb:1.0833 elapsed:569.0s
sliding_progress: batch 4701/4949 tokens:9627584 running_loss:2.7707 running_bpb:1.0837 elapsed:575.1s
sliding_progress: batch 4751/4949 tokens:9729984 running_loss:2.7716 running_bpb:1.0836 elapsed:581.1s
sliding_progress: batch 4801/4949 tokens:9832384 running_loss:2.7720 running_bpb:1.0832 elapsed:587.2s
sliding_progress: batch 4851/4949 tokens:9934784 running_loss:2.7740 running_bpb:1.0837 elapsed:593.4s
sliding_progress: batch 4901/4949 tokens:10037184 running_loss:2.7752 running_bpb:1.0837 elapsed:599.5s
sliding_progress: batch 4949/4949 tokens:10135488 running_loss:2.7748 running_bpb:1.0831 elapsed:605.3s
quantized_sliding_window val_loss:2.78476502 val_bpb:1.07806932 eval_time:654514ms
e1a433d6d93644e090a8bcad4f3a7ab4000000:722516:722516 [1] NCCL INFO comm 0x1465ce80 rank 1 nranks 4 cudaDev 1 busId 200000 - Destroy COMPLETE
e1a433d6d93644e090a8bcad4f3a7ab4000000:722515:722515 [0] NCCL INFO comm 0x4750a2a0 rank 0 nranks 4 cudaDev 0 busId 100000 - Destroy COMPLETE
e1a433d6d93644e090a8bcad4f3a7ab4000000:722518:722518 [3] NCCL INFO comm 0x23d6f4a0 rank 3 nranks 4 cudaDev 3 busId 400000 - Destroy COMPLETE
e1a433d6d93644e090a8bcad4f3a7ab4000000:722517:722517 [2] NCCL INFO comm 0x27fbf950 rank 2 nranks 4 cudaDev 2 busId 300000 - Destroy COMPLETE
e1a433d6d93644e090a8bcad4f3a7ab4000000:722515:722515 [0] NCCL INFO ENV/Plugin: Closing env plugin ncclEnvDefault
e1a433d6d93644e090a8bcad4f3a7ab4000000:722516:722516 [1] NCCL INFO ENV/Plugin: Closing env plugin ncclEnvDefault
e1a433d6d93644e090a8bcad4f3a7ab4000000:722517:722517 [2] NCCL INFO ENV/Plugin: Closing env plugin ncclEnvDefault
e1a433d6d93644e090a8bcad4f3a7ab4000000:722518:722518 [3] NCCL INFO ENV/Plugin: Closing env plugin ncclEnvDefault
