W0422 01:05:42.890000 10486 torch/distributed/run.py:851] 
W0422 01:05:42.890000 10486 torch/distributed/run.py:851] *****************************************
W0422 01:05:42.890000 10486 torch/distributed/run.py:851] Setting OMP_NUM_THREADS environment variable for each process to be 1 in default, to avoid your system being overloaded, please further tune the variable for optimal performance in your application as needed. 
W0422 01:05:42.890000 10486 torch/distributed/run.py:851] *****************************************
015c5d29a0db431486a50a59a70863f0000000:10570:10570 [0] NCCL INFO ENV/Plugin: Could not find: libnccl-env.so
015c5d29a0db431486a50a59a70863f0000000:10570:10570 [0] NCCL INFO Stack size limit (unlimited) is unsafe; will use 8192KB for newly launched threads
015c5d29a0db431486a50a59a70863f0000000:10570:10570 [0] NCCL INFO NCCL_SOCKET_IFNAME set by environment to eth0
015c5d29a0db431486a50a59a70863f0000000:10570:10570 [0] NCCL INFO Bootstrap: Using eth0:10.0.0.4<0>
015c5d29a0db431486a50a59a70863f0000000:10570:10570 [0] NCCL INFO cudaDriverVersion 13020
015c5d29a0db431486a50a59a70863f0000000:10570:10570 [0] NCCL INFO NCCL version 2.28.9+cuda13.0
015c5d29a0db431486a50a59a70863f0000000:10572:10572 [2] NCCL INFO ENV/Plugin: Could not find: libnccl-env.so
015c5d29a0db431486a50a59a70863f0000000:10571:10571 [1] NCCL INFO ENV/Plugin: Could not find: libnccl-env.so
015c5d29a0db431486a50a59a70863f0000000:10571:10571 [1] NCCL INFO cudaDriverVersion 13020
015c5d29a0db431486a50a59a70863f0000000:10572:10572 [2] NCCL INFO cudaDriverVersion 13020
015c5d29a0db431486a50a59a70863f0000000:10572:10572 [2] NCCL INFO Stack size limit (unlimited) is unsafe; will use 8192KB for newly launched threads
015c5d29a0db431486a50a59a70863f0000000:10572:10572 [2] NCCL INFO NCCL_SOCKET_IFNAME set by environment to eth0
015c5d29a0db431486a50a59a70863f0000000:10571:10571 [1] NCCL INFO Stack size limit (unlimited) is unsafe; will use 8192KB for newly launched threads
015c5d29a0db431486a50a59a70863f0000000:10571:10571 [1] NCCL INFO NCCL_SOCKET_IFNAME set by environment to eth0
015c5d29a0db431486a50a59a70863f0000000:10572:10572 [2] NCCL INFO Bootstrap: Using eth0:10.0.0.4<0>
015c5d29a0db431486a50a59a70863f0000000:10571:10571 [1] NCCL INFO Bootstrap: Using eth0:10.0.0.4<0>
015c5d29a0db431486a50a59a70863f0000000:10571:10571 [1] NCCL INFO NCCL version 2.28.9+cuda13.0
015c5d29a0db431486a50a59a70863f0000000:10572:10572 [2] NCCL INFO NCCL version 2.28.9+cuda13.0
015c5d29a0db431486a50a59a70863f0000000:10570:10570 [0] NCCL INFO Comm config Blocking set to 1
015c5d29a0db431486a50a59a70863f0000000:10572:10572 [2] NCCL INFO Comm config Blocking set to 1
015c5d29a0db431486a50a59a70863f0000000:10571:10571 [1] NCCL INFO Comm config Blocking set to 1
015c5d29a0db431486a50a59a70863f0000000:10573:10573 [3] NCCL INFO ENV/Plugin: Could not find: libnccl-env.so
015c5d29a0db431486a50a59a70863f0000000:10573:10573 [3] NCCL INFO cudaDriverVersion 13020
015c5d29a0db431486a50a59a70863f0000000:10573:10573 [3] NCCL INFO Stack size limit (unlimited) is unsafe; will use 8192KB for newly launched threads
015c5d29a0db431486a50a59a70863f0000000:10573:10573 [3] NCCL INFO NCCL_SOCKET_IFNAME set by environment to eth0
015c5d29a0db431486a50a59a70863f0000000:10573:10573 [3] NCCL INFO Bootstrap: Using eth0:10.0.0.4<0>
015c5d29a0db431486a50a59a70863f0000000:10573:10573 [3] NCCL INFO NCCL version 2.28.9+cuda13.0
015c5d29a0db431486a50a59a70863f0000000:10573:10573 [3] NCCL INFO Comm config Blocking set to 1
015c5d29a0db431486a50a59a70863f0000000:10570:10570 [0] NCCL INFO NET/Plugin: Could not find: libnccl-net.so
015c5d29a0db431486a50a59a70863f0000000:10570:10570 [0] NCCL INFO NCCL_IB_DISABLE set by environment to 1.
015c5d29a0db431486a50a59a70863f0000000:10570:10570 [0] NCCL INFO transport/net_ib.cc:852 -> 3
015c5d29a0db431486a50a59a70863f0000000:10570:10570 [0] NCCL INFO Failed to initialize NET plugin IB
015c5d29a0db431486a50a59a70863f0000000:10570:10570 [0] NCCL INFO NCCL_SOCKET_IFNAME set by environment to eth0
015c5d29a0db431486a50a59a70863f0000000:10570:10570 [0] NCCL INFO NET/Socket : Using [0]eth0:10.0.0.4<0>
015c5d29a0db431486a50a59a70863f0000000:10570:10570 [0] NCCL INFO Initialized NET plugin Socket
015c5d29a0db431486a50a59a70863f0000000:10570:10570 [0] NCCL INFO Assigned NET plugin Socket to comm
015c5d29a0db431486a50a59a70863f0000000:10570:10570 [0] NCCL INFO Using network Socket
015c5d29a0db431486a50a59a70863f0000000:10572:10572 [2] NCCL INFO NET/Plugin: Could not find: libnccl-net.so
015c5d29a0db431486a50a59a70863f0000000:10572:10572 [2] NCCL INFO NCCL_IB_DISABLE set by environment to 1.
015c5d29a0db431486a50a59a70863f0000000:10572:10572 [2] NCCL INFO transport/net_ib.cc:852 -> 3
015c5d29a0db431486a50a59a70863f0000000:10572:10572 [2] NCCL INFO Failed to initialize NET plugin IB
015c5d29a0db431486a50a59a70863f0000000:10572:10572 [2] NCCL INFO NCCL_SOCKET_IFNAME set by environment to eth0
015c5d29a0db431486a50a59a70863f0000000:10572:10572 [2] NCCL INFO NET/Socket : Using [0]eth0:10.0.0.4<0>
015c5d29a0db431486a50a59a70863f0000000:10572:10572 [2] NCCL INFO Initialized NET plugin Socket
015c5d29a0db431486a50a59a70863f0000000:10572:10572 [2] NCCL INFO Assigned NET plugin Socket to comm
015c5d29a0db431486a50a59a70863f0000000:10572:10572 [2] NCCL INFO Using network Socket
015c5d29a0db431486a50a59a70863f0000000:10570:10570 [0] NCCL INFO ncclCommInitRankConfig comm 0x4a1bcb10 rank 0 nranks 4 cudaDev 0 nvmlDev 0 busId 100000 commId 0x36e74c5d24d9e15d - Init START
015c5d29a0db431486a50a59a70863f0000000:10572:10572 [2] NCCL INFO ncclCommInitRankConfig comm 0x3eb69110 rank 2 nranks 4 cudaDev 2 nvmlDev 2 busId 300000 commId 0x36e74c5d24d9e15d - Init START
015c5d29a0db431486a50a59a70863f0000000:10571:10571 [1] NCCL INFO NET/Plugin: Could not find: libnccl-net.so
015c5d29a0db431486a50a59a70863f0000000:10571:10571 [1] NCCL INFO NCCL_IB_DISABLE set by environment to 1.
015c5d29a0db431486a50a59a70863f0000000:10571:10571 [1] NCCL INFO transport/net_ib.cc:852 -> 3
015c5d29a0db431486a50a59a70863f0000000:10571:10571 [1] NCCL INFO Failed to initialize NET plugin IB
015c5d29a0db431486a50a59a70863f0000000:10571:10571 [1] NCCL INFO NCCL_SOCKET_IFNAME set by environment to eth0
015c5d29a0db431486a50a59a70863f0000000:10571:10571 [1] NCCL INFO NET/Socket : Using [0]eth0:10.0.0.4<0>
015c5d29a0db431486a50a59a70863f0000000:10571:10571 [1] NCCL INFO Initialized NET plugin Socket
015c5d29a0db431486a50a59a70863f0000000:10571:10571 [1] NCCL INFO Assigned NET plugin Socket to comm
015c5d29a0db431486a50a59a70863f0000000:10571:10571 [1] NCCL INFO Using network Socket
015c5d29a0db431486a50a59a70863f0000000:10571:10571 [1] NCCL INFO ncclCommInitRankConfig comm 0x138e8460 rank 1 nranks 4 cudaDev 1 nvmlDev 1 busId 200000 commId 0x36e74c5d24d9e15d - Init START
015c5d29a0db431486a50a59a70863f0000000:10571:10571 [1] NCCL INFO RAS client listening socket at 127.0.0.1<28028>
015c5d29a0db431486a50a59a70863f0000000:10573:10573 [3] NCCL INFO NET/Plugin: Could not find: libnccl-net.so
015c5d29a0db431486a50a59a70863f0000000:10573:10573 [3] NCCL INFO NCCL_IB_DISABLE set by environment to 1.
015c5d29a0db431486a50a59a70863f0000000:10573:10573 [3] NCCL INFO transport/net_ib.cc:852 -> 3
015c5d29a0db431486a50a59a70863f0000000:10573:10573 [3] NCCL INFO Failed to initialize NET plugin IB
015c5d29a0db431486a50a59a70863f0000000:10573:10573 [3] NCCL INFO NCCL_SOCKET_IFNAME set by environment to eth0
015c5d29a0db431486a50a59a70863f0000000:10573:10573 [3] NCCL INFO NET/Socket : Using [0]eth0:10.0.0.4<0>
015c5d29a0db431486a50a59a70863f0000000:10573:10573 [3] NCCL INFO Initialized NET plugin Socket
015c5d29a0db431486a50a59a70863f0000000:10573:10573 [3] NCCL INFO Assigned NET plugin Socket to comm
015c5d29a0db431486a50a59a70863f0000000:10573:10573 [3] NCCL INFO Using network Socket
015c5d29a0db431486a50a59a70863f0000000:10573:10573 [3] NCCL INFO ncclCommInitRankConfig comm 0x2b766dc0 rank 3 nranks 4 cudaDev 3 nvmlDev 3 busId 400000 commId 0x36e74c5d24d9e15d - Init START
015c5d29a0db431486a50a59a70863f0000000:10572:10572 [2] NCCL INFO RAS client listening socket at 127.0.0.1<28028>
015c5d29a0db431486a50a59a70863f0000000:10570:10570 [0] NCCL INFO RAS client listening socket at 127.0.0.1<28028>
015c5d29a0db431486a50a59a70863f0000000:10573:10573 [3] NCCL INFO RAS client listening socket at 127.0.0.1<28028>
015c5d29a0db431486a50a59a70863f0000000:10573:10573 [3] NCCL INFO Bootstrap timings total 0.001133 (create 0.000052, send 0.000196, recv 0.000299, ring 0.000113, delay 0.000001)
015c5d29a0db431486a50a59a70863f0000000:10571:10571 [1] NCCL INFO Bootstrap timings total 0.007297 (create 0.000050, send 0.000176, recv 0.000310, ring 0.006110, delay 0.000001)
015c5d29a0db431486a50a59a70863f0000000:10572:10572 [2] NCCL INFO Bootstrap timings total 0.010028 (create 0.000036, send 0.000119, recv 0.009156, ring 0.000256, delay 0.000001)
015c5d29a0db431486a50a59a70863f0000000:10570:10570 [0] NCCL INFO Bootstrap timings total 0.012162 (create 0.000066, send 0.000195, recv 0.005026, ring 0.000212, delay 0.000001)
015c5d29a0db431486a50a59a70863f0000000:10573:10573 [3] NCCL INFO ncclTopoGetCpuAffinity: Affinity for GPU 3 is 72-95. (GPU affinity = 72-95 ; CPU affinity = 0-95).
015c5d29a0db431486a50a59a70863f0000000:10573:10573 [3] NCCL INFO NVLS multicast support is not available on dev 3 (NVLS_NCHANNELS 0)
015c5d29a0db431486a50a59a70863f0000000:10570:10570 [0] NCCL INFO ncclTopoGetCpuAffinity: Affinity for GPU 0 is 0-23. (GPU affinity = 0-23 ; CPU affinity = 0-95).
015c5d29a0db431486a50a59a70863f0000000:10570:10570 [0] NCCL INFO NVLS multicast support is not available on dev 0 (NVLS_NCHANNELS 0)
015c5d29a0db431486a50a59a70863f0000000:10572:10572 [2] NCCL INFO ncclTopoGetCpuAffinity: Affinity for GPU 2 is 48-71. (GPU affinity = 48-71 ; CPU affinity = 0-95).
015c5d29a0db431486a50a59a70863f0000000:10571:10571 [1] NCCL INFO ncclTopoGetCpuAffinity: Affinity for GPU 1 is 24-47. (GPU affinity = 24-47 ; CPU affinity = 0-95).
015c5d29a0db431486a50a59a70863f0000000:10572:10572 [2] NCCL INFO NVLS multicast support is not available on dev 2 (NVLS_NCHANNELS 0)
015c5d29a0db431486a50a59a70863f0000000:10571:10571 [1] NCCL INFO NVLS multicast support is not available on dev 1 (NVLS_NCHANNELS 0)
015c5d29a0db431486a50a59a70863f0000000:10571:10571 [1] NCCL INFO comm 0x138e8460 rank 1 nRanks 4 nNodes 1 localRanks 4 localRank 1 MNNVL 0
015c5d29a0db431486a50a59a70863f0000000:10572:10572 [2] NCCL INFO comm 0x3eb69110 rank 2 nRanks 4 nNodes 1 localRanks 4 localRank 2 MNNVL 0
015c5d29a0db431486a50a59a70863f0000000:10573:10573 [3] NCCL INFO comm 0x2b766dc0 rank 3 nRanks 4 nNodes 1 localRanks 4 localRank 3 MNNVL 0
015c5d29a0db431486a50a59a70863f0000000:10571:10571 [1] NCCL INFO Trees [0] 2/-1/-1->1->0 [1] 2/-1/-1->1->0 [2] 2/-1/-1->1->0 [3] 2/-1/-1->1->0 [4] 2/-1/-1->1->0 [5] 2/-1/-1->1->0 [6] 2/-1/-1->1->0 [7] 2/-1/-1->1->0
015c5d29a0db431486a50a59a70863f0000000:10572:10572 [2] NCCL INFO Trees [0] 3/-1/-1->2->1 [1] 3/-1/-1->2->1 [2] 3/-1/-1->2->1 [3] 3/-1/-1->2->1 [4] 3/-1/-1->2->1 [5] 3/-1/-1->2->1 [6] 3/-1/-1->2->1 [7] 3/-1/-1->2->1
015c5d29a0db431486a50a59a70863f0000000:10571:10571 [1] NCCL INFO P2P Chunksize set to 131072
015c5d29a0db431486a50a59a70863f0000000:10572:10572 [2] NCCL INFO P2P Chunksize set to 131072
015c5d29a0db431486a50a59a70863f0000000:10573:10573 [3] NCCL INFO Trees [0] -1/-1/-1->3->2 [1] -1/-1/-1->3->2 [2] -1/-1/-1->3->2 [3] -1/-1/-1->3->2 [4] -1/-1/-1->3->2 [5] -1/-1/-1->3->2 [6] -1/-1/-1->3->2 [7] -1/-1/-1->3->2
015c5d29a0db431486a50a59a70863f0000000:10573:10573 [3] NCCL INFO P2P Chunksize set to 131072
015c5d29a0db431486a50a59a70863f0000000:10570:10570 [0] NCCL INFO comm 0x4a1bcb10 rank 0 nRanks 4 nNodes 1 localRanks 4 localRank 0 MNNVL 0
015c5d29a0db431486a50a59a70863f0000000:10570:10570 [0] NCCL INFO Channel 00/08 : 0 1 2 3
015c5d29a0db431486a50a59a70863f0000000:10570:10570 [0] NCCL INFO Channel 01/08 : 0 1 2 3
015c5d29a0db431486a50a59a70863f0000000:10570:10570 [0] NCCL INFO Channel 02/08 : 0 1 2 3
015c5d29a0db431486a50a59a70863f0000000:10570:10570 [0] NCCL INFO Channel 03/08 : 0 1 2 3
015c5d29a0db431486a50a59a70863f0000000:10570:10570 [0] NCCL INFO Channel 04/08 : 0 1 2 3
015c5d29a0db431486a50a59a70863f0000000:10570:10570 [0] NCCL INFO Channel 05/08 : 0 1 2 3
015c5d29a0db431486a50a59a70863f0000000:10570:10570 [0] NCCL INFO Channel 06/08 : 0 1 2 3
015c5d29a0db431486a50a59a70863f0000000:10570:10570 [0] NCCL INFO Channel 07/08 : 0 1 2 3
015c5d29a0db431486a50a59a70863f0000000:10570:10570 [0] NCCL INFO Trees [0] 1/-1/-1->0->-1 [1] 1/-1/-1->0->-1 [2] 1/-1/-1->0->-1 [3] 1/-1/-1->0->-1 [4] 1/-1/-1->0->-1 [5] 1/-1/-1->0->-1 [6] 1/-1/-1->0->-1 [7] 1/-1/-1->0->-1
015c5d29a0db431486a50a59a70863f0000000:10570:10570 [0] NCCL INFO P2P Chunksize set to 131072
015c5d29a0db431486a50a59a70863f0000000:10573:10573 [3] NCCL INFO PROFILER/Plugin: Could not find: libnccl-profiler.so
015c5d29a0db431486a50a59a70863f0000000:10572:10572 [2] NCCL INFO PROFILER/Plugin: Could not find: libnccl-profiler.so
015c5d29a0db431486a50a59a70863f0000000:10573:10573 [3] NCCL INFO Check P2P Type isAllDirectP2p 0 directMode 0 isAllCudaP2p 0
015c5d29a0db431486a50a59a70863f0000000:10572:10572 [2] NCCL INFO Check P2P Type isAllDirectP2p 0 directMode 0 isAllCudaP2p 0
015c5d29a0db431486a50a59a70863f0000000:10571:10571 [1] NCCL INFO PROFILER/Plugin: Could not find: libnccl-profiler.so
015c5d29a0db431486a50a59a70863f0000000:10571:10571 [1] NCCL INFO Check P2P Type isAllDirectP2p 0 directMode 0 isAllCudaP2p 0
015c5d29a0db431486a50a59a70863f0000000:10570:10570 [0] NCCL INFO PROFILER/Plugin: Could not find: libnccl-profiler.so
015c5d29a0db431486a50a59a70863f0000000:10570:10570 [0] NCCL INFO Check P2P Type isAllDirectP2p 0 directMode 0 isAllCudaP2p 0
015c5d29a0db431486a50a59a70863f0000000:10573:10618 [0] NCCL INFO [Proxy Service] Device 3 CPU core 92
015c5d29a0db431486a50a59a70863f0000000:10572:10617 [0] NCCL INFO [Proxy Service] Device 2 CPU core 66
015c5d29a0db431486a50a59a70863f0000000:10573:10620 [0] NCCL INFO [Proxy Service UDS] Device 3 CPU core 81
015c5d29a0db431486a50a59a70863f0000000:10571:10619 [0] NCCL INFO [Proxy Service] Device 1 CPU core 45
015c5d29a0db431486a50a59a70863f0000000:10572:10624 [0] NCCL INFO [Proxy Service UDS] Device 2 CPU core 62
015c5d29a0db431486a50a59a70863f0000000:10571:10621 [0] NCCL INFO [Proxy Service UDS] Device 1 CPU core 26
015c5d29a0db431486a50a59a70863f0000000:10570:10622 [0] NCCL INFO [Proxy Service] Device 0 CPU core 8
015c5d29a0db431486a50a59a70863f0000000:10570:10623 [0] NCCL INFO [Proxy Service UDS] Device 0 CPU core 17
015c5d29a0db431486a50a59a70863f0000000:10571:10571 [1] NCCL INFO TUNER/Plugin: Could not find: libnccl-tuner.so
015c5d29a0db431486a50a59a70863f0000000:10571:10571 [1] NCCL INFO threadThresholds 8/8/64 | 32/8/64 | 512 | 512
015c5d29a0db431486a50a59a70863f0000000:10571:10571 [1] NCCL INFO 8 coll channels, 8 collnet channels, 0 nvls channels, 8 p2p channels, 2 p2p channels per peer
015c5d29a0db431486a50a59a70863f0000000:10570:10570 [0] NCCL INFO TUNER/Plugin: Could not find: libnccl-tuner.so
015c5d29a0db431486a50a59a70863f0000000:10570:10570 [0] NCCL INFO threadThresholds 8/8/64 | 32/8/64 | 512 | 512
015c5d29a0db431486a50a59a70863f0000000:10570:10570 [0] NCCL INFO 8 coll channels, 8 collnet channels, 0 nvls channels, 8 p2p channels, 2 p2p channels per peer
015c5d29a0db431486a50a59a70863f0000000:10570:10570 [0] NCCL INFO CC Off, workFifoBytes 1048576
015c5d29a0db431486a50a59a70863f0000000:10572:10572 [2] NCCL INFO TUNER/Plugin: Could not find: libnccl-tuner.so
015c5d29a0db431486a50a59a70863f0000000:10572:10572 [2] NCCL INFO threadThresholds 8/8/64 | 32/8/64 | 512 | 512
015c5d29a0db431486a50a59a70863f0000000:10572:10572 [2] NCCL INFO 8 coll channels, 8 collnet channels, 0 nvls channels, 8 p2p channels, 2 p2p channels per peer
015c5d29a0db431486a50a59a70863f0000000:10573:10573 [3] NCCL INFO TUNER/Plugin: Could not find: libnccl-tuner.so
015c5d29a0db431486a50a59a70863f0000000:10573:10573 [3] NCCL INFO threadThresholds 8/8/64 | 32/8/64 | 512 | 512
015c5d29a0db431486a50a59a70863f0000000:10573:10573 [3] NCCL INFO 8 coll channels, 8 collnet channels, 0 nvls channels, 8 p2p channels, 2 p2p channels per peer
015c5d29a0db431486a50a59a70863f0000000:10572:10572 [2] NCCL INFO ncclCommInitRankConfig comm 0x3eb69110 rank 2 nranks 4 cudaDev 2 nvmlDev 2 busId 300000 commId 0x36e74c5d24d9e15d - Init COMPLETE
015c5d29a0db431486a50a59a70863f0000000:10570:10570 [0] NCCL INFO ncclCommInitRankConfig comm 0x4a1bcb10 rank 0 nranks 4 cudaDev 0 nvmlDev 0 busId 100000 commId 0x36e74c5d24d9e15d - Init COMPLETE
015c5d29a0db431486a50a59a70863f0000000:10570:10570 [0] NCCL INFO Init timings - ncclCommInitRankConfig: rank 0 nranks 4 total 0.17 (kernels 0.12, alloc 0.00, bootstrap 0.01, allgathers 0.00, topo 0.02, graphs 0.00, connections 0.01, rest 0.00)
015c5d29a0db431486a50a59a70863f0000000:10572:10572 [2] NCCL INFO Init timings - ncclCommInitRankConfig: rank 2 nranks 4 total 0.17 (kernels 0.12, alloc 0.00, bootstrap 0.01, allgathers 0.00, topo 0.02, graphs 0.00, connections 0.01, rest 0.00)
015c5d29a0db431486a50a59a70863f0000000:10571:10571 [1] NCCL INFO ncclCommInitRankConfig comm 0x138e8460 rank 1 nranks 4 cudaDev 1 nvmlDev 1 busId 200000 commId 0x36e74c5d24d9e15d - Init COMPLETE
015c5d29a0db431486a50a59a70863f0000000:10573:10573 [3] NCCL INFO ncclCommInitRankConfig comm 0x2b766dc0 rank 3 nranks 4 cudaDev 3 nvmlDev 3 busId 400000 commId 0x36e74c5d24d9e15d - Init COMPLETE
015c5d29a0db431486a50a59a70863f0000000:10571:10571 [1] NCCL INFO Init timings - ncclCommInitRankConfig: rank 1 nranks 4 total 0.17 (kernels 0.12, alloc 0.00, bootstrap 0.01, allgathers 0.00, topo 0.02, graphs 0.00, connections 0.01, rest 0.00)
015c5d29a0db431486a50a59a70863f0000000:10573:10573 [3] NCCL INFO Init timings - ncclCommInitRankConfig: rank 3 nranks 4 total 0.16 (kernels 0.12, alloc 0.00, bootstrap 0.00, allgathers 0.00, topo 0.02, graphs 0.00, connections 0.02, rest 0.00)
015c5d29a0db431486a50a59a70863f0000000:10573:10573 [3] NCCL INFO Channel 00 : 3[3] -> 0[0] via SHM/direct/direct
015c5d29a0db431486a50a59a70863f0000000:10571:10571 [1] NCCL INFO Channel 00 : 1[1] -> 2[2] via SHM/direct/direct
015c5d29a0db431486a50a59a70863f0000000:10573:10573 [3] NCCL INFO Channel 01 : 3[3] -> 0[0] via SHM/direct/direct
015c5d29a0db431486a50a59a70863f0000000:10571:10571 [1] NCCL INFO Channel 01 : 1[1] -> 2[2] via SHM/direct/direct
015c5d29a0db431486a50a59a70863f0000000:10573:10573 [3] NCCL INFO Channel 02 : 3[3] -> 0[0] via SHM/direct/direct
015c5d29a0db431486a50a59a70863f0000000:10571:10571 [1] NCCL INFO Channel 02 : 1[1] -> 2[2] via SHM/direct/direct
015c5d29a0db431486a50a59a70863f0000000:10573:10573 [3] NCCL INFO Channel 03 : 3[3] -> 0[0] via SHM/direct/direct
015c5d29a0db431486a50a59a70863f0000000:10571:10571 [1] NCCL INFO Channel 03 : 1[1] -> 2[2] via SHM/direct/direct
015c5d29a0db431486a50a59a70863f0000000:10573:10573 [3] NCCL INFO Channel 04 : 3[3] -> 0[0] via SHM/direct/direct
015c5d29a0db431486a50a59a70863f0000000:10571:10571 [1] NCCL INFO Channel 04 : 1[1] -> 2[2] via SHM/direct/direct
015c5d29a0db431486a50a59a70863f0000000:10570:10570 [0] NCCL INFO Channel 00/0 : 0[0] -> 1[1] via P2P/CUMEM/read
015c5d29a0db431486a50a59a70863f0000000:10572:10572 [2] NCCL INFO Channel 00/0 : 2[2] -> 3[3] via P2P/CUMEM/read
015c5d29a0db431486a50a59a70863f0000000:10570:10570 [0] NCCL INFO Channel 01/0 : 0[0] -> 1[1] via P2P/CUMEM/read
015c5d29a0db431486a50a59a70863f0000000:10572:10572 [2] NCCL INFO Channel 01/0 : 2[2] -> 3[3] via P2P/CUMEM/read
015c5d29a0db431486a50a59a70863f0000000:10573:10573 [3] NCCL INFO Channel 05 : 3[3] -> 0[0] via SHM/direct/direct
015c5d29a0db431486a50a59a70863f0000000:10571:10571 [1] NCCL INFO Channel 05 : 1[1] -> 2[2] via SHM/direct/direct
015c5d29a0db431486a50a59a70863f0000000:10570:10570 [0] NCCL INFO Channel 02/0 : 0[0] -> 1[1] via P2P/CUMEM/read
015c5d29a0db431486a50a59a70863f0000000:10572:10572 [2] NCCL INFO Channel 02/0 : 2[2] -> 3[3] via P2P/CUMEM/read
015c5d29a0db431486a50a59a70863f0000000:10570:10570 [0] NCCL INFO Channel 03/0 : 0[0] -> 1[1] via P2P/CUMEM/read
015c5d29a0db431486a50a59a70863f0000000:10572:10572 [2] NCCL INFO Channel 03/0 : 2[2] -> 3[3] via P2P/CUMEM/read
015c5d29a0db431486a50a59a70863f0000000:10573:10573 [3] NCCL INFO Channel 06 : 3[3] -> 0[0] via SHM/direct/direct
015c5d29a0db431486a50a59a70863f0000000:10570:10570 [0] NCCL INFO Channel 04/0 : 0[0] -> 1[1] via P2P/CUMEM/read
015c5d29a0db431486a50a59a70863f0000000:10571:10571 [1] NCCL INFO Channel 06 : 1[1] -> 2[2] via SHM/direct/direct
015c5d29a0db431486a50a59a70863f0000000:10572:10572 [2] NCCL INFO Channel 04/0 : 2[2] -> 3[3] via P2P/CUMEM/read
015c5d29a0db431486a50a59a70863f0000000:10570:10570 [0] NCCL INFO Channel 05/0 : 0[0] -> 1[1] via P2P/CUMEM/read
015c5d29a0db431486a50a59a70863f0000000:10573:10573 [3] NCCL INFO Channel 07 : 3[3] -> 0[0] via SHM/direct/direct
015c5d29a0db431486a50a59a70863f0000000:10572:10572 [2] NCCL INFO Channel 05/0 : 2[2] -> 3[3] via P2P/CUMEM/read
015c5d29a0db431486a50a59a70863f0000000:10571:10571 [1] NCCL INFO Channel 07 : 1[1] -> 2[2] via SHM/direct/direct
015c5d29a0db431486a50a59a70863f0000000:10570:10570 [0] NCCL INFO Channel 06/0 : 0[0] -> 1[1] via P2P/CUMEM/read
015c5d29a0db431486a50a59a70863f0000000:10572:10572 [2] NCCL INFO Channel 06/0 : 2[2] -> 3[3] via P2P/CUMEM/read
015c5d29a0db431486a50a59a70863f0000000:10570:10570 [0] NCCL INFO Channel 07/0 : 0[0] -> 1[1] via P2P/CUMEM/read
015c5d29a0db431486a50a59a70863f0000000:10572:10572 [2] NCCL INFO Channel 07/0 : 2[2] -> 3[3] via P2P/CUMEM/read
015c5d29a0db431486a50a59a70863f0000000:10573:10573 [3] NCCL INFO Connected all rings, use ring PXN 0 GDR 1
015c5d29a0db431486a50a59a70863f0000000:10570:10570 [0] NCCL INFO Connected all rings, use ring PXN 0 GDR 1
015c5d29a0db431486a50a59a70863f0000000:10572:10572 [2] NCCL INFO Connected all rings, use ring PXN 0 GDR 1
015c5d29a0db431486a50a59a70863f0000000:10571:10571 [1] NCCL INFO Connected all rings, use ring PXN 0 GDR 1
Hyperparameters:
  adam_eps: 1e-08
  adam_wd: 0.02
  beta1: 0.9
  beta2: 0.95
  clip_mult_early: 1.0
  clip_mult_late: 1.0
  clip_mult_loop: 1.0
  clip_mult_mid: 1.0
  compress_ans: True
  compress_brotli: False
  compress_lzma: False
  data_dir: ./data/
  datasets_dir: ./data/datasets/fineweb10B_sp8192
  distributed: True
  effective_train_seq_len: <property object at 0x154a8f94a110>
  ema_decay: 0.9965
  embed_bits: 8
  embed_clip_sigmas: 20.0
  embed_lr: 0.6
  embed_wd: 0.085
  embedding_dim: 512
  enable_looping_at: 0.5
  eval_seq_len: 2048
  eval_stride: 64
  force_dense_eval: False
  fused_mlp: True
  fused_rope: True
  gated_attention: True
  gptq_calibration_batches: 128
  gptq_reserve_seconds: 12.0
  grad_accum_steps: 2
  grad_clip_norm: 0.3
  head_lr: 0.008
  hessian_clip_lambda: 0.0
  is_main_process: True
  iterations: 20000
  ln_scale: True
  local_rank: 0
  logfile: logs/pgm_loopat0_5_w3000.txt
  logit_softcap: 20.0
  loop_embeddings: True
  loop_end: 5
  loop_layer_bits: 0
  loop_layer_clip_sigmas: 0.0
  loop_start: 3
  matrix_bits: 6
  matrix_clip_sigmas: 14.0
  matrix_lr: 0.022
  max_wallclock_seconds: 3000.0
  min_lr: 0.0
  mixed_seq_gpu_frac: 0.375
  mixed_seq_len: 0
  mlp_mult: 4.35
  model_dim: 512
  model_path: final_model.pt
  moe_enabled: False
  moe_layers: 3,5,7,9
  moe_num_experts: 3
  moe_top_k: 2
  muon_backend_steps: 5
  muon_beta2: 0.95
  muon_momentum: 0.97
  muon_momentum_warmup_start: 0.92
  muon_momentum_warmup_steps: 1500
  muon_row_normalize: True
  muon_wd: 0.095
  num_heads: 8
  num_kv_heads: 4
  num_layers: 11
  num_loops: 2
  parallel_residual_start: 7
  qk_gain_init: 5.25
  quantized_model_path: final_model.int6.ptz
  rank: 0
  rope_base: 10000.0
  rope_dims: 32
  rope_force_base_seqlen: 0
  rope_train_seq_len: 2048
  run_id: pgm_loopat0_5_w3000
  scalar_lr: 0.022
  seed: 1337
  skip_gates_enabled: True
  skip_training: False
  sliding_window_enabled: True
  slot_enabled: False
  slot_in_ttt: False
  slot_in_ttt_lr: 0.01
  slot_in_ttt_steps: 4
  slot_in_ttt_wd: 0.001
  slot_lr: 0.01
  slot_max_windows: 0
  slot_steps: 4
  slot_train_mode: context
  slot_wd: 0.01
  tie_embeddings: True
  tied_embed_init_std: 0.005
  tied_embed_lr: 0.03
  tokenizer_path: ./data/tokenizers/fineweb_8192_bpe.model
  train_batch_tokens: 786432
  train_files: ./data/datasets/fineweb10B_sp8192/fineweb_train_*.bin
  train_log_every: 500
  train_seq_len: 2048
  ttt_adapt_ema: 0.95
  ttt_adapt_max_scale: 2.0
  ttt_adapt_min_scale: 0.5
  ttt_adapt_power: 1.0
  ttt_adaptive_lr: False
  ttt_batch_size: 64
  ttt_beta1: 0.9
  ttt_beta2: 0.99
  ttt_chunk_size: 64
  ttt_enabled: True
  ttt_eval_seq_len: 2048
  ttt_fp_chunk_tokens: 32768
  ttt_fp_epochs: 3
  ttt_fp_lr: 0.001
  ttt_grad_clip: 1.0
  ttt_grad_steps: 1
  ttt_k_lora: True
  ttt_lora_lr: 0.0001
  ttt_lora_rank: 48
  ttt_max_docs: 0
  ttt_min_doc_len: 0
  ttt_mlp_lora: True
  ttt_nan_guard: True
  ttt_o_lora: True
  ttt_phase_sgd_batch: 8
  ttt_phase_sgd_epochs: 1
  ttt_phase_sgd_lr: 0.0005
  ttt_phase_sgd_momentum: 0.9
  ttt_phase_sgd_optimizer: sgd
  ttt_phase_sgd_seq_len: 1024
  ttt_phase_sgd_wd: 0.0
  ttt_phases: 3
  ttt_rope_base_seqlen: 0
  ttt_weight_decay: 0.2
  val_batch_tokens: 524288
  val_files: ./data/datasets/fineweb10B_sp8192/fineweb_val_*.bin
  val_loss_every: 4000
  varlen_attention: True
  vocab_size: 8192
  warmdown_frac: 0.85
  warmdown_wd_mult: 1.0
  warmup_steps: 20
  window_attn_layers: 
  window_attn_size: 0
  world_size: 4
  xsa_last_n: 9
train_shards: 80
val_tokens: 40540160
model_params:38153904
gptq:reserving 12s, effective=2988000ms
warmup_step: 1/20
warmup_step: 2/20
warmup_step: 3/20
warmup_step: 4/20
warmup_step: 5/20
warmup_step: 6/20
warmup_step: 10/20
warmup_step: 20/20
loop_warmup:enabled encoder:[0, 1, 2, 3, 4, 5, 3, 4] decoder:[5, 3, 4, 5, 6, 7, 8, 9, 10]
loop_warmup_step: 1/20
loop_warmup_step: 2/20
loop_warmup_step: 3/20
loop_warmup_step: 4/20
loop_warmup_step: 5/20
loop_warmup_step: 6/20
loop_warmup_step: 10/20
loop_warmup_step: 20/20
0/20000 val_loss: 9.0079 val_bpb: 3.4871
1/20000 train_loss: 9.0071 train_time: 0.0m tok/s: 1707752
2/20000 train_loss: 11.3340 train_time: 0.0m tok/s: 1695573
3/20000 train_loss: 9.9837 train_time: 0.0m tok/s: 1674035
4/20000 train_loss: 8.5436 train_time: 0.0m tok/s: 1665469
5/20000 train_loss: 7.4973 train_time: 0.0m tok/s: 1662323
500/20000 train_loss: 3.2965 train_time: 6.7m tok/s: 983676
1000/20000 train_loss: 3.1293 train_time: 10.8m tok/s: 1218742
1500/20000 train_loss: 2.9986 train_time: 14.8m tok/s: 1325555
2000/20000 train_loss: 2.9753 train_time: 18.9m tok/s: 1385930
2500/20000 train_loss: 2.3546 train_time: 23.0m tok/s: 1425279
layer_loop:enabled step:2735 frac:0.500 encoder:[0, 1, 2, 3, 4, 5, 3, 4] decoder:[5, 3, 4, 5, 6, 7, 8, 9, 10]
3000/20000 train_loss: 2.8858 train_time: 29.8m tok/s: 1320350
3500/20000 train_loss: 2.8866 train_time: 36.9m tok/s: 1244801
4000/20000 train_loss: 2.8553 train_time: 43.9m tok/s: 1192934
4000/20000 val_loss: 2.8269 val_bpb: 1.0943
4399/20000 val_loss: 2.7789 val_bpb: 1.0758
stopping_early: wallclock_cap train_time: 2988255ms step: 4399/20000
peak memory allocated: 39349 MiB reserved: 39456 MiB
ema:applying EMA weights
pre-quantization post-ema val_loss:2.77819070 val_bpb:1.07546811 eval_time:19407ms
Serialized model: 144276071 bytes
Code size: 42660 bytes
GPTQ:collecting Hessians from calibration data...
GPTQ:collected 67 Hessians in 51.2s
Quantized weights:
  gptq (int6): blocks.attn.c_k.weight, blocks.attn.c_q.weight, blocks.attn.c_v.weight, blocks.attn.proj.weight, blocks.mlp.fc.weight, blocks.mlp.proj.weight
  gptq (int8): tok_emb.weight
  passthrough (float16): blocks.attn.gate_proj.bias, blocks.attn.gate_proj.weight, blocks.attn.q_gain, blocks.attn_scale, blocks.mlp_scale, blocks.resid_mix, loop_embs, skip_gates, skip_weights
compress:ans 16330613 bytes (15.3s)
  ans: model=16330613 total=16373273
compress:using ans (16330613 bytes)
Serialized model quantized+ans: 16330613 bytes
Total submission size quantized+ans: 16373273 bytes
sliding_perdoc: RoPE NTK seqlen override = 98304
sliding_perdoc: bin 1/1010 segs:32 tokens:0 running_loss:0.0000 running_bpb:0.0000 elapsed:0.0s
sliding_perdoc: bin 102/1010 segs:32 tokens:359616 running_loss:2.6238 running_bpb:1.0646 elapsed:12.8s
sliding_perdoc: bin 203/1010 segs:32 tokens:754944 running_loss:2.6785 running_bpb:1.0776 elapsed:25.8s
sliding_perdoc: bin 304/1010 segs:32 tokens:1148288 running_loss:2.7114 running_bpb:1.0817 elapsed:38.8s
sliding_perdoc: bin 405/1010 segs:32 tokens:1539648 running_loss:2.7202 running_bpb:1.0820 elapsed:51.8s
sliding_perdoc: bin 506/1010 segs:32 tokens:1913152 running_loss:2.7186 running_bpb:1.0834 elapsed:64.9s
sliding_perdoc: bin 607/1010 segs:32 tokens:2318400 running_loss:2.7296 running_bpb:1.0825 elapsed:78.0s
sliding_perdoc: bin 708/1010 segs:32 tokens:2699840 running_loss:2.7321 running_bpb:1.0832 elapsed:91.1s
sliding_perdoc: bin 809/1010 segs:32 tokens:3059456 running_loss:2.7349 running_bpb:1.0842 elapsed:104.2s
sliding_perdoc: bin 910/1010 segs:33 tokens:3484538 running_loss:2.7359 running_bpb:1.0815 elapsed:117.6s
sliding_perdoc: bin 1010/1010 segs:472 tokens:9990290 running_loss:2.7894 running_bpb:1.0792 elapsed:131.1s
quantized_sliding_window val_loss:2.78750558 val_bpb:1.07913028 eval_time:135387ms
ttt_lora:rope_base inherited ROPE_FORCE_BASE_SEQLEN=98304
ttt_lora:warming up compile
ttt_lora:compile warmup done (162.3s)
ttt_lora:docs:50000 rank:48 lr:0.0001 chunk:64
ttt_lora:phased_sgd enabled phases=3 boundaries=[0, 261, 521, 782] sgd_lr=0.0005 sgd_epochs=1 sgd_opt=sgd
[rank0]:W0422 02:14:14.375000 10570 .venv/lib/python3.12/site-packages/torch/_dynamo/convert_frame.py:1743] [0/8] torch._dynamo hit config.recompile_limit (8)
[rank0]:W0422 02:14:14.375000 10570 .venv/lib/python3.12/site-packages/torch/_dynamo/convert_frame.py:1743] [0/8]    function: '_fwd_ttt_inner' (/root/parameter-golf/_train.py:3323)
[rank0]:W0422 02:14:14.375000 10570 .venv/lib/python3.12/site-packages/torch/_dynamo/convert_frame.py:1743] [0/8]    last reason: 0/7: tensor 'input_ids' size mismatch at index 1. expected 384, actual 448
[rank0]:W0422 02:14:14.375000 10570 .venv/lib/python3.12/site-packages/torch/_dynamo/convert_frame.py:1743] [0/8] To log all recompilation reasons, use TORCH_LOGS="recompiles".
[rank0]:W0422 02:14:14.375000 10570 .venv/lib/python3.12/site-packages/torch/_dynamo/convert_frame.py:1743] [0/8] To diagnose recompilation issues, see https://docs.pytorch.org/docs/main/user_guide/torch_compiler/compile/programming_model.recompilation.html
[rank1]:W0422 02:14:20.127000 10571 .venv/lib/python3.12/site-packages/torch/_dynamo/convert_frame.py:1743] [0/8] torch._dynamo hit config.recompile_limit (8)
[rank1]:W0422 02:14:20.127000 10571 .venv/lib/python3.12/site-packages/torch/_dynamo/convert_frame.py:1743] [0/8]    function: '_fwd_ttt_inner' (/root/parameter-golf/_train.py:3323)
[rank1]:W0422 02:14:20.127000 10571 .venv/lib/python3.12/site-packages/torch/_dynamo/convert_frame.py:1743] [0/8]    last reason: 0/7: tensor 'input_ids' size mismatch at index 1. expected 448, actual 512
[rank1]:W0422 02:14:20.127000 10571 .venv/lib/python3.12/site-packages/torch/_dynamo/convert_frame.py:1743] [0/8] To log all recompilation reasons, use TORCH_LOGS="recompiles".
[rank1]:W0422 02:14:20.127000 10571 .venv/lib/python3.12/site-packages/torch/_dynamo/convert_frame.py:1743] [0/8] To diagnose recompilation issues, see https://docs.pytorch.org/docs/main/user_guide/torch_compiler/compile/programming_model.recompilation.html
[rank2]:W0422 02:14:25.585000 10572 .venv/lib/python3.12/site-packages/torch/_dynamo/convert_frame.py:1743] [0/8] torch._dynamo hit config.recompile_limit (8)
[rank2]:W0422 02:14:25.585000 10572 .venv/lib/python3.12/site-packages/torch/_dynamo/convert_frame.py:1743] [0/8]    function: '_fwd_ttt_inner' (/root/parameter-golf/_train.py:3323)
[rank2]:W0422 02:14:25.585000 10572 .venv/lib/python3.12/site-packages/torch/_dynamo/convert_frame.py:1743] [0/8]    last reason: 0/7: tensor 'input_ids' size mismatch at index 1. expected 448, actual 512
[rank2]:W0422 02:14:25.585000 10572 .venv/lib/python3.12/site-packages/torch/_dynamo/convert_frame.py:1743] [0/8] To log all recompilation reasons, use TORCH_LOGS="recompiles".
[rank2]:W0422 02:14:25.585000 10572 .venv/lib/python3.12/site-packages/torch/_dynamo/convert_frame.py:1743] [0/8] To diagnose recompilation issues, see https://docs.pytorch.org/docs/main/user_guide/torch_compiler/compile/programming_model.recompilation.html
[rank3]:W0422 02:14:46.579000 10573 .venv/lib/python3.12/site-packages/torch/_dynamo/convert_frame.py:1743] [0/8] torch._dynamo hit config.recompile_limit (8)
[rank3]:W0422 02:14:46.579000 10573 .venv/lib/python3.12/site-packages/torch/_dynamo/convert_frame.py:1743] [0/8]    function: '_fwd_ttt_inner' (/root/parameter-golf/_train.py:3323)
[rank3]:W0422 02:14:46.579000 10573 .venv/lib/python3.12/site-packages/torch/_dynamo/convert_frame.py:1743] [0/8]    last reason: 0/7: tensor 'input_ids' size mismatch at index 1. expected 448, actual 512
[rank3]:W0422 02:14:46.579000 10573 .venv/lib/python3.12/site-packages/torch/_dynamo/convert_frame.py:1743] [0/8] To log all recompilation reasons, use TORCH_LOGS="recompiles".
[rank3]:W0422 02:14:46.579000 10573 .venv/lib/python3.12/site-packages/torch/_dynamo/convert_frame.py:1743] [0/8] To diagnose recompilation issues, see https://docs.pytorch.org/docs/main/user_guide/torch_compiler/compile/programming_model.recompilation.html
ttt_progress: batch 782/782 batch_loss:2.5902 batch_bpb:1.0457 running_loss:2.5902 running_bpb:1.0457 doc_len:26524-79464
ttt_progress: batch 768/782 batch_loss:2.7177 batch_bpb:1.0906 running_loss:2.6263 running_bpb:1.0585 doc_len:4128-4306
ttt_progress: batch 764/782 batch_loss:2.7783 batch_bpb:1.1039 running_loss:2.6566 running_bpb:1.0677 doc_len:3639-3742
ttt_progress: batch 760/782 batch_loss:2.8553 batch_bpb:1.1213 running_loss:2.6866 running_bpb:1.0759 doc_len:3255-3334
ttt_progress: batch 756/782 batch_loss:2.7937 batch_bpb:1.0828 running_loss:2.6996 running_bpb:1.0768 doc_len:2973-3032
ttt_progress: batch 752/782 batch_loss:2.7787 batch_bpb:1.0661 running_loss:2.7075 running_bpb:1.0757 doc_len:2740-2793
ttt_progress: batch 749/782 batch_loss:2.8431 batch_bpb:1.0938 running_loss:2.7193 running_bpb:1.0773 doc_len:2580-2638
ttt_progress: batch 744/782 batch_loss:2.6648 batch_bpb:1.0616 running_loss:2.7152 running_bpb:1.0762 doc_len:2388-2419
ttt_progress: batch 742/782 batch_loss:2.7996 batch_bpb:1.0723 running_loss:2.7209 running_bpb:1.0759 doc_len:2319-2353
ttt_progress: batch 736/782 batch_loss:2.6854 batch_bpb:1.0467 running_loss:2.7188 running_bpb:1.0742 doc_len:2140-2165
ttt_progress: batch 733/782 batch_loss:2.7679 batch_bpb:1.0562 running_loss:2.7214 running_bpb:1.0732 doc_len:2062-2090
ttt_progress: batch 729/782 batch_loss:2.7326 batch_bpb:1.0414 running_loss:2.7220 running_bpb:1.0716 doc_len:1978-1994
ttt_progress: batch 724/782 batch_loss:2.7638 batch_bpb:1.0565 running_loss:2.7238 running_bpb:1.0709 doc_len:1885-1900
ttt_progress: batch 720/782 batch_loss:2.8346 batch_bpb:1.0827 running_loss:2.7283 running_bpb:1.0714 doc_len:1816-1832
ttt_progress: batch 716/782 batch_loss:2.8236 batch_bpb:1.0420 running_loss:2.7319 running_bpb:1.0702 doc_len:1739-1754
ttt_progress: batch 712/782 batch_loss:2.8426 batch_bpb:1.0822 running_loss:2.7358 running_bpb:1.0707 doc_len:1684-1697
ttt_progress: batch 708/782 batch_loss:2.7346 batch_bpb:1.0509 running_loss:2.7357 running_bpb:1.0700 doc_len:1639-1649
ttt_progress: batch 704/782 batch_loss:2.7558 batch_bpb:1.0278 running_loss:2.7364 running_bpb:1.0686 doc_len:1595-1606
ttt_progress: batch 700/782 batch_loss:2.6901 batch_bpb:1.0499 running_loss:2.7350 running_bpb:1.0681 doc_len:1552-1562
ttt_progress: batch 696/782 batch_loss:2.8206 batch_bpb:1.0782 running_loss:2.7374 running_bpb:1.0684 doc_len:1513-1522
ttt_progress: batch 692/782 batch_loss:2.7762 batch_bpb:1.0534 running_loss:2.7384 running_bpb:1.0680 doc_len:1477-1484
ttt_progress: batch 688/782 batch_loss:2.7553 batch_bpb:1.0511 running_loss:2.7388 running_bpb:1.0675 doc_len:1441-1450
ttt_progress: batch 684/782 batch_loss:2.8056 batch_bpb:1.0786 running_loss:2.7404 running_bpb:1.0678 doc_len:1407-1414
ttt_progress: batch 680/782 batch_loss:2.8124 batch_bpb:1.0580 running_loss:2.7421 running_bpb:1.0676 doc_len:1375-1383
ttt_progress: batch 676/782 batch_loss:2.7998 batch_bpb:1.0698 running_loss:2.7433 running_bpb:1.0676 doc_len:1347-1353
ttt_progress: batch 672/782 batch_loss:2.9133 batch_bpb:1.1114 running_loss:2.7469 running_bpb:1.0686 doc_len:1321-1327
ttt_progress: batch 668/782 batch_loss:2.8114 batch_bpb:1.0656 running_loss:2.7482 running_bpb:1.0685 doc_len:1295-1301
ttt_progress: batch 663/782 batch_loss:2.8065 batch_bpb:1.0652 running_loss:2.7493 running_bpb:1.0684 doc_len:1264-1269
ttt_progress: batch 659/782 batch_loss:2.7200 batch_bpb:1.0243 running_loss:2.7488 running_bpb:1.0676 doc_len:1239-1245
ttt_progress: batch 655/782 batch_loss:2.6913 batch_bpb:1.0237 running_loss:2.7478 running_bpb:1.0668 doc_len:1215-1220
ttt_progress: batch 651/782 batch_loss:2.7284 batch_bpb:1.0479 running_loss:2.7474 running_bpb:1.0665 doc_len:1193-1198
ttt_progress: batch 647/782 batch_loss:2.7626 batch_bpb:1.0517 running_loss:2.7477 running_bpb:1.0662 doc_len:1171-1177
ttt_progress: batch 642/782 batch_loss:2.7943 batch_bpb:1.0871 running_loss:2.7484 running_bpb:1.0665 doc_len:1144-1150
ttt_progress: batch 639/782 batch_loss:2.8609 batch_bpb:1.0837 running_loss:2.7502 running_bpb:1.0668 doc_len:1129-1134
ttt_progress: batch 634/782 batch_loss:2.7115 batch_bpb:1.0468 running_loss:2.7496 running_bpb:1.0665 doc_len:1105-1111
ttt_progress: batch 630/782 batch_loss:2.8331 batch_bpb:1.0609 running_loss:2.7508 running_bpb:1.0664 doc_len:1087-1092
ttt_progress: batch 625/782 batch_loss:2.6796 batch_bpb:1.0067 running_loss:2.7498 running_bpb:1.0656 doc_len:1064-1068
ttt_progress: batch 621/782 batch_loss:2.8515 batch_bpb:1.0921 running_loss:2.7512 running_bpb:1.0659 doc_len:1046-1050
ttt_progress: batch 617/782 batch_loss:2.7515 batch_bpb:1.0414 running_loss:2.7512 running_bpb:1.0656 doc_len:1027-1031
ttt_progress: batch 613/782 batch_loss:2.8386 batch_bpb:1.0684 running_loss:2.7523 running_bpb:1.0656 doc_len:1012-1016
ttt_progress: batch 609/782 batch_loss:2.7968 batch_bpb:1.0617 running_loss:2.7529 running_bpb:1.0656 doc_len:994-999
ttt_progress: batch 604/782 batch_loss:2.7302 batch_bpb:1.0379 running_loss:2.7526 running_bpb:1.0652 doc_len:974-978
ttt_progress: batch 600/782 batch_loss:2.7983 batch_bpb:1.0623 running_loss:2.7531 running_bpb:1.0652 doc_len:958-963
ttt_progress: batch 595/782 batch_loss:2.7407 batch_bpb:1.0596 running_loss:2.7530 running_bpb:1.0651 doc_len:940-943
ttt_progress: batch 591/782 batch_loss:2.6753 batch_bpb:1.0109 running_loss:2.7521 running_bpb:1.0645 doc_len:927-930
ttt_progress: batch 587/782 batch_loss:2.7865 batch_bpb:1.0640 running_loss:2.7525 running_bpb:1.0645 doc_len:914-917
ttt_progress: batch 582/782 batch_loss:2.8697 batch_bpb:1.0946 running_loss:2.7537 running_bpb:1.0648 doc_len:897-901
ttt_progress: batch 578/782 batch_loss:2.8115 batch_bpb:1.0712 running_loss:2.7543 running_bpb:1.0649 doc_len:884-887
ttt_progress: batch 574/782 batch_loss:2.7913 batch_bpb:1.0427 running_loss:2.7547 running_bpb:1.0647 doc_len:871-874
ttt_progress: batch 570/782 batch_loss:2.7829 batch_bpb:1.0831 running_loss:2.7550 running_bpb:1.0649 doc_len:858-862
ttt_progress: batch 565/782 batch_loss:2.7783 batch_bpb:1.0646 running_loss:2.7552 running_bpb:1.0649 doc_len:843-846
ttt_progress: batch 560/782 batch_loss:2.8223 batch_bpb:1.0930 running_loss:2.7558 running_bpb:1.0651 doc_len:828-831
ttt_progress: batch 556/782 batch_loss:2.8330 batch_bpb:1.0831 running_loss:2.7565 running_bpb:1.0653 doc_len:815-818
ttt_progress: batch 552/782 batch_loss:2.8059 batch_bpb:1.0457 running_loss:2.7569 running_bpb:1.0651 doc_len:804-806
ttt_progress: batch 548/782 batch_loss:2.7632 batch_bpb:1.0477 running_loss:2.7570 running_bpb:1.0649 doc_len:793-795
ttt_progress: batch 543/782 batch_loss:2.7873 batch_bpb:1.0464 running_loss:2.7572 running_bpb:1.0648 doc_len:779-782
ttt_progress: batch 539/782 batch_loss:2.7334 batch_bpb:1.0466 running_loss:2.7570 running_bpb:1.0646 doc_len:769-771
ttt_progress: batch 534/782 batch_loss:2.8260 batch_bpb:1.0750 running_loss:2.7576 running_bpb:1.0647 doc_len:757-759
ttt_progress: batch 529/782 batch_loss:2.7766 batch_bpb:1.0575 running_loss:2.7577 running_bpb:1.0647 doc_len:745-747
ttt_progress: batch 525/782 batch_loss:2.7937 batch_bpb:1.0748 running_loss:2.7580 running_bpb:1.0647 doc_len:735-737
ttt_phase_sgd[phase=1]:docs=16656 windows/rank=9013 lr=0.0005 epochs=1 bsz=8 seq_len=1024 opt=sgd
ttt_phase_sgd[phase=1]:epoch 1/1 loss=2.8314 steps=1127 t=111.0s
ttt_progress: batch 518/782 batch_loss:2.7381 batch_bpb:1.0546 running_loss:2.7579 running_bpb:1.0647 doc_len:717-720
ttt_progress: batch 514/782 batch_loss:2.9140 batch_bpb:1.0991 running_loss:2.7590 running_bpb:1.0649 doc_len:707-710
ttt_progress: batch 510/782 batch_loss:2.7704 batch_bpb:1.0246 running_loss:2.7591 running_bpb:1.0646 doc_len:698-700
ttt_progress: batch 506/782 batch_loss:2.8175 batch_bpb:1.0793 running_loss:2.7595 running_bpb:1.0647 doc_len:688-690
ttt_progress: batch 502/782 batch_loss:2.8396 batch_bpb:1.0663 running_loss:2.7600 running_bpb:1.0647 doc_len:680-682
ttt_progress: batch 498/782 batch_loss:2.6756 batch_bpb:1.0358 running_loss:2.7595 running_bpb:1.0645 doc_len:671-673
ttt_progress: batch 492/782 batch_loss:2.8185 batch_bpb:1.0600 running_loss:2.7599 running_bpb:1.0645 doc_len:657-659
ttt_progress: batch 487/782 batch_loss:2.8223 batch_bpb:1.0782 running_loss:2.7603 running_bpb:1.0646 doc_len:647-649
ttt_progress: batch 483/782 batch_loss:2.7440 batch_bpb:1.0494 running_loss:2.7602 running_bpb:1.0645 doc_len:639-641
ttt_progress: batch 479/782 batch_loss:2.7152 batch_bpb:1.0363 running_loss:2.7599 running_bpb:1.0643 doc_len:630-632
ttt_progress: batch 475/782 batch_loss:2.7366 batch_bpb:1.0260 running_loss:2.7597 running_bpb:1.0641 doc_len:622-623
ttt_progress: batch 469/782 batch_loss:2.8000 batch_bpb:1.1134 running_loss:2.7600 running_bpb:1.0644 doc_len:610-611
ttt_progress: batch 464/782 batch_loss:2.7194 batch_bpb:1.0777 running_loss:2.7597 running_bpb:1.0644 doc_len:600-602
ttt_progress: batch 460/782 batch_loss:2.8028 batch_bpb:1.0631 running_loss:2.7600 running_bpb:1.0644 doc_len:593-595
ttt_progress: batch 456/782 batch_loss:2.8241 batch_bpb:1.0725 running_loss:2.7603 running_bpb:1.0645 doc_len:586-587
ttt_progress: batch 450/782 batch_loss:2.7735 batch_bpb:1.0352 running_loss:2.7604 running_bpb:1.0643 doc_len:575-576
ttt_progress: batch 445/782 batch_loss:2.7802 batch_bpb:1.0690 running_loss:2.7605 running_bpb:1.0643 doc_len:566-568
ttt_progress: batch 441/782 batch_loss:2.7226 batch_bpb:1.0481 running_loss:2.7603 running_bpb:1.0643 doc_len:559-560
ttt_progress: batch 437/782 batch_loss:2.8912 batch_bpb:1.0668 running_loss:2.7610 running_bpb:1.0643 doc_len:551-553
ttt_progress: batch 432/782 batch_loss:2.7732 batch_bpb:1.0551 running_loss:2.7610 running_bpb:1.0642 doc_len:542-544
ttt_progress: batch 426/782 batch_loss:2.7336 batch_bpb:1.0698 running_loss:2.7609 running_bpb:1.0643 doc_len:532-533
ttt_progress: batch 422/782 batch_loss:2.7454 batch_bpb:1.0469 running_loss:2.7608 running_bpb:1.0642 doc_len:524-526
ttt_progress: batch 418/782 batch_loss:2.8136 batch_bpb:1.0732 running_loss:2.7611 running_bpb:1.0642 doc_len:517-519
ttt_progress: batch 411/782 batch_loss:2.8197 batch_bpb:1.0750 running_loss:2.7614 running_bpb:1.0643 doc_len:507-508
ttt_progress: batch 407/782 batch_loss:2.7747 batch_bpb:1.0562 running_loss:2.7614 running_bpb:1.0642 doc_len:500-501
ttt_progress: batch 402/782 batch_loss:2.7613 batch_bpb:1.0404 running_loss:2.7614 running_bpb:1.0641 doc_len:492-493
ttt_progress: batch 396/782 batch_loss:2.7647 batch_bpb:1.0580 running_loss:2.7614 running_bpb:1.0641 doc_len:482-484
ttt_progress: batch 392/782 batch_loss:2.8048 batch_bpb:1.0830 running_loss:2.7616 running_bpb:1.0642 doc_len:476-478
ttt_progress: batch 385/782 batch_loss:2.8866 batch_bpb:1.0999 running_loss:2.7621 running_bpb:1.0643 doc_len:466-467
ttt_progress: batch 381/782 batch_loss:2.9076 batch_bpb:1.0918 running_loss:2.7627 running_bpb:1.0644 doc_len:460-461
ttt_progress: batch 376/782 batch_loss:2.7151 batch_bpb:1.0427 running_loss:2.7625 running_bpb:1.0643 doc_len:453-454
ttt_progress: batch 370/782 batch_loss:2.6914 batch_bpb:1.0471 running_loss:2.7623 running_bpb:1.0643 doc_len:444-446
ttt_progress: batch 366/782 batch_loss:2.8806 batch_bpb:1.1277 running_loss:2.7627 running_bpb:1.0645 doc_len:439-440
ttt_progress: batch 359/782 batch_loss:2.8009 batch_bpb:1.0825 running_loss:2.7628 running_bpb:1.0646 doc_len:429-430
ttt_progress: batch 355/782 batch_loss:2.7095 batch_bpb:1.0676 running_loss:2.7627 running_bpb:1.0646 doc_len:423-424
ttt_progress: batch 348/782 batch_loss:2.8290 batch_bpb:1.0751 running_loss:2.7629 running_bpb:1.0646 doc_len:414-415
ttt_progress: batch 344/782 batch_loss:2.8992 batch_bpb:1.1113 running_loss:2.7634 running_bpb:1.0648 doc_len:408-410
ttt_progress: batch 337/782 batch_loss:2.8426 batch_bpb:1.0823 running_loss:2.7636 running_bpb:1.0649 doc_len:399-400
ttt_progress: batch 333/782 batch_loss:2.9066 batch_bpb:1.1320 running_loss:2.7641 running_bpb:1.0651 doc_len:394-395
ttt_progress: batch 327/782 batch_loss:2.7835 batch_bpb:1.0806 running_loss:2.7642 running_bpb:1.0651 doc_len:387-388
ttt_progress: batch 322/782 batch_loss:2.7650 batch_bpb:1.0805 running_loss:2.7642 running_bpb:1.0652 doc_len:380-381
ttt_progress: batch 316/782 batch_loss:2.7803 batch_bpb:1.0934 running_loss:2.7642 running_bpb:1.0653 doc_len:371-373
ttt_progress: batch 311/782 batch_loss:2.8616 batch_bpb:1.0962 running_loss:2.7645 running_bpb:1.0654 doc_len:365-367
ttt_progress: batch 306/782 batch_loss:2.8849 batch_bpb:1.1413 running_loss:2.7649 running_bpb:1.0656 doc_len:359-361
ttt_progress: batch 300/782 batch_loss:2.8558 batch_bpb:1.0885 running_loss:2.7652 running_bpb:1.0657 doc_len:352-353
ttt_progress: batch 296/782 batch_loss:2.8149 batch_bpb:1.0886 running_loss:2.7653 running_bpb:1.0657 doc_len:347-348
ttt_progress: batch 289/782 batch_loss:2.8360 batch_bpb:1.1227 running_loss:2.7655 running_bpb:1.0659 doc_len:339-340
ttt_progress: batch 285/782 batch_loss:2.8942 batch_bpb:1.1327 running_loss:2.7659 running_bpb:1.0661 doc_len:334-335
ttt_progress: batch 278/782 batch_loss:2.8924 batch_bpb:1.1405 running_loss:2.7662 running_bpb:1.0663 doc_len:326-327
ttt_progress: batch 274/782 batch_loss:2.8112 batch_bpb:1.0914 running_loss:2.7663 running_bpb:1.0663 doc_len:322-323
ttt_progress: batch 267/782 batch_loss:2.8650 batch_bpb:1.0986 running_loss:2.7666 running_bpb:1.0664 doc_len:314-315
ttt_progress: batch 263/782 batch_loss:2.8450 batch_bpb:1.1081 running_loss:2.7668 running_bpb:1.0665 doc_len:310-311
ttt_phase_sgd[phase=2]:docs=33296 windows/rank=13173 lr=0.0005 epochs=1 bsz=8 seq_len=1024 opt=sgd
ttt_phase_sgd[phase=2]:epoch 1/1 loss=2.8346 steps=1647 t=167.4s
ttt_progress: batch 261/782 batch_loss:2.8706 batch_bpb:1.1228 running_loss:2.7670 running_bpb:1.0667 doc_len:308-309
ttt_progress: batch 254/782 batch_loss:2.9106 batch_bpb:1.1465 running_loss:2.7674 running_bpb:1.0668 doc_len:299-300
ttt_progress: batch 250/782 batch_loss:2.8768 batch_bpb:1.1432 running_loss:2.7676 running_bpb:1.0670 doc_len:295-296
ttt_progress: batch 243/782 batch_loss:2.8309 batch_bpb:1.1041 running_loss:2.7678 running_bpb:1.0671 doc_len:288-289
ttt_progress: batch 239/782 batch_loss:2.9016 batch_bpb:1.1380 running_loss:2.7681 running_bpb:1.0673 doc_len:284-285
ttt_progress: batch 232/782 batch_loss:2.9295 batch_bpb:1.1331 running_loss:2.7685 running_bpb:1.0674 doc_len:277-278
ttt_progress: batch 228/782 batch_loss:2.8733 batch_bpb:1.1370 running_loss:2.7687 running_bpb:1.0676 doc_len:273-274
ttt_progress: batch 221/782 batch_loss:2.8485 batch_bpb:1.1432 running_loss:2.7689 running_bpb:1.0677 doc_len:266-267
ttt_progress: batch 217/782 batch_loss:2.8908 batch_bpb:1.1324 running_loss:2.7691 running_bpb:1.0678 doc_len:262-263
ttt_progress: batch 212/782 batch_loss:2.9355 batch_bpb:1.1489 running_loss:2.7695 running_bpb:1.0680 doc_len:257-258
ttt_progress: batch 206/782 batch_loss:2.8942 batch_bpb:1.1203 running_loss:2.7697 running_bpb:1.0681 doc_len:252-253
ttt_progress: batch 200/782 batch_loss:2.8628 batch_bpb:1.1003 running_loss:2.7699 running_bpb:1.0682 doc_len:247-247
ttt_progress: batch 195/782 batch_loss:2.8446 batch_bpb:1.1134 running_loss:2.7700 running_bpb:1.0683 doc_len:242-243
ttt_progress: batch 188/782 batch_loss:2.9063 batch_bpb:1.1513 running_loss:2.7703 running_bpb:1.0684 doc_len:236-237
ttt_progress: batch 184/782 batch_loss:2.9102 batch_bpb:1.1556 running_loss:2.7706 running_bpb:1.0686 doc_len:232-233
ttt_progress: batch 178/782 batch_loss:2.8684 batch_bpb:1.1440 running_loss:2.7707 running_bpb:1.0687 doc_len:227-228
ttt_progress: batch 174/782 batch_loss:2.9715 batch_bpb:1.1536 running_loss:2.7711 running_bpb:1.0689 doc_len:224-224
ttt_progress: batch 168/782 batch_loss:2.9306 batch_bpb:1.1485 running_loss:2.7714 running_bpb:1.0690 doc_len:218-219
ttt_progress: batch 162/782 batch_loss:2.9562 batch_bpb:1.1470 running_loss:2.7717 running_bpb:1.0691 doc_len:213-214
ttt_progress: batch 158/782 batch_loss:2.8848 batch_bpb:1.1420 running_loss:2.7719 running_bpb:1.0692 doc_len:210-211
ttt_progress: batch 151/782 batch_loss:2.7964 batch_bpb:1.1020 running_loss:2.7719 running_bpb:1.0693 doc_len:204-205
ttt_progress: batch 147/782 batch_loss:2.9316 batch_bpb:1.1598 running_loss:2.7721 running_bpb:1.0694 doc_len:201-202
ttt_progress: batch 140/782 batch_loss:2.9639 batch_bpb:1.1703 running_loss:2.7724 running_bpb:1.0696 doc_len:195-196
ttt_progress: batch 136/782 batch_loss:2.9650 batch_bpb:1.1829 running_loss:2.7727 running_bpb:1.0697 doc_len:192-193
