W0417 19:37:24.770000 941320 torch/distributed/run.py:851] 
W0417 19:37:24.770000 941320 torch/distributed/run.py:851] *****************************************
W0417 19:37:24.770000 941320 torch/distributed/run.py:851] Setting OMP_NUM_THREADS environment variable for each process to be 1 in default, to avoid your system being overloaded, please further tune the variable for optimal performance in your application as needed. 
W0417 19:37:24.770000 941320 torch/distributed/run.py:851] *****************************************
e1a433d6d93644e090a8bcad4f3a7ab4000000:941395:941395 [0] NCCL INFO ENV/Plugin: Could not find: libnccl-env.so
e1a433d6d93644e090a8bcad4f3a7ab4000000:941395:941395 [0] NCCL INFO Stack size limit (unlimited) is unsafe; will use 8192KB for newly launched threads
e1a433d6d93644e090a8bcad4f3a7ab4000000:941395:941395 [0] NCCL INFO NCCL_SOCKET_IFNAME set by environment to eth0
e1a433d6d93644e090a8bcad4f3a7ab4000000:941395:941395 [0] NCCL INFO Bootstrap: Using eth0:10.0.0.4<0>
e1a433d6d93644e090a8bcad4f3a7ab4000000:941395:941395 [0] NCCL INFO cudaDriverVersion 13020
e1a433d6d93644e090a8bcad4f3a7ab4000000:941395:941395 [0] NCCL INFO NCCL version 2.28.9+cuda13.0
e1a433d6d93644e090a8bcad4f3a7ab4000000:941395:941395 [0] NCCL INFO Comm config Blocking set to 1
e1a433d6d93644e090a8bcad4f3a7ab4000000:941398:941398 [3] NCCL INFO ENV/Plugin: Could not find: libnccl-env.so
e1a433d6d93644e090a8bcad4f3a7ab4000000:941398:941398 [3] NCCL INFO cudaDriverVersion 13020
e1a433d6d93644e090a8bcad4f3a7ab4000000:941398:941398 [3] NCCL INFO Stack size limit (unlimited) is unsafe; will use 8192KB for newly launched threads
e1a433d6d93644e090a8bcad4f3a7ab4000000:941398:941398 [3] NCCL INFO NCCL_SOCKET_IFNAME set by environment to eth0
e1a433d6d93644e090a8bcad4f3a7ab4000000:941398:941398 [3] NCCL INFO Bootstrap: Using eth0:10.0.0.4<0>
e1a433d6d93644e090a8bcad4f3a7ab4000000:941398:941398 [3] NCCL INFO NCCL version 2.28.9+cuda13.0
e1a433d6d93644e090a8bcad4f3a7ab4000000:941398:941398 [3] NCCL INFO Comm config Blocking set to 1
e1a433d6d93644e090a8bcad4f3a7ab4000000:941395:941395 [0] NCCL INFO NET/Plugin: Could not find: libnccl-net.so
e1a433d6d93644e090a8bcad4f3a7ab4000000:941395:941395 [0] NCCL INFO NCCL_IB_DISABLE set by environment to 1.
e1a433d6d93644e090a8bcad4f3a7ab4000000:941395:941395 [0] NCCL INFO transport/net_ib.cc:852 -> 3
e1a433d6d93644e090a8bcad4f3a7ab4000000:941395:941395 [0] NCCL INFO Failed to initialize NET plugin IB
e1a433d6d93644e090a8bcad4f3a7ab4000000:941395:941395 [0] NCCL INFO NCCL_SOCKET_IFNAME set by environment to eth0
e1a433d6d93644e090a8bcad4f3a7ab4000000:941395:941395 [0] NCCL INFO NET/Socket : Using [0]eth0:10.0.0.4<0>
e1a433d6d93644e090a8bcad4f3a7ab4000000:941395:941395 [0] NCCL INFO Initialized NET plugin Socket
e1a433d6d93644e090a8bcad4f3a7ab4000000:941395:941395 [0] NCCL INFO Assigned NET plugin Socket to comm
e1a433d6d93644e090a8bcad4f3a7ab4000000:941395:941395 [0] NCCL INFO Using network Socket
e1a433d6d93644e090a8bcad4f3a7ab4000000:941395:941395 [0] NCCL INFO ncclCommInitRankConfig comm 0x48c03b60 rank 0 nranks 4 cudaDev 0 nvmlDev 0 busId 100000 commId 0x1aed14e640bf00b4 - Init START
e1a433d6d93644e090a8bcad4f3a7ab4000000:941397:941397 [2] NCCL INFO ENV/Plugin: Could not find: libnccl-env.so
e1a433d6d93644e090a8bcad4f3a7ab4000000:941397:941397 [2] NCCL INFO cudaDriverVersion 13020
e1a433d6d93644e090a8bcad4f3a7ab4000000:941396:941396 [1] NCCL INFO ENV/Plugin: Could not find: libnccl-env.so
e1a433d6d93644e090a8bcad4f3a7ab4000000:941396:941396 [1] NCCL INFO cudaDriverVersion 13020
e1a433d6d93644e090a8bcad4f3a7ab4000000:941397:941397 [2] NCCL INFO Stack size limit (unlimited) is unsafe; will use 8192KB for newly launched threads
e1a433d6d93644e090a8bcad4f3a7ab4000000:941397:941397 [2] NCCL INFO NCCL_SOCKET_IFNAME set by environment to eth0
e1a433d6d93644e090a8bcad4f3a7ab4000000:941397:941397 [2] NCCL INFO Bootstrap: Using eth0:10.0.0.4<0>
e1a433d6d93644e090a8bcad4f3a7ab4000000:941397:941397 [2] NCCL INFO NCCL version 2.28.9+cuda13.0
e1a433d6d93644e090a8bcad4f3a7ab4000000:941396:941396 [1] NCCL INFO Stack size limit (unlimited) is unsafe; will use 8192KB for newly launched threads
e1a433d6d93644e090a8bcad4f3a7ab4000000:941396:941396 [1] NCCL INFO NCCL_SOCKET_IFNAME set by environment to eth0
e1a433d6d93644e090a8bcad4f3a7ab4000000:941396:941396 [1] NCCL INFO Bootstrap: Using eth0:10.0.0.4<0>
e1a433d6d93644e090a8bcad4f3a7ab4000000:941396:941396 [1] NCCL INFO NCCL version 2.28.9+cuda13.0
e1a433d6d93644e090a8bcad4f3a7ab4000000:941397:941397 [2] NCCL INFO Comm config Blocking set to 1
e1a433d6d93644e090a8bcad4f3a7ab4000000:941396:941396 [1] NCCL INFO Comm config Blocking set to 1
e1a433d6d93644e090a8bcad4f3a7ab4000000:941398:941398 [3] NCCL INFO NET/Plugin: Could not find: libnccl-net.so
e1a433d6d93644e090a8bcad4f3a7ab4000000:941398:941398 [3] NCCL INFO NCCL_IB_DISABLE set by environment to 1.
e1a433d6d93644e090a8bcad4f3a7ab4000000:941398:941398 [3] NCCL INFO transport/net_ib.cc:852 -> 3
e1a433d6d93644e090a8bcad4f3a7ab4000000:941398:941398 [3] NCCL INFO Failed to initialize NET plugin IB
e1a433d6d93644e090a8bcad4f3a7ab4000000:941398:941398 [3] NCCL INFO NCCL_SOCKET_IFNAME set by environment to eth0
e1a433d6d93644e090a8bcad4f3a7ab4000000:941398:941398 [3] NCCL INFO NET/Socket : Using [0]eth0:10.0.0.4<0>
e1a433d6d93644e090a8bcad4f3a7ab4000000:941398:941398 [3] NCCL INFO Initialized NET plugin Socket
e1a433d6d93644e090a8bcad4f3a7ab4000000:941398:941398 [3] NCCL INFO Assigned NET plugin Socket to comm
e1a433d6d93644e090a8bcad4f3a7ab4000000:941398:941398 [3] NCCL INFO Using network Socket
e1a433d6d93644e090a8bcad4f3a7ab4000000:941398:941398 [3] NCCL INFO ncclCommInitRankConfig comm 0x23bc5700 rank 3 nranks 4 cudaDev 3 nvmlDev 3 busId 400000 commId 0x1aed14e640bf00b4 - Init START
e1a433d6d93644e090a8bcad4f3a7ab4000000:941396:941396 [1] NCCL INFO NET/Plugin: Could not find: libnccl-net.so
e1a433d6d93644e090a8bcad4f3a7ab4000000:941396:941396 [1] NCCL INFO NCCL_IB_DISABLE set by environment to 1.
e1a433d6d93644e090a8bcad4f3a7ab4000000:941396:941396 [1] NCCL INFO transport/net_ib.cc:852 -> 3
e1a433d6d93644e090a8bcad4f3a7ab4000000:941396:941396 [1] NCCL INFO Failed to initialize NET plugin IB
e1a433d6d93644e090a8bcad4f3a7ab4000000:941396:941396 [1] NCCL INFO NCCL_SOCKET_IFNAME set by environment to eth0
e1a433d6d93644e090a8bcad4f3a7ab4000000:941396:941396 [1] NCCL INFO NET/Socket : Using [0]eth0:10.0.0.4<0>
e1a433d6d93644e090a8bcad4f3a7ab4000000:941396:941396 [1] NCCL INFO Initialized NET plugin Socket
e1a433d6d93644e090a8bcad4f3a7ab4000000:941396:941396 [1] NCCL INFO Assigned NET plugin Socket to comm
e1a433d6d93644e090a8bcad4f3a7ab4000000:941396:941396 [1] NCCL INFO Using network Socket
e1a433d6d93644e090a8bcad4f3a7ab4000000:941397:941397 [2] NCCL INFO NET/Plugin: Could not find: libnccl-net.so
e1a433d6d93644e090a8bcad4f3a7ab4000000:941397:941397 [2] NCCL INFO NCCL_IB_DISABLE set by environment to 1.
e1a433d6d93644e090a8bcad4f3a7ab4000000:941397:941397 [2] NCCL INFO transport/net_ib.cc:852 -> 3
e1a433d6d93644e090a8bcad4f3a7ab4000000:941397:941397 [2] NCCL INFO Failed to initialize NET plugin IB
e1a433d6d93644e090a8bcad4f3a7ab4000000:941397:941397 [2] NCCL INFO NCCL_SOCKET_IFNAME set by environment to eth0
e1a433d6d93644e090a8bcad4f3a7ab4000000:941397:941397 [2] NCCL INFO NET/Socket : Using [0]eth0:10.0.0.4<0>
e1a433d6d93644e090a8bcad4f3a7ab4000000:941397:941397 [2] NCCL INFO Initialized NET plugin Socket
e1a433d6d93644e090a8bcad4f3a7ab4000000:941397:941397 [2] NCCL INFO Assigned NET plugin Socket to comm
e1a433d6d93644e090a8bcad4f3a7ab4000000:941397:941397 [2] NCCL INFO Using network Socket
e1a433d6d93644e090a8bcad4f3a7ab4000000:941396:941396 [1] NCCL INFO ncclCommInitRankConfig comm 0x1824b6b0 rank 1 nranks 4 cudaDev 1 nvmlDev 1 busId 200000 commId 0x1aed14e640bf00b4 - Init START
e1a433d6d93644e090a8bcad4f3a7ab4000000:941395:941395 [0] NCCL INFO RAS client listening socket at 127.0.0.1<28028>
e1a433d6d93644e090a8bcad4f3a7ab4000000:941397:941397 [2] NCCL INFO ncclCommInitRankConfig comm 0x42cf9a30 rank 2 nranks 4 cudaDev 2 nvmlDev 2 busId 300000 commId 0x1aed14e640bf00b4 - Init START
e1a433d6d93644e090a8bcad4f3a7ab4000000:941396:941396 [1] NCCL INFO RAS client listening socket at 127.0.0.1<28028>
e1a433d6d93644e090a8bcad4f3a7ab4000000:941397:941397 [2] NCCL INFO RAS client listening socket at 127.0.0.1<28028>
e1a433d6d93644e090a8bcad4f3a7ab4000000:941398:941398 [3] NCCL INFO RAS client listening socket at 127.0.0.1<28028>
e1a433d6d93644e090a8bcad4f3a7ab4000000:941396:941396 [1] NCCL INFO Bootstrap timings total 0.002377 (create 0.000046, send 0.000178, recv 0.001453, ring 0.000246, delay 0.000001)
e1a433d6d93644e090a8bcad4f3a7ab4000000:941397:941397 [2] NCCL INFO Bootstrap timings total 0.001129 (create 0.000044, send 0.000150, recv 0.000346, ring 0.000181, delay 0.000001)
e1a433d6d93644e090a8bcad4f3a7ab4000000:941395:941395 [0] NCCL INFO Bootstrap timings total 0.143898 (create 0.000048, send 0.000190, recv 0.141752, ring 0.001387, delay 0.000001)
e1a433d6d93644e090a8bcad4f3a7ab4000000:941398:941398 [3] NCCL INFO Bootstrap timings total 0.105680 (create 0.000048, send 0.000182, recv 0.000202, ring 0.000110, delay 0.000001)
e1a433d6d93644e090a8bcad4f3a7ab4000000:941398:941398 [3] NCCL INFO ncclTopoGetCpuAffinity: Affinity for GPU 3 is 72-95. (GPU affinity = 72-95 ; CPU affinity = 0-95).
e1a433d6d93644e090a8bcad4f3a7ab4000000:941398:941398 [3] NCCL INFO NVLS multicast support is not available on dev 3 (NVLS_NCHANNELS 0)
e1a433d6d93644e090a8bcad4f3a7ab4000000:941395:941395 [0] NCCL INFO ncclTopoGetCpuAffinity: Affinity for GPU 0 is 0-23. (GPU affinity = 0-23 ; CPU affinity = 0-95).
e1a433d6d93644e090a8bcad4f3a7ab4000000:941395:941395 [0] NCCL INFO NVLS multicast support is not available on dev 0 (NVLS_NCHANNELS 0)
e1a433d6d93644e090a8bcad4f3a7ab4000000:941396:941396 [1] NCCL INFO ncclTopoGetCpuAffinity: Affinity for GPU 1 is 24-47. (GPU affinity = 24-47 ; CPU affinity = 0-95).
e1a433d6d93644e090a8bcad4f3a7ab4000000:941396:941396 [1] NCCL INFO NVLS multicast support is not available on dev 1 (NVLS_NCHANNELS 0)
e1a433d6d93644e090a8bcad4f3a7ab4000000:941397:941397 [2] NCCL INFO ncclTopoGetCpuAffinity: Affinity for GPU 2 is 48-71. (GPU affinity = 48-71 ; CPU affinity = 0-95).
e1a433d6d93644e090a8bcad4f3a7ab4000000:941397:941397 [2] NCCL INFO NVLS multicast support is not available on dev 2 (NVLS_NCHANNELS 0)
e1a433d6d93644e090a8bcad4f3a7ab4000000:941395:941395 [0] NCCL INFO comm 0x48c03b60 rank 0 nRanks 4 nNodes 1 localRanks 4 localRank 0 MNNVL 0
e1a433d6d93644e090a8bcad4f3a7ab4000000:941397:941397 [2] NCCL INFO comm 0x42cf9a30 rank 2 nRanks 4 nNodes 1 localRanks 4 localRank 2 MNNVL 0
e1a433d6d93644e090a8bcad4f3a7ab4000000:941398:941398 [3] NCCL INFO comm 0x23bc5700 rank 3 nRanks 4 nNodes 1 localRanks 4 localRank 3 MNNVL 0
e1a433d6d93644e090a8bcad4f3a7ab4000000:941396:941396 [1] NCCL INFO comm 0x1824b6b0 rank 1 nRanks 4 nNodes 1 localRanks 4 localRank 1 MNNVL 0
e1a433d6d93644e090a8bcad4f3a7ab4000000:941395:941395 [0] NCCL INFO Channel 00/08 : 0 1 2 3
e1a433d6d93644e090a8bcad4f3a7ab4000000:941397:941397 [2] NCCL INFO Trees [0] 3/-1/-1->2->1 [1] 3/-1/-1->2->1 [2] 3/-1/-1->2->1 [3] 3/-1/-1->2->1 [4] 3/-1/-1->2->1 [5] 3/-1/-1->2->1 [6] 3/-1/-1->2->1 [7] 3/-1/-1->2->1
e1a433d6d93644e090a8bcad4f3a7ab4000000:941398:941398 [3] NCCL INFO Trees [0] -1/-1/-1->3->2 [1] -1/-1/-1->3->2 [2] -1/-1/-1->3->2 [3] -1/-1/-1->3->2 [4] -1/-1/-1->3->2 [5] -1/-1/-1->3->2 [6] -1/-1/-1->3->2 [7] -1/-1/-1->3->2
e1a433d6d93644e090a8bcad4f3a7ab4000000:941395:941395 [0] NCCL INFO Channel 01/08 : 0 1 2 3
e1a433d6d93644e090a8bcad4f3a7ab4000000:941398:941398 [3] NCCL INFO P2P Chunksize set to 131072
e1a433d6d93644e090a8bcad4f3a7ab4000000:941397:941397 [2] NCCL INFO P2P Chunksize set to 131072
e1a433d6d93644e090a8bcad4f3a7ab4000000:941395:941395 [0] NCCL INFO Channel 02/08 : 0 1 2 3
e1a433d6d93644e090a8bcad4f3a7ab4000000:941395:941395 [0] NCCL INFO Channel 03/08 : 0 1 2 3
e1a433d6d93644e090a8bcad4f3a7ab4000000:941396:941396 [1] NCCL INFO Trees [0] 2/-1/-1->1->0 [1] 2/-1/-1->1->0 [2] 2/-1/-1->1->0 [3] 2/-1/-1->1->0 [4] 2/-1/-1->1->0 [5] 2/-1/-1->1->0 [6] 2/-1/-1->1->0 [7] 2/-1/-1->1->0
e1a433d6d93644e090a8bcad4f3a7ab4000000:941395:941395 [0] NCCL INFO Channel 04/08 : 0 1 2 3
e1a433d6d93644e090a8bcad4f3a7ab4000000:941396:941396 [1] NCCL INFO P2P Chunksize set to 131072
e1a433d6d93644e090a8bcad4f3a7ab4000000:941395:941395 [0] NCCL INFO Channel 05/08 : 0 1 2 3
e1a433d6d93644e090a8bcad4f3a7ab4000000:941395:941395 [0] NCCL INFO Channel 06/08 : 0 1 2 3
e1a433d6d93644e090a8bcad4f3a7ab4000000:941395:941395 [0] NCCL INFO Channel 07/08 : 0 1 2 3
e1a433d6d93644e090a8bcad4f3a7ab4000000:941395:941395 [0] NCCL INFO Trees [0] 1/-1/-1->0->-1 [1] 1/-1/-1->0->-1 [2] 1/-1/-1->0->-1 [3] 1/-1/-1->0->-1 [4] 1/-1/-1->0->-1 [5] 1/-1/-1->0->-1 [6] 1/-1/-1->0->-1 [7] 1/-1/-1->0->-1
e1a433d6d93644e090a8bcad4f3a7ab4000000:941395:941395 [0] NCCL INFO P2P Chunksize set to 131072
e1a433d6d93644e090a8bcad4f3a7ab4000000:941396:941396 [1] NCCL INFO PROFILER/Plugin: Could not find: libnccl-profiler.so
e1a433d6d93644e090a8bcad4f3a7ab4000000:941396:941396 [1] NCCL INFO Check P2P Type isAllDirectP2p 0 directMode 0 isAllCudaP2p 0
e1a433d6d93644e090a8bcad4f3a7ab4000000:941398:941398 [3] NCCL INFO PROFILER/Plugin: Could not find: libnccl-profiler.so
e1a433d6d93644e090a8bcad4f3a7ab4000000:941398:941398 [3] NCCL INFO Check P2P Type isAllDirectP2p 0 directMode 0 isAllCudaP2p 0
e1a433d6d93644e090a8bcad4f3a7ab4000000:941397:941397 [2] NCCL INFO PROFILER/Plugin: Could not find: libnccl-profiler.so
e1a433d6d93644e090a8bcad4f3a7ab4000000:941395:941395 [0] NCCL INFO PROFILER/Plugin: Could not find: libnccl-profiler.so
e1a433d6d93644e090a8bcad4f3a7ab4000000:941397:941397 [2] NCCL INFO Check P2P Type isAllDirectP2p 0 directMode 0 isAllCudaP2p 0
e1a433d6d93644e090a8bcad4f3a7ab4000000:941395:941395 [0] NCCL INFO Check P2P Type isAllDirectP2p 0 directMode 0 isAllCudaP2p 0
e1a433d6d93644e090a8bcad4f3a7ab4000000:941396:941425 [0] NCCL INFO [Proxy Service] Device 1 CPU core 24
e1a433d6d93644e090a8bcad4f3a7ab4000000:941395:941426 [0] NCCL INFO [Proxy Service] Device 0 CPU core 20
e1a433d6d93644e090a8bcad4f3a7ab4000000:941398:941424 [0] NCCL INFO [Proxy Service] Device 3 CPU core 78
e1a433d6d93644e090a8bcad4f3a7ab4000000:941396:941429 [0] NCCL INFO [Proxy Service UDS] Device 1 CPU core 34
e1a433d6d93644e090a8bcad4f3a7ab4000000:941397:941427 [0] NCCL INFO [Proxy Service] Device 2 CPU core 57
e1a433d6d93644e090a8bcad4f3a7ab4000000:941395:941430 [0] NCCL INFO [Proxy Service UDS] Device 0 CPU core 13
e1a433d6d93644e090a8bcad4f3a7ab4000000:941397:941431 [0] NCCL INFO [Proxy Service UDS] Device 2 CPU core 70
e1a433d6d93644e090a8bcad4f3a7ab4000000:941398:941428 [0] NCCL INFO [Proxy Service UDS] Device 3 CPU core 95
e1a433d6d93644e090a8bcad4f3a7ab4000000:941397:941397 [2] NCCL INFO TUNER/Plugin: Could not find: libnccl-tuner.so
e1a433d6d93644e090a8bcad4f3a7ab4000000:941397:941397 [2] NCCL INFO threadThresholds 8/8/64 | 32/8/64 | 512 | 512
e1a433d6d93644e090a8bcad4f3a7ab4000000:941397:941397 [2] NCCL INFO 8 coll channels, 8 collnet channels, 0 nvls channels, 8 p2p channels, 2 p2p channels per peer
e1a433d6d93644e090a8bcad4f3a7ab4000000:941398:941398 [3] NCCL INFO TUNER/Plugin: Could not find: libnccl-tuner.so
e1a433d6d93644e090a8bcad4f3a7ab4000000:941398:941398 [3] NCCL INFO threadThresholds 8/8/64 | 32/8/64 | 512 | 512
e1a433d6d93644e090a8bcad4f3a7ab4000000:941398:941398 [3] NCCL INFO 8 coll channels, 8 collnet channels, 0 nvls channels, 8 p2p channels, 2 p2p channels per peer
e1a433d6d93644e090a8bcad4f3a7ab4000000:941396:941396 [1] NCCL INFO TUNER/Plugin: Could not find: libnccl-tuner.so
e1a433d6d93644e090a8bcad4f3a7ab4000000:941396:941396 [1] NCCL INFO threadThresholds 8/8/64 | 32/8/64 | 512 | 512
e1a433d6d93644e090a8bcad4f3a7ab4000000:941396:941396 [1] NCCL INFO 8 coll channels, 8 collnet channels, 0 nvls channels, 8 p2p channels, 2 p2p channels per peer
e1a433d6d93644e090a8bcad4f3a7ab4000000:941395:941395 [0] NCCL INFO TUNER/Plugin: Could not find: libnccl-tuner.so
e1a433d6d93644e090a8bcad4f3a7ab4000000:941395:941395 [0] NCCL INFO threadThresholds 8/8/64 | 32/8/64 | 512 | 512
e1a433d6d93644e090a8bcad4f3a7ab4000000:941395:941395 [0] NCCL INFO 8 coll channels, 8 collnet channels, 0 nvls channels, 8 p2p channels, 2 p2p channels per peer
e1a433d6d93644e090a8bcad4f3a7ab4000000:941395:941395 [0] NCCL INFO CC Off, workFifoBytes 1048576
e1a433d6d93644e090a8bcad4f3a7ab4000000:941398:941398 [3] NCCL INFO ncclCommInitRankConfig comm 0x23bc5700 rank 3 nranks 4 cudaDev 3 nvmlDev 3 busId 400000 commId 0x1aed14e640bf00b4 - Init COMPLETE
e1a433d6d93644e090a8bcad4f3a7ab4000000:941396:941396 [1] NCCL INFO ncclCommInitRankConfig comm 0x1824b6b0 rank 1 nranks 4 cudaDev 1 nvmlDev 1 busId 200000 commId 0x1aed14e640bf00b4 - Init COMPLETE
e1a433d6d93644e090a8bcad4f3a7ab4000000:941396:941396 [1] NCCL INFO Init timings - ncclCommInitRankConfig: rank 1 nranks 4 total 0.17 (kernels 0.12, alloc 0.00, bootstrap 0.00, allgathers 0.00, topo 0.02, graphs 0.00, connections 0.02, rest 0.00)
e1a433d6d93644e090a8bcad4f3a7ab4000000:941398:941398 [3] NCCL INFO Init timings - ncclCommInitRankConfig: rank 3 nranks 4 total 0.27 (kernels 0.13, alloc 0.00, bootstrap 0.11, allgathers 0.00, topo 0.02, graphs 0.00, connections 0.02, rest 0.00)
e1a433d6d93644e090a8bcad4f3a7ab4000000:941397:941397 [2] NCCL INFO ncclCommInitRankConfig comm 0x42cf9a30 rank 2 nranks 4 cudaDev 2 nvmlDev 2 busId 300000 commId 0x1aed14e640bf00b4 - Init COMPLETE
e1a433d6d93644e090a8bcad4f3a7ab4000000:941397:941397 [2] NCCL INFO Init timings - ncclCommInitRankConfig: rank 2 nranks 4 total 0.17 (kernels 0.12, alloc 0.00, bootstrap 0.00, allgathers 0.00, topo 0.02, graphs 0.00, connections 0.02, rest 0.00)
e1a433d6d93644e090a8bcad4f3a7ab4000000:941395:941395 [0] NCCL INFO ncclCommInitRankConfig comm 0x48c03b60 rank 0 nranks 4 cudaDev 0 nvmlDev 0 busId 100000 commId 0x1aed14e640bf00b4 - Init COMPLETE
e1a433d6d93644e090a8bcad4f3a7ab4000000:941395:941395 [0] NCCL INFO Init timings - ncclCommInitRankConfig: rank 0 nranks 4 total 0.34 (kernels 0.15, alloc 0.00, bootstrap 0.14, allgathers 0.00, topo 0.02, graphs 0.00, connections 0.02, rest 0.00)
e1a433d6d93644e090a8bcad4f3a7ab4000000:941398:941398 [3] NCCL INFO Channel 00 : 3[3] -> 0[0] via SHM/direct/direct
e1a433d6d93644e090a8bcad4f3a7ab4000000:941396:941396 [1] NCCL INFO Channel 00 : 1[1] -> 2[2] via SHM/direct/direct
e1a433d6d93644e090a8bcad4f3a7ab4000000:941398:941398 [3] NCCL INFO Channel 01 : 3[3] -> 0[0] via SHM/direct/direct
e1a433d6d93644e090a8bcad4f3a7ab4000000:941396:941396 [1] NCCL INFO Channel 01 : 1[1] -> 2[2] via SHM/direct/direct
e1a433d6d93644e090a8bcad4f3a7ab4000000:941398:941398 [3] NCCL INFO Channel 02 : 3[3] -> 0[0] via SHM/direct/direct
e1a433d6d93644e090a8bcad4f3a7ab4000000:941396:941396 [1] NCCL INFO Channel 02 : 1[1] -> 2[2] via SHM/direct/direct
e1a433d6d93644e090a8bcad4f3a7ab4000000:941398:941398 [3] NCCL INFO Channel 03 : 3[3] -> 0[0] via SHM/direct/direct
e1a433d6d93644e090a8bcad4f3a7ab4000000:941396:941396 [1] NCCL INFO Channel 03 : 1[1] -> 2[2] via SHM/direct/direct
e1a433d6d93644e090a8bcad4f3a7ab4000000:941398:941398 [3] NCCL INFO Channel 04 : 3[3] -> 0[0] via SHM/direct/direct
e1a433d6d93644e090a8bcad4f3a7ab4000000:941396:941396 [1] NCCL INFO Channel 04 : 1[1] -> 2[2] via SHM/direct/direct
e1a433d6d93644e090a8bcad4f3a7ab4000000:941398:941398 [3] NCCL INFO Channel 05 : 3[3] -> 0[0] via SHM/direct/direct
e1a433d6d93644e090a8bcad4f3a7ab4000000:941396:941396 [1] NCCL INFO Channel 05 : 1[1] -> 2[2] via SHM/direct/direct
e1a433d6d93644e090a8bcad4f3a7ab4000000:941395:941395 [0] NCCL INFO Channel 00/0 : 0[0] -> 1[1] via P2P/CUMEM/read
e1a433d6d93644e090a8bcad4f3a7ab4000000:941397:941397 [2] NCCL INFO Channel 00/0 : 2[2] -> 3[3] via P2P/CUMEM/read
e1a433d6d93644e090a8bcad4f3a7ab4000000:941397:941397 [2] NCCL INFO Channel 01/0 : 2[2] -> 3[3] via P2P/CUMEM/read
e1a433d6d93644e090a8bcad4f3a7ab4000000:941395:941395 [0] NCCL INFO Channel 01/0 : 0[0] -> 1[1] via P2P/CUMEM/read
e1a433d6d93644e090a8bcad4f3a7ab4000000:941398:941398 [3] NCCL INFO Channel 06 : 3[3] -> 0[0] via SHM/direct/direct
e1a433d6d93644e090a8bcad4f3a7ab4000000:941396:941396 [1] NCCL INFO Channel 06 : 1[1] -> 2[2] via SHM/direct/direct
e1a433d6d93644e090a8bcad4f3a7ab4000000:941395:941395 [0] NCCL INFO Channel 02/0 : 0[0] -> 1[1] via P2P/CUMEM/read
e1a433d6d93644e090a8bcad4f3a7ab4000000:941397:941397 [2] NCCL INFO Channel 02/0 : 2[2] -> 3[3] via P2P/CUMEM/read
e1a433d6d93644e090a8bcad4f3a7ab4000000:941397:941397 [2] NCCL INFO Channel 03/0 : 2[2] -> 3[3] via P2P/CUMEM/read
e1a433d6d93644e090a8bcad4f3a7ab4000000:941396:941396 [1] NCCL INFO Channel 07 : 1[1] -> 2[2] via SHM/direct/direct
e1a433d6d93644e090a8bcad4f3a7ab4000000:941395:941395 [0] NCCL INFO Channel 03/0 : 0[0] -> 1[1] via P2P/CUMEM/read
e1a433d6d93644e090a8bcad4f3a7ab4000000:941398:941398 [3] NCCL INFO Channel 07 : 3[3] -> 0[0] via SHM/direct/direct
e1a433d6d93644e090a8bcad4f3a7ab4000000:941397:941397 [2] NCCL INFO Channel 04/0 : 2[2] -> 3[3] via P2P/CUMEM/read
e1a433d6d93644e090a8bcad4f3a7ab4000000:941395:941395 [0] NCCL INFO Channel 04/0 : 0[0] -> 1[1] via P2P/CUMEM/read
e1a433d6d93644e090a8bcad4f3a7ab4000000:941395:941395 [0] NCCL INFO Channel 05/0 : 0[0] -> 1[1] via P2P/CUMEM/read
e1a433d6d93644e090a8bcad4f3a7ab4000000:941397:941397 [2] NCCL INFO Channel 05/0 : 2[2] -> 3[3] via P2P/CUMEM/read
e1a433d6d93644e090a8bcad4f3a7ab4000000:941397:941397 [2] NCCL INFO Channel 06/0 : 2[2] -> 3[3] via P2P/CUMEM/read
e1a433d6d93644e090a8bcad4f3a7ab4000000:941395:941395 [0] NCCL INFO Channel 06/0 : 0[0] -> 1[1] via P2P/CUMEM/read
e1a433d6d93644e090a8bcad4f3a7ab4000000:941395:941395 [0] NCCL INFO Channel 07/0 : 0[0] -> 1[1] via P2P/CUMEM/read
e1a433d6d93644e090a8bcad4f3a7ab4000000:941397:941397 [2] NCCL INFO Channel 07/0 : 2[2] -> 3[3] via P2P/CUMEM/read
e1a433d6d93644e090a8bcad4f3a7ab4000000:941398:941398 [3] NCCL INFO Connected all rings, use ring PXN 0 GDR 1
e1a433d6d93644e090a8bcad4f3a7ab4000000:941395:941395 [0] NCCL INFO Connected all rings, use ring PXN 0 GDR 1
e1a433d6d93644e090a8bcad4f3a7ab4000000:941396:941396 [1] NCCL INFO Connected all rings, use ring PXN 0 GDR 1
e1a433d6d93644e090a8bcad4f3a7ab4000000:941397:941397 [2] NCCL INFO Connected all rings, use ring PXN 0 GDR 1
eval_sliding_only mode=stride
  model_path=final_model.pt quantized_model_path=final_model.int6.ptz
  eval_seq_len=2048 eval_stride=64
val_tokens: 40540160
>>> NEW path with EVAL_STRIDE=16
sliding_perdoc: bin 1/3628 segs:32 tokens:0 running_loss:0.0000 running_bpb:0.0000 elapsed:0.0s
sliding_perdoc: bin 182/3628 segs:32 tokens:153632 running_loss:2.6406 running_bpb:1.0618 elapsed:23.3s
sliding_perdoc: bin 363/3628 segs:32 tokens:325552 running_loss:2.6433 running_bpb:1.0593 elapsed:46.1s
sliding_perdoc: bin 544/3628 segs:32 tokens:511696 running_loss:2.6611 running_bpb:1.0723 elapsed:68.9s
sliding_perdoc: bin 725/3628 segs:32 tokens:699872 running_loss:2.6902 running_bpb:1.0794 elapsed:91.7s
sliding_perdoc: bin 906/3628 segs:32 tokens:861632 running_loss:2.7032 running_bpb:1.0809 elapsed:114.6s
sliding_perdoc: bin 1087/3628 segs:32 tokens:1062000 running_loss:2.7148 running_bpb:1.0830 elapsed:137.4s
sliding_perdoc: bin 1268/3628 segs:32 tokens:1244080 running_loss:2.7108 running_bpb:1.0819 elapsed:160.3s
sliding_perdoc: bin 1449/3628 segs:32 tokens:1434288 running_loss:2.7083 running_bpb:1.0767 elapsed:183.1s
sliding_perdoc: bin 1630/3628 segs:32 tokens:1624496 running_loss:2.7063 running_bpb:1.0764 elapsed:206.0s
sliding_perdoc: bin 1811/3628 segs:32 tokens:1786256 running_loss:2.6924 running_bpb:1.0749 elapsed:228.8s
sliding_perdoc: bin 1992/3628 segs:32 tokens:1972400 running_loss:2.7111 running_bpb:1.0814 elapsed:251.7s
sliding_perdoc: bin 2173/3628 segs:32 tokens:2160576 running_loss:2.7215 running_bpb:1.0831 elapsed:274.5s
sliding_perdoc: bin 2354/3628 segs:32 tokens:2330464 running_loss:2.7277 running_bpb:1.0844 elapsed:297.4s
sliding_perdoc: bin 2535/3628 segs:32 tokens:2508480 running_loss:2.7282 running_bpb:1.0823 elapsed:320.2s
sliding_perdoc: bin 2716/3628 segs:32 tokens:2649920 running_loss:2.7271 running_bpb:1.0824 elapsed:343.1s
sliding_perdoc: bin 2897/3628 segs:32 tokens:2819808 running_loss:2.7257 running_bpb:1.0842 elapsed:366.0s
sliding_perdoc: bin 3078/3628 segs:32 tokens:2971408 running_loss:2.7278 running_bpb:1.0840 elapsed:388.8s
sliding_perdoc: bin 3259/3628 segs:32 tokens:3159584 running_loss:2.7342 running_bpb:1.0848 elapsed:411.7s
sliding_perdoc: bin 3440/3628 segs:32 tokens:3366048 running_loss:2.7327 running_bpb:1.0828 elapsed:434.5s
sliding_perdoc: bin 3621/3628 segs:278 tokens:9692746 running_loss:2.7680 running_bpb:1.0715 elapsed:457.5s
sliding_perdoc: bin 3628/3628 segs:439 tokens:10151429 running_loss:2.7764 running_bpb:1.0759 elapsed:458.6s
new_sliding_perdoc_s16 val_loss:2.77931475 val_bpb:1.07595935 eval_time:505466ms
>>> NEW path with EVAL_STRIDE=8
sliding_perdoc: bin 1/7113 segs:32 tokens:0 running_loss:0.0000 running_bpb:0.0000 elapsed:0.0s
sliding_perdoc: bin 356/7113 segs:32 tokens:158200 running_loss:2.6785 running_bpb:1.0760 elapsed:44.6s
sliding_perdoc: bin 711/7113 segs:32 tokens:314360 running_loss:2.6298 running_bpb:1.0576 elapsed:89.4s
sliding_perdoc: bin 1066/7113 segs:32 tokens:466440 running_loss:2.6445 running_bpb:1.0749 elapsed:134.2s
sliding_perdoc: bin 1421/7113 segs:32 tokens:671560 running_loss:2.6834 running_bpb:1.0816 elapsed:179.0s
sliding_perdoc: bin 1776/7113 segs:32 tokens:833840 running_loss:2.6982 running_bpb:1.0838 elapsed:223.8s
sliding_perdoc: bin 2131/7113 segs:32 tokens:1032840 running_loss:2.7275 running_bpb:1.0890 elapsed:268.7s
sliding_perdoc: bin 2486/7113 segs:32 tokens:1197160 running_loss:2.7172 running_bpb:1.0864 elapsed:313.5s
sliding_perdoc: bin 2841/7113 segs:32 tokens:1377800 running_loss:2.7190 running_bpb:1.0827 elapsed:358.3s
sliding_perdoc: bin 3196/7113 segs:32 tokens:1560480 running_loss:2.7119 running_bpb:1.0810 elapsed:403.1s
sliding_perdoc: bin 3551/7113 segs:32 tokens:1724800 running_loss:2.7014 running_bpb:1.0806 elapsed:448.0s
sliding_perdoc: bin 3906/7113 segs:32 tokens:1917680 running_loss:2.7107 running_bpb:1.0833 elapsed:492.8s
sliding_perdoc: bin 4261/7113 segs:32 tokens:2102400 running_loss:2.7221 running_bpb:1.0852 elapsed:537.6s
sliding_perdoc: bin 4616/7113 segs:32 tokens:2291200 running_loss:2.7278 running_bpb:1.0840 elapsed:582.4s
sliding_perdoc: bin 4971/7113 segs:32 tokens:2506520 running_loss:2.7229 running_bpb:1.0800 elapsed:627.2s
sliding_perdoc: bin 5326/7113 segs:32 tokens:2664720 running_loss:2.7223 running_bpb:1.0796 elapsed:672.1s
sliding_perdoc: bin 5681/7113 segs:32 tokens:2837200 running_loss:2.7216 running_bpb:1.0805 elapsed:716.9s
sliding_perdoc: bin 6036/7113 segs:32 tokens:2993360 running_loss:2.7289 running_bpb:1.0825 elapsed:761.7s
sliding_perdoc: bin 6391/7113 segs:32 tokens:3178080 running_loss:2.7325 running_bpb:1.0822 elapsed:806.5s
sliding_perdoc: bin 6746/7113 segs:32 tokens:3387280 running_loss:2.7366 running_bpb:1.0819 elapsed:851.3s
sliding_perdoc: bin 7101/7113 segs:214 tokens:9406052 running_loss:2.7663 running_bpb:1.0692 elapsed:896.1s
sliding_perdoc: bin 7113/7113 segs:338 tokens:10192469 running_loss:2.7778 running_bpb:1.0752 elapsed:898.0s
new_sliding_perdoc_s8 val_loss:2.77930113 val_bpb:1.07595408 eval_time:1010591ms
e1a433d6d93644e090a8bcad4f3a7ab4000000:941395:941395 [0] NCCL INFO comm 0x48c03b60 rank 0 nranks 4 cudaDev 0 busId 100000 - Destroy COMPLETE
e1a433d6d93644e090a8bcad4f3a7ab4000000:941398:941398 [3] NCCL INFO comm 0x23bc5700 rank 3 nranks 4 cudaDev 3 busId 400000 - Destroy COMPLETE
e1a433d6d93644e090a8bcad4f3a7ab4000000:941397:941397 [2] NCCL INFO comm 0x42cf9a30 rank 2 nranks 4 cudaDev 2 busId 300000 - Destroy COMPLETE
e1a433d6d93644e090a8bcad4f3a7ab4000000:941396:941396 [1] NCCL INFO comm 0x1824b6b0 rank 1 nranks 4 cudaDev 1 busId 200000 - Destroy COMPLETE
e1a433d6d93644e090a8bcad4f3a7ab4000000:941398:941398 [3] NCCL INFO ENV/Plugin: Closing env plugin ncclEnvDefault
e1a433d6d93644e090a8bcad4f3a7ab4000000:941396:941396 [1] NCCL INFO ENV/Plugin: Closing env plugin ncclEnvDefault
e1a433d6d93644e090a8bcad4f3a7ab4000000:941395:941395 [0] NCCL INFO ENV/Plugin: Closing env plugin ncclEnvDefault
e1a433d6d93644e090a8bcad4f3a7ab4000000:941397:941397 [2] NCCL INFO ENV/Plugin: Closing env plugin ncclEnvDefault
