W0417 20:03:15.682000 943287 torch/distributed/run.py:851] 
W0417 20:03:15.682000 943287 torch/distributed/run.py:851] *****************************************
W0417 20:03:15.682000 943287 torch/distributed/run.py:851] Setting OMP_NUM_THREADS environment variable for each process to be 1 in default, to avoid your system being overloaded, please further tune the variable for optimal performance in your application as needed. 
W0417 20:03:15.682000 943287 torch/distributed/run.py:851] *****************************************
e1a433d6d93644e090a8bcad4f3a7ab4000000:943359:943359 [0] NCCL INFO ENV/Plugin: Could not find: libnccl-env.so
e1a433d6d93644e090a8bcad4f3a7ab4000000:943359:943359 [0] NCCL INFO Stack size limit (unlimited) is unsafe; will use 8192KB for newly launched threads
e1a433d6d93644e090a8bcad4f3a7ab4000000:943359:943359 [0] NCCL INFO NCCL_SOCKET_IFNAME set by environment to eth0
e1a433d6d93644e090a8bcad4f3a7ab4000000:943359:943359 [0] NCCL INFO Bootstrap: Using eth0:10.0.0.4<0>
e1a433d6d93644e090a8bcad4f3a7ab4000000:943359:943359 [0] NCCL INFO cudaDriverVersion 13020
e1a433d6d93644e090a8bcad4f3a7ab4000000:943359:943359 [0] NCCL INFO NCCL version 2.28.9+cuda13.0
e1a433d6d93644e090a8bcad4f3a7ab4000000:943359:943359 [0] NCCL INFO Comm config Blocking set to 1
e1a433d6d93644e090a8bcad4f3a7ab4000000:943361:943361 [2] NCCL INFO ENV/Plugin: Could not find: libnccl-env.so
e1a433d6d93644e090a8bcad4f3a7ab4000000:943360:943360 [1] NCCL INFO ENV/Plugin: Could not find: libnccl-env.so
e1a433d6d93644e090a8bcad4f3a7ab4000000:943360:943360 [1] NCCL INFO cudaDriverVersion 13020
e1a433d6d93644e090a8bcad4f3a7ab4000000:943361:943361 [2] NCCL INFO cudaDriverVersion 13020
e1a433d6d93644e090a8bcad4f3a7ab4000000:943362:943362 [3] NCCL INFO ENV/Plugin: Could not find: libnccl-env.so
e1a433d6d93644e090a8bcad4f3a7ab4000000:943362:943362 [3] NCCL INFO cudaDriverVersion 13020
e1a433d6d93644e090a8bcad4f3a7ab4000000:943360:943360 [1] NCCL INFO Stack size limit (unlimited) is unsafe; will use 8192KB for newly launched threads
e1a433d6d93644e090a8bcad4f3a7ab4000000:943360:943360 [1] NCCL INFO NCCL_SOCKET_IFNAME set by environment to eth0
e1a433d6d93644e090a8bcad4f3a7ab4000000:943362:943362 [3] NCCL INFO Stack size limit (unlimited) is unsafe; will use 8192KB for newly launched threads
e1a433d6d93644e090a8bcad4f3a7ab4000000:943362:943362 [3] NCCL INFO NCCL_SOCKET_IFNAME set by environment to eth0
e1a433d6d93644e090a8bcad4f3a7ab4000000:943361:943361 [2] NCCL INFO Stack size limit (unlimited) is unsafe; will use 8192KB for newly launched threads
e1a433d6d93644e090a8bcad4f3a7ab4000000:943361:943361 [2] NCCL INFO NCCL_SOCKET_IFNAME set by environment to eth0
e1a433d6d93644e090a8bcad4f3a7ab4000000:943360:943360 [1] NCCL INFO Bootstrap: Using eth0:10.0.0.4<0>
e1a433d6d93644e090a8bcad4f3a7ab4000000:943362:943362 [3] NCCL INFO Bootstrap: Using eth0:10.0.0.4<0>
e1a433d6d93644e090a8bcad4f3a7ab4000000:943361:943361 [2] NCCL INFO Bootstrap: Using eth0:10.0.0.4<0>
e1a433d6d93644e090a8bcad4f3a7ab4000000:943362:943362 [3] NCCL INFO NCCL version 2.28.9+cuda13.0
e1a433d6d93644e090a8bcad4f3a7ab4000000:943361:943361 [2] NCCL INFO NCCL version 2.28.9+cuda13.0
e1a433d6d93644e090a8bcad4f3a7ab4000000:943360:943360 [1] NCCL INFO NCCL version 2.28.9+cuda13.0
e1a433d6d93644e090a8bcad4f3a7ab4000000:943362:943362 [3] NCCL INFO Comm config Blocking set to 1
e1a433d6d93644e090a8bcad4f3a7ab4000000:943360:943360 [1] NCCL INFO Comm config Blocking set to 1
e1a433d6d93644e090a8bcad4f3a7ab4000000:943361:943361 [2] NCCL INFO Comm config Blocking set to 1
e1a433d6d93644e090a8bcad4f3a7ab4000000:943359:943359 [0] NCCL INFO NET/Plugin: Could not find: libnccl-net.so
e1a433d6d93644e090a8bcad4f3a7ab4000000:943359:943359 [0] NCCL INFO NCCL_IB_DISABLE set by environment to 1.
e1a433d6d93644e090a8bcad4f3a7ab4000000:943359:943359 [0] NCCL INFO transport/net_ib.cc:852 -> 3
e1a433d6d93644e090a8bcad4f3a7ab4000000:943359:943359 [0] NCCL INFO Failed to initialize NET plugin IB
e1a433d6d93644e090a8bcad4f3a7ab4000000:943359:943359 [0] NCCL INFO NCCL_SOCKET_IFNAME set by environment to eth0
e1a433d6d93644e090a8bcad4f3a7ab4000000:943359:943359 [0] NCCL INFO NET/Socket : Using [0]eth0:10.0.0.4<0>
e1a433d6d93644e090a8bcad4f3a7ab4000000:943359:943359 [0] NCCL INFO Initialized NET plugin Socket
e1a433d6d93644e090a8bcad4f3a7ab4000000:943359:943359 [0] NCCL INFO Assigned NET plugin Socket to comm
e1a433d6d93644e090a8bcad4f3a7ab4000000:943359:943359 [0] NCCL INFO Using network Socket
e1a433d6d93644e090a8bcad4f3a7ab4000000:943359:943359 [0] NCCL INFO ncclCommInitRankConfig comm 0x28457b70 rank 0 nranks 4 cudaDev 0 nvmlDev 0 busId 100000 commId 0xefc2a228dacafec3 - Init START
e1a433d6d93644e090a8bcad4f3a7ab4000000:943362:943362 [3] NCCL INFO NET/Plugin: Could not find: libnccl-net.so
e1a433d6d93644e090a8bcad4f3a7ab4000000:943362:943362 [3] NCCL INFO NCCL_IB_DISABLE set by environment to 1.
e1a433d6d93644e090a8bcad4f3a7ab4000000:943362:943362 [3] NCCL INFO transport/net_ib.cc:852 -> 3
e1a433d6d93644e090a8bcad4f3a7ab4000000:943362:943362 [3] NCCL INFO Failed to initialize NET plugin IB
e1a433d6d93644e090a8bcad4f3a7ab4000000:943362:943362 [3] NCCL INFO NCCL_SOCKET_IFNAME set by environment to eth0
e1a433d6d93644e090a8bcad4f3a7ab4000000:943362:943362 [3] NCCL INFO NET/Socket : Using [0]eth0:10.0.0.4<0>
e1a433d6d93644e090a8bcad4f3a7ab4000000:943362:943362 [3] NCCL INFO Initialized NET plugin Socket
e1a433d6d93644e090a8bcad4f3a7ab4000000:943362:943362 [3] NCCL INFO Assigned NET plugin Socket to comm
e1a433d6d93644e090a8bcad4f3a7ab4000000:943362:943362 [3] NCCL INFO Using network Socket
e1a433d6d93644e090a8bcad4f3a7ab4000000:943361:943361 [2] NCCL INFO NET/Plugin: Could not find: libnccl-net.so
e1a433d6d93644e090a8bcad4f3a7ab4000000:943361:943361 [2] NCCL INFO NCCL_IB_DISABLE set by environment to 1.
e1a433d6d93644e090a8bcad4f3a7ab4000000:943361:943361 [2] NCCL INFO transport/net_ib.cc:852 -> 3
e1a433d6d93644e090a8bcad4f3a7ab4000000:943361:943361 [2] NCCL INFO Failed to initialize NET plugin IB
e1a433d6d93644e090a8bcad4f3a7ab4000000:943361:943361 [2] NCCL INFO NCCL_SOCKET_IFNAME set by environment to eth0
e1a433d6d93644e090a8bcad4f3a7ab4000000:943361:943361 [2] NCCL INFO NET/Socket : Using [0]eth0:10.0.0.4<0>
e1a433d6d93644e090a8bcad4f3a7ab4000000:943361:943361 [2] NCCL INFO Initialized NET plugin Socket
e1a433d6d93644e090a8bcad4f3a7ab4000000:943361:943361 [2] NCCL INFO Assigned NET plugin Socket to comm
e1a433d6d93644e090a8bcad4f3a7ab4000000:943361:943361 [2] NCCL INFO Using network Socket
e1a433d6d93644e090a8bcad4f3a7ab4000000:943360:943360 [1] NCCL INFO NET/Plugin: Could not find: libnccl-net.so
e1a433d6d93644e090a8bcad4f3a7ab4000000:943360:943360 [1] NCCL INFO NCCL_IB_DISABLE set by environment to 1.
e1a433d6d93644e090a8bcad4f3a7ab4000000:943360:943360 [1] NCCL INFO transport/net_ib.cc:852 -> 3
e1a433d6d93644e090a8bcad4f3a7ab4000000:943360:943360 [1] NCCL INFO Failed to initialize NET plugin IB
e1a433d6d93644e090a8bcad4f3a7ab4000000:943360:943360 [1] NCCL INFO NCCL_SOCKET_IFNAME set by environment to eth0
e1a433d6d93644e090a8bcad4f3a7ab4000000:943360:943360 [1] NCCL INFO NET/Socket : Using [0]eth0:10.0.0.4<0>
e1a433d6d93644e090a8bcad4f3a7ab4000000:943360:943360 [1] NCCL INFO Initialized NET plugin Socket
e1a433d6d93644e090a8bcad4f3a7ab4000000:943360:943360 [1] NCCL INFO Assigned NET plugin Socket to comm
e1a433d6d93644e090a8bcad4f3a7ab4000000:943360:943360 [1] NCCL INFO Using network Socket
e1a433d6d93644e090a8bcad4f3a7ab4000000:943362:943362 [3] NCCL INFO ncclCommInitRankConfig comm 0x4912dd40 rank 3 nranks 4 cudaDev 3 nvmlDev 3 busId 400000 commId 0xefc2a228dacafec3 - Init START
e1a433d6d93644e090a8bcad4f3a7ab4000000:943361:943361 [2] NCCL INFO ncclCommInitRankConfig comm 0x1cebb210 rank 2 nranks 4 cudaDev 2 nvmlDev 2 busId 300000 commId 0xefc2a228dacafec3 - Init START
e1a433d6d93644e090a8bcad4f3a7ab4000000:943360:943360 [1] NCCL INFO ncclCommInitRankConfig comm 0x4441bc60 rank 1 nranks 4 cudaDev 1 nvmlDev 1 busId 200000 commId 0xefc2a228dacafec3 - Init START
e1a433d6d93644e090a8bcad4f3a7ab4000000:943362:943362 [3] NCCL INFO RAS client listening socket at 127.0.0.1<28028>
e1a433d6d93644e090a8bcad4f3a7ab4000000:943361:943361 [2] NCCL INFO RAS client listening socket at 127.0.0.1<28028>
e1a433d6d93644e090a8bcad4f3a7ab4000000:943359:943359 [0] NCCL INFO RAS client listening socket at 127.0.0.1<28028>
e1a433d6d93644e090a8bcad4f3a7ab4000000:943360:943360 [1] NCCL INFO RAS client listening socket at 127.0.0.1<28028>
e1a433d6d93644e090a8bcad4f3a7ab4000000:943359:943359 [0] NCCL INFO Bootstrap timings total 0.066320 (create 0.000058, send 0.000220, recv 0.065293, ring 0.000282, delay 0.000001)
e1a433d6d93644e090a8bcad4f3a7ab4000000:943361:943361 [2] NCCL INFO Bootstrap timings total 0.001691 (create 0.000047, send 0.000182, recv 0.000490, ring 0.000089, delay 0.000001)
e1a433d6d93644e090a8bcad4f3a7ab4000000:943360:943360 [1] NCCL INFO Bootstrap timings total 0.001366 (create 0.000046, send 0.000128, recv 0.000513, ring 0.000265, delay 0.000001)
e1a433d6d93644e090a8bcad4f3a7ab4000000:943362:943362 [3] NCCL INFO Bootstrap timings total 0.004482 (create 0.000050, send 0.000183, recv 0.000218, ring 0.000479, delay 0.000001)
e1a433d6d93644e090a8bcad4f3a7ab4000000:943362:943362 [3] NCCL INFO ncclTopoGetCpuAffinity: Affinity for GPU 3 is 72-95. (GPU affinity = 72-95 ; CPU affinity = 0-95).
e1a433d6d93644e090a8bcad4f3a7ab4000000:943362:943362 [3] NCCL INFO NVLS multicast support is not available on dev 3 (NVLS_NCHANNELS 0)
e1a433d6d93644e090a8bcad4f3a7ab4000000:943359:943359 [0] NCCL INFO ncclTopoGetCpuAffinity: Affinity for GPU 0 is 0-23. (GPU affinity = 0-23 ; CPU affinity = 0-95).
e1a433d6d93644e090a8bcad4f3a7ab4000000:943359:943359 [0] NCCL INFO NVLS multicast support is not available on dev 0 (NVLS_NCHANNELS 0)
e1a433d6d93644e090a8bcad4f3a7ab4000000:943360:943360 [1] NCCL INFO ncclTopoGetCpuAffinity: Affinity for GPU 1 is 24-47. (GPU affinity = 24-47 ; CPU affinity = 0-95).
e1a433d6d93644e090a8bcad4f3a7ab4000000:943360:943360 [1] NCCL INFO NVLS multicast support is not available on dev 1 (NVLS_NCHANNELS 0)
e1a433d6d93644e090a8bcad4f3a7ab4000000:943361:943361 [2] NCCL INFO ncclTopoGetCpuAffinity: Affinity for GPU 2 is 48-71. (GPU affinity = 48-71 ; CPU affinity = 0-95).
e1a433d6d93644e090a8bcad4f3a7ab4000000:943361:943361 [2] NCCL INFO NVLS multicast support is not available on dev 2 (NVLS_NCHANNELS 0)
e1a433d6d93644e090a8bcad4f3a7ab4000000:943359:943359 [0] NCCL INFO comm 0x28457b70 rank 0 nRanks 4 nNodes 1 localRanks 4 localRank 0 MNNVL 0
e1a433d6d93644e090a8bcad4f3a7ab4000000:943360:943360 [1] NCCL INFO comm 0x4441bc60 rank 1 nRanks 4 nNodes 1 localRanks 4 localRank 1 MNNVL 0
e1a433d6d93644e090a8bcad4f3a7ab4000000:943361:943361 [2] NCCL INFO comm 0x1cebb210 rank 2 nRanks 4 nNodes 1 localRanks 4 localRank 2 MNNVL 0
e1a433d6d93644e090a8bcad4f3a7ab4000000:943362:943362 [3] NCCL INFO comm 0x4912dd40 rank 3 nRanks 4 nNodes 1 localRanks 4 localRank 3 MNNVL 0
e1a433d6d93644e090a8bcad4f3a7ab4000000:943360:943360 [1] NCCL INFO Trees [0] 2/-1/-1->1->0 [1] 2/-1/-1->1->0 [2] 2/-1/-1->1->0 [3] 2/-1/-1->1->0 [4] 2/-1/-1->1->0 [5] 2/-1/-1->1->0 [6] 2/-1/-1->1->0 [7] 2/-1/-1->1->0
e1a433d6d93644e090a8bcad4f3a7ab4000000:943361:943361 [2] NCCL INFO Trees [0] 3/-1/-1->2->1 [1] 3/-1/-1->2->1 [2] 3/-1/-1->2->1 [3] 3/-1/-1->2->1 [4] 3/-1/-1->2->1 [5] 3/-1/-1->2->1 [6] 3/-1/-1->2->1 [7] 3/-1/-1->2->1
e1a433d6d93644e090a8bcad4f3a7ab4000000:943359:943359 [0] NCCL INFO Channel 00/08 : 0 1 2 3
e1a433d6d93644e090a8bcad4f3a7ab4000000:943360:943360 [1] NCCL INFO P2P Chunksize set to 131072
e1a433d6d93644e090a8bcad4f3a7ab4000000:943361:943361 [2] NCCL INFO P2P Chunksize set to 131072
e1a433d6d93644e090a8bcad4f3a7ab4000000:943359:943359 [0] NCCL INFO Channel 01/08 : 0 1 2 3
e1a433d6d93644e090a8bcad4f3a7ab4000000:943359:943359 [0] NCCL INFO Channel 02/08 : 0 1 2 3
e1a433d6d93644e090a8bcad4f3a7ab4000000:943359:943359 [0] NCCL INFO Channel 03/08 : 0 1 2 3
e1a433d6d93644e090a8bcad4f3a7ab4000000:943362:943362 [3] NCCL INFO Trees [0] -1/-1/-1->3->2 [1] -1/-1/-1->3->2 [2] -1/-1/-1->3->2 [3] -1/-1/-1->3->2 [4] -1/-1/-1->3->2 [5] -1/-1/-1->3->2 [6] -1/-1/-1->3->2 [7] -1/-1/-1->3->2
e1a433d6d93644e090a8bcad4f3a7ab4000000:943359:943359 [0] NCCL INFO Channel 04/08 : 0 1 2 3
e1a433d6d93644e090a8bcad4f3a7ab4000000:943362:943362 [3] NCCL INFO P2P Chunksize set to 131072
e1a433d6d93644e090a8bcad4f3a7ab4000000:943359:943359 [0] NCCL INFO Channel 05/08 : 0 1 2 3
e1a433d6d93644e090a8bcad4f3a7ab4000000:943359:943359 [0] NCCL INFO Channel 06/08 : 0 1 2 3
e1a433d6d93644e090a8bcad4f3a7ab4000000:943359:943359 [0] NCCL INFO Channel 07/08 : 0 1 2 3
e1a433d6d93644e090a8bcad4f3a7ab4000000:943359:943359 [0] NCCL INFO Trees [0] 1/-1/-1->0->-1 [1] 1/-1/-1->0->-1 [2] 1/-1/-1->0->-1 [3] 1/-1/-1->0->-1 [4] 1/-1/-1->0->-1 [5] 1/-1/-1->0->-1 [6] 1/-1/-1->0->-1 [7] 1/-1/-1->0->-1
e1a433d6d93644e090a8bcad4f3a7ab4000000:943359:943359 [0] NCCL INFO P2P Chunksize set to 131072
e1a433d6d93644e090a8bcad4f3a7ab4000000:943362:943362 [3] NCCL INFO PROFILER/Plugin: Could not find: libnccl-profiler.so
e1a433d6d93644e090a8bcad4f3a7ab4000000:943362:943362 [3] NCCL INFO Check P2P Type isAllDirectP2p 0 directMode 0 isAllCudaP2p 0
e1a433d6d93644e090a8bcad4f3a7ab4000000:943361:943361 [2] NCCL INFO PROFILER/Plugin: Could not find: libnccl-profiler.so
e1a433d6d93644e090a8bcad4f3a7ab4000000:943360:943360 [1] NCCL INFO PROFILER/Plugin: Could not find: libnccl-profiler.so
e1a433d6d93644e090a8bcad4f3a7ab4000000:943361:943361 [2] NCCL INFO Check P2P Type isAllDirectP2p 0 directMode 0 isAllCudaP2p 0
e1a433d6d93644e090a8bcad4f3a7ab4000000:943360:943360 [1] NCCL INFO Check P2P Type isAllDirectP2p 0 directMode 0 isAllCudaP2p 0
e1a433d6d93644e090a8bcad4f3a7ab4000000:943359:943359 [0] NCCL INFO PROFILER/Plugin: Could not find: libnccl-profiler.so
e1a433d6d93644e090a8bcad4f3a7ab4000000:943359:943359 [0] NCCL INFO Check P2P Type isAllDirectP2p 0 directMode 0 isAllCudaP2p 0
e1a433d6d93644e090a8bcad4f3a7ab4000000:943362:943388 [0] NCCL INFO [Proxy Service] Device 3 CPU core 74
e1a433d6d93644e090a8bcad4f3a7ab4000000:943361:943390 [0] NCCL INFO [Proxy Service] Device 2 CPU core 64
e1a433d6d93644e090a8bcad4f3a7ab4000000:943362:943389 [0] NCCL INFO [Proxy Service UDS] Device 3 CPU core 95
e1a433d6d93644e090a8bcad4f3a7ab4000000:943361:943393 [0] NCCL INFO [Proxy Service UDS] Device 2 CPU core 59
e1a433d6d93644e090a8bcad4f3a7ab4000000:943360:943391 [0] NCCL INFO [Proxy Service] Device 1 CPU core 35
e1a433d6d93644e090a8bcad4f3a7ab4000000:943360:943394 [0] NCCL INFO [Proxy Service UDS] Device 1 CPU core 45
e1a433d6d93644e090a8bcad4f3a7ab4000000:943359:943392 [0] NCCL INFO [Proxy Service] Device 0 CPU core 20
e1a433d6d93644e090a8bcad4f3a7ab4000000:943359:943395 [0] NCCL INFO [Proxy Service UDS] Device 0 CPU core 13
e1a433d6d93644e090a8bcad4f3a7ab4000000:943361:943361 [2] NCCL INFO TUNER/Plugin: Could not find: libnccl-tuner.so
e1a433d6d93644e090a8bcad4f3a7ab4000000:943361:943361 [2] NCCL INFO threadThresholds 8/8/64 | 32/8/64 | 512 | 512
e1a433d6d93644e090a8bcad4f3a7ab4000000:943361:943361 [2] NCCL INFO 8 coll channels, 8 collnet channels, 0 nvls channels, 8 p2p channels, 2 p2p channels per peer
e1a433d6d93644e090a8bcad4f3a7ab4000000:943362:943362 [3] NCCL INFO TUNER/Plugin: Could not find: libnccl-tuner.so
e1a433d6d93644e090a8bcad4f3a7ab4000000:943362:943362 [3] NCCL INFO threadThresholds 8/8/64 | 32/8/64 | 512 | 512
e1a433d6d93644e090a8bcad4f3a7ab4000000:943362:943362 [3] NCCL INFO 8 coll channels, 8 collnet channels, 0 nvls channels, 8 p2p channels, 2 p2p channels per peer
e1a433d6d93644e090a8bcad4f3a7ab4000000:943360:943360 [1] NCCL INFO TUNER/Plugin: Could not find: libnccl-tuner.so
e1a433d6d93644e090a8bcad4f3a7ab4000000:943360:943360 [1] NCCL INFO threadThresholds 8/8/64 | 32/8/64 | 512 | 512
e1a433d6d93644e090a8bcad4f3a7ab4000000:943360:943360 [1] NCCL INFO 8 coll channels, 8 collnet channels, 0 nvls channels, 8 p2p channels, 2 p2p channels per peer
e1a433d6d93644e090a8bcad4f3a7ab4000000:943359:943359 [0] NCCL INFO TUNER/Plugin: Could not find: libnccl-tuner.so
e1a433d6d93644e090a8bcad4f3a7ab4000000:943359:943359 [0] NCCL INFO threadThresholds 8/8/64 | 32/8/64 | 512 | 512
e1a433d6d93644e090a8bcad4f3a7ab4000000:943359:943359 [0] NCCL INFO 8 coll channels, 8 collnet channels, 0 nvls channels, 8 p2p channels, 2 p2p channels per peer
e1a433d6d93644e090a8bcad4f3a7ab4000000:943359:943359 [0] NCCL INFO CC Off, workFifoBytes 1048576
e1a433d6d93644e090a8bcad4f3a7ab4000000:943362:943362 [3] NCCL INFO ncclCommInitRankConfig comm 0x4912dd40 rank 3 nranks 4 cudaDev 3 nvmlDev 3 busId 400000 commId 0xefc2a228dacafec3 - Init COMPLETE
e1a433d6d93644e090a8bcad4f3a7ab4000000:943360:943360 [1] NCCL INFO ncclCommInitRankConfig comm 0x4441bc60 rank 1 nranks 4 cudaDev 1 nvmlDev 1 busId 200000 commId 0xefc2a228dacafec3 - Init COMPLETE
e1a433d6d93644e090a8bcad4f3a7ab4000000:943360:943360 [1] NCCL INFO Init timings - ncclCommInitRankConfig: rank 1 nranks 4 total 0.17 (kernels 0.13, alloc 0.01, bootstrap 0.00, allgathers 0.00, topo 0.02, graphs 0.00, connections 0.02, rest 0.00)
e1a433d6d93644e090a8bcad4f3a7ab4000000:943362:943362 [3] NCCL INFO Init timings - ncclCommInitRankConfig: rank 3 nranks 4 total 0.17 (kernels 0.13, alloc 0.00, bootstrap 0.00, allgathers 0.00, topo 0.02, graphs 0.00, connections 0.01, rest 0.00)
e1a433d6d93644e090a8bcad4f3a7ab4000000:943361:943361 [2] NCCL INFO ncclCommInitRankConfig comm 0x1cebb210 rank 2 nranks 4 cudaDev 2 nvmlDev 2 busId 300000 commId 0xefc2a228dacafec3 - Init COMPLETE
e1a433d6d93644e090a8bcad4f3a7ab4000000:943361:943361 [2] NCCL INFO Init timings - ncclCommInitRankConfig: rank 2 nranks 4 total 0.17 (kernels 0.13, alloc 0.01, bootstrap 0.00, allgathers 0.00, topo 0.02, graphs 0.00, connections 0.01, rest 0.00)
e1a433d6d93644e090a8bcad4f3a7ab4000000:943359:943359 [0] NCCL INFO ncclCommInitRankConfig comm 0x28457b70 rank 0 nranks 4 cudaDev 0 nvmlDev 0 busId 100000 commId 0xefc2a228dacafec3 - Init COMPLETE
e1a433d6d93644e090a8bcad4f3a7ab4000000:943359:943359 [0] NCCL INFO Init timings - ncclCommInitRankConfig: rank 0 nranks 4 total 0.23 (kernels 0.13, alloc 0.00, bootstrap 0.07, allgathers 0.00, topo 0.02, graphs 0.00, connections 0.02, rest 0.00)
e1a433d6d93644e090a8bcad4f3a7ab4000000:943362:943362 [3] NCCL INFO Channel 00 : 3[3] -> 0[0] via SHM/direct/direct
e1a433d6d93644e090a8bcad4f3a7ab4000000:943362:943362 [3] NCCL INFO Channel 01 : 3[3] -> 0[0] via SHM/direct/direct
e1a433d6d93644e090a8bcad4f3a7ab4000000:943360:943360 [1] NCCL INFO Channel 00 : 1[1] -> 2[2] via SHM/direct/direct
e1a433d6d93644e090a8bcad4f3a7ab4000000:943362:943362 [3] NCCL INFO Channel 02 : 3[3] -> 0[0] via SHM/direct/direct
e1a433d6d93644e090a8bcad4f3a7ab4000000:943360:943360 [1] NCCL INFO Channel 01 : 1[1] -> 2[2] via SHM/direct/direct
e1a433d6d93644e090a8bcad4f3a7ab4000000:943362:943362 [3] NCCL INFO Channel 03 : 3[3] -> 0[0] via SHM/direct/direct
e1a433d6d93644e090a8bcad4f3a7ab4000000:943360:943360 [1] NCCL INFO Channel 02 : 1[1] -> 2[2] via SHM/direct/direct
e1a433d6d93644e090a8bcad4f3a7ab4000000:943362:943362 [3] NCCL INFO Channel 04 : 3[3] -> 0[0] via SHM/direct/direct
e1a433d6d93644e090a8bcad4f3a7ab4000000:943360:943360 [1] NCCL INFO Channel 03 : 1[1] -> 2[2] via SHM/direct/direct
e1a433d6d93644e090a8bcad4f3a7ab4000000:943359:943359 [0] NCCL INFO Channel 00/0 : 0[0] -> 1[1] via P2P/CUMEM/read
e1a433d6d93644e090a8bcad4f3a7ab4000000:943361:943361 [2] NCCL INFO Channel 00/0 : 2[2] -> 3[3] via P2P/CUMEM/read
e1a433d6d93644e090a8bcad4f3a7ab4000000:943359:943359 [0] NCCL INFO Channel 01/0 : 0[0] -> 1[1] via P2P/CUMEM/read
e1a433d6d93644e090a8bcad4f3a7ab4000000:943361:943361 [2] NCCL INFO Channel 01/0 : 2[2] -> 3[3] via P2P/CUMEM/read
e1a433d6d93644e090a8bcad4f3a7ab4000000:943362:943362 [3] NCCL INFO Channel 05 : 3[3] -> 0[0] via SHM/direct/direct
e1a433d6d93644e090a8bcad4f3a7ab4000000:943360:943360 [1] NCCL INFO Channel 04 : 1[1] -> 2[2] via SHM/direct/direct
e1a433d6d93644e090a8bcad4f3a7ab4000000:943359:943359 [0] NCCL INFO Channel 02/0 : 0[0] -> 1[1] via P2P/CUMEM/read
e1a433d6d93644e090a8bcad4f3a7ab4000000:943361:943361 [2] NCCL INFO Channel 02/0 : 2[2] -> 3[3] via P2P/CUMEM/read
e1a433d6d93644e090a8bcad4f3a7ab4000000:943359:943359 [0] NCCL INFO Channel 03/0 : 0[0] -> 1[1] via P2P/CUMEM/read
e1a433d6d93644e090a8bcad4f3a7ab4000000:943361:943361 [2] NCCL INFO Channel 03/0 : 2[2] -> 3[3] via P2P/CUMEM/read
e1a433d6d93644e090a8bcad4f3a7ab4000000:943359:943359 [0] NCCL INFO Channel 04/0 : 0[0] -> 1[1] via P2P/CUMEM/read
e1a433d6d93644e090a8bcad4f3a7ab4000000:943362:943362 [3] NCCL INFO Channel 06 : 3[3] -> 0[0] via SHM/direct/direct
e1a433d6d93644e090a8bcad4f3a7ab4000000:943360:943360 [1] NCCL INFO Channel 05 : 1[1] -> 2[2] via SHM/direct/direct
e1a433d6d93644e090a8bcad4f3a7ab4000000:943361:943361 [2] NCCL INFO Channel 04/0 : 2[2] -> 3[3] via P2P/CUMEM/read
e1a433d6d93644e090a8bcad4f3a7ab4000000:943359:943359 [0] NCCL INFO Channel 05/0 : 0[0] -> 1[1] via P2P/CUMEM/read
e1a433d6d93644e090a8bcad4f3a7ab4000000:943361:943361 [2] NCCL INFO Channel 05/0 : 2[2] -> 3[3] via P2P/CUMEM/read
e1a433d6d93644e090a8bcad4f3a7ab4000000:943362:943362 [3] NCCL INFO Channel 07 : 3[3] -> 0[0] via SHM/direct/direct
e1a433d6d93644e090a8bcad4f3a7ab4000000:943360:943360 [1] NCCL INFO Channel 06 : 1[1] -> 2[2] via SHM/direct/direct
e1a433d6d93644e090a8bcad4f3a7ab4000000:943361:943361 [2] NCCL INFO Channel 06/0 : 2[2] -> 3[3] via P2P/CUMEM/read
e1a433d6d93644e090a8bcad4f3a7ab4000000:943359:943359 [0] NCCL INFO Channel 06/0 : 0[0] -> 1[1] via P2P/CUMEM/read
e1a433d6d93644e090a8bcad4f3a7ab4000000:943359:943359 [0] NCCL INFO Channel 07/0 : 0[0] -> 1[1] via P2P/CUMEM/read
e1a433d6d93644e090a8bcad4f3a7ab4000000:943361:943361 [2] NCCL INFO Channel 07/0 : 2[2] -> 3[3] via P2P/CUMEM/read
e1a433d6d93644e090a8bcad4f3a7ab4000000:943360:943360 [1] NCCL INFO Channel 07 : 1[1] -> 2[2] via SHM/direct/direct
e1a433d6d93644e090a8bcad4f3a7ab4000000:943361:943361 [2] NCCL INFO Connected all rings, use ring PXN 0 GDR 1
e1a433d6d93644e090a8bcad4f3a7ab4000000:943359:943359 [0] NCCL INFO Connected all rings, use ring PXN 0 GDR 1
e1a433d6d93644e090a8bcad4f3a7ab4000000:943362:943362 [3] NCCL INFO Connected all rings, use ring PXN 0 GDR 1
e1a433d6d93644e090a8bcad4f3a7ab4000000:943360:943360 [1] NCCL INFO Connected all rings, use ring PXN 0 GDR 1
eval_sliding_only mode=bs1_normal
  model_path=final_model.pt quantized_model_path=final_model.int6.ptz
  eval_seq_len=2048 eval_stride=64
val_tokens: 40540160
>>> BS1 NORMAL attention path (cu_seqlens=None, one doc per forward)
bs1_normal: seg 1/40791 L=317 tokens:0 running_loss:0.0000 running_bpb:0.0000 elapsed:0.0s
bs1_normal: seg 2040/40791 L=2048 tokens:428280 running_loss:3.2703 running_bpb:1.2979 elapsed:45.1s
bs1_normal: seg 4079/40791 L=2048 tokens:921117 running_loss:3.2761 running_bpb:1.2942 elapsed:89.6s
bs1_normal: seg 6118/40791 L=263 tokens:1408673 running_loss:3.2744 running_bpb:1.2908 elapsed:134.0s
bs1_normal: seg 8157/40791 L=2048 tokens:1923585 running_loss:3.2906 running_bpb:1.2933 elapsed:178.6s
bs1_normal: seg 10196/40791 L=2048 tokens:2424396 running_loss:3.3052 running_bpb:1.2933 elapsed:222.8s
bs1_normal: seg 12235/40791 L=2048 tokens:2940814 running_loss:3.3036 running_bpb:1.2862 elapsed:267.3s
bs1_normal: seg 14274/40791 L=2048 tokens:3491229 running_loss:3.2981 running_bpb:1.2797 elapsed:311.7s
bs1_normal: seg 14274/40791 L=2048 tokens:3491229 running_loss:3.2981 running_bpb:1.2797 elapsed:311.7s
