W0417 20:22:05.156000 738476 torch/distributed/run.py:851] 
W0417 20:22:05.156000 738476 torch/distributed/run.py:851] *****************************************
W0417 20:22:05.156000 738476 torch/distributed/run.py:851] Setting OMP_NUM_THREADS environment variable for each process to be 1 in default, to avoid your system being overloaded, please further tune the variable for optimal performance in your application as needed. 
W0417 20:22:05.156000 738476 torch/distributed/run.py:851] *****************************************
e1a433d6d93644e090a8bcad4f3a7ab4000001:738546:738546 [0] NCCL INFO ENV/Plugin: Could not find: libnccl-env.so
e1a433d6d93644e090a8bcad4f3a7ab4000001:738546:738546 [0] NCCL INFO Stack size limit (unlimited) is unsafe; will use 8192KB for newly launched threads
e1a433d6d93644e090a8bcad4f3a7ab4000001:738546:738546 [0] NCCL INFO NCCL_SOCKET_IFNAME set by environment to eth0
e1a433d6d93644e090a8bcad4f3a7ab4000001:738546:738546 [0] NCCL INFO Bootstrap: Using eth0:10.0.0.5<0>
e1a433d6d93644e090a8bcad4f3a7ab4000001:738546:738546 [0] NCCL INFO cudaDriverVersion 13020
e1a433d6d93644e090a8bcad4f3a7ab4000001:738546:738546 [0] NCCL INFO NCCL version 2.28.9+cuda13.0
e1a433d6d93644e090a8bcad4f3a7ab4000001:738546:738546 [0] NCCL INFO Comm config Blocking set to 1
e1a433d6d93644e090a8bcad4f3a7ab4000001:738546:738546 [0] NCCL INFO NET/Plugin: Could not find: libnccl-net.so
e1a433d6d93644e090a8bcad4f3a7ab4000001:738546:738546 [0] NCCL INFO NCCL_IB_DISABLE set by environment to 1.
e1a433d6d93644e090a8bcad4f3a7ab4000001:738546:738546 [0] NCCL INFO transport/net_ib.cc:852 -> 3
e1a433d6d93644e090a8bcad4f3a7ab4000001:738546:738546 [0] NCCL INFO Failed to initialize NET plugin IB
e1a433d6d93644e090a8bcad4f3a7ab4000001:738546:738546 [0] NCCL INFO NCCL_SOCKET_IFNAME set by environment to eth0
e1a433d6d93644e090a8bcad4f3a7ab4000001:738546:738546 [0] NCCL INFO NET/Socket : Using [0]eth0:10.0.0.5<0>
e1a433d6d93644e090a8bcad4f3a7ab4000001:738546:738546 [0] NCCL INFO Initialized NET plugin Socket
e1a433d6d93644e090a8bcad4f3a7ab4000001:738546:738546 [0] NCCL INFO Assigned NET plugin Socket to comm
e1a433d6d93644e090a8bcad4f3a7ab4000001:738546:738546 [0] NCCL INFO Using network Socket
e1a433d6d93644e090a8bcad4f3a7ab4000001:738546:738546 [0] NCCL INFO ncclCommInitRankConfig comm 0x1b4cc6a0 rank 0 nranks 4 cudaDev 0 nvmlDev 0 busId 100000 commId 0xa370bacfb5e717eb - Init START
e1a433d6d93644e090a8bcad4f3a7ab4000001:738547:738547 [1] NCCL INFO ENV/Plugin: Could not find: libnccl-env.so
e1a433d6d93644e090a8bcad4f3a7ab4000001:738547:738547 [1] NCCL INFO cudaDriverVersion 13020
e1a433d6d93644e090a8bcad4f3a7ab4000001:738547:738547 [1] NCCL INFO Stack size limit (unlimited) is unsafe; will use 8192KB for newly launched threads
e1a433d6d93644e090a8bcad4f3a7ab4000001:738547:738547 [1] NCCL INFO NCCL_SOCKET_IFNAME set by environment to eth0
e1a433d6d93644e090a8bcad4f3a7ab4000001:738547:738547 [1] NCCL INFO Bootstrap: Using eth0:10.0.0.5<0>
e1a433d6d93644e090a8bcad4f3a7ab4000001:738547:738547 [1] NCCL INFO NCCL version 2.28.9+cuda13.0
e1a433d6d93644e090a8bcad4f3a7ab4000001:738547:738547 [1] NCCL INFO Comm config Blocking set to 1
e1a433d6d93644e090a8bcad4f3a7ab4000001:738549:738549 [3] NCCL INFO ENV/Plugin: Could not find: libnccl-env.so
e1a433d6d93644e090a8bcad4f3a7ab4000001:738549:738549 [3] NCCL INFO cudaDriverVersion 13020
e1a433d6d93644e090a8bcad4f3a7ab4000001:738548:738548 [2] NCCL INFO ENV/Plugin: Could not find: libnccl-env.so
e1a433d6d93644e090a8bcad4f3a7ab4000001:738548:738548 [2] NCCL INFO cudaDriverVersion 13020
e1a433d6d93644e090a8bcad4f3a7ab4000001:738549:738549 [3] NCCL INFO Stack size limit (unlimited) is unsafe; will use 8192KB for newly launched threads
e1a433d6d93644e090a8bcad4f3a7ab4000001:738549:738549 [3] NCCL INFO NCCL_SOCKET_IFNAME set by environment to eth0
e1a433d6d93644e090a8bcad4f3a7ab4000001:738548:738548 [2] NCCL INFO Stack size limit (unlimited) is unsafe; will use 8192KB for newly launched threads
e1a433d6d93644e090a8bcad4f3a7ab4000001:738548:738548 [2] NCCL INFO NCCL_SOCKET_IFNAME set by environment to eth0
e1a433d6d93644e090a8bcad4f3a7ab4000001:738549:738549 [3] NCCL INFO Bootstrap: Using eth0:10.0.0.5<0>
e1a433d6d93644e090a8bcad4f3a7ab4000001:738548:738548 [2] NCCL INFO Bootstrap: Using eth0:10.0.0.5<0>
e1a433d6d93644e090a8bcad4f3a7ab4000001:738548:738548 [2] NCCL INFO NCCL version 2.28.9+cuda13.0
e1a433d6d93644e090a8bcad4f3a7ab4000001:738549:738549 [3] NCCL INFO NCCL version 2.28.9+cuda13.0
e1a433d6d93644e090a8bcad4f3a7ab4000001:738549:738549 [3] NCCL INFO Comm config Blocking set to 1
e1a433d6d93644e090a8bcad4f3a7ab4000001:738548:738548 [2] NCCL INFO Comm config Blocking set to 1
e1a433d6d93644e090a8bcad4f3a7ab4000001:738547:738547 [1] NCCL INFO NET/Plugin: Could not find: libnccl-net.so
e1a433d6d93644e090a8bcad4f3a7ab4000001:738547:738547 [1] NCCL INFO NCCL_IB_DISABLE set by environment to 1.
e1a433d6d93644e090a8bcad4f3a7ab4000001:738547:738547 [1] NCCL INFO transport/net_ib.cc:852 -> 3
e1a433d6d93644e090a8bcad4f3a7ab4000001:738547:738547 [1] NCCL INFO Failed to initialize NET plugin IB
e1a433d6d93644e090a8bcad4f3a7ab4000001:738547:738547 [1] NCCL INFO NCCL_SOCKET_IFNAME set by environment to eth0
e1a433d6d93644e090a8bcad4f3a7ab4000001:738547:738547 [1] NCCL INFO NET/Socket : Using [0]eth0:10.0.0.5<0>
e1a433d6d93644e090a8bcad4f3a7ab4000001:738547:738547 [1] NCCL INFO Initialized NET plugin Socket
e1a433d6d93644e090a8bcad4f3a7ab4000001:738547:738547 [1] NCCL INFO Assigned NET plugin Socket to comm
e1a433d6d93644e090a8bcad4f3a7ab4000001:738547:738547 [1] NCCL INFO Using network Socket
e1a433d6d93644e090a8bcad4f3a7ab4000001:738547:738547 [1] NCCL INFO ncclCommInitRankConfig comm 0x3b4ed590 rank 1 nranks 4 cudaDev 1 nvmlDev 1 busId 200000 commId 0xa370bacfb5e717eb - Init START
e1a433d6d93644e090a8bcad4f3a7ab4000001:738548:738548 [2] NCCL INFO NET/Plugin: Could not find: libnccl-net.so
e1a433d6d93644e090a8bcad4f3a7ab4000001:738548:738548 [2] NCCL INFO NCCL_IB_DISABLE set by environment to 1.
e1a433d6d93644e090a8bcad4f3a7ab4000001:738548:738548 [2] NCCL INFO transport/net_ib.cc:852 -> 3
e1a433d6d93644e090a8bcad4f3a7ab4000001:738548:738548 [2] NCCL INFO Failed to initialize NET plugin IB
e1a433d6d93644e090a8bcad4f3a7ab4000001:738548:738548 [2] NCCL INFO NCCL_SOCKET_IFNAME set by environment to eth0
e1a433d6d93644e090a8bcad4f3a7ab4000001:738549:738549 [3] NCCL INFO NET/Plugin: Could not find: libnccl-net.so
e1a433d6d93644e090a8bcad4f3a7ab4000001:738549:738549 [3] NCCL INFO NCCL_IB_DISABLE set by environment to 1.
e1a433d6d93644e090a8bcad4f3a7ab4000001:738549:738549 [3] NCCL INFO transport/net_ib.cc:852 -> 3
e1a433d6d93644e090a8bcad4f3a7ab4000001:738549:738549 [3] NCCL INFO Failed to initialize NET plugin IB
e1a433d6d93644e090a8bcad4f3a7ab4000001:738549:738549 [3] NCCL INFO NCCL_SOCKET_IFNAME set by environment to eth0
e1a433d6d93644e090a8bcad4f3a7ab4000001:738548:738548 [2] NCCL INFO NET/Socket : Using [0]eth0:10.0.0.5<0>
e1a433d6d93644e090a8bcad4f3a7ab4000001:738548:738548 [2] NCCL INFO Initialized NET plugin Socket
e1a433d6d93644e090a8bcad4f3a7ab4000001:738548:738548 [2] NCCL INFO Assigned NET plugin Socket to comm
e1a433d6d93644e090a8bcad4f3a7ab4000001:738548:738548 [2] NCCL INFO Using network Socket
e1a433d6d93644e090a8bcad4f3a7ab4000001:738549:738549 [3] NCCL INFO NET/Socket : Using [0]eth0:10.0.0.5<0>
e1a433d6d93644e090a8bcad4f3a7ab4000001:738549:738549 [3] NCCL INFO Initialized NET plugin Socket
e1a433d6d93644e090a8bcad4f3a7ab4000001:738549:738549 [3] NCCL INFO Assigned NET plugin Socket to comm
e1a433d6d93644e090a8bcad4f3a7ab4000001:738549:738549 [3] NCCL INFO Using network Socket
e1a433d6d93644e090a8bcad4f3a7ab4000001:738548:738548 [2] NCCL INFO ncclCommInitRankConfig comm 0x106ff020 rank 2 nranks 4 cudaDev 2 nvmlDev 2 busId 300000 commId 0xa370bacfb5e717eb - Init START
e1a433d6d93644e090a8bcad4f3a7ab4000001:738549:738549 [3] NCCL INFO ncclCommInitRankConfig comm 0x483274e0 rank 3 nranks 4 cudaDev 3 nvmlDev 3 busId 400000 commId 0xa370bacfb5e717eb - Init START
e1a433d6d93644e090a8bcad4f3a7ab4000001:738547:738547 [1] NCCL INFO RAS client listening socket at 127.0.0.1<28028>
e1a433d6d93644e090a8bcad4f3a7ab4000001:738548:738548 [2] NCCL INFO RAS client listening socket at 127.0.0.1<28028>
e1a433d6d93644e090a8bcad4f3a7ab4000001:738549:738549 [3] NCCL INFO RAS client listening socket at 127.0.0.1<28028>
e1a433d6d93644e090a8bcad4f3a7ab4000001:738546:738546 [0] NCCL INFO RAS client listening socket at 127.0.0.1<28028>
e1a433d6d93644e090a8bcad4f3a7ab4000001:738547:738547 [1] NCCL INFO Bootstrap timings total 0.029317 (create 0.000044, send 0.000179, recv 0.028255, ring 0.000374, delay 0.000001)
e1a433d6d93644e090a8bcad4f3a7ab4000001:738546:738546 [0] NCCL INFO Bootstrap timings total 0.258592 (create 0.000056, send 0.000206, recv 0.229450, ring 0.000104, delay 0.000001)
e1a433d6d93644e090a8bcad4f3a7ab4000001:738548:738548 [2] NCCL INFO Bootstrap timings total 0.001390 (create 0.000044, send 0.000175, recv 0.000479, ring 0.000273, delay 0.000001)
e1a433d6d93644e090a8bcad4f3a7ab4000001:738549:738549 [3] NCCL INFO Bootstrap timings total 0.001170 (create 0.000043, send 0.000142, recv 0.000417, ring 0.000154, delay 0.000001)
e1a433d6d93644e090a8bcad4f3a7ab4000001:738549:738549 [3] NCCL INFO ncclTopoGetCpuAffinity: Affinity for GPU 3 is 72-95. (GPU affinity = 72-95 ; CPU affinity = 0-95).
e1a433d6d93644e090a8bcad4f3a7ab4000001:738549:738549 [3] NCCL INFO NVLS multicast support is not available on dev 3 (NVLS_NCHANNELS 0)
e1a433d6d93644e090a8bcad4f3a7ab4000001:738546:738546 [0] NCCL INFO ncclTopoGetCpuAffinity: Affinity for GPU 0 is 0-23. (GPU affinity = 0-23 ; CPU affinity = 0-95).
e1a433d6d93644e090a8bcad4f3a7ab4000001:738546:738546 [0] NCCL INFO NVLS multicast support is not available on dev 0 (NVLS_NCHANNELS 0)
e1a433d6d93644e090a8bcad4f3a7ab4000001:738547:738547 [1] NCCL INFO ncclTopoGetCpuAffinity: Affinity for GPU 1 is 24-47. (GPU affinity = 24-47 ; CPU affinity = 0-95).
e1a433d6d93644e090a8bcad4f3a7ab4000001:738547:738547 [1] NCCL INFO NVLS multicast support is not available on dev 1 (NVLS_NCHANNELS 0)
e1a433d6d93644e090a8bcad4f3a7ab4000001:738548:738548 [2] NCCL INFO ncclTopoGetCpuAffinity: Affinity for GPU 2 is 48-71. (GPU affinity = 48-71 ; CPU affinity = 0-95).
e1a433d6d93644e090a8bcad4f3a7ab4000001:738548:738548 [2] NCCL INFO NVLS multicast support is not available on dev 2 (NVLS_NCHANNELS 0)
e1a433d6d93644e090a8bcad4f3a7ab4000001:738546:738546 [0] NCCL INFO comm 0x1b4cc6a0 rank 0 nRanks 4 nNodes 1 localRanks 4 localRank 0 MNNVL 0
e1a433d6d93644e090a8bcad4f3a7ab4000001:738548:738548 [2] NCCL INFO comm 0x106ff020 rank 2 nRanks 4 nNodes 1 localRanks 4 localRank 2 MNNVL 0
e1a433d6d93644e090a8bcad4f3a7ab4000001:738549:738549 [3] NCCL INFO comm 0x483274e0 rank 3 nRanks 4 nNodes 1 localRanks 4 localRank 3 MNNVL 0
e1a433d6d93644e090a8bcad4f3a7ab4000001:738547:738547 [1] NCCL INFO comm 0x3b4ed590 rank 1 nRanks 4 nNodes 1 localRanks 4 localRank 1 MNNVL 0
e1a433d6d93644e090a8bcad4f3a7ab4000001:738548:738548 [2] NCCL INFO Trees [0] 3/-1/-1->2->1 [1] 3/-1/-1->2->1 [2] 3/-1/-1->2->1 [3] 3/-1/-1->2->1 [4] 3/-1/-1->2->1 [5] 3/-1/-1->2->1 [6] 3/-1/-1->2->1 [7] 3/-1/-1->2->1
e1a433d6d93644e090a8bcad4f3a7ab4000001:738549:738549 [3] NCCL INFO Trees [0] -1/-1/-1->3->2 [1] -1/-1/-1->3->2 [2] -1/-1/-1->3->2 [3] -1/-1/-1->3->2 [4] -1/-1/-1->3->2 [5] -1/-1/-1->3->2 [6] -1/-1/-1->3->2 [7] -1/-1/-1->3->2
e1a433d6d93644e090a8bcad4f3a7ab4000001:738546:738546 [0] NCCL INFO Channel 00/08 : 0 1 2 3
e1a433d6d93644e090a8bcad4f3a7ab4000001:738548:738548 [2] NCCL INFO P2P Chunksize set to 131072
e1a433d6d93644e090a8bcad4f3a7ab4000001:738549:738549 [3] NCCL INFO P2P Chunksize set to 131072
e1a433d6d93644e090a8bcad4f3a7ab4000001:738546:738546 [0] NCCL INFO Channel 01/08 : 0 1 2 3
e1a433d6d93644e090a8bcad4f3a7ab4000001:738547:738547 [1] NCCL INFO Trees [0] 2/-1/-1->1->0 [1] 2/-1/-1->1->0 [2] 2/-1/-1->1->0 [3] 2/-1/-1->1->0 [4] 2/-1/-1->1->0 [5] 2/-1/-1->1->0 [6] 2/-1/-1->1->0 [7] 2/-1/-1->1->0
e1a433d6d93644e090a8bcad4f3a7ab4000001:738546:738546 [0] NCCL INFO Channel 02/08 : 0 1 2 3
e1a433d6d93644e090a8bcad4f3a7ab4000001:738547:738547 [1] NCCL INFO P2P Chunksize set to 131072
e1a433d6d93644e090a8bcad4f3a7ab4000001:738546:738546 [0] NCCL INFO Channel 03/08 : 0 1 2 3
e1a433d6d93644e090a8bcad4f3a7ab4000001:738546:738546 [0] NCCL INFO Channel 04/08 : 0 1 2 3
e1a433d6d93644e090a8bcad4f3a7ab4000001:738546:738546 [0] NCCL INFO Channel 05/08 : 0 1 2 3
e1a433d6d93644e090a8bcad4f3a7ab4000001:738546:738546 [0] NCCL INFO Channel 06/08 : 0 1 2 3
e1a433d6d93644e090a8bcad4f3a7ab4000001:738546:738546 [0] NCCL INFO Channel 07/08 : 0 1 2 3
e1a433d6d93644e090a8bcad4f3a7ab4000001:738546:738546 [0] NCCL INFO Trees [0] 1/-1/-1->0->-1 [1] 1/-1/-1->0->-1 [2] 1/-1/-1->0->-1 [3] 1/-1/-1->0->-1 [4] 1/-1/-1->0->-1 [5] 1/-1/-1->0->-1 [6] 1/-1/-1->0->-1 [7] 1/-1/-1->0->-1
e1a433d6d93644e090a8bcad4f3a7ab4000001:738546:738546 [0] NCCL INFO P2P Chunksize set to 131072
e1a433d6d93644e090a8bcad4f3a7ab4000001:738549:738549 [3] NCCL INFO PROFILER/Plugin: Could not find: libnccl-profiler.so
e1a433d6d93644e090a8bcad4f3a7ab4000001:738549:738549 [3] NCCL INFO Check P2P Type isAllDirectP2p 0 directMode 0 isAllCudaP2p 0
e1a433d6d93644e090a8bcad4f3a7ab4000001:738548:738548 [2] NCCL INFO PROFILER/Plugin: Could not find: libnccl-profiler.so
e1a433d6d93644e090a8bcad4f3a7ab4000001:738548:738548 [2] NCCL INFO Check P2P Type isAllDirectP2p 0 directMode 0 isAllCudaP2p 0
e1a433d6d93644e090a8bcad4f3a7ab4000001:738547:738547 [1] NCCL INFO PROFILER/Plugin: Could not find: libnccl-profiler.so
e1a433d6d93644e090a8bcad4f3a7ab4000001:738547:738547 [1] NCCL INFO Check P2P Type isAllDirectP2p 0 directMode 0 isAllCudaP2p 0
e1a433d6d93644e090a8bcad4f3a7ab4000001:738546:738546 [0] NCCL INFO PROFILER/Plugin: Could not find: libnccl-profiler.so
e1a433d6d93644e090a8bcad4f3a7ab4000001:738546:738546 [0] NCCL INFO Check P2P Type isAllDirectP2p 0 directMode 0 isAllCudaP2p 0
e1a433d6d93644e090a8bcad4f3a7ab4000001:738549:738581 [0] NCCL INFO [Proxy Service] Device 3 CPU core 80
e1a433d6d93644e090a8bcad4f3a7ab4000001:738548:738583 [0] NCCL INFO [Proxy Service] Device 2 CPU core 64
e1a433d6d93644e090a8bcad4f3a7ab4000001:738549:738582 [0] NCCL INFO [Proxy Service UDS] Device 3 CPU core 76
e1a433d6d93644e090a8bcad4f3a7ab4000001:738548:738585 [0] NCCL INFO [Proxy Service UDS] Device 2 CPU core 57
e1a433d6d93644e090a8bcad4f3a7ab4000001:738547:738584 [0] NCCL INFO [Proxy Service] Device 1 CPU core 40
e1a433d6d93644e090a8bcad4f3a7ab4000001:738547:738586 [0] NCCL INFO [Proxy Service UDS] Device 1 CPU core 35
e1a433d6d93644e090a8bcad4f3a7ab4000001:738546:738587 [0] NCCL INFO [Proxy Service] Device 0 CPU core 10
e1a433d6d93644e090a8bcad4f3a7ab4000001:738546:738588 [0] NCCL INFO [Proxy Service UDS] Device 0 CPU core 21
e1a433d6d93644e090a8bcad4f3a7ab4000001:738546:738546 [0] NCCL INFO TUNER/Plugin: Could not find: libnccl-tuner.so
e1a433d6d93644e090a8bcad4f3a7ab4000001:738546:738546 [0] NCCL INFO threadThresholds 8/8/64 | 32/8/64 | 512 | 512
e1a433d6d93644e090a8bcad4f3a7ab4000001:738546:738546 [0] NCCL INFO 8 coll channels, 8 collnet channels, 0 nvls channels, 8 p2p channels, 2 p2p channels per peer
e1a433d6d93644e090a8bcad4f3a7ab4000001:738549:738549 [3] NCCL INFO TUNER/Plugin: Could not find: libnccl-tuner.so
e1a433d6d93644e090a8bcad4f3a7ab4000001:738549:738549 [3] NCCL INFO threadThresholds 8/8/64 | 32/8/64 | 512 | 512
e1a433d6d93644e090a8bcad4f3a7ab4000001:738549:738549 [3] NCCL INFO 8 coll channels, 8 collnet channels, 0 nvls channels, 8 p2p channels, 2 p2p channels per peer
e1a433d6d93644e090a8bcad4f3a7ab4000001:738546:738546 [0] NCCL INFO CC Off, workFifoBytes 1048576
e1a433d6d93644e090a8bcad4f3a7ab4000001:738548:738548 [2] NCCL INFO TUNER/Plugin: Could not find: libnccl-tuner.so
e1a433d6d93644e090a8bcad4f3a7ab4000001:738548:738548 [2] NCCL INFO threadThresholds 8/8/64 | 32/8/64 | 512 | 512
e1a433d6d93644e090a8bcad4f3a7ab4000001:738548:738548 [2] NCCL INFO 8 coll channels, 8 collnet channels, 0 nvls channels, 8 p2p channels, 2 p2p channels per peer
e1a433d6d93644e090a8bcad4f3a7ab4000001:738547:738547 [1] NCCL INFO TUNER/Plugin: Could not find: libnccl-tuner.so
e1a433d6d93644e090a8bcad4f3a7ab4000001:738547:738547 [1] NCCL INFO threadThresholds 8/8/64 | 32/8/64 | 512 | 512
e1a433d6d93644e090a8bcad4f3a7ab4000001:738547:738547 [1] NCCL INFO 8 coll channels, 8 collnet channels, 0 nvls channels, 8 p2p channels, 2 p2p channels per peer
e1a433d6d93644e090a8bcad4f3a7ab4000001:738546:738546 [0] NCCL INFO ncclCommInitRankConfig comm 0x1b4cc6a0 rank 0 nranks 4 cudaDev 0 nvmlDev 0 busId 100000 commId 0xa370bacfb5e717eb - Init COMPLETE
e1a433d6d93644e090a8bcad4f3a7ab4000001:738546:738546 [0] NCCL INFO Init timings - ncclCommInitRankConfig: rank 0 nranks 4 total 0.52 (kernels 0.23, alloc 0.00, bootstrap 0.26, allgathers 0.00, topo 0.02, graphs 0.00, connections 0.01, rest 0.00)
e1a433d6d93644e090a8bcad4f3a7ab4000001:738548:738548 [2] NCCL INFO ncclCommInitRankConfig comm 0x106ff020 rank 2 nranks 4 cudaDev 2 nvmlDev 2 busId 300000 commId 0xa370bacfb5e717eb - Init COMPLETE
e1a433d6d93644e090a8bcad4f3a7ab4000001:738548:738548 [2] NCCL INFO Init timings - ncclCommInitRankConfig: rank 2 nranks 4 total 0.17 (kernels 0.13, alloc 0.01, bootstrap 0.00, allgathers 0.00, topo 0.02, graphs 0.00, connections 0.01, rest 0.00)
e1a433d6d93644e090a8bcad4f3a7ab4000001:738549:738549 [3] NCCL INFO ncclCommInitRankConfig comm 0x483274e0 rank 3 nranks 4 cudaDev 3 nvmlDev 3 busId 400000 commId 0xa370bacfb5e717eb - Init COMPLETE
e1a433d6d93644e090a8bcad4f3a7ab4000001:738549:738549 [3] NCCL INFO Init timings - ncclCommInitRankConfig: rank 3 nranks 4 total 0.17 (kernels 0.13, alloc 0.01, bootstrap 0.00, allgathers 0.00, topo 0.02, graphs 0.00, connections 0.01, rest 0.00)
e1a433d6d93644e090a8bcad4f3a7ab4000001:738547:738547 [1] NCCL INFO ncclCommInitRankConfig comm 0x3b4ed590 rank 1 nranks 4 cudaDev 1 nvmlDev 1 busId 200000 commId 0xa370bacfb5e717eb - Init COMPLETE
e1a433d6d93644e090a8bcad4f3a7ab4000001:738547:738547 [1] NCCL INFO Init timings - ncclCommInitRankConfig: rank 1 nranks 4 total 0.19 (kernels 0.12, alloc 0.01, bootstrap 0.03, allgathers 0.00, topo 0.02, graphs 0.00, connections 0.01, rest 0.00)
e1a433d6d93644e090a8bcad4f3a7ab4000001:738549:738549 [3] NCCL INFO Channel 00 : 3[3] -> 0[0] via SHM/direct/direct
e1a433d6d93644e090a8bcad4f3a7ab4000001:738547:738547 [1] NCCL INFO Channel 00 : 1[1] -> 2[2] via SHM/direct/direct
e1a433d6d93644e090a8bcad4f3a7ab4000001:738547:738547 [1] NCCL INFO Channel 01 : 1[1] -> 2[2] via SHM/direct/direct
e1a433d6d93644e090a8bcad4f3a7ab4000001:738549:738549 [3] NCCL INFO Channel 01 : 3[3] -> 0[0] via SHM/direct/direct
e1a433d6d93644e090a8bcad4f3a7ab4000001:738547:738547 [1] NCCL INFO Channel 02 : 1[1] -> 2[2] via SHM/direct/direct
e1a433d6d93644e090a8bcad4f3a7ab4000001:738549:738549 [3] NCCL INFO Channel 02 : 3[3] -> 0[0] via SHM/direct/direct
e1a433d6d93644e090a8bcad4f3a7ab4000001:738549:738549 [3] NCCL INFO Channel 03 : 3[3] -> 0[0] via SHM/direct/direct
e1a433d6d93644e090a8bcad4f3a7ab4000001:738547:738547 [1] NCCL INFO Channel 03 : 1[1] -> 2[2] via SHM/direct/direct
e1a433d6d93644e090a8bcad4f3a7ab4000001:738549:738549 [3] NCCL INFO Channel 04 : 3[3] -> 0[0] via SHM/direct/direct
e1a433d6d93644e090a8bcad4f3a7ab4000001:738547:738547 [1] NCCL INFO Channel 04 : 1[1] -> 2[2] via SHM/direct/direct
e1a433d6d93644e090a8bcad4f3a7ab4000001:738546:738546 [0] NCCL INFO Channel 00/0 : 0[0] -> 1[1] via P2P/CUMEM/read
e1a433d6d93644e090a8bcad4f3a7ab4000001:738548:738548 [2] NCCL INFO Channel 00/0 : 2[2] -> 3[3] via P2P/CUMEM/read
e1a433d6d93644e090a8bcad4f3a7ab4000001:738546:738546 [0] NCCL INFO Channel 01/0 : 0[0] -> 1[1] via P2P/CUMEM/read
e1a433d6d93644e090a8bcad4f3a7ab4000001:738548:738548 [2] NCCL INFO Channel 01/0 : 2[2] -> 3[3] via P2P/CUMEM/read
e1a433d6d93644e090a8bcad4f3a7ab4000001:738549:738549 [3] NCCL INFO Channel 05 : 3[3] -> 0[0] via SHM/direct/direct
e1a433d6d93644e090a8bcad4f3a7ab4000001:738546:738546 [0] NCCL INFO Channel 02/0 : 0[0] -> 1[1] via P2P/CUMEM/read
e1a433d6d93644e090a8bcad4f3a7ab4000001:738547:738547 [1] NCCL INFO Channel 05 : 1[1] -> 2[2] via SHM/direct/direct
e1a433d6d93644e090a8bcad4f3a7ab4000001:738548:738548 [2] NCCL INFO Channel 02/0 : 2[2] -> 3[3] via P2P/CUMEM/read
e1a433d6d93644e090a8bcad4f3a7ab4000001:738546:738546 [0] NCCL INFO Channel 03/0 : 0[0] -> 1[1] via P2P/CUMEM/read
e1a433d6d93644e090a8bcad4f3a7ab4000001:738548:738548 [2] NCCL INFO Channel 03/0 : 2[2] -> 3[3] via P2P/CUMEM/read
e1a433d6d93644e090a8bcad4f3a7ab4000001:738549:738549 [3] NCCL INFO Channel 06 : 3[3] -> 0[0] via SHM/direct/direct
e1a433d6d93644e090a8bcad4f3a7ab4000001:738547:738547 [1] NCCL INFO Channel 06 : 1[1] -> 2[2] via SHM/direct/direct
e1a433d6d93644e090a8bcad4f3a7ab4000001:738546:738546 [0] NCCL INFO Channel 04/0 : 0[0] -> 1[1] via P2P/CUMEM/read
e1a433d6d93644e090a8bcad4f3a7ab4000001:738548:738548 [2] NCCL INFO Channel 04/0 : 2[2] -> 3[3] via P2P/CUMEM/read
e1a433d6d93644e090a8bcad4f3a7ab4000001:738546:738546 [0] NCCL INFO Channel 05/0 : 0[0] -> 1[1] via P2P/CUMEM/read
e1a433d6d93644e090a8bcad4f3a7ab4000001:738549:738549 [3] NCCL INFO Channel 07 : 3[3] -> 0[0] via SHM/direct/direct
e1a433d6d93644e090a8bcad4f3a7ab4000001:738547:738547 [1] NCCL INFO Channel 07 : 1[1] -> 2[2] via SHM/direct/direct
e1a433d6d93644e090a8bcad4f3a7ab4000001:738548:738548 [2] NCCL INFO Channel 05/0 : 2[2] -> 3[3] via P2P/CUMEM/read
e1a433d6d93644e090a8bcad4f3a7ab4000001:738546:738546 [0] NCCL INFO Channel 06/0 : 0[0] -> 1[1] via P2P/CUMEM/read
e1a433d6d93644e090a8bcad4f3a7ab4000001:738548:738548 [2] NCCL INFO Channel 06/0 : 2[2] -> 3[3] via P2P/CUMEM/read
e1a433d6d93644e090a8bcad4f3a7ab4000001:738546:738546 [0] NCCL INFO Channel 07/0 : 0[0] -> 1[1] via P2P/CUMEM/read
e1a433d6d93644e090a8bcad4f3a7ab4000001:738548:738548 [2] NCCL INFO Channel 07/0 : 2[2] -> 3[3] via P2P/CUMEM/read
e1a433d6d93644e090a8bcad4f3a7ab4000001:738547:738547 [1] NCCL INFO Connected all rings, use ring PXN 0 GDR 1
e1a433d6d93644e090a8bcad4f3a7ab4000001:738546:738546 [0] NCCL INFO Connected all rings, use ring PXN 0 GDR 1
e1a433d6d93644e090a8bcad4f3a7ab4000001:738548:738548 [2] NCCL INFO Connected all rings, use ring PXN 0 GDR 1
e1a433d6d93644e090a8bcad4f3a7ab4000001:738549:738549 [3] NCCL INFO Connected all rings, use ring PXN 0 GDR 1
Hyperparameters:
  adam_eps: 1e-08
  adam_wd: 0.02
  beta1: 0.9
  beta2: 0.95
  bigram_dim: 128
  bigram_vocab_size: 0
  clip_mult_early: 1.0
  clip_mult_late: 1.0
  clip_mult_loop: 1.0
  clip_mult_mid: 1.0
  compress_ans: True
  compress_brotli: True
  compress_lzma: False
  compressor: brotli
  data_dir: ./data2/
  datasets_dir: ./data2/datasets/fineweb10B_sp8192
  debug_varlen_probe: False
  disable_gated_attn_eval: True
  distributed: True
  effective_train_seq_len: <property object at 0x14b75eb86840>
  ema_decay: 0.9965
  embed_bits: 8
  embed_clip_sigmas: 20.0
  embed_lr: 0.6
  embed_wd: 0.085
  embedding_dim: 512
  enable_looping_at: 0.35
  eval_pad_token: 0
  eval_seq_len: 2048
  eval_stride: 64
  force_dense_eval: False
  fused_mlp: True
  fused_rope: False
  gated_attention: True
  gptq_calibration_batches: 64
  gptq_reserve_seconds: 12.0
  grad_accum_steps: 2
  grad_clip_norm: 0.3
  head_lr: 0.008
  hessian_clip_lambda: 0.3
  is_main_process: True
  iterations: 20000
  ln_scale: True
  local_rank: 0
  logfile: logs/ttt_nogate_04_17.txt
  logit_softcap: 20.0
  loop_embeddings: False
  loop_end: 5
  loop_layer_bits: 0
  loop_layer_clip_sigmas: 0.0
  loop_start: 3
  matrix_bits: 6
  matrix_clip_sigmas: 15.0
  matrix_lr: 0.022
  max_wallclock_seconds: 600.0
  min_lr: 0.0
  mixed_seq_gpu_frac: 0.375
  mixed_seq_len: 0
  mlp_mult: 4.35
  model_dim: 512
  model_path: final_model.pt
  moe_enabled: False
  moe_layers: 3,5,7,9
  moe_num_experts: 4
  moe_top_k: 2
  muon_backend_steps: 5
  muon_beta2: 0.95
  muon_momentum: 0.97
  muon_momentum_warmup_start: 0.92
  muon_momentum_warmup_steps: 1500
  muon_row_normalize: True
  muon_wd: 0.095
  normuon: False
  num_heads: 8
  num_kv_heads: 4
  num_layers: 11
  num_loops: 2
  parallel_residual_start: 7
  qk_gain_init: 5.25
  quantized_model_path: final_model.int6.ptz
  rank: 0
  rope_base: 10000.0
  rope_dims: 32
  rope_train_seq_len: 2048
  run_id: ttt_nogate_04_17
  run_sw_only: False
  run_ttt_only: True
  scalar_lr: 0.022
  seed: 1337
  skip_gates_enabled: True
  skip_training: True
  sliding_window_enabled: True
  slot_enabled: False
  slot_lr: 0.01
  slot_max_windows: 0
  slot_steps: 4
  slot_train_mode: context
  slot_wd: 0.01
  tie_embeddings: True
  tied_embed_init_std: 0.005
  tied_embed_lr: 0.03
  tokenizer_path: ./data2/tokenizers/fineweb_8192_bpe.model
  train_batch_tokens: 786432
  train_files: ./data2/datasets/fineweb10B_sp8192/fineweb_train_*.bin
  train_log_every: 500
  train_seq_len: 2048
  trigram_dim: 128
  trigram_vocab_size: 0
  ttt_adapt_ema: 0.95
  ttt_adapt_max_scale: 2.0
  ttt_adapt_min_scale: 0.5
  ttt_adapt_power: 1.0
  ttt_adaptive_lr: False
  ttt_adaptive_lr_override: 
  ttt_batch_size: 64
  ttt_beta1: 0.9
  ttt_beta2: 0.99
  ttt_chunk_size: 64
  ttt_compile_disable: False
  ttt_compile_dynamic: True
  ttt_enabled: True
  ttt_eval_seq_len: 2048
  ttt_fp_chunk_tokens: 32768
  ttt_fp_epochs: 3
  ttt_fp_lr: 0.001
  ttt_fp_momentum: 0.9
  ttt_grad_clip: 1.0
  ttt_grad_steps: 1
  ttt_k_lora: True
  ttt_layer_debug: False
  ttt_layer_debug_tol: 0.001
  ttt_lora_lr: 0.0001
  ttt_lora_rank: 96
  ttt_max_docs: 2000
  ttt_mlp_lora: True
  ttt_nan_guard: False
  ttt_o_lora: True
  ttt_phase_sgd_batch: 8
  ttt_phase_sgd_epochs: 1
  ttt_phase_sgd_lr: 0.0005
  ttt_phase_sgd_momentum: 0.9
  ttt_phase_sgd_optimizer: sgd
  ttt_phase_sgd_seq_len: 1024
  ttt_phase_sgd_wd: 0.0
  ttt_phases: 1
  ttt_sanity_check: False
  ttt_weight_decay: 0.2
  val_batch_tokens: 524288
  val_files: ./data2/datasets/fineweb10B_sp8192/fineweb_val_*.bin
  val_loss_every: 4000
  varlen_attention: True
  vocab_size: 8192
  warmdown_frac: 0.85
  warmdown_wd_mult: 1.0
  warmup_steps: 20
  window_attn_layers: 
  window_attn_size: 0
  world_size: 4
  xsa_last_n: 11
train_shards: 80
val_tokens: 40540160
SKIP_TRAINING=1 — reusing existing final_model.int6.ptz
sw_eval: DISABLE_GATED_ATTN_EVAL=1 — attention gates disabled for sliding eval
ttt_eval: DISABLE_GATED_ATTN_EVAL=1 — attention gates disabled for TTT eval
ttt_lora:warming up compile
ttt_lora:compile warmup done (164.4s)
ttt_lora:TTT_MAX_DOCS capping to 2000 docs
ttt_lora:docs:2000 rank:96 lr:0.0001 chunk:64
[rank0]:W0417 20:31:43.773000 738546 .venv/lib/python3.12/site-packages/torch/_dynamo/convert_frame.py:1743] [0/8] torch._dynamo hit config.recompile_limit (8)
[rank0]:W0417 20:31:43.773000 738546 .venv/lib/python3.12/site-packages/torch/_dynamo/convert_frame.py:1743] [0/8]    function: '_fwd_ttt_inner' (/root/parameter-golf/train_gpt_improved_04_16.py:3485)
[rank0]:W0417 20:31:43.773000 738546 .venv/lib/python3.12/site-packages/torch/_dynamo/convert_frame.py:1743] [0/8]    last reason: 0/7: tensor 'input_ids' size mismatch at index 1. expected 448, actual 512
[rank0]:W0417 20:31:43.773000 738546 .venv/lib/python3.12/site-packages/torch/_dynamo/convert_frame.py:1743] [0/8] To log all recompilation reasons, use TORCH_LOGS="recompiles".
[rank0]:W0417 20:31:43.773000 738546 .venv/lib/python3.12/site-packages/torch/_dynamo/convert_frame.py:1743] [0/8] To diagnose recompilation issues, see https://docs.pytorch.org/docs/main/user_guide/torch_compiler/compile/programming_model.recompilation.html
[rank1]:W0417 20:31:47.804000 738547 .venv/lib/python3.12/site-packages/torch/_dynamo/convert_frame.py:1743] [0/8] torch._dynamo hit config.recompile_limit (8)
[rank1]:W0417 20:31:47.804000 738547 .venv/lib/python3.12/site-packages/torch/_dynamo/convert_frame.py:1743] [0/8]    function: '_fwd_ttt_inner' (/root/parameter-golf/train_gpt_improved_04_16.py:3485)
[rank1]:W0417 20:31:47.804000 738547 .venv/lib/python3.12/site-packages/torch/_dynamo/convert_frame.py:1743] [0/8]    last reason: 0/7: tensor 'input_ids' size mismatch at index 1. expected 448, actual 512
[rank1]:W0417 20:31:47.804000 738547 .venv/lib/python3.12/site-packages/torch/_dynamo/convert_frame.py:1743] [0/8] To log all recompilation reasons, use TORCH_LOGS="recompiles".
[rank1]:W0417 20:31:47.804000 738547 .venv/lib/python3.12/site-packages/torch/_dynamo/convert_frame.py:1743] [0/8] To diagnose recompilation issues, see https://docs.pytorch.org/docs/main/user_guide/torch_compiler/compile/programming_model.recompilation.html
[rank3]:W0417 20:31:51.312000 738549 .venv/lib/python3.12/site-packages/torch/_dynamo/convert_frame.py:1743] [0/8] torch._dynamo hit config.recompile_limit (8)
[rank3]:W0417 20:31:51.312000 738549 .venv/lib/python3.12/site-packages/torch/_dynamo/convert_frame.py:1743] [0/8]    function: '_fwd_ttt_inner' (/root/parameter-golf/train_gpt_improved_04_16.py:3485)
[rank3]:W0417 20:31:51.312000 738549 .venv/lib/python3.12/site-packages/torch/_dynamo/convert_frame.py:1743] [0/8]    last reason: 0/7: tensor 'input_ids' size mismatch at index 1. expected 448, actual 512
[rank3]:W0417 20:31:51.312000 738549 .venv/lib/python3.12/site-packages/torch/_dynamo/convert_frame.py:1743] [0/8] To log all recompilation reasons, use TORCH_LOGS="recompiles".
[rank3]:W0417 20:31:51.312000 738549 .venv/lib/python3.12/site-packages/torch/_dynamo/convert_frame.py:1743] [0/8] To diagnose recompilation issues, see https://docs.pytorch.org/docs/main/user_guide/torch_compiler/compile/programming_model.recompilation.html
ttt_progress: batch 30/32 batch_loss:4.0701 batch_bpb:1.5850 running_loss:4.0701 running_bpb:1.5850 doc_len:1900-2793
ttt_progress: batch 27/32 batch_loss:4.1691 batch_bpb:1.6595 running_loss:4.1051 running_bpb:1.6110 doc_len:1154-1310
ttt_progress: batch 26/32 batch_loss:4.2087 batch_bpb:1.6382 running_loss:4.1298 running_bpb:1.6175 doc_len:1037-1143
ttt_progress: batch 24/32 batch_loss:4.1629 batch_bpb:1.5953 running_loss:4.1352 running_bpb:1.6138 doc_len:845-935
ttt_progress: batch 22/32 batch_loss:4.1499 batch_bpb:1.5994 running_loss:4.1369 running_bpb:1.6121 doc_len:710-772
ttt_progress: batch 20/32 batch_loss:4.0126 batch_bpb:1.5324 running_loss:4.1255 running_bpb:1.6046 doc_len:601-654
ttt_progress: batch 17/32 batch_loss:4.0443 batch_bpb:1.5849 running_loss:4.1201 running_bpb:1.6033 doc_len:462-506
ttt_progress: batch 16/32 batch_loss:4.0001 batch_bpb:1.5505 running_loss:4.1133 running_bpb:1.6003 doc_len:421-461
ttt_progress: batch 13/32 batch_loss:4.1729 batch_bpb:1.6201 running_loss:4.1158 running_bpb:1.6011 doc_len:321-346
ttt_progress: batch 11/32 batch_loss:4.3171 batch_bpb:1.7404 running_loss:4.1227 running_bpb:1.6057 doc_len:277-299
ttt_progress: batch 9/32 batch_loss:4.2210 batch_bpb:1.7038 running_loss:4.1255 running_bpb:1.6085 doc_len:237-259
ttt_progress: batch 7/32 batch_loss:4.2405 batch_bpb:1.6610 running_loss:4.1282 running_bpb:1.6097 doc_len:196-216
ttt_progress: batch 5/32 batch_loss:4.3494 batch_bpb:1.7813 running_loss:4.1324 running_bpb:1.6128 doc_len:165-180
ttt_progress: batch 3/32 batch_loss:4.5036 batch_bpb:1.8561 running_loss:4.1379 running_bpb:1.6162 doc_len:124-145
[rank2]:W0417 20:32:40.678000 738548 .venv/lib/python3.12/site-packages/torch/_dynamo/convert_frame.py:1743] [0/8] torch._dynamo hit config.recompile_limit (8)
[rank2]:W0417 20:32:40.678000 738548 .venv/lib/python3.12/site-packages/torch/_dynamo/convert_frame.py:1743] [0/8]    function: '_fwd_ttt_inner' (/root/parameter-golf/train_gpt_improved_04_16.py:3485)
[rank2]:W0417 20:32:40.678000 738548 .venv/lib/python3.12/site-packages/torch/_dynamo/convert_frame.py:1743] [0/8]    last reason: 0/7: tensor 'input_ids' size mismatch at index 1. expected 384, actual 448
[rank2]:W0417 20:32:40.678000 738548 .venv/lib/python3.12/site-packages/torch/_dynamo/convert_frame.py:1743] [0/8] To log all recompilation reasons, use TORCH_LOGS="recompiles".
[rank2]:W0417 20:32:40.678000 738548 .venv/lib/python3.12/site-packages/torch/_dynamo/convert_frame.py:1743] [0/8] To diagnose recompilation issues, see https://docs.pytorch.org/docs/main/user_guide/torch_compiler/compile/programming_model.recompilation.html
quantized_ttt_lora val_loss:3.95678429 val_bpb:1.56023781 eval_time:552600ms
e1a433d6d93644e090a8bcad4f3a7ab4000001:738549:738549 [3] NCCL INFO comm 0x483274e0 rank 3 nranks 4 cudaDev 3 busId 400000 - Destroy COMPLETE
e1a433d6d93644e090a8bcad4f3a7ab4000001:738548:738548 [2] NCCL INFO comm 0x106ff020 rank 2 nranks 4 cudaDev 2 busId 300000 - Destroy COMPLETE
e1a433d6d93644e090a8bcad4f3a7ab4000001:738546:738546 [0] NCCL INFO comm 0x1b4cc6a0 rank 0 nranks 4 cudaDev 0 busId 100000 - Destroy COMPLETE
e1a433d6d93644e090a8bcad4f3a7ab4000001:738547:738547 [1] NCCL INFO comm 0x3b4ed590 rank 1 nranks 4 cudaDev 1 busId 200000 - Destroy COMPLETE
e1a433d6d93644e090a8bcad4f3a7ab4000001:738548:738548 [2] NCCL INFO ENV/Plugin: Closing env plugin ncclEnvDefault
e1a433d6d93644e090a8bcad4f3a7ab4000001:738549:738549 [3] NCCL INFO ENV/Plugin: Closing env plugin ncclEnvDefault
e1a433d6d93644e090a8bcad4f3a7ab4000001:738546:738546 [0] NCCL INFO ENV/Plugin: Closing env plugin ncclEnvDefault
e1a433d6d93644e090a8bcad4f3a7ab4000001:738547:738547 [1] NCCL INFO ENV/Plugin: Closing env plugin ncclEnvDefault
