W0411 16:50:56.769000 126753 torch/distributed/run.py:851] 
W0411 16:50:56.769000 126753 torch/distributed/run.py:851] *****************************************
W0411 16:50:56.769000 126753 torch/distributed/run.py:851] Setting OMP_NUM_THREADS environment variable for each process to be 1 in default, to avoid your system being overloaded, please further tune the variable for optimal performance in your application as needed. 
W0411 16:50:56.769000 126753 torch/distributed/run.py:851] *****************************************
027ffb5017964723bac512bf427add6d000002:126821:126821 [0] NCCL INFO ENV/Plugin: Could not find: libnccl-env.so
027ffb5017964723bac512bf427add6d000002:126821:126821 [0] NCCL INFO Stack size limit (unlimited) is unsafe; will use 8192KB for newly launched threads
027ffb5017964723bac512bf427add6d000002:126821:126821 [0] NCCL INFO NCCL_SOCKET_IFNAME set by environment to eth0
027ffb5017964723bac512bf427add6d000002:126821:126821 [0] NCCL INFO Bootstrap: Using eth0:10.0.0.5<0>
027ffb5017964723bac512bf427add6d000002:126821:126821 [0] NCCL INFO cudaDriverVersion 13020
027ffb5017964723bac512bf427add6d000002:126821:126821 [0] NCCL INFO NCCL version 2.28.9+cuda13.0
027ffb5017964723bac512bf427add6d000002:126822:126822 [1] NCCL INFO ENV/Plugin: Could not find: libnccl-env.so
027ffb5017964723bac512bf427add6d000002:126822:126822 [1] NCCL INFO cudaDriverVersion 13020
027ffb5017964723bac512bf427add6d000002:126822:126822 [1] NCCL INFO Stack size limit (unlimited) is unsafe; will use 8192KB for newly launched threads
027ffb5017964723bac512bf427add6d000002:126822:126822 [1] NCCL INFO NCCL_SOCKET_IFNAME set by environment to eth0
027ffb5017964723bac512bf427add6d000002:126822:126822 [1] NCCL INFO Bootstrap: Using eth0:10.0.0.5<0>
027ffb5017964723bac512bf427add6d000002:126822:126822 [1] NCCL INFO NCCL version 2.28.9+cuda13.0
027ffb5017964723bac512bf427add6d000002:126821:126821 [0] NCCL INFO Comm config Blocking set to 1
027ffb5017964723bac512bf427add6d000002:126822:126822 [1] NCCL INFO Comm config Blocking set to 1
027ffb5017964723bac512bf427add6d000002:126824:126824 [3] NCCL INFO ENV/Plugin: Could not find: libnccl-env.so
027ffb5017964723bac512bf427add6d000002:126824:126824 [3] NCCL INFO cudaDriverVersion 13020
027ffb5017964723bac512bf427add6d000002:126824:126824 [3] NCCL INFO Stack size limit (unlimited) is unsafe; will use 8192KB for newly launched threads
027ffb5017964723bac512bf427add6d000002:126824:126824 [3] NCCL INFO NCCL_SOCKET_IFNAME set by environment to eth0
027ffb5017964723bac512bf427add6d000002:126824:126824 [3] NCCL INFO Bootstrap: Using eth0:10.0.0.5<0>
027ffb5017964723bac512bf427add6d000002:126824:126824 [3] NCCL INFO NCCL version 2.28.9+cuda13.0
027ffb5017964723bac512bf427add6d000002:126824:126824 [3] NCCL INFO Comm config Blocking set to 1
027ffb5017964723bac512bf427add6d000002:126822:126822 [1] NCCL INFO NET/Plugin: Could not find: libnccl-net.so
027ffb5017964723bac512bf427add6d000002:126822:126822 [1] NCCL INFO NCCL_IB_DISABLE set by environment to 1.
027ffb5017964723bac512bf427add6d000002:126822:126822 [1] NCCL INFO transport/net_ib.cc:852 -> 3
027ffb5017964723bac512bf427add6d000002:126822:126822 [1] NCCL INFO Failed to initialize NET plugin IB
027ffb5017964723bac512bf427add6d000002:126822:126822 [1] NCCL INFO NCCL_SOCKET_IFNAME set by environment to eth0
027ffb5017964723bac512bf427add6d000002:126822:126822 [1] NCCL INFO NET/Socket : Using [0]eth0:10.0.0.5<0>
027ffb5017964723bac512bf427add6d000002:126822:126822 [1] NCCL INFO Initialized NET plugin Socket
027ffb5017964723bac512bf427add6d000002:126822:126822 [1] NCCL INFO Assigned NET plugin Socket to comm
027ffb5017964723bac512bf427add6d000002:126822:126822 [1] NCCL INFO Using network Socket
027ffb5017964723bac512bf427add6d000002:126821:126821 [0] NCCL INFO NET/Plugin: Could not find: libnccl-net.so
027ffb5017964723bac512bf427add6d000002:126821:126821 [0] NCCL INFO NCCL_IB_DISABLE set by environment to 1.
027ffb5017964723bac512bf427add6d000002:126821:126821 [0] NCCL INFO transport/net_ib.cc:852 -> 3
027ffb5017964723bac512bf427add6d000002:126821:126821 [0] NCCL INFO Failed to initialize NET plugin IB
027ffb5017964723bac512bf427add6d000002:126821:126821 [0] NCCL INFO NCCL_SOCKET_IFNAME set by environment to eth0
027ffb5017964723bac512bf427add6d000002:126821:126821 [0] NCCL INFO NET/Socket : Using [0]eth0:10.0.0.5<0>
027ffb5017964723bac512bf427add6d000002:126821:126821 [0] NCCL INFO Initialized NET plugin Socket
027ffb5017964723bac512bf427add6d000002:126821:126821 [0] NCCL INFO Assigned NET plugin Socket to comm
027ffb5017964723bac512bf427add6d000002:126821:126821 [0] NCCL INFO Using network Socket
027ffb5017964723bac512bf427add6d000002:126821:126821 [0] NCCL INFO ncclCommInitRankConfig comm 0x478995f0 rank 0 nranks 4 cudaDev 0 nvmlDev 0 busId 100000 commId 0x2121eb7f2230d2b8 - Init START
027ffb5017964723bac512bf427add6d000002:126822:126822 [1] NCCL INFO ncclCommInitRankConfig comm 0x36f103f0 rank 1 nranks 4 cudaDev 1 nvmlDev 1 busId 200000 commId 0x2121eb7f2230d2b8 - Init START
027ffb5017964723bac512bf427add6d000002:126823:126823 [2] NCCL INFO ENV/Plugin: Could not find: libnccl-env.so
027ffb5017964723bac512bf427add6d000002:126823:126823 [2] NCCL INFO cudaDriverVersion 13020
027ffb5017964723bac512bf427add6d000002:126823:126823 [2] NCCL INFO Stack size limit (unlimited) is unsafe; will use 8192KB for newly launched threads
027ffb5017964723bac512bf427add6d000002:126823:126823 [2] NCCL INFO NCCL_SOCKET_IFNAME set by environment to eth0
027ffb5017964723bac512bf427add6d000002:126823:126823 [2] NCCL INFO Bootstrap: Using eth0:10.0.0.5<0>
027ffb5017964723bac512bf427add6d000002:126823:126823 [2] NCCL INFO NCCL version 2.28.9+cuda13.0
027ffb5017964723bac512bf427add6d000002:126823:126823 [2] NCCL INFO Comm config Blocking set to 1
027ffb5017964723bac512bf427add6d000002:126824:126824 [3] NCCL INFO NET/Plugin: Could not find: libnccl-net.so
027ffb5017964723bac512bf427add6d000002:126824:126824 [3] NCCL INFO NCCL_IB_DISABLE set by environment to 1.
027ffb5017964723bac512bf427add6d000002:126824:126824 [3] NCCL INFO transport/net_ib.cc:852 -> 3
027ffb5017964723bac512bf427add6d000002:126824:126824 [3] NCCL INFO Failed to initialize NET plugin IB
027ffb5017964723bac512bf427add6d000002:126824:126824 [3] NCCL INFO NCCL_SOCKET_IFNAME set by environment to eth0
027ffb5017964723bac512bf427add6d000002:126824:126824 [3] NCCL INFO NET/Socket : Using [0]eth0:10.0.0.5<0>
027ffb5017964723bac512bf427add6d000002:126824:126824 [3] NCCL INFO Initialized NET plugin Socket
027ffb5017964723bac512bf427add6d000002:126824:126824 [3] NCCL INFO Assigned NET plugin Socket to comm
027ffb5017964723bac512bf427add6d000002:126824:126824 [3] NCCL INFO Using network Socket
027ffb5017964723bac512bf427add6d000002:126824:126824 [3] NCCL INFO ncclCommInitRankConfig comm 0x249e75d0 rank 3 nranks 4 cudaDev 3 nvmlDev 3 busId 400000 commId 0x2121eb7f2230d2b8 - Init START
027ffb5017964723bac512bf427add6d000002:126821:126821 [0] NCCL INFO RAS client listening socket at 127.0.0.1<28028>
027ffb5017964723bac512bf427add6d000002:126823:126823 [2] NCCL INFO NET/Plugin: Could not find: libnccl-net.so
027ffb5017964723bac512bf427add6d000002:126823:126823 [2] NCCL INFO NCCL_IB_DISABLE set by environment to 1.
027ffb5017964723bac512bf427add6d000002:126823:126823 [2] NCCL INFO transport/net_ib.cc:852 -> 3
027ffb5017964723bac512bf427add6d000002:126823:126823 [2] NCCL INFO Failed to initialize NET plugin IB
027ffb5017964723bac512bf427add6d000002:126823:126823 [2] NCCL INFO NCCL_SOCKET_IFNAME set by environment to eth0
027ffb5017964723bac512bf427add6d000002:126823:126823 [2] NCCL INFO NET/Socket : Using [0]eth0:10.0.0.5<0>
027ffb5017964723bac512bf427add6d000002:126823:126823 [2] NCCL INFO Initialized NET plugin Socket
027ffb5017964723bac512bf427add6d000002:126823:126823 [2] NCCL INFO Assigned NET plugin Socket to comm
027ffb5017964723bac512bf427add6d000002:126823:126823 [2] NCCL INFO Using network Socket
027ffb5017964723bac512bf427add6d000002:126823:126823 [2] NCCL INFO ncclCommInitRankConfig comm 0x1b9ce3c0 rank 2 nranks 4 cudaDev 2 nvmlDev 2 busId 300000 commId 0x2121eb7f2230d2b8 - Init START
027ffb5017964723bac512bf427add6d000002:126822:126822 [1] NCCL INFO RAS client listening socket at 127.0.0.1<28028>
027ffb5017964723bac512bf427add6d000002:126824:126824 [3] NCCL INFO RAS client listening socket at 127.0.0.1<28028>
027ffb5017964723bac512bf427add6d000002:126823:126823 [2] NCCL INFO RAS client listening socket at 127.0.0.1<28028>
027ffb5017964723bac512bf427add6d000002:126822:126822 [1] NCCL INFO Bootstrap timings total 0.149309 (create 0.000046, send 0.000154, recv 0.148468, ring 0.000220, delay 0.000001)
027ffb5017964723bac512bf427add6d000002:126821:126821 [0] NCCL INFO Bootstrap timings total 0.149672 (create 0.000044, send 0.000181, recv 0.000582, ring 0.067176, delay 0.000001)
027ffb5017964723bac512bf427add6d000002:126824:126824 [3] NCCL INFO Bootstrap timings total 0.067943 (create 0.000041, send 0.000155, recv 0.000170, ring 0.000147, delay 0.000001)
027ffb5017964723bac512bf427add6d000002:126823:126823 [2] NCCL INFO Bootstrap timings total 0.001124 (create 0.000048, send 0.000187, recv 0.000318, ring 0.000112, delay 0.000001)
027ffb5017964723bac512bf427add6d000002:126821:126821 [0] NCCL INFO ncclTopoGetCpuAffinity: Affinity for GPU 0 is 0-23. (GPU affinity = 0-23 ; CPU affinity = 0-95).
027ffb5017964723bac512bf427add6d000002:126821:126821 [0] NCCL INFO NVLS multicast support is not available on dev 0 (NVLS_NCHANNELS 0)
027ffb5017964723bac512bf427add6d000002:126824:126824 [3] NCCL INFO ncclTopoGetCpuAffinity: Affinity for GPU 3 is 72-95. (GPU affinity = 72-95 ; CPU affinity = 0-95).
027ffb5017964723bac512bf427add6d000002:126824:126824 [3] NCCL INFO NVLS multicast support is not available on dev 3 (NVLS_NCHANNELS 0)
027ffb5017964723bac512bf427add6d000002:126822:126822 [1] NCCL INFO ncclTopoGetCpuAffinity: Affinity for GPU 1 is 24-47. (GPU affinity = 24-47 ; CPU affinity = 0-95).
027ffb5017964723bac512bf427add6d000002:126822:126822 [1] NCCL INFO NVLS multicast support is not available on dev 1 (NVLS_NCHANNELS 0)
027ffb5017964723bac512bf427add6d000002:126823:126823 [2] NCCL INFO ncclTopoGetCpuAffinity: Affinity for GPU 2 is 48-71. (GPU affinity = 48-71 ; CPU affinity = 0-95).
027ffb5017964723bac512bf427add6d000002:126823:126823 [2] NCCL INFO NVLS multicast support is not available on dev 2 (NVLS_NCHANNELS 0)
027ffb5017964723bac512bf427add6d000002:126821:126821 [0] NCCL INFO comm 0x478995f0 rank 0 nRanks 4 nNodes 1 localRanks 4 localRank 0 MNNVL 0
027ffb5017964723bac512bf427add6d000002:126823:126823 [2] NCCL INFO comm 0x1b9ce3c0 rank 2 nRanks 4 nNodes 1 localRanks 4 localRank 2 MNNVL 0
027ffb5017964723bac512bf427add6d000002:126824:126824 [3] NCCL INFO comm 0x249e75d0 rank 3 nRanks 4 nNodes 1 localRanks 4 localRank 3 MNNVL 0
027ffb5017964723bac512bf427add6d000002:126822:126822 [1] NCCL INFO comm 0x36f103f0 rank 1 nRanks 4 nNodes 1 localRanks 4 localRank 1 MNNVL 0
027ffb5017964723bac512bf427add6d000002:126821:126821 [0] NCCL INFO Channel 00/08 : 0 1 2 3
027ffb5017964723bac512bf427add6d000002:126823:126823 [2] NCCL INFO Trees [0] 3/-1/-1->2->1 [1] 3/-1/-1->2->1 [2] 3/-1/-1->2->1 [3] 3/-1/-1->2->1 [4] 3/-1/-1->2->1 [5] 3/-1/-1->2->1 [6] 3/-1/-1->2->1 [7] 3/-1/-1->2->1
027ffb5017964723bac512bf427add6d000002:126821:126821 [0] NCCL INFO Channel 01/08 : 0 1 2 3
027ffb5017964723bac512bf427add6d000002:126824:126824 [3] NCCL INFO Trees [0] -1/-1/-1->3->2 [1] -1/-1/-1->3->2 [2] -1/-1/-1->3->2 [3] -1/-1/-1->3->2 [4] -1/-1/-1->3->2 [5] -1/-1/-1->3->2 [6] -1/-1/-1->3->2 [7] -1/-1/-1->3->2
027ffb5017964723bac512bf427add6d000002:126822:126822 [1] NCCL INFO Trees [0] 2/-1/-1->1->0 [1] 2/-1/-1->1->0 [2] 2/-1/-1->1->0 [3] 2/-1/-1->1->0 [4] 2/-1/-1->1->0 [5] 2/-1/-1->1->0 [6] 2/-1/-1->1->0 [7] 2/-1/-1->1->0
027ffb5017964723bac512bf427add6d000002:126823:126823 [2] NCCL INFO P2P Chunksize set to 131072
027ffb5017964723bac512bf427add6d000002:126821:126821 [0] NCCL INFO Channel 02/08 : 0 1 2 3
027ffb5017964723bac512bf427add6d000002:126824:126824 [3] NCCL INFO P2P Chunksize set to 131072
027ffb5017964723bac512bf427add6d000002:126822:126822 [1] NCCL INFO P2P Chunksize set to 131072
027ffb5017964723bac512bf427add6d000002:126821:126821 [0] NCCL INFO Channel 03/08 : 0 1 2 3
027ffb5017964723bac512bf427add6d000002:126821:126821 [0] NCCL INFO Channel 04/08 : 0 1 2 3
027ffb5017964723bac512bf427add6d000002:126821:126821 [0] NCCL INFO Channel 05/08 : 0 1 2 3
027ffb5017964723bac512bf427add6d000002:126821:126821 [0] NCCL INFO Channel 06/08 : 0 1 2 3
027ffb5017964723bac512bf427add6d000002:126821:126821 [0] NCCL INFO Channel 07/08 : 0 1 2 3
027ffb5017964723bac512bf427add6d000002:126821:126821 [0] NCCL INFO Trees [0] 1/-1/-1->0->-1 [1] 1/-1/-1->0->-1 [2] 1/-1/-1->0->-1 [3] 1/-1/-1->0->-1 [4] 1/-1/-1->0->-1 [5] 1/-1/-1->0->-1 [6] 1/-1/-1->0->-1 [7] 1/-1/-1->0->-1
027ffb5017964723bac512bf427add6d000002:126821:126821 [0] NCCL INFO P2P Chunksize set to 131072
027ffb5017964723bac512bf427add6d000002:126824:126824 [3] NCCL INFO PROFILER/Plugin: Could not find: libnccl-profiler.so
027ffb5017964723bac512bf427add6d000002:126824:126824 [3] NCCL INFO Check P2P Type isAllDirectP2p 0 directMode 0 isAllCudaP2p 0
027ffb5017964723bac512bf427add6d000002:126823:126823 [2] NCCL INFO PROFILER/Plugin: Could not find: libnccl-profiler.so
027ffb5017964723bac512bf427add6d000002:126823:126823 [2] NCCL INFO Check P2P Type isAllDirectP2p 0 directMode 0 isAllCudaP2p 0
027ffb5017964723bac512bf427add6d000002:126822:126822 [1] NCCL INFO PROFILER/Plugin: Could not find: libnccl-profiler.so
027ffb5017964723bac512bf427add6d000002:126822:126822 [1] NCCL INFO Check P2P Type isAllDirectP2p 0 directMode 0 isAllCudaP2p 0
027ffb5017964723bac512bf427add6d000002:126821:126821 [0] NCCL INFO PROFILER/Plugin: Could not find: libnccl-profiler.so
027ffb5017964723bac512bf427add6d000002:126821:126821 [0] NCCL INFO Check P2P Type isAllDirectP2p 0 directMode 0 isAllCudaP2p 0
027ffb5017964723bac512bf427add6d000002:126823:126857 [0] NCCL INFO [Proxy Service] Device 2 CPU core 61
027ffb5017964723bac512bf427add6d000002:126821:126861 [0] NCCL INFO [Proxy Service] Device 0 CPU core 20
027ffb5017964723bac512bf427add6d000002:126823:126859 [0] NCCL INFO [Proxy Service UDS] Device 2 CPU core 65
027ffb5017964723bac512bf427add6d000002:126822:126860 [0] NCCL INFO [Proxy Service] Device 1 CPU core 37
027ffb5017964723bac512bf427add6d000002:126821:126863 [0] NCCL INFO [Proxy Service UDS] Device 0 CPU core 10
027ffb5017964723bac512bf427add6d000002:126822:126862 [0] NCCL INFO [Proxy Service UDS] Device 1 CPU core 40
027ffb5017964723bac512bf427add6d000002:126824:126856 [0] NCCL INFO [Proxy Service] Device 3 CPU core 80
027ffb5017964723bac512bf427add6d000002:126824:126858 [0] NCCL INFO [Proxy Service UDS] Device 3 CPU core 78
027ffb5017964723bac512bf427add6d000002:126823:126823 [2] NCCL INFO TUNER/Plugin: Could not find: libnccl-tuner.so
027ffb5017964723bac512bf427add6d000002:126823:126823 [2] NCCL INFO threadThresholds 8/8/64 | 32/8/64 | 512 | 512
027ffb5017964723bac512bf427add6d000002:126823:126823 [2] NCCL INFO 8 coll channels, 8 collnet channels, 0 nvls channels, 8 p2p channels, 2 p2p channels per peer
027ffb5017964723bac512bf427add6d000002:126822:126822 [1] NCCL INFO TUNER/Plugin: Could not find: libnccl-tuner.so
027ffb5017964723bac512bf427add6d000002:126822:126822 [1] NCCL INFO threadThresholds 8/8/64 | 32/8/64 | 512 | 512
027ffb5017964723bac512bf427add6d000002:126822:126822 [1] NCCL INFO 8 coll channels, 8 collnet channels, 0 nvls channels, 8 p2p channels, 2 p2p channels per peer
027ffb5017964723bac512bf427add6d000002:126821:126821 [0] NCCL INFO TUNER/Plugin: Could not find: libnccl-tuner.so
027ffb5017964723bac512bf427add6d000002:126821:126821 [0] NCCL INFO threadThresholds 8/8/64 | 32/8/64 | 512 | 512
027ffb5017964723bac512bf427add6d000002:126821:126821 [0] NCCL INFO 8 coll channels, 8 collnet channels, 0 nvls channels, 8 p2p channels, 2 p2p channels per peer
027ffb5017964723bac512bf427add6d000002:126821:126821 [0] NCCL INFO CC Off, workFifoBytes 1048576
027ffb5017964723bac512bf427add6d000002:126824:126824 [3] NCCL INFO TUNER/Plugin: Could not find: libnccl-tuner.so
027ffb5017964723bac512bf427add6d000002:126824:126824 [3] NCCL INFO threadThresholds 8/8/64 | 32/8/64 | 512 | 512
027ffb5017964723bac512bf427add6d000002:126824:126824 [3] NCCL INFO 8 coll channels, 8 collnet channels, 0 nvls channels, 8 p2p channels, 2 p2p channels per peer
027ffb5017964723bac512bf427add6d000002:126823:126823 [2] NCCL INFO ncclCommInitRankConfig comm 0x1b9ce3c0 rank 2 nranks 4 cudaDev 2 nvmlDev 2 busId 300000 commId 0x2121eb7f2230d2b8 - Init COMPLETE
027ffb5017964723bac512bf427add6d000002:126821:126821 [0] NCCL INFO ncclCommInitRankConfig comm 0x478995f0 rank 0 nranks 4 cudaDev 0 nvmlDev 0 busId 100000 commId 0x2121eb7f2230d2b8 - Init COMPLETE
027ffb5017964723bac512bf427add6d000002:126822:126822 [1] NCCL INFO ncclCommInitRankConfig comm 0x36f103f0 rank 1 nranks 4 cudaDev 1 nvmlDev 1 busId 200000 commId 0x2121eb7f2230d2b8 - Init COMPLETE
027ffb5017964723bac512bf427add6d000002:126823:126823 [2] NCCL INFO Init timings - ncclCommInitRankConfig: rank 2 nranks 4 total 0.15 (kernels 0.11, alloc 0.00, bootstrap 0.00, allgathers 0.00, topo 0.02, graphs 0.00, connections 0.01, rest 0.00)
027ffb5017964723bac512bf427add6d000002:126821:126821 [0] NCCL INFO Init timings - ncclCommInitRankConfig: rank 0 nranks 4 total 0.35 (kernels 0.16, alloc 0.01, bootstrap 0.15, allgathers 0.00, topo 0.02, graphs 0.00, connections 0.02, rest 0.00)
027ffb5017964723bac512bf427add6d000002:126824:126824 [3] NCCL INFO ncclCommInitRankConfig comm 0x249e75d0 rank 3 nranks 4 cudaDev 3 nvmlDev 3 busId 400000 commId 0x2121eb7f2230d2b8 - Init COMPLETE
027ffb5017964723bac512bf427add6d000002:126822:126822 [1] NCCL INFO Init timings - ncclCommInitRankConfig: rank 1 nranks 4 total 0.35 (kernels 0.15, alloc 0.01, bootstrap 0.15, allgathers 0.00, topo 0.02, graphs 0.00, connections 0.02, rest 0.00)
027ffb5017964723bac512bf427add6d000002:126824:126824 [3] NCCL INFO Init timings - ncclCommInitRankConfig: rank 3 nranks 4 total 0.22 (kernels 0.11, alloc 0.00, bootstrap 0.07, allgathers 0.00, topo 0.02, graphs 0.00, connections 0.02, rest 0.00)
027ffb5017964723bac512bf427add6d000002:126824:126824 [3] NCCL INFO Channel 00 : 3[3] -> 0[0] via SHM/direct/direct
027ffb5017964723bac512bf427add6d000002:126822:126822 [1] NCCL INFO Channel 00 : 1[1] -> 2[2] via SHM/direct/direct
027ffb5017964723bac512bf427add6d000002:126824:126824 [3] NCCL INFO Channel 01 : 3[3] -> 0[0] via SHM/direct/direct
027ffb5017964723bac512bf427add6d000002:126822:126822 [1] NCCL INFO Channel 01 : 1[1] -> 2[2] via SHM/direct/direct
027ffb5017964723bac512bf427add6d000002:126822:126822 [1] NCCL INFO Channel 02 : 1[1] -> 2[2] via SHM/direct/direct
027ffb5017964723bac512bf427add6d000002:126824:126824 [3] NCCL INFO Channel 02 : 3[3] -> 0[0] via SHM/direct/direct
027ffb5017964723bac512bf427add6d000002:126822:126822 [1] NCCL INFO Channel 03 : 1[1] -> 2[2] via SHM/direct/direct
027ffb5017964723bac512bf427add6d000002:126824:126824 [3] NCCL INFO Channel 03 : 3[3] -> 0[0] via SHM/direct/direct
027ffb5017964723bac512bf427add6d000002:126822:126822 [1] NCCL INFO Channel 04 : 1[1] -> 2[2] via SHM/direct/direct
027ffb5017964723bac512bf427add6d000002:126824:126824 [3] NCCL INFO Channel 04 : 3[3] -> 0[0] via SHM/direct/direct
027ffb5017964723bac512bf427add6d000002:126823:126823 [2] NCCL INFO Channel 00/0 : 2[2] -> 3[3] via P2P/CUMEM/read
027ffb5017964723bac512bf427add6d000002:126821:126821 [0] NCCL INFO Channel 00/0 : 0[0] -> 1[1] via P2P/CUMEM/read
027ffb5017964723bac512bf427add6d000002:126821:126821 [0] NCCL INFO Channel 01/0 : 0[0] -> 1[1] via P2P/CUMEM/read
027ffb5017964723bac512bf427add6d000002:126823:126823 [2] NCCL INFO Channel 01/0 : 2[2] -> 3[3] via P2P/CUMEM/read
027ffb5017964723bac512bf427add6d000002:126822:126822 [1] NCCL INFO Channel 05 : 1[1] -> 2[2] via SHM/direct/direct
027ffb5017964723bac512bf427add6d000002:126824:126824 [3] NCCL INFO Channel 05 : 3[3] -> 0[0] via SHM/direct/direct
027ffb5017964723bac512bf427add6d000002:126821:126821 [0] NCCL INFO Channel 02/0 : 0[0] -> 1[1] via P2P/CUMEM/read
027ffb5017964723bac512bf427add6d000002:126823:126823 [2] NCCL INFO Channel 02/0 : 2[2] -> 3[3] via P2P/CUMEM/read
027ffb5017964723bac512bf427add6d000002:126823:126823 [2] NCCL INFO Channel 03/0 : 2[2] -> 3[3] via P2P/CUMEM/read
027ffb5017964723bac512bf427add6d000002:126821:126821 [0] NCCL INFO Channel 03/0 : 0[0] -> 1[1] via P2P/CUMEM/read
027ffb5017964723bac512bf427add6d000002:126822:126822 [1] NCCL INFO Channel 06 : 1[1] -> 2[2] via SHM/direct/direct
027ffb5017964723bac512bf427add6d000002:126824:126824 [3] NCCL INFO Channel 06 : 3[3] -> 0[0] via SHM/direct/direct
027ffb5017964723bac512bf427add6d000002:126823:126823 [2] NCCL INFO Channel 04/0 : 2[2] -> 3[3] via P2P/CUMEM/read
027ffb5017964723bac512bf427add6d000002:126823:126823 [2] NCCL INFO Channel 05/0 : 2[2] -> 3[3] via P2P/CUMEM/read
027ffb5017964723bac512bf427add6d000002:126821:126821 [0] NCCL INFO Channel 04/0 : 0[0] -> 1[1] via P2P/CUMEM/read
027ffb5017964723bac512bf427add6d000002:126824:126824 [3] NCCL INFO Channel 07 : 3[3] -> 0[0] via SHM/direct/direct
027ffb5017964723bac512bf427add6d000002:126823:126823 [2] NCCL INFO Channel 06/0 : 2[2] -> 3[3] via P2P/CUMEM/read
027ffb5017964723bac512bf427add6d000002:126821:126821 [0] NCCL INFO Channel 05/0 : 0[0] -> 1[1] via P2P/CUMEM/read
027ffb5017964723bac512bf427add6d000002:126822:126822 [1] NCCL INFO Channel 07 : 1[1] -> 2[2] via SHM/direct/direct
027ffb5017964723bac512bf427add6d000002:126823:126823 [2] NCCL INFO Channel 07/0 : 2[2] -> 3[3] via P2P/CUMEM/read
027ffb5017964723bac512bf427add6d000002:126821:126821 [0] NCCL INFO Channel 06/0 : 0[0] -> 1[1] via P2P/CUMEM/read
027ffb5017964723bac512bf427add6d000002:126821:126821 [0] NCCL INFO Channel 07/0 : 0[0] -> 1[1] via P2P/CUMEM/read
027ffb5017964723bac512bf427add6d000002:126823:126823 [2] NCCL INFO Connected all rings, use ring PXN 0 GDR 1
027ffb5017964723bac512bf427add6d000002:126821:126821 [0] NCCL INFO Connected all rings, use ring PXN 0 GDR 1
027ffb5017964723bac512bf427add6d000002:126824:126824 [3] NCCL INFO Connected all rings, use ring PXN 0 GDR 1
027ffb5017964723bac512bf427add6d000002:126822:126822 [1] NCCL INFO Connected all rings, use ring PXN 0 GDR 1
Hyperparameters:
  adam_eps: 1e-08
  adam_wd: 0.02
  beta1: 0.9
  beta2: 0.95
  compressor: brotli
  conv_kernel_size: 4
  data_dir: ./data2/
  datasets_dir: ./data2/datasets/fineweb10B_sp8192
  delta_chunk_size: 64
  distributed: True
  ema_decay: 0.9965
  embed_bits: 8
  embed_clip_sigmas: 20.0
  embed_lr: 0.3
  embed_wd: 0.085
  embedding_dim: 512
  enable_looping_at: 0.35
  etlb_clip: 3.0
  etlb_enabled: False
  etlb_lr: 0.05
  etlb_steps: 5
  eval_seq_len: 2048
  eval_stride: 64
  gptq_calibration_batches: 64
  gptq_reserve_seconds: 12.0
  grad_accum_steps: 2
  grad_clip_norm: 0.3
  head_lr: 0.008
  is_main_process: True
  iterations: 20000
  linear_attn_ratio: 0.0
  ln_scale: True
  local_rank: 0
  logfile: logs/screen_embedlr03.txt
  logit_softcap: 30.0
  loop_end: 5
  loop_start: 3
  matrix_bits: 6
  matrix_clip_sigmas: 12.85
  matrix_lr: 0.022
  max_wallclock_seconds: 1800.0
  min_lr: 0.0
  mlp_mult: 4.0
  model_dim: 512
  model_path: final_model.pt
  muon_backend_steps: 5
  muon_beta2: 0.95
  muon_momentum: 0.99
  muon_momentum_warmup_start: 0.92
  muon_momentum_warmup_steps: 1500
  muon_row_normalize: True
  muon_wd: 0.095
  num_heads: 8
  num_kv_heads: 4
  num_layers: 11
  num_loops: 2
  parallel_residual_start: 7
  qk_gain_init: 5.25
  quantized_model_path: final_model.int6.ptz
  rank: 0
  rope_base: 10000.0
  rope_dims: 16
  rope_train_seq_len: 2048
  run_id: screen_embedlr03
  scalar_lr: 0.02
  seed: 1337
  skip_gates_enabled: True
  sliding_window_enabled: True
  tie_embeddings: True
  tied_embed_init_std: 0.005
  tied_embed_lr: 0.03
  tokenizer_path: ./data2/tokenizers/fineweb_8192_bpe.model
  train_batch_tokens: 786432
  train_files: ./data2/datasets/fineweb10B_sp8192/fineweb_train_*.bin
  train_log_every: 500
  train_seq_len: 2048
  ttt_chunk_tokens: 32768
  ttt_enabled: False
  ttt_epochs: 3
  ttt_lr: 0.005
  ttt_momentum: 0.9
  val_batch_tokens: 524288
  val_files: ./data2/datasets/fineweb10B_sp8192/fineweb_val_*.bin
  val_loss_every: 500
  vocab_size: 8192
  warmdown_frac: 0.85
  warmup_steps: 20
  world_size: 4
  xsa_last_n: 11
train_shards: 128
val_tokens: 40540160
model_params:38828120
layer_types:['full', 'full', 'full', 'full', 'full', 'full', 'full', 'full', 'full', 'full', 'full']
gptq:reserving 12s, effective=1788000ms
warmup_step: 1/20
warmup_step: 2/20
warmup_step: 3/20
warmup_step: 4/20
warmup_step: 5/20
warmup_step: 6/20
warmup_step: 10/20
warmup_step: 20/20
loop_warmup:enabled encoder:[0, 1, 2, 3, 4, 5, 3, 4] decoder:[5, 3, 4, 5, 6, 7, 8, 9, 10]
loop_warmup_step: 1/20
loop_warmup_step: 2/20
loop_warmup_step: 3/20
loop_warmup_step: 4/20
loop_warmup_step: 5/20
loop_warmup_step: 6/20
loop_warmup_step: 10/20
loop_warmup_step: 20/20
0/20000 val_loss: 9.0063 val_bpb: 3.4866
1/20000 train_loss: 9.0081 train_time: 0.0m tok/s: 1529143
2/20000 train_loss: 12.2403 train_time: 0.0m tok/s: 1485013
3/20000 train_loss: 10.9664 train_time: 0.0m tok/s: 1469218
4/20000 train_loss: 9.4490 train_time: 0.0m tok/s: 1459492
5/20000 train_loss: 8.3605 train_time: 0.0m tok/s: 1454622
500/20000 train_loss: 3.3413 train_time: 4.6m tok/s: 1420468
500/20000 val_loss: 3.3107 val_bpb: 1.2817
1000/20000 train_loss: 3.1626 train_time: 9.2m tok/s: 1424813
1000/20000 val_loss: 3.1668 val_bpb: 1.2260
layer_loop:enabled step:1135 frac:0.350 encoder:[0, 1, 2, 3, 4, 5, 3, 4] decoder:[5, 3, 4, 5, 6, 7, 8, 9, 10]
1500/20000 train_loss: 3.0885 train_time: 15.7m tok/s: 1255439
1500/20000 val_loss: 3.0608 val_bpb: 1.1849
2000/20000 train_loss: 2.9956 train_time: 22.9m tok/s: 1147039
2000/20000 val_loss: 2.9537 val_bpb: 1.1435
2486/20000 val_loss: 2.8671 val_bpb: 1.1099
stopping_early: wallclock_cap train_time: 1788722ms step: 2486/20000
peak memory allocated: 44330 MiB reserved: 44508 MiB
ema:applying EMA weights
pre-quantization post-ema val_loss:2.86862940 val_bpb:1.11053583 eval_time:18410ms
Serialized model: 146965369 bytes
Code size: 70456 bytes
GPTQ:collecting Hessians from calibration data...
GPTQ:collected 67 Hessians in 27.9s
Quantized weights:
  gptq (int6): blocks.attn.c_k.weight, blocks.attn.c_q.weight, blocks.attn.c_v.weight, blocks.attn.proj.weight, blocks.mlp.fc.weight, blocks.mlp.proj.weight
  gptq (int8): tok_emb.weight
  passthrough (float16): blocks.attn.q_gain, blocks.attn_scale, blocks.mlp_scale, blocks.resid_mix, skip_gates, skip_weights
Serialized model quantized+brotli: 17209332 bytes
Total submission size quantized+brotli: 17279788 bytes
quantized val_loss:2.89052025 val_bpb:1.11901047 eval_time:20816ms
quantized_sliding_window val_loss:2.84772078 val_bpb:1.10244146 eval_time:458061ms
027ffb5017964723bac512bf427add6d000002:126824:126824 [3] NCCL INFO comm 0x249e75d0 rank 3 nranks 4 cudaDev 3 busId 400000 - Destroy COMPLETE
027ffb5017964723bac512bf427add6d000002:126823:126823 [2] NCCL INFO comm 0x1b9ce3c0 rank 2 nranks 4 cudaDev 2 busId 300000 - Destroy COMPLETE
027ffb5017964723bac512bf427add6d000002:126821:126821 [0] NCCL INFO comm 0x478995f0 rank 0 nranks 4 cudaDev 0 busId 100000 - Destroy COMPLETE
027ffb5017964723bac512bf427add6d000002:126822:126822 [1] NCCL INFO comm 0x36f103f0 rank 1 nranks 4 cudaDev 1 busId 200000 - Destroy COMPLETE
027ffb5017964723bac512bf427add6d000002:126824:126824 [3] NCCL INFO ENV/Plugin: Closing env plugin ncclEnvDefault
027ffb5017964723bac512bf427add6d000002:126823:126823 [2] NCCL INFO ENV/Plugin: Closing env plugin ncclEnvDefault
027ffb5017964723bac512bf427add6d000002:126821:126821 [0] NCCL INFO ENV/Plugin: Closing env plugin ncclEnvDefault
027ffb5017964723bac512bf427add6d000002:126822:126822 [1] NCCL INFO ENV/Plugin: Closing env plugin ncclEnvDefault
