W0411 18:14:50.637000 130954 torch/distributed/run.py:851] 
W0411 18:14:50.637000 130954 torch/distributed/run.py:851] *****************************************
W0411 18:14:50.637000 130954 torch/distributed/run.py:851] Setting OMP_NUM_THREADS environment variable for each process to be 1 in default, to avoid your system being overloaded, please further tune the variable for optimal performance in your application as needed. 
W0411 18:14:50.637000 130954 torch/distributed/run.py:851] *****************************************
027ffb5017964723bac512bf427add6d000002:131022:131022 [0] NCCL INFO ENV/Plugin: Could not find: libnccl-env.so
027ffb5017964723bac512bf427add6d000002:131022:131022 [0] NCCL INFO Stack size limit (unlimited) is unsafe; will use 8192KB for newly launched threads
027ffb5017964723bac512bf427add6d000002:131022:131022 [0] NCCL INFO NCCL_SOCKET_IFNAME set by environment to eth0
027ffb5017964723bac512bf427add6d000002:131022:131022 [0] NCCL INFO Bootstrap: Using eth0:10.0.0.5<0>
027ffb5017964723bac512bf427add6d000002:131022:131022 [0] NCCL INFO cudaDriverVersion 13020
027ffb5017964723bac512bf427add6d000002:131022:131022 [0] NCCL INFO NCCL version 2.28.9+cuda13.0
027ffb5017964723bac512bf427add6d000002:131024:131024 [2] NCCL INFO ENV/Plugin: Could not find: libnccl-env.so
027ffb5017964723bac512bf427add6d000002:131025:131025 [3] NCCL INFO ENV/Plugin: Could not find: libnccl-env.so
027ffb5017964723bac512bf427add6d000002:131023:131023 [1] NCCL INFO ENV/Plugin: Could not find: libnccl-env.so
027ffb5017964723bac512bf427add6d000002:131024:131024 [2] NCCL INFO cudaDriverVersion 13020
027ffb5017964723bac512bf427add6d000002:131025:131025 [3] NCCL INFO cudaDriverVersion 13020
027ffb5017964723bac512bf427add6d000002:131023:131023 [1] NCCL INFO cudaDriverVersion 13020
027ffb5017964723bac512bf427add6d000002:131024:131024 [2] NCCL INFO Stack size limit (unlimited) is unsafe; will use 8192KB for newly launched threads
027ffb5017964723bac512bf427add6d000002:131024:131024 [2] NCCL INFO NCCL_SOCKET_IFNAME set by environment to eth0
027ffb5017964723bac512bf427add6d000002:131024:131024 [2] NCCL INFO Bootstrap: Using eth0:10.0.0.5<0>
027ffb5017964723bac512bf427add6d000002:131024:131024 [2] NCCL INFO NCCL version 2.28.9+cuda13.0
027ffb5017964723bac512bf427add6d000002:131025:131025 [3] NCCL INFO Stack size limit (unlimited) is unsafe; will use 8192KB for newly launched threads
027ffb5017964723bac512bf427add6d000002:131025:131025 [3] NCCL INFO NCCL_SOCKET_IFNAME set by environment to eth0
027ffb5017964723bac512bf427add6d000002:131023:131023 [1] NCCL INFO Stack size limit (unlimited) is unsafe; will use 8192KB for newly launched threads
027ffb5017964723bac512bf427add6d000002:131023:131023 [1] NCCL INFO NCCL_SOCKET_IFNAME set by environment to eth0
027ffb5017964723bac512bf427add6d000002:131022:131022 [0] NCCL INFO Comm config Blocking set to 1
027ffb5017964723bac512bf427add6d000002:131025:131025 [3] NCCL INFO Bootstrap: Using eth0:10.0.0.5<0>
027ffb5017964723bac512bf427add6d000002:131023:131023 [1] NCCL INFO Bootstrap: Using eth0:10.0.0.5<0>
027ffb5017964723bac512bf427add6d000002:131025:131025 [3] NCCL INFO NCCL version 2.28.9+cuda13.0
027ffb5017964723bac512bf427add6d000002:131023:131023 [1] NCCL INFO NCCL version 2.28.9+cuda13.0
027ffb5017964723bac512bf427add6d000002:131024:131024 [2] NCCL INFO Comm config Blocking set to 1
027ffb5017964723bac512bf427add6d000002:131025:131025 [3] NCCL INFO Comm config Blocking set to 1
027ffb5017964723bac512bf427add6d000002:131023:131023 [1] NCCL INFO Comm config Blocking set to 1
027ffb5017964723bac512bf427add6d000002:131022:131022 [0] NCCL INFO NET/Plugin: Could not find: libnccl-net.so
027ffb5017964723bac512bf427add6d000002:131022:131022 [0] NCCL INFO NCCL_IB_DISABLE set by environment to 1.
027ffb5017964723bac512bf427add6d000002:131022:131022 [0] NCCL INFO transport/net_ib.cc:852 -> 3
027ffb5017964723bac512bf427add6d000002:131022:131022 [0] NCCL INFO Failed to initialize NET plugin IB
027ffb5017964723bac512bf427add6d000002:131022:131022 [0] NCCL INFO NCCL_SOCKET_IFNAME set by environment to eth0
027ffb5017964723bac512bf427add6d000002:131022:131022 [0] NCCL INFO NET/Socket : Using [0]eth0:10.0.0.5<0>
027ffb5017964723bac512bf427add6d000002:131022:131022 [0] NCCL INFO Initialized NET plugin Socket
027ffb5017964723bac512bf427add6d000002:131022:131022 [0] NCCL INFO Assigned NET plugin Socket to comm
027ffb5017964723bac512bf427add6d000002:131022:131022 [0] NCCL INFO Using network Socket
027ffb5017964723bac512bf427add6d000002:131024:131024 [2] NCCL INFO NET/Plugin: Could not find: libnccl-net.so
027ffb5017964723bac512bf427add6d000002:131024:131024 [2] NCCL INFO NCCL_IB_DISABLE set by environment to 1.
027ffb5017964723bac512bf427add6d000002:131024:131024 [2] NCCL INFO transport/net_ib.cc:852 -> 3
027ffb5017964723bac512bf427add6d000002:131024:131024 [2] NCCL INFO Failed to initialize NET plugin IB
027ffb5017964723bac512bf427add6d000002:131024:131024 [2] NCCL INFO NCCL_SOCKET_IFNAME set by environment to eth0
027ffb5017964723bac512bf427add6d000002:131025:131025 [3] NCCL INFO NET/Plugin: Could not find: libnccl-net.so
027ffb5017964723bac512bf427add6d000002:131025:131025 [3] NCCL INFO NCCL_IB_DISABLE set by environment to 1.
027ffb5017964723bac512bf427add6d000002:131025:131025 [3] NCCL INFO transport/net_ib.cc:852 -> 3
027ffb5017964723bac512bf427add6d000002:131025:131025 [3] NCCL INFO Failed to initialize NET plugin IB
027ffb5017964723bac512bf427add6d000002:131025:131025 [3] NCCL INFO NCCL_SOCKET_IFNAME set by environment to eth0
027ffb5017964723bac512bf427add6d000002:131024:131024 [2] NCCL INFO NET/Socket : Using [0]eth0:10.0.0.5<0>
027ffb5017964723bac512bf427add6d000002:131024:131024 [2] NCCL INFO Initialized NET plugin Socket
027ffb5017964723bac512bf427add6d000002:131024:131024 [2] NCCL INFO Assigned NET plugin Socket to comm
027ffb5017964723bac512bf427add6d000002:131024:131024 [2] NCCL INFO Using network Socket
027ffb5017964723bac512bf427add6d000002:131025:131025 [3] NCCL INFO NET/Socket : Using [0]eth0:10.0.0.5<0>
027ffb5017964723bac512bf427add6d000002:131025:131025 [3] NCCL INFO Initialized NET plugin Socket
027ffb5017964723bac512bf427add6d000002:131025:131025 [3] NCCL INFO Assigned NET plugin Socket to comm
027ffb5017964723bac512bf427add6d000002:131025:131025 [3] NCCL INFO Using network Socket
027ffb5017964723bac512bf427add6d000002:131023:131023 [1] NCCL INFO NET/Plugin: Could not find: libnccl-net.so
027ffb5017964723bac512bf427add6d000002:131023:131023 [1] NCCL INFO NCCL_IB_DISABLE set by environment to 1.
027ffb5017964723bac512bf427add6d000002:131023:131023 [1] NCCL INFO transport/net_ib.cc:852 -> 3
027ffb5017964723bac512bf427add6d000002:131023:131023 [1] NCCL INFO Failed to initialize NET plugin IB
027ffb5017964723bac512bf427add6d000002:131023:131023 [1] NCCL INFO NCCL_SOCKET_IFNAME set by environment to eth0
027ffb5017964723bac512bf427add6d000002:131023:131023 [1] NCCL INFO NET/Socket : Using [0]eth0:10.0.0.5<0>
027ffb5017964723bac512bf427add6d000002:131023:131023 [1] NCCL INFO Initialized NET plugin Socket
027ffb5017964723bac512bf427add6d000002:131023:131023 [1] NCCL INFO Assigned NET plugin Socket to comm
027ffb5017964723bac512bf427add6d000002:131023:131023 [1] NCCL INFO Using network Socket
027ffb5017964723bac512bf427add6d000002:131022:131022 [0] NCCL INFO ncclCommInitRankConfig comm 0x191208b0 rank 0 nranks 4 cudaDev 0 nvmlDev 0 busId 100000 commId 0xdcedc3c377f6b82f - Init START
027ffb5017964723bac512bf427add6d000002:131024:131024 [2] NCCL INFO ncclCommInitRankConfig comm 0x46bfe7a0 rank 2 nranks 4 cudaDev 2 nvmlDev 2 busId 300000 commId 0xdcedc3c377f6b82f - Init START
027ffb5017964723bac512bf427add6d000002:131025:131025 [3] NCCL INFO ncclCommInitRankConfig comm 0x3675e8a0 rank 3 nranks 4 cudaDev 3 nvmlDev 3 busId 400000 commId 0xdcedc3c377f6b82f - Init START
027ffb5017964723bac512bf427add6d000002:131023:131023 [1] NCCL INFO ncclCommInitRankConfig comm 0x13f5c150 rank 1 nranks 4 cudaDev 1 nvmlDev 1 busId 200000 commId 0xdcedc3c377f6b82f - Init START
027ffb5017964723bac512bf427add6d000002:131025:131025 [3] NCCL INFO RAS client listening socket at 127.0.0.1<28028>
027ffb5017964723bac512bf427add6d000002:131022:131022 [0] NCCL INFO RAS client listening socket at 127.0.0.1<28028>
027ffb5017964723bac512bf427add6d000002:131024:131024 [2] NCCL INFO RAS client listening socket at 127.0.0.1<28028>
027ffb5017964723bac512bf427add6d000002:131023:131023 [1] NCCL INFO RAS client listening socket at 127.0.0.1<28028>
027ffb5017964723bac512bf427add6d000002:131022:131022 [0] NCCL INFO Bootstrap timings total 0.003694 (create 0.000039, send 0.000170, recv 0.002845, ring 0.000171, delay 0.000001)
027ffb5017964723bac512bf427add6d000002:131023:131023 [1] NCCL INFO Bootstrap timings total 0.001181 (create 0.000044, send 0.000150, recv 0.000470, ring 0.000121, delay 0.000001)
027ffb5017964723bac512bf427add6d000002:131025:131025 [3] NCCL INFO Bootstrap timings total 0.001380 (create 0.000045, send 0.000155, recv 0.000340, ring 0.000433, delay 0.000001)
027ffb5017964723bac512bf427add6d000002:131024:131024 [2] NCCL INFO Bootstrap timings total 0.001654 (create 0.000041, send 0.000146, recv 0.000498, ring 0.000104, delay 0.000001)
027ffb5017964723bac512bf427add6d000002:131025:131025 [3] NCCL INFO ncclTopoGetCpuAffinity: Affinity for GPU 3 is 72-95. (GPU affinity = 72-95 ; CPU affinity = 0-95).
027ffb5017964723bac512bf427add6d000002:131024:131024 [2] NCCL INFO ncclTopoGetCpuAffinity: Affinity for GPU 2 is 48-71. (GPU affinity = 48-71 ; CPU affinity = 0-95).
027ffb5017964723bac512bf427add6d000002:131025:131025 [3] NCCL INFO NVLS multicast support is not available on dev 3 (NVLS_NCHANNELS 0)
027ffb5017964723bac512bf427add6d000002:131024:131024 [2] NCCL INFO NVLS multicast support is not available on dev 2 (NVLS_NCHANNELS 0)
027ffb5017964723bac512bf427add6d000002:131023:131023 [1] NCCL INFO ncclTopoGetCpuAffinity: Affinity for GPU 1 is 24-47. (GPU affinity = 24-47 ; CPU affinity = 0-95).
027ffb5017964723bac512bf427add6d000002:131023:131023 [1] NCCL INFO NVLS multicast support is not available on dev 1 (NVLS_NCHANNELS 0)
027ffb5017964723bac512bf427add6d000002:131022:131022 [0] NCCL INFO ncclTopoGetCpuAffinity: Affinity for GPU 0 is 0-23. (GPU affinity = 0-23 ; CPU affinity = 0-95).
027ffb5017964723bac512bf427add6d000002:131022:131022 [0] NCCL INFO NVLS multicast support is not available on dev 0 (NVLS_NCHANNELS 0)
027ffb5017964723bac512bf427add6d000002:131023:131023 [1] NCCL INFO comm 0x13f5c150 rank 1 nRanks 4 nNodes 1 localRanks 4 localRank 1 MNNVL 0
027ffb5017964723bac512bf427add6d000002:131024:131024 [2] NCCL INFO comm 0x46bfe7a0 rank 2 nRanks 4 nNodes 1 localRanks 4 localRank 2 MNNVL 0
027ffb5017964723bac512bf427add6d000002:131022:131022 [0] NCCL INFO comm 0x191208b0 rank 0 nRanks 4 nNodes 1 localRanks 4 localRank 0 MNNVL 0
027ffb5017964723bac512bf427add6d000002:131025:131025 [3] NCCL INFO comm 0x3675e8a0 rank 3 nRanks 4 nNodes 1 localRanks 4 localRank 3 MNNVL 0
027ffb5017964723bac512bf427add6d000002:131023:131023 [1] NCCL INFO Trees [0] 2/-1/-1->1->0 [1] 2/-1/-1->1->0 [2] 2/-1/-1->1->0 [3] 2/-1/-1->1->0 [4] 2/-1/-1->1->0 [5] 2/-1/-1->1->0 [6] 2/-1/-1->1->0 [7] 2/-1/-1->1->0
027ffb5017964723bac512bf427add6d000002:131024:131024 [2] NCCL INFO Trees [0] 3/-1/-1->2->1 [1] 3/-1/-1->2->1 [2] 3/-1/-1->2->1 [3] 3/-1/-1->2->1 [4] 3/-1/-1->2->1 [5] 3/-1/-1->2->1 [6] 3/-1/-1->2->1 [7] 3/-1/-1->2->1
027ffb5017964723bac512bf427add6d000002:131023:131023 [1] NCCL INFO P2P Chunksize set to 131072
027ffb5017964723bac512bf427add6d000002:131025:131025 [3] NCCL INFO Trees [0] -1/-1/-1->3->2 [1] -1/-1/-1->3->2 [2] -1/-1/-1->3->2 [3] -1/-1/-1->3->2 [4] -1/-1/-1->3->2 [5] -1/-1/-1->3->2 [6] -1/-1/-1->3->2 [7] -1/-1/-1->3->2
027ffb5017964723bac512bf427add6d000002:131022:131022 [0] NCCL INFO Channel 00/08 : 0 1 2 3
027ffb5017964723bac512bf427add6d000002:131024:131024 [2] NCCL INFO P2P Chunksize set to 131072
027ffb5017964723bac512bf427add6d000002:131025:131025 [3] NCCL INFO P2P Chunksize set to 131072
027ffb5017964723bac512bf427add6d000002:131022:131022 [0] NCCL INFO Channel 01/08 : 0 1 2 3
027ffb5017964723bac512bf427add6d000002:131022:131022 [0] NCCL INFO Channel 02/08 : 0 1 2 3
027ffb5017964723bac512bf427add6d000002:131022:131022 [0] NCCL INFO Channel 03/08 : 0 1 2 3
027ffb5017964723bac512bf427add6d000002:131022:131022 [0] NCCL INFO Channel 04/08 : 0 1 2 3
027ffb5017964723bac512bf427add6d000002:131022:131022 [0] NCCL INFO Channel 05/08 : 0 1 2 3
027ffb5017964723bac512bf427add6d000002:131022:131022 [0] NCCL INFO Channel 06/08 : 0 1 2 3
027ffb5017964723bac512bf427add6d000002:131022:131022 [0] NCCL INFO Channel 07/08 : 0 1 2 3
027ffb5017964723bac512bf427add6d000002:131022:131022 [0] NCCL INFO Trees [0] 1/-1/-1->0->-1 [1] 1/-1/-1->0->-1 [2] 1/-1/-1->0->-1 [3] 1/-1/-1->0->-1 [4] 1/-1/-1->0->-1 [5] 1/-1/-1->0->-1 [6] 1/-1/-1->0->-1 [7] 1/-1/-1->0->-1
027ffb5017964723bac512bf427add6d000002:131022:131022 [0] NCCL INFO P2P Chunksize set to 131072
027ffb5017964723bac512bf427add6d000002:131025:131025 [3] NCCL INFO PROFILER/Plugin: Could not find: libnccl-profiler.so
027ffb5017964723bac512bf427add6d000002:131024:131024 [2] NCCL INFO PROFILER/Plugin: Could not find: libnccl-profiler.so
027ffb5017964723bac512bf427add6d000002:131025:131025 [3] NCCL INFO Check P2P Type isAllDirectP2p 0 directMode 0 isAllCudaP2p 0
027ffb5017964723bac512bf427add6d000002:131024:131024 [2] NCCL INFO Check P2P Type isAllDirectP2p 0 directMode 0 isAllCudaP2p 0
027ffb5017964723bac512bf427add6d000002:131023:131023 [1] NCCL INFO PROFILER/Plugin: Could not find: libnccl-profiler.so
027ffb5017964723bac512bf427add6d000002:131023:131023 [1] NCCL INFO Check P2P Type isAllDirectP2p 0 directMode 0 isAllCudaP2p 0
027ffb5017964723bac512bf427add6d000002:131022:131022 [0] NCCL INFO PROFILER/Plugin: Could not find: libnccl-profiler.so
027ffb5017964723bac512bf427add6d000002:131022:131022 [0] NCCL INFO Check P2P Type isAllDirectP2p 0 directMode 0 isAllCudaP2p 0
027ffb5017964723bac512bf427add6d000002:131024:131052 [0] NCCL INFO [Proxy Service] Device 2 CPU core 61
027ffb5017964723bac512bf427add6d000002:131024:131054 [0] NCCL INFO [Proxy Service UDS] Device 2 CPU core 68
027ffb5017964723bac512bf427add6d000002:131025:131051 [0] NCCL INFO [Proxy Service] Device 3 CPU core 87
027ffb5017964723bac512bf427add6d000002:131023:131053 [0] NCCL INFO [Proxy Service] Device 1 CPU core 36
027ffb5017964723bac512bf427add6d000002:131025:131057 [0] NCCL INFO [Proxy Service UDS] Device 3 CPU core 88
027ffb5017964723bac512bf427add6d000002:131022:131056 [0] NCCL INFO [Proxy Service] Device 0 CPU core 9
027ffb5017964723bac512bf427add6d000002:131023:131055 [0] NCCL INFO [Proxy Service UDS] Device 1 CPU core 45
027ffb5017964723bac512bf427add6d000002:131022:131058 [0] NCCL INFO [Proxy Service UDS] Device 0 CPU core 21
027ffb5017964723bac512bf427add6d000002:131022:131022 [0] NCCL INFO TUNER/Plugin: Could not find: libnccl-tuner.so
027ffb5017964723bac512bf427add6d000002:131022:131022 [0] NCCL INFO threadThresholds 8/8/64 | 32/8/64 | 512 | 512
027ffb5017964723bac512bf427add6d000002:131022:131022 [0] NCCL INFO 8 coll channels, 8 collnet channels, 0 nvls channels, 8 p2p channels, 2 p2p channels per peer
027ffb5017964723bac512bf427add6d000002:131025:131025 [3] NCCL INFO TUNER/Plugin: Could not find: libnccl-tuner.so
027ffb5017964723bac512bf427add6d000002:131025:131025 [3] NCCL INFO threadThresholds 8/8/64 | 32/8/64 | 512 | 512
027ffb5017964723bac512bf427add6d000002:131025:131025 [3] NCCL INFO 8 coll channels, 8 collnet channels, 0 nvls channels, 8 p2p channels, 2 p2p channels per peer
027ffb5017964723bac512bf427add6d000002:131023:131023 [1] NCCL INFO TUNER/Plugin: Could not find: libnccl-tuner.so
027ffb5017964723bac512bf427add6d000002:131023:131023 [1] NCCL INFO threadThresholds 8/8/64 | 32/8/64 | 512 | 512
027ffb5017964723bac512bf427add6d000002:131023:131023 [1] NCCL INFO 8 coll channels, 8 collnet channels, 0 nvls channels, 8 p2p channels, 2 p2p channels per peer
027ffb5017964723bac512bf427add6d000002:131024:131024 [2] NCCL INFO TUNER/Plugin: Could not find: libnccl-tuner.so
027ffb5017964723bac512bf427add6d000002:131024:131024 [2] NCCL INFO threadThresholds 8/8/64 | 32/8/64 | 512 | 512
027ffb5017964723bac512bf427add6d000002:131024:131024 [2] NCCL INFO 8 coll channels, 8 collnet channels, 0 nvls channels, 8 p2p channels, 2 p2p channels per peer
027ffb5017964723bac512bf427add6d000002:131022:131022 [0] NCCL INFO CC Off, workFifoBytes 1048576
027ffb5017964723bac512bf427add6d000002:131023:131023 [1] NCCL INFO ncclCommInitRankConfig comm 0x13f5c150 rank 1 nranks 4 cudaDev 1 nvmlDev 1 busId 200000 commId 0xdcedc3c377f6b82f - Init COMPLETE
027ffb5017964723bac512bf427add6d000002:131025:131025 [3] NCCL INFO ncclCommInitRankConfig comm 0x3675e8a0 rank 3 nranks 4 cudaDev 3 nvmlDev 3 busId 400000 commId 0xdcedc3c377f6b82f - Init COMPLETE
027ffb5017964723bac512bf427add6d000002:131022:131022 [0] NCCL INFO ncclCommInitRankConfig comm 0x191208b0 rank 0 nranks 4 cudaDev 0 nvmlDev 0 busId 100000 commId 0xdcedc3c377f6b82f - Init COMPLETE
027ffb5017964723bac512bf427add6d000002:131023:131023 [1] NCCL INFO Init timings - ncclCommInitRankConfig: rank 1 nranks 4 total 0.17 (kernels 0.13, alloc 0.01, bootstrap 0.00, allgathers 0.00, topo 0.02, graphs 0.00, connections 0.01, rest 0.00)
027ffb5017964723bac512bf427add6d000002:131025:131025 [3] NCCL INFO Init timings - ncclCommInitRankConfig: rank 3 nranks 4 total 0.17 (kernels 0.13, alloc 0.01, bootstrap 0.00, allgathers 0.00, topo 0.02, graphs 0.00, connections 0.01, rest 0.00)
027ffb5017964723bac512bf427add6d000002:131022:131022 [0] NCCL INFO Init timings - ncclCommInitRankConfig: rank 0 nranks 4 total 0.17 (kernels 0.13, alloc 0.01, bootstrap 0.00, allgathers 0.00, topo 0.02, graphs 0.00, connections 0.01, rest 0.00)
027ffb5017964723bac512bf427add6d000002:131024:131024 [2] NCCL INFO ncclCommInitRankConfig comm 0x46bfe7a0 rank 2 nranks 4 cudaDev 2 nvmlDev 2 busId 300000 commId 0xdcedc3c377f6b82f - Init COMPLETE
027ffb5017964723bac512bf427add6d000002:131024:131024 [2] NCCL INFO Init timings - ncclCommInitRankConfig: rank 2 nranks 4 total 0.17 (kernels 0.13, alloc 0.01, bootstrap 0.00, allgathers 0.00, topo 0.02, graphs 0.00, connections 0.01, rest 0.00)
027ffb5017964723bac512bf427add6d000002:131023:131023 [1] NCCL INFO Channel 00 : 1[1] -> 2[2] via SHM/direct/direct
027ffb5017964723bac512bf427add6d000002:131025:131025 [3] NCCL INFO Channel 00 : 3[3] -> 0[0] via SHM/direct/direct
027ffb5017964723bac512bf427add6d000002:131023:131023 [1] NCCL INFO Channel 01 : 1[1] -> 2[2] via SHM/direct/direct
027ffb5017964723bac512bf427add6d000002:131025:131025 [3] NCCL INFO Channel 01 : 3[3] -> 0[0] via SHM/direct/direct
027ffb5017964723bac512bf427add6d000002:131023:131023 [1] NCCL INFO Channel 02 : 1[1] -> 2[2] via SHM/direct/direct
027ffb5017964723bac512bf427add6d000002:131023:131023 [1] NCCL INFO Channel 03 : 1[1] -> 2[2] via SHM/direct/direct
027ffb5017964723bac512bf427add6d000002:131025:131025 [3] NCCL INFO Channel 02 : 3[3] -> 0[0] via SHM/direct/direct
027ffb5017964723bac512bf427add6d000002:131023:131023 [1] NCCL INFO Channel 04 : 1[1] -> 2[2] via SHM/direct/direct
027ffb5017964723bac512bf427add6d000002:131025:131025 [3] NCCL INFO Channel 03 : 3[3] -> 0[0] via SHM/direct/direct
027ffb5017964723bac512bf427add6d000002:131023:131023 [1] NCCL INFO Channel 05 : 1[1] -> 2[2] via SHM/direct/direct
027ffb5017964723bac512bf427add6d000002:131025:131025 [3] NCCL INFO Channel 04 : 3[3] -> 0[0] via SHM/direct/direct
027ffb5017964723bac512bf427add6d000002:131022:131022 [0] NCCL INFO Channel 00/0 : 0[0] -> 1[1] via P2P/CUMEM/read
027ffb5017964723bac512bf427add6d000002:131024:131024 [2] NCCL INFO Channel 00/0 : 2[2] -> 3[3] via P2P/CUMEM/read
027ffb5017964723bac512bf427add6d000002:131022:131022 [0] NCCL INFO Channel 01/0 : 0[0] -> 1[1] via P2P/CUMEM/read
027ffb5017964723bac512bf427add6d000002:131023:131023 [1] NCCL INFO Channel 06 : 1[1] -> 2[2] via SHM/direct/direct
027ffb5017964723bac512bf427add6d000002:131025:131025 [3] NCCL INFO Channel 05 : 3[3] -> 0[0] via SHM/direct/direct
027ffb5017964723bac512bf427add6d000002:131024:131024 [2] NCCL INFO Channel 01/0 : 2[2] -> 3[3] via P2P/CUMEM/read
027ffb5017964723bac512bf427add6d000002:131022:131022 [0] NCCL INFO Channel 02/0 : 0[0] -> 1[1] via P2P/CUMEM/read
027ffb5017964723bac512bf427add6d000002:131022:131022 [0] NCCL INFO Channel 03/0 : 0[0] -> 1[1] via P2P/CUMEM/read
027ffb5017964723bac512bf427add6d000002:131024:131024 [2] NCCL INFO Channel 02/0 : 2[2] -> 3[3] via P2P/CUMEM/read
027ffb5017964723bac512bf427add6d000002:131023:131023 [1] NCCL INFO Channel 07 : 1[1] -> 2[2] via SHM/direct/direct
027ffb5017964723bac512bf427add6d000002:131025:131025 [3] NCCL INFO Channel 06 : 3[3] -> 0[0] via SHM/direct/direct
027ffb5017964723bac512bf427add6d000002:131022:131022 [0] NCCL INFO Channel 04/0 : 0[0] -> 1[1] via P2P/CUMEM/read
027ffb5017964723bac512bf427add6d000002:131024:131024 [2] NCCL INFO Channel 03/0 : 2[2] -> 3[3] via P2P/CUMEM/read
027ffb5017964723bac512bf427add6d000002:131024:131024 [2] NCCL INFO Channel 04/0 : 2[2] -> 3[3] via P2P/CUMEM/read
027ffb5017964723bac512bf427add6d000002:131022:131022 [0] NCCL INFO Channel 05/0 : 0[0] -> 1[1] via P2P/CUMEM/read
027ffb5017964723bac512bf427add6d000002:131025:131025 [3] NCCL INFO Channel 07 : 3[3] -> 0[0] via SHM/direct/direct
027ffb5017964723bac512bf427add6d000002:131024:131024 [2] NCCL INFO Channel 05/0 : 2[2] -> 3[3] via P2P/CUMEM/read
027ffb5017964723bac512bf427add6d000002:131022:131022 [0] NCCL INFO Channel 06/0 : 0[0] -> 1[1] via P2P/CUMEM/read
027ffb5017964723bac512bf427add6d000002:131022:131022 [0] NCCL INFO Channel 07/0 : 0[0] -> 1[1] via P2P/CUMEM/read
027ffb5017964723bac512bf427add6d000002:131024:131024 [2] NCCL INFO Channel 06/0 : 2[2] -> 3[3] via P2P/CUMEM/read
027ffb5017964723bac512bf427add6d000002:131024:131024 [2] NCCL INFO Channel 07/0 : 2[2] -> 3[3] via P2P/CUMEM/read
027ffb5017964723bac512bf427add6d000002:131024:131024 [2] NCCL INFO Connected all rings, use ring PXN 0 GDR 1
027ffb5017964723bac512bf427add6d000002:131022:131022 [0] NCCL INFO Connected all rings, use ring PXN 0 GDR 1
027ffb5017964723bac512bf427add6d000002:131025:131025 [3] NCCL INFO Connected all rings, use ring PXN 0 GDR 1
027ffb5017964723bac512bf427add6d000002:131023:131023 [1] NCCL INFO Connected all rings, use ring PXN 0 GDR 1
Hyperparameters:
  adam_eps: 1e-08
  adam_wd: 0.02
  beta1: 0.9
  beta2: 0.95
  compressor: brotli
  conv_kernel_size: 4
  data_dir: ./data2/
  datasets_dir: ./data2/datasets/fineweb10B_sp8192
  delta_chunk_size: 64
  distributed: True
  ema_decay: 0.9965
  embed_bits: 8
  embed_clip_sigmas: 20.0
  embed_lr: 0.6
  embed_wd: 0.085
  embedding_dim: 512
  enable_looping_at: 0.35
  etlb_clip: 3.0
  etlb_enabled: False
  etlb_lr: 0.05
  etlb_steps: 5
  eval_seq_len: 2048
  eval_stride: 64
  gptq_calibration_batches: 64
  gptq_reserve_seconds: 12.0
  grad_accum_steps: 2
  grad_clip_norm: 0.3
  head_lr: 0.008
  is_main_process: True
  iterations: 20000
  linear_attn_ratio: 0.0
  ln_scale: True
  local_rank: 0
  logfile: logs/screen_tiedLR05.txt
  logit_softcap: 30.0
  loop_end: 5
  loop_start: 3
  matrix_bits: 6
  matrix_clip_sigmas: 12.85
  matrix_lr: 0.022
  max_wallclock_seconds: 1800.0
  min_lr: 0.0
  mlp_mult: 4.0
  model_dim: 512
  model_path: final_model.pt
  muon_backend_steps: 5
  muon_beta2: 0.95
  muon_momentum: 0.99
  muon_momentum_warmup_start: 0.92
  muon_momentum_warmup_steps: 1500
  muon_row_normalize: True
  muon_wd: 0.095
  num_heads: 8
  num_kv_heads: 4
  num_layers: 11
  num_loops: 2
  parallel_residual_start: 7
  qk_gain_init: 5.25
  quantized_model_path: final_model.int6.ptz
  rank: 0
  rope_base: 10000.0
  rope_dims: 16
  rope_train_seq_len: 2048
  run_id: screen_tiedLR05
  scalar_lr: 0.02
  seed: 1337
  skip_gates_enabled: True
  sliding_window_enabled: True
  tie_embeddings: True
  tied_embed_init_std: 0.005
  tied_embed_lr: 0.05
  tokenizer_path: ./data2/tokenizers/fineweb_8192_bpe.model
  train_batch_tokens: 786432
  train_files: ./data2/datasets/fineweb10B_sp8192/fineweb_train_*.bin
  train_log_every: 500
  train_seq_len: 2048
  ttt_chunk_tokens: 32768
  ttt_enabled: False
  ttt_epochs: 3
  ttt_lr: 0.005
  ttt_momentum: 0.9
  val_batch_tokens: 524288
  val_files: ./data2/datasets/fineweb10B_sp8192/fineweb_val_*.bin
  val_loss_every: 500
  vocab_size: 8192
  warmdown_frac: 0.85
  warmup_steps: 20
  world_size: 4
  xsa_last_n: 11
train_shards: 128
val_tokens: 40540160
model_params:38828120
layer_types:['full', 'full', 'full', 'full', 'full', 'full', 'full', 'full', 'full', 'full', 'full']
gptq:reserving 12s, effective=1788000ms
warmup_step: 1/20
warmup_step: 2/20
warmup_step: 3/20
warmup_step: 4/20
warmup_step: 5/20
warmup_step: 6/20
warmup_step: 10/20
warmup_step: 20/20
loop_warmup:enabled encoder:[0, 1, 2, 3, 4, 5, 3, 4] decoder:[5, 3, 4, 5, 6, 7, 8, 9, 10]
loop_warmup_step: 1/20
loop_warmup_step: 2/20
loop_warmup_step: 3/20
loop_warmup_step: 4/20
loop_warmup_step: 5/20
loop_warmup_step: 6/20
loop_warmup_step: 10/20
loop_warmup_step: 20/20
0/20000 val_loss: 9.0063 val_bpb: 3.4866
1/20000 train_loss: 9.0081 train_time: 0.0m tok/s: 1526184
2/20000 train_loss: 17.6939 train_time: 0.0m tok/s: 1481990
3/20000 train_loss: 15.0317 train_time: 0.0m tok/s: 1463283
4/20000 train_loss: 12.1868 train_time: 0.0m tok/s: 1450898
5/20000 train_loss: 9.9880 train_time: 0.0m tok/s: 1445291
500/20000 train_loss: 3.3742 train_time: 4.6m tok/s: 1421404
500/20000 val_loss: 3.3408 val_bpb: 1.2933
1000/20000 train_loss: 3.1848 train_time: 9.2m tok/s: 1425170
1000/20000 val_loss: 3.1877 val_bpb: 1.2340
layer_loop:enabled step:1135 frac:0.350 encoder:[0, 1, 2, 3, 4, 5, 3, 4] decoder:[5, 3, 4, 5, 6, 7, 8, 9, 10]
1500/20000 train_loss: 3.1005 train_time: 15.7m tok/s: 1255482
1500/20000 val_loss: 3.0749 val_bpb: 1.1904
2000/20000 train_loss: 3.0031 train_time: 22.9m tok/s: 1147218
2000/20000 val_loss: 2.9626 val_bpb: 1.1469
2486/20000 val_loss: 2.8692 val_bpb: 1.1107
stopping_early: wallclock_cap train_time: 1788700ms step: 2486/20000
peak memory allocated: 44330 MiB reserved: 44508 MiB
ema:applying EMA weights
pre-quantization post-ema val_loss:2.87142290 val_bpb:1.11161729 eval_time:18579ms
Serialized model: 146965369 bytes
Code size: 70456 bytes
GPTQ:collecting Hessians from calibration data...
GPTQ:collected 67 Hessians in 27.9s
Quantized weights:
  gptq (int6): blocks.attn.c_k.weight, blocks.attn.c_q.weight, blocks.attn.c_v.weight, blocks.attn.proj.weight, blocks.mlp.fc.weight, blocks.mlp.proj.weight
  gptq (int8): tok_emb.weight
  passthrough (float16): blocks.attn.q_gain, blocks.attn_scale, blocks.mlp_scale, blocks.resid_mix, skip_gates, skip_weights
Serialized model quantized+brotli: 17186377 bytes
Total submission size quantized+brotli: 17256833 bytes
quantized val_loss:2.89516738 val_bpb:1.12080952 eval_time:21102ms
quantized_sliding_window val_loss:2.85255071 val_bpb:1.10431128 eval_time:457691ms
027ffb5017964723bac512bf427add6d000002:131022:131022 [0] NCCL INFO comm 0x191208b0 rank 0 nranks 4 cudaDev 0 busId 100000 - Destroy COMPLETE
027ffb5017964723bac512bf427add6d000002:131024:131024 [2] NCCL INFO comm 0x46bfe7a0 rank 2 nranks 4 cudaDev 2 busId 300000 - Destroy COMPLETE
027ffb5017964723bac512bf427add6d000002:131023:131023 [1] NCCL INFO comm 0x13f5c150 rank 1 nranks 4 cudaDev 1 busId 200000 - Destroy COMPLETE
027ffb5017964723bac512bf427add6d000002:131025:131025 [3] NCCL INFO comm 0x3675e8a0 rank 3 nranks 4 cudaDev 3 busId 400000 - Destroy COMPLETE
027ffb5017964723bac512bf427add6d000002:131022:131022 [0] NCCL INFO ENV/Plugin: Closing env plugin ncclEnvDefault
027ffb5017964723bac512bf427add6d000002:131024:131024 [2] NCCL INFO ENV/Plugin: Closing env plugin ncclEnvDefault
027ffb5017964723bac512bf427add6d000002:131023:131023 [1] NCCL INFO ENV/Plugin: Closing env plugin ncclEnvDefault
027ffb5017964723bac512bf427add6d000002:131025:131025 [3] NCCL INFO ENV/Plugin: Closing env plugin ncclEnvDefault
